[0.045s] Invoking command in '/workspaces/ros2-coding/build/isaac_tutorials': CMAKE_PREFIX_PATH=${CMAKE_PREFIX_PATH}:/opt/ros/jazzy /usr/bin/cmake --build /workspaces/ros2-coding/build/isaac_tutorials -- -j4 -l4
[0.275s] Invoked command in '/workspaces/ros2-coding/build/isaac_tutorials' returned '0': CMAKE_PREFIX_PATH=${CMAKE_PREFIX_PATH}:/opt/ros/jazzy /usr/bin/cmake --build /workspaces/ros2-coding/build/isaac_tutorials -- -j4 -l4
[0.278s] Invoking command in '/workspaces/ros2-coding/build/isaac_tutorials': CMAKE_PREFIX_PATH=${CMAKE_PREFIX_PATH}:/opt/ros/jazzy /usr/bin/cmake --install /workspaces/ros2-coding/build/isaac_tutorials
[0.318s] -- Install configuration: ""
[0.318s] -- Execute custom install script
[0.318s] -- Up-to-date symlink: /workspaces/ros2-coding/install/isaac_tutorials/share/isaac_tutorials/rviz2/camera_lidar.rviz
[0.319s] -- Up-to-date symlink: /workspaces/ros2-coding/install/isaac_tutorials/share/isaac_tutorials/rviz2/camera_manual.rviz
[0.321s] -- Up-to-date symlink: /workspaces/ros2-coding/install/isaac_tutorials/share/isaac_tutorials/rviz2/carter_stereo.rviz
[0.321s] -- Up-to-date symlink: /workspaces/ros2-coding/install/isaac_tutorials/share/isaac_tutorials/rviz2/rtx_lidar.rviz
[0.324s] -- Up-to-date symlink: /workspaces/ros2-coding/install/isaac_tutorials/share/isaac_tutorials/rviz2/turtle_stereo.rviz
[0.328s] -- Up-to-date symlink: /workspaces/ros2-coding/install/isaac_tutorials/share/isaac_tutorials/scripts/ros2_ackermann_publisher.py
[0.328s] -- Up-to-date symlink: /workspaces/ros2-coding/install/isaac_tutorials/share/isaac_tutorials/scripts/ros2_publisher.py
[0.328s] -- Up-to-date symlink: /workspaces/ros2-coding/install/isaac_tutorials/share/isaac_tutorials/scripts/ros2_publisher_multi_mode.py
[0.329s] -- Up-to-date symlink: /workspaces/ros2-coding/install/isaac_tutorials/share/isaac_tutorials/scripts/ros2_publisher_test.py
[0.329s] -- Up-to-date symlink: /workspaces/ros2-coding/install/isaac_tutorials/lib/isaac_tutorials/ros2_publisher.py
[0.332s] -- Up-to-date symlink: /workspaces/ros2-coding/install/isaac_tutorials/lib/isaac_tutorials/ros2_ackermann_publisher.py
[0.332s] -- Up-to-date symlink: /workspaces/ros2-coding/install/isaac_tutorials/share/ament_index/resource_index/package_run_dependencies/isaac_tutorials
[0.333s] -- Up-to-date symlink: /workspaces/ros2-coding/install/isaac_tutorials/share/ament_index/resource_index/parent_prefix_path/isaac_tutorials
[0.333s] -- Up-to-date symlink: /workspaces/ros2-coding/install/isaac_tutorials/share/isaac_tutorials/environment/ament_prefix_path.sh
[0.333s] -- Up-to-date symlink: /workspaces/ros2-coding/install/isaac_tutorials/share/isaac_tutorials/environment/ament_prefix_path.dsv
[0.333s] -- Up-to-date symlink: /workspaces/ros2-coding/install/isaac_tutorials/share/isaac_tutorials/environment/path.sh
[0.333s] -- Up-to-date symlink: /workspaces/ros2-coding/install/isaac_tutorials/share/isaac_tutorials/environment/path.dsv
[0.333s] -- Up-to-date symlink: /workspaces/ros2-coding/install/isaac_tutorials/share/isaac_tutorials/local_setup.bash
[0.333s] -- Up-to-date symlink: /workspaces/ros2-coding/install/isaac_tutorials/share/isaac_tutorials/local_setup.sh
[0.334s] -- Up-to-date symlink: /workspaces/ros2-coding/install/isaac_tutorials/share/isaac_tutorials/local_setup.zsh
[0.334s] -- Up-to-date symlink: /workspaces/ros2-coding/install/isaac_tutorials/share/isaac_tutorials/local_setup.dsv
[0.334s] -- Symlinking: /workspaces/ros2-coding/install/isaac_tutorials/share/isaac_tutorials/package.dsv
[0.370s] -- Up-to-date symlink: /workspaces/ros2-coding/install/isaac_tutorials/share/ament_index/resource_index/packages/isaac_tutorials
[0.370s] -- Up-to-date symlink: /workspaces/ros2-coding/install/isaac_tutorials/share/isaac_tutorials/cmake/isaac_tutorialsConfig.cmake
[0.370s] -- Up-to-date symlink: /workspaces/ros2-coding/install/isaac_tutorials/share/isaac_tutorials/cmake/isaac_tutorialsConfig-version.cmake
[0.371s] -- Up-to-date symlink: /workspaces/ros2-coding/install/isaac_tutorials/share/isaac_tutorials/package.xml
[0.375s] Invoked command in '/workspaces/ros2-coding/build/isaac_tutorials' returned '0': CMAKE_PREFIX_PATH=${CMAKE_PREFIX_PATH}:/opt/ros/jazzy /usr/bin/cmake --install /workspaces/ros2-coding/build/isaac_tutorials
