running develop
Removing /workspaces/ros2-coding/install/isaac_ros_navigation_goal/lib/python3.12/site-packages/isaac-ros-navigation-goal.egg-link (link to .)
running egg_info
writing ../../../../build/isaac_ros_navigation_goal/isaac_ros_navigation_goal.egg-info/PKG-INFO
writing dependency_links to ../../../../build/isaac_ros_navigation_goal/isaac_ros_navigation_goal.egg-info/dependency_links.txt
writing entry points to ../../../../build/isaac_ros_navigation_goal/isaac_ros_navigation_goal.egg-info/entry_points.txt
writing requirements to ../../../../build/isaac_ros_navigation_goal/isaac_ros_navigation_goal.egg-info/requires.txt
writing top-level names to ../../../../build/isaac_ros_navigation_goal/isaac_ros_navigation_goal.egg-info/top_level.txt
reading manifest file '../../../../build/isaac_ros_navigation_goal/isaac_ros_navigation_goal.egg-info/SOURCES.txt'
writing manifest file '../../../../build/isaac_ros_navigation_goal/isaac_ros_navigation_goal.egg-info/SOURCES.txt'
running build
running build_py
creating /workspaces/ros2-coding/build/isaac_ros_navigation_goal/build
creating /workspaces/ros2-coding/build/isaac_ros_navigation_goal/build/lib
creating /workspaces/ros2-coding/build/isaac_ros_navigation_goal/build/lib/isaac_ros_navigation_goal
copying isaac_ros_navigation_goal/__init__.py -> /workspaces/ros2-coding/build/isaac_ros_navigation_goal/build/lib/isaac_ros_navigation_goal
copying isaac_ros_navigation_goal/obstacle_map.py -> /workspaces/ros2-coding/build/isaac_ros_navigation_goal/build/lib/isaac_ros_navigation_goal
copying isaac_ros_navigation_goal/set_goal.py -> /workspaces/ros2-coding/build/isaac_ros_navigation_goal/build/lib/isaac_ros_navigation_goal
creating /workspaces/ros2-coding/build/isaac_ros_navigation_goal/build/lib/isaac_ros_navigation_goal/goal_generators
copying isaac_ros_navigation_goal/goal_generators/__init__.py -> /workspaces/ros2-coding/build/isaac_ros_navigation_goal/build/lib/isaac_ros_navigation_goal/goal_generators
copying isaac_ros_navigation_goal/goal_generators/goal_reader.py -> /workspaces/ros2-coding/build/isaac_ros_navigation_goal/build/lib/isaac_ros_navigation_goal/goal_generators
copying isaac_ros_navigation_goal/goal_generators/random_goal_generator.py -> /workspaces/ros2-coding/build/isaac_ros_navigation_goal/build/lib/isaac_ros_navigation_goal/goal_generators
copying isaac_ros_navigation_goal/goal_generators/goal_generator.py -> /workspaces/ros2-coding/build/isaac_ros_navigation_goal/build/lib/isaac_ros_navigation_goal/goal_generators
running install
running install_lib
creating /workspaces/ros2-coding/install/isaac_ros_navigation_goal/lib/python3.12/site-packages/isaac_ros_navigation_goal
copying /workspaces/ros2-coding/build/isaac_ros_navigation_goal/build/lib/isaac_ros_navigation_goal/__init__.py -> /workspaces/ros2-coding/install/isaac_ros_navigation_goal/lib/python3.12/site-packages/isaac_ros_navigation_goal
copying /workspaces/ros2-coding/build/isaac_ros_navigation_goal/build/lib/isaac_ros_navigation_goal/obstacle_map.py -> /workspaces/ros2-coding/install/isaac_ros_navigation_goal/lib/python3.12/site-packages/isaac_ros_navigation_goal
copying /workspaces/ros2-coding/build/isaac_ros_navigation_goal/build/lib/isaac_ros_navigation_goal/set_goal.py -> /workspaces/ros2-coding/install/isaac_ros_navigation_goal/lib/python3.12/site-packages/isaac_ros_navigation_goal
creating /workspaces/ros2-coding/install/isaac_ros_navigation_goal/lib/python3.12/site-packages/isaac_ros_navigation_goal/goal_generators
copying /workspaces/ros2-coding/build/isaac_ros_navigation_goal/build/lib/isaac_ros_navigation_goal/goal_generators/__init__.py -> /workspaces/ros2-coding/install/isaac_ros_navigation_goal/lib/python3.12/site-packages/isaac_ros_navigation_goal/goal_generators
copying /workspaces/ros2-coding/build/isaac_ros_navigation_goal/build/lib/isaac_ros_navigation_goal/goal_generators/goal_reader.py -> /workspaces/ros2-coding/install/isaac_ros_navigation_goal/lib/python3.12/site-packages/isaac_ros_navigation_goal/goal_generators
copying /workspaces/ros2-coding/build/isaac_ros_navigation_goal/build/lib/isaac_ros_navigation_goal/goal_generators/random_goal_generator.py -> /workspaces/ros2-coding/install/isaac_ros_navigation_goal/lib/python3.12/site-packages/isaac_ros_navigation_goal/goal_generators
copying /workspaces/ros2-coding/build/isaac_ros_navigation_goal/build/lib/isaac_ros_navigation_goal/goal_generators/goal_generator.py -> /workspaces/ros2-coding/install/isaac_ros_navigation_goal/lib/python3.12/site-packages/isaac_ros_navigation_goal/goal_generators
byte-compiling /workspaces/ros2-coding/install/isaac_ros_navigation_goal/lib/python3.12/site-packages/isaac_ros_navigation_goal/__init__.py to __init__.cpython-312.pyc
byte-compiling /workspaces/ros2-coding/install/isaac_ros_navigation_goal/lib/python3.12/site-packages/isaac_ros_navigation_goal/obstacle_map.py to obstacle_map.cpython-312.pyc
byte-compiling /workspaces/ros2-coding/install/isaac_ros_navigation_goal/lib/python3.12/site-packages/isaac_ros_navigation_goal/set_goal.py to set_goal.cpython-312.pyc
byte-compiling /workspaces/ros2-coding/install/isaac_ros_navigation_goal/lib/python3.12/site-packages/isaac_ros_navigation_goal/goal_generators/__init__.py to __init__.cpython-312.pyc
byte-compiling /workspaces/ros2-coding/install/isaac_ros_navigation_goal/lib/python3.12/site-packages/isaac_ros_navigation_goal/goal_generators/goal_reader.py to goal_reader.cpython-312.pyc
byte-compiling /workspaces/ros2-coding/install/isaac_ros_navigation_goal/lib/python3.12/site-packages/isaac_ros_navigation_goal/goal_generators/random_goal_generator.py to random_goal_generator.cpython-312.pyc
byte-compiling /workspaces/ros2-coding/install/isaac_ros_navigation_goal/lib/python3.12/site-packages/isaac_ros_navigation_goal/goal_generators/goal_generator.py to goal_generator.cpython-312.pyc
running install_data
copying resource/isaac_ros_navigation_goal -> /workspaces/ros2-coding/install/isaac_ros_navigation_goal/share/ament_index/resource_index/packages
copying package.xml -> /workspaces/ros2-coding/install/isaac_ros_navigation_goal/share/isaac_ros_navigation_goal
copying launch/isaac_ros_navigation_goal.launch.py -> /workspaces/ros2-coding/install/isaac_ros_navigation_goal/share/isaac_ros_navigation_goal/launch
copying assets/goals.txt -> /workspaces/ros2-coding/install/isaac_ros_navigation_goal/share/isaac_ros_navigation_goal/assets
copying assets/carter_warehouse_navigation.png -> /workspaces/ros2-coding/install/isaac_ros_navigation_goal/share/isaac_ros_navigation_goal/assets
copying assets/carter_warehouse_navigation.yaml -> /workspaces/ros2-coding/install/isaac_ros_navigation_goal/share/isaac_ros_navigation_goal/assets
running install_egg_info
Copying ../../../../build/isaac_ros_navigation_goal/isaac_ros_navigation_goal.egg-info to /workspaces/ros2-coding/install/isaac_ros_navigation_goal/lib/python3.12/site-packages/isaac_ros_navigation_goal-0.0.1-py3.12.egg-info
running install_scripts
Installing SetNavigationGoal script to /workspaces/ros2-coding/install/isaac_ros_navigation_goal/lib/isaac_ros_navigation_goal
writing list of installed files to '/workspaces/ros2-coding/build/isaac_ros_navigation_goal/install.log'
