[0.038s] Invoking command in '/workspaces/ros2-coding/build/ros_gz_example_description': CMAKE_PREFIX_PATH=${CMAKE_PREFIX_PATH}:/opt/ros/jazzy VIRTUAL_ENV_PROMPT=(.venv) /usr/bin/cmake /workspaces/ros2-coding/turtlesim_ws/src/ros_gz_example_description -DBUILD_TESTING=OFF -DCMAKE_INSTALL_PREFIX=/workspaces/ros2-coding/install/ros_gz_example_description
[0.068s] -- Found ament_cmake: 2.5.4 (/opt/ros/jazzy/share/ament_cmake/cmake)
[0.575s] -- Override CMake install command with custom implementation using symlinks instead of copying resources
[0.773s] -- Configuring done (0.7s)
[0.799s] -- Generating done (0.0s)
[0.806s] -- Build files have been written to: /workspaces/ros2-coding/build/ros_gz_example_description
[0.814s] Invoked command in '/workspaces/ros2-coding/build/ros_gz_example_description' returned '0': CMAKE_PREFIX_PATH=${CMAKE_PREFIX_PATH}:/opt/ros/jazzy VIRTUAL_ENV_PROMPT=(.venv) /usr/bin/cmake /workspaces/ros2-coding/turtlesim_ws/src/ros_gz_example_description -DBUILD_TESTING=OFF -DCMAKE_INSTALL_PREFIX=/workspaces/ros2-coding/install/ros_gz_example_description
[0.816s] Invoking command in '/workspaces/ros2-coding/build/ros_gz_example_description': CMAKE_PREFIX_PATH=${CMAKE_PREFIX_PATH}:/opt/ros/jazzy VIRTUAL_ENV_PROMPT=(.venv) /usr/bin/cmake --build /workspaces/ros2-coding/build/ros_gz_example_description -- -j4 -l4
[0.887s] Invoked command in '/workspaces/ros2-coding/build/ros_gz_example_description' returned '0': CMAKE_PREFIX_PATH=${CMAKE_PREFIX_PATH}:/opt/ros/jazzy VIRTUAL_ENV_PROMPT=(.venv) /usr/bin/cmake --build /workspaces/ros2-coding/build/ros_gz_example_description -- -j4 -l4
[0.905s] Invoking command in '/workspaces/ros2-coding/build/ros_gz_example_description': CMAKE_PREFIX_PATH=${CMAKE_PREFIX_PATH}:/opt/ros/jazzy VIRTUAL_ENV_PROMPT=(.venv) /usr/bin/cmake --install /workspaces/ros2-coding/build/ros_gz_example_description
[0.920s] -- Install configuration: ""
[0.921s] -- Execute custom install script
[0.922s] -- Up-to-date symlink: /workspaces/ros2-coding/install/ros_gz_example_description/share/ros_gz_example_description/models/diff_drive/model.config
[0.923s] -- Up-to-date symlink: /workspaces/ros2-coding/install/ros_gz_example_description/share/ros_gz_example_description/models/diff_drive/model.sdf
[0.924s] -- Up-to-date symlink: /workspaces/ros2-coding/install/ros_gz_example_description/share/ros_gz_example_description/models/rrbot/model.sdf
[0.924s] -- Up-to-date symlink: /workspaces/ros2-coding/install/ros_gz_example_description/share/ros_gz_example_description/environment/ros_gz_example_description.dsv
[0.925s] -- Up-to-date symlink: /workspaces/ros2-coding/install/ros_gz_example_description/share/ros_gz_example_description/environment/ros_gz_example_description.sh
[0.925s] -- Up-to-date symlink: /workspaces/ros2-coding/install/ros_gz_example_description/share/ament_index/resource_index/package_run_dependencies/ros_gz_example_description
[0.925s] -- Up-to-date symlink: /workspaces/ros2-coding/install/ros_gz_example_description/share/ament_index/resource_index/parent_prefix_path/ros_gz_example_description
[0.926s] -- Up-to-date symlink: /workspaces/ros2-coding/install/ros_gz_example_description/share/ros_gz_example_description/environment/ament_prefix_path.sh
[0.926s] -- Up-to-date symlink: /workspaces/ros2-coding/install/ros_gz_example_description/share/ros_gz_example_description/environment/ament_prefix_path.dsv
[0.926s] -- Up-to-date symlink: /workspaces/ros2-coding/install/ros_gz_example_description/share/ros_gz_example_description/environment/path.sh
[0.926s] -- Up-to-date symlink: /workspaces/ros2-coding/install/ros_gz_example_description/share/ros_gz_example_description/environment/path.dsv
[0.926s] -- Up-to-date symlink: /workspaces/ros2-coding/install/ros_gz_example_description/share/ros_gz_example_description/local_setup.bash
[0.926s] -- Up-to-date symlink: /workspaces/ros2-coding/install/ros_gz_example_description/share/ros_gz_example_description/local_setup.sh
[0.926s] -- Up-to-date symlink: /workspaces/ros2-coding/install/ros_gz_example_description/share/ros_gz_example_description/local_setup.zsh
[0.927s] -- Up-to-date symlink: /workspaces/ros2-coding/install/ros_gz_example_description/share/ros_gz_example_description/local_setup.dsv
[0.927s] -- Symlinking: /workspaces/ros2-coding/install/ros_gz_example_description/share/ros_gz_example_description/package.dsv
[0.949s] -- Up-to-date symlink: /workspaces/ros2-coding/install/ros_gz_example_description/share/ament_index/resource_index/packages/ros_gz_example_description
[0.950s] -- Up-to-date symlink: /workspaces/ros2-coding/install/ros_gz_example_description/share/ros_gz_example_description/cmake/ros_gz_example_descriptionConfig.cmake
[0.952s] -- Up-to-date symlink: /workspaces/ros2-coding/install/ros_gz_example_description/share/ros_gz_example_description/cmake/ros_gz_example_descriptionConfig-version.cmake
[0.952s] -- Up-to-date symlink: /workspaces/ros2-coding/install/ros_gz_example_description/share/ros_gz_example_description/package.xml
[0.954s] Invoked command in '/workspaces/ros2-coding/build/ros_gz_example_description' returned '0': CMAKE_PREFIX_PATH=${CMAKE_PREFIX_PATH}:/opt/ros/jazzy VIRTUAL_ENV_PROMPT=(.venv) /usr/bin/cmake --install /workspaces/ros2-coding/build/ros_gz_example_description
