[0.059s] Invoking command in '/workspaces/ros2-coding/build/carter_navigation': CMAKE_PREFIX_PATH=${CMAKE_PREFIX_PATH}:/workspaces/ros2-coding/install/rqt_joint_trajectory_controller:/workspaces/ros2-coding/install/rqt_controller_manager:/workspaces/ros2-coding/install/ros2controlcli:/workspaces/ros2-coding/install/ros2_controllers_test_nodes:/workspaces/ros2-coding/install/my_turtlesim:/workspaces/ros2-coding/install/issac_sim:/workspaces/ros2-coding/install/isaac_ros_navigation_goal:/workspaces/ros2-coding/install/human_controller:/opt/ros/jazzy VIRTUAL_ENV_PROMPT=(.venv) /usr/bin/cmake --build /workspaces/ros2-coding/build/carter_navigation -- -j4 -l4
[0.327s] Invoked command in '/workspaces/ros2-coding/build/carter_navigation' returned '0': CMAKE_PREFIX_PATH=${CMAKE_PREFIX_PATH}:/workspaces/ros2-coding/install/rqt_joint_trajectory_controller:/workspaces/ros2-coding/install/rqt_controller_manager:/workspaces/ros2-coding/install/ros2controlcli:/workspaces/ros2-coding/install/ros2_controllers_test_nodes:/workspaces/ros2-coding/install/my_turtlesim:/workspaces/ros2-coding/install/issac_sim:/workspaces/ros2-coding/install/isaac_ros_navigation_goal:/workspaces/ros2-coding/install/human_controller:/opt/ros/jazzy VIRTUAL_ENV_PROMPT=(.venv) /usr/bin/cmake --build /workspaces/ros2-coding/build/carter_navigation -- -j4 -l4
[0.330s] Invoking command in '/workspaces/ros2-coding/build/carter_navigation': CMAKE_PREFIX_PATH=${CMAKE_PREFIX_PATH}:/workspaces/ros2-coding/install/rqt_joint_trajectory_controller:/workspaces/ros2-coding/install/rqt_controller_manager:/workspaces/ros2-coding/install/ros2controlcli:/workspaces/ros2-coding/install/ros2_controllers_test_nodes:/workspaces/ros2-coding/install/my_turtlesim:/workspaces/ros2-coding/install/issac_sim:/workspaces/ros2-coding/install/isaac_ros_navigation_goal:/workspaces/ros2-coding/install/human_controller:/opt/ros/jazzy VIRTUAL_ENV_PROMPT=(.venv) /usr/bin/cmake --install /workspaces/ros2-coding/build/carter_navigation
[0.371s] -- Install configuration: ""
[0.386s] -- Execute custom install script
[0.389s] -- Up-to-date symlink: /workspaces/ros2-coding/install/carter_navigation/share/carter_navigation/launch/carter_navigation.launch.py
[0.391s] -- Up-to-date symlink: /workspaces/ros2-coding/install/carter_navigation/share/carter_navigation/launch/carter_navigation_individual.launch.py
[0.392s] -- Up-to-date symlink: /workspaces/ros2-coding/install/carter_navigation/share/carter_navigation/launch/carter_navigation_isaacsim.launch.py
[0.393s] -- Up-to-date symlink: /workspaces/ros2-coding/install/carter_navigation/share/carter_navigation/launch/multiple_robot_carter_navigation_hospital.launch.py
[0.395s] -- Up-to-date symlink: /workspaces/ros2-coding/install/carter_navigation/share/carter_navigation/launch/multiple_robot_carter_navigation_office.launch.py
[0.395s] -- Up-to-date symlink: /workspaces/ros2-coding/install/carter_navigation/share/carter_navigation/launch/nova_carter_description_isaac_sim.launch.py
[0.395s] -- Up-to-date symlink: /workspaces/ros2-coding/install/carter_navigation/share/carter_navigation/params/carter_navigation_params.yaml
[0.396s] -- Up-to-date symlink: /workspaces/ros2-coding/install/carter_navigation/share/carter_navigation/params/hospital/multi_robot_carter_navigation_params_1.yaml
[0.396s] -- Up-to-date symlink: /workspaces/ros2-coding/install/carter_navigation/share/carter_navigation/params/hospital/multi_robot_carter_navigation_params_2.yaml
[0.397s] -- Up-to-date symlink: /workspaces/ros2-coding/install/carter_navigation/share/carter_navigation/params/hospital/multi_robot_carter_navigation_params_3.yaml
[0.400s] -- Up-to-date symlink: /workspaces/ros2-coding/install/carter_navigation/share/carter_navigation/params/office/multi_robot_carter_navigation_params_1.yaml
[0.400s] -- Up-to-date symlink: /workspaces/ros2-coding/install/carter_navigation/share/carter_navigation/params/office/multi_robot_carter_navigation_params_2.yaml
[0.403s] -- Up-to-date symlink: /workspaces/ros2-coding/install/carter_navigation/share/carter_navigation/params/office/multi_robot_carter_navigation_params_3.yaml
[0.403s] -- Up-to-date symlink: /workspaces/ros2-coding/install/carter_navigation/share/carter_navigation/maps/carter_hospital_navigation.png
[0.403s] -- Up-to-date symlink: /workspaces/ros2-coding/install/carter_navigation/share/carter_navigation/maps/carter_hospital_navigation.yaml
[0.404s] -- Up-to-date symlink: /workspaces/ros2-coding/install/carter_navigation/share/carter_navigation/maps/carter_office_navigation.png
[0.404s] -- Up-to-date symlink: /workspaces/ros2-coding/install/carter_navigation/share/carter_navigation/maps/carter_office_navigation.yaml
[0.404s] -- Up-to-date symlink: /workspaces/ros2-coding/install/carter_navigation/share/carter_navigation/maps/carter_warehouse_navigation.png
[0.408s] -- Up-to-date symlink: /workspaces/ros2-coding/install/carter_navigation/share/carter_navigation/maps/carter_warehouse_navigation.yaml
[0.409s] -- Up-to-date symlink: /workspaces/ros2-coding/install/carter_navigation/share/carter_navigation/rviz2/carter_navigation.rviz
[0.410s] -- Up-to-date symlink: /workspaces/ros2-coding/install/carter_navigation/share/carter_navigation/rviz2/carter_navigation_namespaced.rviz
[0.410s] -- Up-to-date symlink: /workspaces/ros2-coding/install/carter_navigation/share/ament_index/resource_index/package_run_dependencies/carter_navigation
[0.410s] -- Up-to-date symlink: /workspaces/ros2-coding/install/carter_navigation/share/ament_index/resource_index/parent_prefix_path/carter_navigation
[0.411s] -- Up-to-date symlink: /workspaces/ros2-coding/install/carter_navigation/share/carter_navigation/environment/ament_prefix_path.sh
[0.411s] -- Up-to-date symlink: /workspaces/ros2-coding/install/carter_navigation/share/carter_navigation/environment/ament_prefix_path.dsv
[0.414s] -- Up-to-date symlink: /workspaces/ros2-coding/install/carter_navigation/share/carter_navigation/environment/path.sh
[0.415s] -- Up-to-date symlink: /workspaces/ros2-coding/install/carter_navigation/share/carter_navigation/environment/path.dsv
[0.415s] -- Up-to-date symlink: /workspaces/ros2-coding/install/carter_navigation/share/carter_navigation/local_setup.bash
[0.415s] -- Up-to-date symlink: /workspaces/ros2-coding/install/carter_navigation/share/carter_navigation/local_setup.sh
[0.415s] -- Up-to-date symlink: /workspaces/ros2-coding/install/carter_navigation/share/carter_navigation/local_setup.zsh
[0.415s] -- Up-to-date symlink: /workspaces/ros2-coding/install/carter_navigation/share/carter_navigation/local_setup.dsv
[0.416s] -- Symlinking: /workspaces/ros2-coding/install/carter_navigation/share/carter_navigation/package.dsv
[0.471s] -- Up-to-date symlink: /workspaces/ros2-coding/install/carter_navigation/share/ament_index/resource_index/packages/carter_navigation
[0.471s] -- Up-to-date symlink: /workspaces/ros2-coding/install/carter_navigation/share/carter_navigation/cmake/carter_navigationConfig.cmake
[0.472s] -- Up-to-date symlink: /workspaces/ros2-coding/install/carter_navigation/share/carter_navigation/cmake/carter_navigationConfig-version.cmake
[0.472s] -- Up-to-date symlink: /workspaces/ros2-coding/install/carter_navigation/share/carter_navigation/package.xml
[0.593s] Invoked command in '/workspaces/ros2-coding/build/carter_navigation' returned '0': CMAKE_PREFIX_PATH=${CMAKE_PREFIX_PATH}:/workspaces/ros2-coding/install/rqt_joint_trajectory_controller:/workspaces/ros2-coding/install/rqt_controller_manager:/workspaces/ros2-coding/install/ros2controlcli:/workspaces/ros2-coding/install/ros2_controllers_test_nodes:/workspaces/ros2-coding/install/my_turtlesim:/workspaces/ros2-coding/install/issac_sim:/workspaces/ros2-coding/install/isaac_ros_navigation_goal:/workspaces/ros2-coding/install/human_controller:/opt/ros/jazzy VIRTUAL_ENV_PROMPT=(.venv) /usr/bin/cmake --install /workspaces/ros2-coding/build/carter_navigation
