[0.029s] Invoking command in '/workspaces/ros2-coding/build/human_interfaces': CMAKE_PREFIX_PATH=${CMAKE_PREFIX_PATH}:/opt/ros/jazzy VIRTUAL_ENV_PROMPT=(.venv) /usr/bin/cmake /workspaces/ros2-coding/turtlesim_ws/src/human_interfaces -DBUILD_TESTING=OFF -DCMAKE_INSTALL_PREFIX=/workspaces/ros2-coding/install/human_interfaces
[0.139s] -- Found ament_cmake: 2.5.4 (/opt/ros/jazzy/share/ament_cmake/cmake)
[0.203s] -- Found Python3: /usr/bin/python3 (found version "3.12.3") found components: Interpreter 
[0.365s] -- Override CMake install command with custom implementation using symlinks instead of copying resources
[0.394s] -- Found rosidl_default_generators: 1.6.0 (/opt/ros/jazzy/share/rosidl_default_generators/cmake)
[0.415s] -- Using all available rosidl_typesupport_c: rosidl_typesupport_fastrtps_c;rosidl_typesupport_introspection_c
[0.644s] -- Using all available rosidl_typesupport_cpp: rosidl_typesupport_fastrtps_cpp;rosidl_typesupport_introspection_cpp
[0.736s] -- Found rosidl_adapter: 4.6.6 (/opt/ros/jazzy/share/rosidl_adapter/cmake)
[0.741s] -- Found std_msgs: 5.3.6 (/opt/ros/jazzy/share/std_msgs/cmake)
[1.818s] -- Found ament_cmake_ros: 0.12.0 (/opt/ros/jazzy/share/ament_cmake_ros/cmake)
[2.264s] -- Using all available rosidl_typesupport_c: rosidl_typesupport_fastrtps_c;rosidl_typesupport_introspection_c
[2.741s] -- Using all available rosidl_typesupport_cpp: rosidl_typesupport_fastrtps_cpp;rosidl_typesupport_introspection_cpp
[3.015s] -- Found python_cmake_module: 0.11.1 (/opt/ros/jazzy/share/python_cmake_module/cmake)
[3.493s] -- Found Python3: /usr/bin/python3 (found version "3.12.3") found components: Interpreter Development NumPy Development.Module Development.Embed 
[3.686s] -- Configuring done (3.6s)
[3.822s] -- Generating done (0.1s)
[3.846s] -- Build files have been written to: /workspaces/ros2-coding/build/human_interfaces
[3.861s] Invoked command in '/workspaces/ros2-coding/build/human_interfaces' returned '0': CMAKE_PREFIX_PATH=${CMAKE_PREFIX_PATH}:/opt/ros/jazzy VIRTUAL_ENV_PROMPT=(.venv) /usr/bin/cmake /workspaces/ros2-coding/turtlesim_ws/src/human_interfaces -DBUILD_TESTING=OFF -DCMAKE_INSTALL_PREFIX=/workspaces/ros2-coding/install/human_interfaces
[3.862s] Invoking command in '/workspaces/ros2-coding/build/human_interfaces': CMAKE_PREFIX_PATH=${CMAKE_PREFIX_PATH}:/opt/ros/jazzy VIRTUAL_ENV_PROMPT=(.venv) /usr/bin/cmake --build /workspaces/ros2-coding/build/human_interfaces -- -j4 -l4
[4.022s] [  1%] Built target human_interfaces__rosidl_generator_type_description
[4.103s] [  1%] Built target ament_cmake_python_symlink_human_interfaces
[4.147s] [  3%] Built target human_interfaces__cpp
[4.346s] [ 25%] Built target human_interfaces__rosidl_generator_c
[4.547s] [ 34%] Built target human_interfaces__rosidl_typesupport_fastrtps_c
[4.572s] [ 43%] Built target human_interfaces__rosidl_typesupport_cpp
[4.575s] [ 53%] Built target human_interfaces__rosidl_typesupport_introspection_c
[4.759s] [ 62%] Built target human_interfaces__rosidl_typesupport_c
[4.821s] [ 73%] Built target human_interfaces__rosidl_typesupport_introspection_cpp
[4.826s] [ 81%] Built target human_interfaces__rosidl_typesupport_fastrtps_cpp
[5.027s] [ 81%] Built target human_interfaces
[5.127s] [ 82%] Built target human_interfaces__py
[5.155s] running egg_info
[5.281s] writing human_interfaces.egg-info/PKG-INFO
[5.281s] writing dependency_links to human_interfaces.egg-info/dependency_links.txt
[5.282s] writing top-level names to human_interfaces.egg-info/top_level.txt
[5.343s] [ 90%] Built target human_interfaces__rosidl_generator_py
[5.563s] [ 93%] Built target human_interfaces_s__rosidl_typesupport_fastrtps_c
[5.573s] [ 96%] Built target human_interfaces_s__rosidl_typesupport_introspection_c
[5.605s] [100%] Built target human_interfaces_s__rosidl_typesupport_c
[5.654s] reading manifest file 'human_interfaces.egg-info/SOURCES.txt'
[5.666s] writing manifest file 'human_interfaces.egg-info/SOURCES.txt'
[5.839s] [100%] Built target ament_cmake_python_build_human_interfaces_egg
[5.880s] Invoked command in '/workspaces/ros2-coding/build/human_interfaces' returned '0': CMAKE_PREFIX_PATH=${CMAKE_PREFIX_PATH}:/opt/ros/jazzy VIRTUAL_ENV_PROMPT=(.venv) /usr/bin/cmake --build /workspaces/ros2-coding/build/human_interfaces -- -j4 -l4
[5.883s] Invoking command in '/workspaces/ros2-coding/build/human_interfaces': CMAKE_PREFIX_PATH=${CMAKE_PREFIX_PATH}:/opt/ros/jazzy VIRTUAL_ENV_PROMPT=(.venv) /usr/bin/cmake --install /workspaces/ros2-coding/build/human_interfaces
[5.916s] -- Install configuration: ""
[5.919s] -- Execute custom install script
[5.919s] -- Up-to-date symlink: /workspaces/ros2-coding/install/human_interfaces/share/ament_index/resource_index/rosidl_interfaces/human_interfaces
[5.921s] -- Up-to-date symlink: /workspaces/ros2-coding/install/human_interfaces/share/human_interfaces/msg/KickCommand.json
[5.928s] -- Up-to-date symlink: /workspaces/ros2-coding/install/human_interfaces/share/human_interfaces/msg/ArmSwingCommand.json
[5.929s] -- Up-to-date symlink: /workspaces/ros2-coding/install/human_interfaces/share/human_interfaces/srv/InverseKinematics.json
[5.929s] -- Up-to-date symlink: /workspaces/ros2-coding/install/human_interfaces/share/human_interfaces/action/GaitPath.json
[5.930s] -- Up-to-date symlink: /workspaces/ros2-coding/install/human_interfaces/include/human_interfaces/human_interfaces/action/detail/gait_path__functions.h
[5.930s] -- Up-to-date symlink: /workspaces/ros2-coding/install/human_interfaces/include/human_interfaces/human_interfaces/action/detail/gait_path__struct.h
[5.932s] -- Up-to-date symlink: /workspaces/ros2-coding/install/human_interfaces/include/human_interfaces/human_interfaces/action/detail/gait_path__type_support.h
[5.933s] -- Up-to-date symlink: /workspaces/ros2-coding/install/human_interfaces/include/human_interfaces/human_interfaces/action/gait_path.h
[5.933s] -- Up-to-date symlink: /workspaces/ros2-coding/install/human_interfaces/include/human_interfaces/human_interfaces/msg/arm_swing_command.h
[5.934s] -- Up-to-date symlink: /workspaces/ros2-coding/install/human_interfaces/include/human_interfaces/human_interfaces/msg/detail/arm_swing_command__functions.h
[5.934s] -- Up-to-date symlink: /workspaces/ros2-coding/install/human_interfaces/include/human_interfaces/human_interfaces/msg/detail/arm_swing_command__struct.h
[5.939s] -- Up-to-date symlink: /workspaces/ros2-coding/install/human_interfaces/include/human_interfaces/human_interfaces/msg/detail/arm_swing_command__type_support.h
[5.940s] -- Up-to-date symlink: /workspaces/ros2-coding/install/human_interfaces/include/human_interfaces/human_interfaces/msg/detail/kick_command__functions.h
[5.940s] -- Up-to-date symlink: /workspaces/ros2-coding/install/human_interfaces/include/human_interfaces/human_interfaces/msg/detail/kick_command__struct.h
[5.940s] -- Up-to-date symlink: /workspaces/ros2-coding/install/human_interfaces/include/human_interfaces/human_interfaces/msg/detail/kick_command__type_support.h
[5.941s] -- Up-to-date symlink: /workspaces/ros2-coding/install/human_interfaces/include/human_interfaces/human_interfaces/msg/kick_command.h
[5.942s] -- Up-to-date symlink: /workspaces/ros2-coding/install/human_interfaces/include/human_interfaces/human_interfaces/msg/rosidl_generator_c__visibility_control.h
[5.942s] -- Up-to-date symlink: /workspaces/ros2-coding/install/human_interfaces/include/human_interfaces/human_interfaces/srv/detail/inverse_kinematics__functions.h
[5.943s] -- Up-to-date symlink: /workspaces/ros2-coding/install/human_interfaces/include/human_interfaces/human_interfaces/srv/detail/inverse_kinematics__struct.h
[5.943s] -- Up-to-date symlink: /workspaces/ros2-coding/install/human_interfaces/include/human_interfaces/human_interfaces/srv/detail/inverse_kinematics__type_support.h
[5.943s] -- Up-to-date symlink: /workspaces/ros2-coding/install/human_interfaces/include/human_interfaces/human_interfaces/srv/inverse_kinematics.h
[5.943s] -- Up-to-date symlink: /workspaces/ros2-coding/install/human_interfaces/share/human_interfaces/environment/library_path.sh
[5.944s] -- Up-to-date symlink: /workspaces/ros2-coding/install/human_interfaces/share/human_interfaces/environment/library_path.dsv
[5.960s] -- Up-to-date symlink: /workspaces/ros2-coding/install/human_interfaces/include/human_interfaces/human_interfaces/action/detail/gait_path__rosidl_typesupport_fastrtps_c.h
[5.960s] -- Up-to-date symlink: /workspaces/ros2-coding/install/human_interfaces/include/human_interfaces/human_interfaces/msg/detail/arm_swing_command__rosidl_typesupport_fastrtps_c.h
[5.960s] -- Up-to-date symlink: /workspaces/ros2-coding/install/human_interfaces/include/human_interfaces/human_interfaces/msg/detail/kick_command__rosidl_typesupport_fastrtps_c.h
[5.962s] -- Up-to-date symlink: /workspaces/ros2-coding/install/human_interfaces/include/human_interfaces/human_interfaces/msg/rosidl_typesupport_fastrtps_c__visibility_control.h
[5.962s] -- Up-to-date symlink: /workspaces/ros2-coding/install/human_interfaces/include/human_interfaces/human_interfaces/srv/detail/inverse_kinematics__rosidl_typesupport_fastrtps_c.h
[5.962s] -- Up-to-date symlink: /workspaces/ros2-coding/install/human_interfaces/include/human_interfaces/human_interfaces/action/detail/gait_path__rosidl_typesupport_introspection_c.h
[5.964s] -- Up-to-date symlink: /workspaces/ros2-coding/install/human_interfaces/include/human_interfaces/human_interfaces/msg/detail/arm_swing_command__rosidl_typesupport_introspection_c.h
[5.968s] -- Up-to-date symlink: /workspaces/ros2-coding/install/human_interfaces/include/human_interfaces/human_interfaces/msg/detail/kick_command__rosidl_typesupport_introspection_c.h
[5.968s] -- Up-to-date symlink: /workspaces/ros2-coding/install/human_interfaces/include/human_interfaces/human_interfaces/msg/rosidl_typesupport_introspection_c__visibility_control.h
[5.969s] -- Up-to-date symlink: /workspaces/ros2-coding/install/human_interfaces/include/human_interfaces/human_interfaces/srv/detail/inverse_kinematics__rosidl_typesupport_introspection_c.h
[5.969s] -- Up-to-date symlink: /workspaces/ros2-coding/install/human_interfaces/include/human_interfaces/human_interfaces/action/detail/gait_path__builder.hpp
[5.969s] -- Up-to-date symlink: /workspaces/ros2-coding/install/human_interfaces/include/human_interfaces/human_interfaces/action/detail/gait_path__struct.hpp
[5.969s] -- Up-to-date symlink: /workspaces/ros2-coding/install/human_interfaces/include/human_interfaces/human_interfaces/action/detail/gait_path__traits.hpp
[5.979s] -- Up-to-date symlink: /workspaces/ros2-coding/install/human_interfaces/include/human_interfaces/human_interfaces/action/detail/gait_path__type_support.hpp
[5.980s] -- Up-to-date symlink: /workspaces/ros2-coding/install/human_interfaces/include/human_interfaces/human_interfaces/action/gait_path.hpp
[5.981s] -- Up-to-date symlink: /workspaces/ros2-coding/install/human_interfaces/include/human_interfaces/human_interfaces/msg/arm_swing_command.hpp
[5.982s] -- Up-to-date symlink: /workspaces/ros2-coding/install/human_interfaces/include/human_interfaces/human_interfaces/msg/detail/arm_swing_command__builder.hpp
[5.983s] -- Up-to-date symlink: /workspaces/ros2-coding/install/human_interfaces/include/human_interfaces/human_interfaces/msg/detail/arm_swing_command__struct.hpp
[5.985s] -- Up-to-date symlink: /workspaces/ros2-coding/install/human_interfaces/include/human_interfaces/human_interfaces/msg/detail/arm_swing_command__traits.hpp
[5.985s] -- Up-to-date symlink: /workspaces/ros2-coding/install/human_interfaces/include/human_interfaces/human_interfaces/msg/detail/arm_swing_command__type_support.hpp
[5.985s] -- Up-to-date symlink: /workspaces/ros2-coding/install/human_interfaces/include/human_interfaces/human_interfaces/msg/detail/kick_command__builder.hpp
[5.986s] -- Up-to-date symlink: /workspaces/ros2-coding/install/human_interfaces/include/human_interfaces/human_interfaces/msg/detail/kick_command__struct.hpp
[5.986s] -- Up-to-date symlink: /workspaces/ros2-coding/install/human_interfaces/include/human_interfaces/human_interfaces/msg/detail/kick_command__traits.hpp
[5.986s] -- Up-to-date symlink: /workspaces/ros2-coding/install/human_interfaces/include/human_interfaces/human_interfaces/msg/detail/kick_command__type_support.hpp
[5.986s] -- Up-to-date symlink: /workspaces/ros2-coding/install/human_interfaces/include/human_interfaces/human_interfaces/msg/kick_command.hpp
[5.986s] -- Up-to-date symlink: /workspaces/ros2-coding/install/human_interfaces/include/human_interfaces/human_interfaces/msg/rosidl_generator_cpp__visibility_control.hpp
[5.986s] -- Up-to-date symlink: /workspaces/ros2-coding/install/human_interfaces/include/human_interfaces/human_interfaces/srv/detail/inverse_kinematics__builder.hpp
[5.986s] -- Up-to-date symlink: /workspaces/ros2-coding/install/human_interfaces/include/human_interfaces/human_interfaces/srv/detail/inverse_kinematics__struct.hpp
[5.987s] -- Up-to-date symlink: /workspaces/ros2-coding/install/human_interfaces/include/human_interfaces/human_interfaces/srv/detail/inverse_kinematics__traits.hpp
[5.992s] -- Up-to-date symlink: /workspaces/ros2-coding/install/human_interfaces/include/human_interfaces/human_interfaces/srv/detail/inverse_kinematics__type_support.hpp
[5.992s] -- Up-to-date symlink: /workspaces/ros2-coding/install/human_interfaces/include/human_interfaces/human_interfaces/srv/inverse_kinematics.hpp
[5.992s] -- Up-to-date symlink: /workspaces/ros2-coding/install/human_interfaces/include/human_interfaces/human_interfaces/action/detail/gait_path__rosidl_typesupport_fastrtps_cpp.hpp
[5.992s] -- Up-to-date symlink: /workspaces/ros2-coding/install/human_interfaces/include/human_interfaces/human_interfaces/msg/detail/arm_swing_command__rosidl_typesupport_fastrtps_cpp.hpp
[5.993s] -- Up-to-date symlink: /workspaces/ros2-coding/install/human_interfaces/include/human_interfaces/human_interfaces/msg/detail/kick_command__rosidl_typesupport_fastrtps_cpp.hpp
[5.993s] -- Up-to-date symlink: /workspaces/ros2-coding/install/human_interfaces/include/human_interfaces/human_interfaces/msg/rosidl_typesupport_fastrtps_cpp__visibility_control.h
[5.993s] -- Up-to-date symlink: /workspaces/ros2-coding/install/human_interfaces/include/human_interfaces/human_interfaces/srv/detail/inverse_kinematics__rosidl_typesupport_fastrtps_cpp.hpp
[5.993s] -- Up-to-date symlink: /workspaces/ros2-coding/install/human_interfaces/include/human_interfaces/human_interfaces/action/detail/gait_path__rosidl_typesupport_introspection_cpp.hpp
[5.993s] -- Up-to-date symlink: /workspaces/ros2-coding/install/human_interfaces/include/human_interfaces/human_interfaces/msg/detail/arm_swing_command__rosidl_typesupport_introspection_cpp.hpp
[5.994s] -- Up-to-date symlink: /workspaces/ros2-coding/install/human_interfaces/include/human_interfaces/human_interfaces/msg/detail/kick_command__rosidl_typesupport_introspection_cpp.hpp
[5.994s] -- Up-to-date symlink: /workspaces/ros2-coding/install/human_interfaces/include/human_interfaces/human_interfaces/srv/detail/inverse_kinematics__rosidl_typesupport_introspection_cpp.hpp
[6.004s] -- Up-to-date symlink: /workspaces/ros2-coding/install/human_interfaces/share/human_interfaces/environment/pythonpath.sh
[6.004s] -- Up-to-date symlink: /workspaces/ros2-coding/install/human_interfaces/share/human_interfaces/environment/pythonpath.dsv
[6.005s] -- Up-to-date symlink: /workspaces/ros2-coding/install/human_interfaces/lib/python3.12/site-packages/human_interfaces-0.0.0-py3.12.egg-info/PKG-INFO
[6.005s] -- Up-to-date symlink: /workspaces/ros2-coding/install/human_interfaces/lib/python3.12/site-packages/human_interfaces-0.0.0-py3.12.egg-info/SOURCES.txt
[6.005s] -- Up-to-date symlink: /workspaces/ros2-coding/install/human_interfaces/lib/python3.12/site-packages/human_interfaces-0.0.0-py3.12.egg-info/dependency_links.txt
[6.006s] -- Up-to-date symlink: /workspaces/ros2-coding/install/human_interfaces/lib/python3.12/site-packages/human_interfaces-0.0.0-py3.12.egg-info/top_level.txt
[6.017s] -- Up-to-date symlink: /workspaces/ros2-coding/install/human_interfaces/lib/python3.12/site-packages/human_interfaces/__init__.py
[6.022s] -- Up-to-date symlink: /workspaces/ros2-coding/install/human_interfaces/lib/python3.12/site-packages/human_interfaces/_human_interfaces_s.ep.rosidl_typesupport_c.c
[6.022s] -- Up-to-date symlink: /workspaces/ros2-coding/install/human_interfaces/lib/python3.12/site-packages/human_interfaces/_human_interfaces_s.ep.rosidl_typesupport_fastrtps_c.c
[6.022s] -- Up-to-date symlink: /workspaces/ros2-coding/install/human_interfaces/lib/python3.12/site-packages/human_interfaces/_human_interfaces_s.ep.rosidl_typesupport_introspection_c.c
[6.023s] -- Up-to-date symlink: /workspaces/ros2-coding/install/human_interfaces/lib/python3.12/site-packages/human_interfaces/action/__init__.py
[6.023s] -- Up-to-date symlink: /workspaces/ros2-coding/install/human_interfaces/lib/python3.12/site-packages/human_interfaces/action/_gait_path.py
[6.023s] -- Up-to-date symlink: /workspaces/ros2-coding/install/human_interfaces/lib/python3.12/site-packages/human_interfaces/action/_gait_path_s.c
[6.023s] -- Up-to-date symlink: /workspaces/ros2-coding/install/human_interfaces/lib/python3.12/site-packages/human_interfaces/human_interfaces_s__rosidl_typesupport_c.so
[6.023s] -- Up-to-date symlink: /workspaces/ros2-coding/install/human_interfaces/lib/python3.12/site-packages/human_interfaces/human_interfaces_s__rosidl_typesupport_fastrtps_c.so
[6.023s] -- Up-to-date symlink: /workspaces/ros2-coding/install/human_interfaces/lib/python3.12/site-packages/human_interfaces/human_interfaces_s__rosidl_typesupport_introspection_c.so
[6.023s] -- Up-to-date symlink: /workspaces/ros2-coding/install/human_interfaces/lib/python3.12/site-packages/human_interfaces/msg/__init__.py
[6.023s] -- Up-to-date symlink: /workspaces/ros2-coding/install/human_interfaces/lib/python3.12/site-packages/human_interfaces/msg/_arm_swing_command.py
[6.028s] -- Up-to-date symlink: /workspaces/ros2-coding/install/human_interfaces/lib/python3.12/site-packages/human_interfaces/msg/_arm_swing_command_s.c
[6.028s] -- Up-to-date symlink: /workspaces/ros2-coding/install/human_interfaces/lib/python3.12/site-packages/human_interfaces/msg/_kick_command.py
[6.028s] -- Up-to-date symlink: /workspaces/ros2-coding/install/human_interfaces/lib/python3.12/site-packages/human_interfaces/msg/_kick_command_s.c
[6.028s] -- Up-to-date symlink: /workspaces/ros2-coding/install/human_interfaces/lib/python3.12/site-packages/human_interfaces/srv/__init__.py
[6.032s] -- Up-to-date symlink: /workspaces/ros2-coding/install/human_interfaces/lib/python3.12/site-packages/human_interfaces/srv/_inverse_kinematics.py
[6.033s] -- Up-to-date symlink: /workspaces/ros2-coding/install/human_interfaces/lib/python3.12/site-packages/human_interfaces/srv/_inverse_kinematics_s.c
[6.038s] -- Up-to-date symlink: /workspaces/ros2-coding/install/human_interfaces/lib/python3.12/site-packages/human_interfaces/human_interfaces_s__rosidl_typesupport_fastrtps_c.so
[6.038s] -- Up-to-date symlink: /workspaces/ros2-coding/install/human_interfaces/lib/python3.12/site-packages/human_interfaces/human_interfaces_s__rosidl_typesupport_introspection_c.so
[6.047s] -- Up-to-date symlink: /workspaces/ros2-coding/install/human_interfaces/lib/python3.12/site-packages/human_interfaces/human_interfaces_s__rosidl_typesupport_c.so
[6.047s] -- Up-to-date symlink: /workspaces/ros2-coding/install/human_interfaces/share/human_interfaces/msg/KickCommand.idl
[6.047s] -- Up-to-date symlink: /workspaces/ros2-coding/install/human_interfaces/share/human_interfaces/msg/ArmSwingCommand.idl
[6.047s] -- Up-to-date symlink: /workspaces/ros2-coding/install/human_interfaces/share/human_interfaces/srv/InverseKinematics.idl
[6.047s] -- Up-to-date symlink: /workspaces/ros2-coding/install/human_interfaces/share/human_interfaces/action/GaitPath.idl
[6.047s] -- Up-to-date symlink: /workspaces/ros2-coding/install/human_interfaces/share/human_interfaces/msg/KickCommand.msg
[6.048s] -- Up-to-date symlink: /workspaces/ros2-coding/install/human_interfaces/share/human_interfaces/msg/ArmSwingCommand.msg
[6.048s] -- Up-to-date symlink: /workspaces/ros2-coding/install/human_interfaces/share/human_interfaces/srv/InverseKinematics.srv
[6.052s] -- Up-to-date symlink: /workspaces/ros2-coding/install/human_interfaces/share/human_interfaces/action/GaitPath.action
[6.053s] -- Up-to-date symlink: /workspaces/ros2-coding/install/human_interfaces/share/ament_index/resource_index/package_run_dependencies/human_interfaces
[6.053s] -- Up-to-date symlink: /workspaces/ros2-coding/install/human_interfaces/share/ament_index/resource_index/parent_prefix_path/human_interfaces
[6.053s] -- Up-to-date symlink: /workspaces/ros2-coding/install/human_interfaces/share/human_interfaces/environment/ament_prefix_path.sh
[6.053s] -- Up-to-date symlink: /workspaces/ros2-coding/install/human_interfaces/share/human_interfaces/environment/ament_prefix_path.dsv
[6.053s] -- Up-to-date symlink: /workspaces/ros2-coding/install/human_interfaces/share/human_interfaces/environment/path.sh
[6.054s] -- Up-to-date symlink: /workspaces/ros2-coding/install/human_interfaces/share/human_interfaces/environment/path.dsv
[6.054s] -- Up-to-date symlink: /workspaces/ros2-coding/install/human_interfaces/share/human_interfaces/local_setup.bash
[6.058s] -- Up-to-date symlink: /workspaces/ros2-coding/install/human_interfaces/share/human_interfaces/local_setup.sh
[6.058s] -- Up-to-date symlink: /workspaces/ros2-coding/install/human_interfaces/share/human_interfaces/local_setup.zsh
[6.058s] -- Up-to-date symlink: /workspaces/ros2-coding/install/human_interfaces/share/human_interfaces/local_setup.dsv
[6.059s] -- Symlinking: /workspaces/ros2-coding/install/human_interfaces/share/human_interfaces/package.dsv
[6.128s] -- Up-to-date symlink: /workspaces/ros2-coding/install/human_interfaces/share/ament_index/resource_index/packages/human_interfaces
[6.135s] -- Up-to-date symlink: /workspaces/ros2-coding/install/human_interfaces/share/human_interfaces/cmake/rosidl_cmake-extras.cmake
[6.136s] -- Up-to-date symlink: /workspaces/ros2-coding/install/human_interfaces/share/human_interfaces/cmake/ament_cmake_export_dependencies-extras.cmake
[6.136s] -- Up-to-date symlink: /workspaces/ros2-coding/install/human_interfaces/share/human_interfaces/cmake/ament_cmake_export_include_directories-extras.cmake
[6.136s] -- Up-to-date symlink: /workspaces/ros2-coding/install/human_interfaces/share/human_interfaces/cmake/ament_cmake_export_libraries-extras.cmake
[6.136s] -- Up-to-date symlink: /workspaces/ros2-coding/install/human_interfaces/share/human_interfaces/cmake/ament_cmake_export_targets-extras.cmake
[6.136s] -- Up-to-date symlink: /workspaces/ros2-coding/install/human_interfaces/share/human_interfaces/cmake/rosidl_cmake_export_typesupport_targets-extras.cmake
[6.140s] -- Up-to-date symlink: /workspaces/ros2-coding/install/human_interfaces/share/human_interfaces/cmake/rosidl_cmake_export_typesupport_libraries-extras.cmake
[6.141s] -- Up-to-date symlink: /workspaces/ros2-coding/install/human_interfaces/share/human_interfaces/cmake/human_interfacesConfig.cmake
[6.141s] -- Up-to-date symlink: /workspaces/ros2-coding/install/human_interfaces/share/human_interfaces/cmake/human_interfacesConfig-version.cmake
[6.141s] -- Up-to-date symlink: /workspaces/ros2-coding/install/human_interfaces/share/human_interfaces/package.xml
[6.141s] -- Up-to-date: /workspaces/ros2-coding/install/human_interfaces/lib/libhuman_interfaces__rosidl_generator_c.so
[6.145s] -- Up-to-date: /workspaces/ros2-coding/install/human_interfaces/lib/libhuman_interfaces__rosidl_typesupport_fastrtps_c.so
[6.146s] -- Up-to-date: /workspaces/ros2-coding/install/human_interfaces/lib/libhuman_interfaces__rosidl_typesupport_introspection_c.so
[6.146s] -- Up-to-date: /workspaces/ros2-coding/install/human_interfaces/lib/libhuman_interfaces__rosidl_typesupport_c.so
[6.147s] -- Up-to-date: /workspaces/ros2-coding/install/human_interfaces/lib/libhuman_interfaces__rosidl_typesupport_fastrtps_cpp.so
[6.149s] -- Up-to-date: /workspaces/ros2-coding/install/human_interfaces/lib/libhuman_interfaces__rosidl_typesupport_introspection_cpp.so
[6.153s] -- Up-to-date: /workspaces/ros2-coding/install/human_interfaces/lib/libhuman_interfaces__rosidl_typesupport_cpp.so
[6.287s] Listing '/workspaces/ros2-coding/install/human_interfaces/lib/python3.12/site-packages/human_interfaces'...
[6.287s] Compiling '/workspaces/ros2-coding/install/human_interfaces/lib/python3.12/site-packages/human_interfaces/__init__.py'...
[6.287s] Listing '/workspaces/ros2-coding/install/human_interfaces/lib/python3.12/site-packages/human_interfaces/action'...
[6.287s] Listing '/workspaces/ros2-coding/install/human_interfaces/lib/python3.12/site-packages/human_interfaces/msg'...
[6.288s] Listing '/workspaces/ros2-coding/install/human_interfaces/lib/python3.12/site-packages/human_interfaces/srv'...
[6.308s] -- Up-to-date: /workspaces/ros2-coding/install/human_interfaces/lib/libhuman_interfaces__rosidl_generator_py.so
[6.309s] -- Up-to-date: /workspaces/ros2-coding/install/human_interfaces/share/human_interfaces/cmake/export_human_interfaces__rosidl_generator_cExport.cmake
[6.310s] -- Up-to-date: /workspaces/ros2-coding/install/human_interfaces/share/human_interfaces/cmake/export_human_interfaces__rosidl_generator_cExport-noconfig.cmake
[6.310s] -- Up-to-date: /workspaces/ros2-coding/install/human_interfaces/share/human_interfaces/cmake/export_human_interfaces__rosidl_typesupport_fastrtps_cExport.cmake
[6.310s] -- Up-to-date: /workspaces/ros2-coding/install/human_interfaces/share/human_interfaces/cmake/export_human_interfaces__rosidl_typesupport_fastrtps_cExport-noconfig.cmake
[6.310s] -- Up-to-date: /workspaces/ros2-coding/install/human_interfaces/share/human_interfaces/cmake/human_interfaces__rosidl_typesupport_introspection_cExport.cmake
[6.310s] -- Up-to-date: /workspaces/ros2-coding/install/human_interfaces/share/human_interfaces/cmake/human_interfaces__rosidl_typesupport_introspection_cExport-noconfig.cmake
[6.319s] -- Up-to-date: /workspaces/ros2-coding/install/human_interfaces/share/human_interfaces/cmake/human_interfaces__rosidl_typesupport_cExport.cmake
[6.319s] -- Up-to-date: /workspaces/ros2-coding/install/human_interfaces/share/human_interfaces/cmake/human_interfaces__rosidl_typesupport_cExport-noconfig.cmake
[6.320s] -- Up-to-date: /workspaces/ros2-coding/install/human_interfaces/share/human_interfaces/cmake/export_human_interfaces__rosidl_generator_cppExport.cmake
[6.320s] -- Up-to-date: /workspaces/ros2-coding/install/human_interfaces/share/human_interfaces/cmake/export_human_interfaces__rosidl_typesupport_fastrtps_cppExport.cmake
[6.320s] -- Up-to-date: /workspaces/ros2-coding/install/human_interfaces/share/human_interfaces/cmake/export_human_interfaces__rosidl_typesupport_fastrtps_cppExport-noconfig.cmake
[6.320s] -- Up-to-date: /workspaces/ros2-coding/install/human_interfaces/share/human_interfaces/cmake/human_interfaces__rosidl_typesupport_introspection_cppExport.cmake
[6.320s] -- Up-to-date: /workspaces/ros2-coding/install/human_interfaces/share/human_interfaces/cmake/human_interfaces__rosidl_typesupport_introspection_cppExport-noconfig.cmake
[6.325s] -- Up-to-date: /workspaces/ros2-coding/install/human_interfaces/share/human_interfaces/cmake/human_interfaces__rosidl_typesupport_cppExport.cmake
[6.326s] -- Up-to-date: /workspaces/ros2-coding/install/human_interfaces/share/human_interfaces/cmake/human_interfaces__rosidl_typesupport_cppExport-noconfig.cmake
[6.326s] -- Up-to-date: /workspaces/ros2-coding/install/human_interfaces/share/human_interfaces/cmake/export_human_interfaces__rosidl_generator_pyExport.cmake
[6.326s] -- Up-to-date: /workspaces/ros2-coding/install/human_interfaces/share/human_interfaces/cmake/export_human_interfaces__rosidl_generator_pyExport-noconfig.cmake
[6.331s] Invoked command in '/workspaces/ros2-coding/build/human_interfaces' returned '0': CMAKE_PREFIX_PATH=${CMAKE_PREFIX_PATH}:/opt/ros/jazzy VIRTUAL_ENV_PROMPT=(.venv) /usr/bin/cmake --install /workspaces/ros2-coding/build/human_interfaces
