[2.429s] Invoking command in '/workspaces/ros2-coding/build/isaac_ros_navigation_goal': PYTHONPATH=/workspaces/ros2-coding/build/isaac_ros_navigation_goal/prefix_override:/usr/lib/python3/dist-packages/colcon_core/task/python/colcon_distutils_commands:/workspaces/ros2-coding/install/isaac_ros_navigation_goal/lib/python3.12/site-packages:${PYTHONPATH} VIRTUAL_ENV_PROMPT=(.venv) /usr/bin/python3 -W ignore:setup.py install is deprecated -W ignore:easy_install command is deprecated setup.py develop --editable --build-directory /workspaces/ros2-coding/build/isaac_ros_navigation_goal/build --no-deps symlink_data
[3.174s] running develop
[3.702s] running egg_info
[3.750s] writing isaac_ros_navigation_goal.egg-info/PKG-INFO
[3.751s] writing dependency_links to isaac_ros_navigation_goal.egg-info/dependency_links.txt
[3.752s] writing entry points to isaac_ros_navigation_goal.egg-info/entry_points.txt
[3.752s] writing requirements to isaac_ros_navigation_goal.egg-info/requires.txt
[3.753s] writing top-level names to isaac_ros_navigation_goal.egg-info/top_level.txt
[3.913s] reading manifest file 'isaac_ros_navigation_goal.egg-info/SOURCES.txt'
[3.913s] writing manifest file 'isaac_ros_navigation_goal.egg-info/SOURCES.txt'
[3.985s] running build_ext
[3.985s] Creating /workspaces/ros2-coding/install/isaac_ros_navigation_goal/lib/python3.12/site-packages/isaac-ros-navigation-goal.egg-link (link to .)
[3.986s] Installing SetNavigationGoal script to /workspaces/ros2-coding/install/isaac_ros_navigation_goal/lib/isaac_ros_navigation_goal
[3.986s] 
[3.987s] Installed /workspaces/ros2-coding/build/isaac_ros_navigation_goal
[3.987s] running symlink_data
[3.987s] creating /workspaces/ros2-coding/install/isaac_ros_navigation_goal/share/ament_index
[3.987s] creating /workspaces/ros2-coding/install/isaac_ros_navigation_goal/share/ament_index/resource_index
[3.989s] creating /workspaces/ros2-coding/install/isaac_ros_navigation_goal/share/ament_index/resource_index/packages
[3.989s] symbolically linking /workspaces/ros2-coding/build/isaac_ros_navigation_goal/resource/isaac_ros_navigation_goal -> /workspaces/ros2-coding/install/isaac_ros_navigation_goal/share/ament_index/resource_index/packages
[3.990s] symbolically linking /workspaces/ros2-coding/build/isaac_ros_navigation_goal/package.xml -> /workspaces/ros2-coding/install/isaac_ros_navigation_goal/share/isaac_ros_navigation_goal
[3.990s] creating /workspaces/ros2-coding/install/isaac_ros_navigation_goal/share/isaac_ros_navigation_goal/launch
[3.990s] symbolically linking /workspaces/ros2-coding/build/isaac_ros_navigation_goal/launch/isaac_ros_navigation_goal.launch.py -> /workspaces/ros2-coding/install/isaac_ros_navigation_goal/share/isaac_ros_navigation_goal/launch
[3.990s] creating /workspaces/ros2-coding/install/isaac_ros_navigation_goal/share/isaac_ros_navigation_goal/assets
[3.991s] symbolically linking /workspaces/ros2-coding/build/isaac_ros_navigation_goal/assets/goals.txt -> /workspaces/ros2-coding/install/isaac_ros_navigation_goal/share/isaac_ros_navigation_goal/assets
[3.991s] symbolically linking /workspaces/ros2-coding/build/isaac_ros_navigation_goal/assets/carter_warehouse_navigation.png -> /workspaces/ros2-coding/install/isaac_ros_navigation_goal/share/isaac_ros_navigation_goal/assets
[3.992s] symbolically linking /workspaces/ros2-coding/build/isaac_ros_navigation_goal/assets/carter_warehouse_navigation.yaml -> /workspaces/ros2-coding/install/isaac_ros_navigation_goal/share/isaac_ros_navigation_goal/assets
[4.066s] Invoked command in '/workspaces/ros2-coding/build/isaac_ros_navigation_goal' returned '0': PYTHONPATH=/workspaces/ros2-coding/build/isaac_ros_navigation_goal/prefix_override:/usr/lib/python3/dist-packages/colcon_core/task/python/colcon_distutils_commands:/workspaces/ros2-coding/install/isaac_ros_navigation_goal/lib/python3.12/site-packages:${PYTHONPATH} VIRTUAL_ENV_PROMPT=(.venv) /usr/bin/python3 -W ignore:setup.py install is deprecated -W ignore:easy_install command is deprecated setup.py develop --editable --build-directory /workspaces/ros2-coding/build/isaac_ros_navigation_goal/build --no-deps symlink_data
