[0.100s] Invoking command in '/workspaces/ros2-coding/build/isaacsim': CMAKE_PREFIX_PATH=${CMAKE_PREFIX_PATH}:/workspaces/ros2-coding/install/rqt_joint_trajectory_controller:/workspaces/ros2-coding/install/rqt_controller_manager:/workspaces/ros2-coding/install/ros2controlcli:/workspaces/ros2-coding/install/ros2_controllers_test_nodes:/workspaces/ros2-coding/install/my_turtlesim:/workspaces/ros2-coding/install/issac_sim:/workspaces/ros2-coding/install/isaac_ros_navigation_goal:/workspaces/ros2-coding/install/human_controller:/opt/ros/jazzy VIRTUAL_ENV_PROMPT=(.venv) /usr/bin/cmake --build /workspaces/ros2-coding/build/isaacsim -- -j4 -l4
[0.677s] Invoked command in '/workspaces/ros2-coding/build/isaacsim' returned '0': CMAKE_PREFIX_PATH=${CMAKE_PREFIX_PATH}:/workspaces/ros2-coding/install/rqt_joint_trajectory_controller:/workspaces/ros2-coding/install/rqt_controller_manager:/workspaces/ros2-coding/install/ros2controlcli:/workspaces/ros2-coding/install/ros2_controllers_test_nodes:/workspaces/ros2-coding/install/my_turtlesim:/workspaces/ros2-coding/install/issac_sim:/workspaces/ros2-coding/install/isaac_ros_navigation_goal:/workspaces/ros2-coding/install/human_controller:/opt/ros/jazzy VIRTUAL_ENV_PROMPT=(.venv) /usr/bin/cmake --build /workspaces/ros2-coding/build/isaacsim -- -j4 -l4
[0.681s] Invoking command in '/workspaces/ros2-coding/build/isaacsim': CMAKE_PREFIX_PATH=${CMAKE_PREFIX_PATH}:/workspaces/ros2-coding/install/rqt_joint_trajectory_controller:/workspaces/ros2-coding/install/rqt_controller_manager:/workspaces/ros2-coding/install/ros2controlcli:/workspaces/ros2-coding/install/ros2_controllers_test_nodes:/workspaces/ros2-coding/install/my_turtlesim:/workspaces/ros2-coding/install/issac_sim:/workspaces/ros2-coding/install/isaac_ros_navigation_goal:/workspaces/ros2-coding/install/human_controller:/opt/ros/jazzy VIRTUAL_ENV_PROMPT=(.venv) /usr/bin/cmake --install /workspaces/ros2-coding/build/isaacsim
[0.717s] -- Install configuration: ""
[0.718s] -- Execute custom install script
[0.718s] -- Up-to-date symlink: /workspaces/ros2-coding/install/isaacsim/share/isaacsim/scripts/open_isaacsim_stage.py
[0.718s] -- Up-to-date symlink: /workspaces/ros2-coding/install/isaacsim/share/isaacsim/scripts/run_isaacsim.py
[0.718s] -- Up-to-date symlink: /workspaces/ros2-coding/install/isaacsim/share/isaacsim/launch/run_isaacsim.launch.py
[0.719s] -- Up-to-date symlink: /workspaces/ros2-coding/install/isaacsim/lib/isaacsim/run_isaacsim.py
[0.719s] -- Up-to-date symlink: /workspaces/ros2-coding/install/isaacsim/lib/isaacsim/open_isaacsim_stage.py
[0.719s] -- Up-to-date symlink: /workspaces/ros2-coding/install/isaacsim/share/ament_index/resource_index/package_run_dependencies/isaacsim
[0.719s] -- Up-to-date symlink: /workspaces/ros2-coding/install/isaacsim/share/ament_index/resource_index/parent_prefix_path/isaacsim
[0.721s] -- Up-to-date symlink: /workspaces/ros2-coding/install/isaacsim/share/isaacsim/environment/ament_prefix_path.sh
[0.727s] -- Up-to-date symlink: /workspaces/ros2-coding/install/isaacsim/share/isaacsim/environment/ament_prefix_path.dsv
[0.728s] -- Up-to-date symlink: /workspaces/ros2-coding/install/isaacsim/share/isaacsim/environment/path.sh
[0.728s] -- Up-to-date symlink: /workspaces/ros2-coding/install/isaacsim/share/isaacsim/environment/path.dsv
[0.728s] -- Up-to-date symlink: /workspaces/ros2-coding/install/isaacsim/share/isaacsim/local_setup.bash
[0.729s] -- Up-to-date symlink: /workspaces/ros2-coding/install/isaacsim/share/isaacsim/local_setup.sh
[0.729s] -- Up-to-date symlink: /workspaces/ros2-coding/install/isaacsim/share/isaacsim/local_setup.zsh
[0.731s] -- Up-to-date symlink: /workspaces/ros2-coding/install/isaacsim/share/isaacsim/local_setup.dsv
[0.732s] -- Symlinking: /workspaces/ros2-coding/install/isaacsim/share/isaacsim/package.dsv
[0.768s] -- Up-to-date symlink: /workspaces/ros2-coding/install/isaacsim/share/ament_index/resource_index/packages/isaacsim
[0.769s] -- Up-to-date symlink: /workspaces/ros2-coding/install/isaacsim/share/isaacsim/cmake/isaacsimConfig.cmake
[0.771s] -- Up-to-date symlink: /workspaces/ros2-coding/install/isaacsim/share/isaacsim/cmake/isaacsimConfig-version.cmake
[0.771s] -- Up-to-date symlink: /workspaces/ros2-coding/install/isaacsim/share/isaacsim/package.xml
[0.778s] Invoked command in '/workspaces/ros2-coding/build/isaacsim' returned '0': CMAKE_PREFIX_PATH=${CMAKE_PREFIX_PATH}:/workspaces/ros2-coding/install/rqt_joint_trajectory_controller:/workspaces/ros2-coding/install/rqt_controller_manager:/workspaces/ros2-coding/install/ros2controlcli:/workspaces/ros2-coding/install/ros2_controllers_test_nodes:/workspaces/ros2-coding/install/my_turtlesim:/workspaces/ros2-coding/install/issac_sim:/workspaces/ros2-coding/install/isaac_ros_navigation_goal:/workspaces/ros2-coding/install/human_controller:/opt/ros/jazzy VIRTUAL_ENV_PROMPT=(.venv) /usr/bin/cmake --install /workspaces/ros2-coding/build/isaacsim
