[0.091s] Invoking command in '/workspaces/ros2-coding/build/h1_fullbody_controller': CMAKE_PREFIX_PATH=${CMAKE_PREFIX_PATH}:/workspaces/ros2-coding/install/rqt_joint_trajectory_controller:/workspaces/ros2-coding/install/rqt_controller_manager:/workspaces/ros2-coding/install/ros2controlcli:/workspaces/ros2-coding/install/ros2_controllers_test_nodes:/workspaces/ros2-coding/install/my_turtlesim:/workspaces/ros2-coding/install/issac_sim:/workspaces/ros2-coding/install/isaac_ros_navigation_goal:/workspaces/ros2-coding/install/human_controller:/opt/ros/jazzy /usr/bin/cmake --build /workspaces/ros2-coding/build/h1_fullbody_controller -- -j4 -l4
[0.415s] Invoked command in '/workspaces/ros2-coding/build/h1_fullbody_controller' returned '0': CMAKE_PREFIX_PATH=${CMAKE_PREFIX_PATH}:/workspaces/ros2-coding/install/rqt_joint_trajectory_controller:/workspaces/ros2-coding/install/rqt_controller_manager:/workspaces/ros2-coding/install/ros2controlcli:/workspaces/ros2-coding/install/ros2_controllers_test_nodes:/workspaces/ros2-coding/install/my_turtlesim:/workspaces/ros2-coding/install/issac_sim:/workspaces/ros2-coding/install/isaac_ros_navigation_goal:/workspaces/ros2-coding/install/human_controller:/opt/ros/jazzy /usr/bin/cmake --build /workspaces/ros2-coding/build/h1_fullbody_controller -- -j4 -l4
[0.415s] Invoking command in '/workspaces/ros2-coding/build/h1_fullbody_controller': CMAKE_PREFIX_PATH=${CMAKE_PREFIX_PATH}:/workspaces/ros2-coding/install/rqt_joint_trajectory_controller:/workspaces/ros2-coding/install/rqt_controller_manager:/workspaces/ros2-coding/install/ros2controlcli:/workspaces/ros2-coding/install/ros2_controllers_test_nodes:/workspaces/ros2-coding/install/my_turtlesim:/workspaces/ros2-coding/install/issac_sim:/workspaces/ros2-coding/install/isaac_ros_navigation_goal:/workspaces/ros2-coding/install/human_controller:/opt/ros/jazzy /usr/bin/cmake --install /workspaces/ros2-coding/build/h1_fullbody_controller
[0.493s] -- Install configuration: ""
[0.493s] -- Execute custom install script
[0.493s] -- Up-to-date symlink: /workspaces/ros2-coding/install/h1_fullbody_controller/share/h1_fullbody_controller/scripts/__init__.py
[0.503s] -- Up-to-date symlink: /workspaces/ros2-coding/install/h1_fullbody_controller/share/h1_fullbody_controller/scripts/h1_fullbody_controller.py
[0.503s] -- Up-to-date symlink: /workspaces/ros2-coding/install/h1_fullbody_controller/share/h1_fullbody_controller/launch/h1_fullbody_controller.launch.py
[0.512s] -- Up-to-date symlink: /workspaces/ros2-coding/install/h1_fullbody_controller/share/h1_fullbody_controller/policy/h1_env.yaml
[0.513s] -- Up-to-date symlink: /workspaces/ros2-coding/install/h1_fullbody_controller/share/h1_fullbody_controller/policy/h1_policy.pt
[0.516s] -- Up-to-date symlink: /workspaces/ros2-coding/install/h1_fullbody_controller/lib/h1_fullbody_controller/h1_fullbody_controller.py
[0.516s] -- Up-to-date symlink: /workspaces/ros2-coding/install/h1_fullbody_controller/share/ament_index/resource_index/package_run_dependencies/h1_fullbody_controller
[0.518s] -- Up-to-date symlink: /workspaces/ros2-coding/install/h1_fullbody_controller/share/ament_index/resource_index/parent_prefix_path/h1_fullbody_controller
[0.518s] -- Up-to-date symlink: /workspaces/ros2-coding/install/h1_fullbody_controller/share/h1_fullbody_controller/environment/ament_prefix_path.sh
[0.522s] -- Up-to-date symlink: /workspaces/ros2-coding/install/h1_fullbody_controller/share/h1_fullbody_controller/environment/ament_prefix_path.dsv
[0.522s] -- Up-to-date symlink: /workspaces/ros2-coding/install/h1_fullbody_controller/share/h1_fullbody_controller/environment/path.sh
[0.522s] -- Up-to-date symlink: /workspaces/ros2-coding/install/h1_fullbody_controller/share/h1_fullbody_controller/environment/path.dsv
[0.522s] -- Up-to-date symlink: /workspaces/ros2-coding/install/h1_fullbody_controller/share/h1_fullbody_controller/local_setup.bash
[0.522s] -- Up-to-date symlink: /workspaces/ros2-coding/install/h1_fullbody_controller/share/h1_fullbody_controller/local_setup.sh
[0.523s] -- Up-to-date symlink: /workspaces/ros2-coding/install/h1_fullbody_controller/share/h1_fullbody_controller/local_setup.zsh
[0.531s] -- Up-to-date symlink: /workspaces/ros2-coding/install/h1_fullbody_controller/share/h1_fullbody_controller/local_setup.dsv
[0.532s] -- Symlinking: /workspaces/ros2-coding/install/h1_fullbody_controller/share/h1_fullbody_controller/package.dsv
[0.592s] -- Up-to-date symlink: /workspaces/ros2-coding/install/h1_fullbody_controller/share/ament_index/resource_index/packages/h1_fullbody_controller
[0.592s] -- Up-to-date symlink: /workspaces/ros2-coding/install/h1_fullbody_controller/share/h1_fullbody_controller/cmake/h1_fullbody_controllerConfig.cmake
[0.593s] -- Up-to-date symlink: /workspaces/ros2-coding/install/h1_fullbody_controller/share/h1_fullbody_controller/cmake/h1_fullbody_controllerConfig-version.cmake
[0.594s] -- Up-to-date symlink: /workspaces/ros2-coding/install/h1_fullbody_controller/share/h1_fullbody_controller/package.xml
[0.602s] Invoked command in '/workspaces/ros2-coding/build/h1_fullbody_controller' returned '0': CMAKE_PREFIX_PATH=${CMAKE_PREFIX_PATH}:/workspaces/ros2-coding/install/rqt_joint_trajectory_controller:/workspaces/ros2-coding/install/rqt_controller_manager:/workspaces/ros2-coding/install/ros2controlcli:/workspaces/ros2-coding/install/ros2_controllers_test_nodes:/workspaces/ros2-coding/install/my_turtlesim:/workspaces/ros2-coding/install/issac_sim:/workspaces/ros2-coding/install/isaac_ros_navigation_goal:/workspaces/ros2-coding/install/human_controller:/opt/ros/jazzy /usr/bin/cmake --install /workspaces/ros2-coding/build/h1_fullbody_controller
