[0.051s] Invoking command in '/workspaces/ros2-coding/build/human_interfaces': CMAKE_PREFIX_PATH=${CMAKE_PREFIX_PATH}:/workspaces/ros2-coding/install/rqt_joint_trajectory_controller:/workspaces/ros2-coding/install/rqt_controller_manager:/workspaces/ros2-coding/install/ros2controlcli:/workspaces/ros2-coding/install/ros2_controllers_test_nodes:/workspaces/ros2-coding/install/my_turtlesim:/workspaces/ros2-coding/install/issac_sim:/workspaces/ros2-coding/install/isaac_ros_navigation_goal:/workspaces/ros2-coding/install/human_controller:/opt/ros/jazzy VIRTUAL_ENV_PROMPT=(.venv) /usr/bin/cmake --build /workspaces/ros2-coding/build/human_interfaces -- -j4 -l4
[0.135s] -- Found ament_cmake: 2.5.4 (/opt/ros/jazzy/share/ament_cmake/cmake)
[0.196s] -- Found Python3: /usr/bin/python3 (found version "3.12.3") found components: Interpreter 
[0.325s] -- Override CMake install command with custom implementation using symlinks instead of copying resources
[0.335s] -- Found rosidl_default_generators: 1.6.0 (/opt/ros/jazzy/share/rosidl_default_generators/cmake)
[0.360s] -- Using all available rosidl_typesupport_c: rosidl_typesupport_fastrtps_c;rosidl_typesupport_introspection_c
[0.469s] -- Using all available rosidl_typesupport_cpp: rosidl_typesupport_fastrtps_cpp;rosidl_typesupport_introspection_cpp
[0.540s] -- Found rosidl_adapter: 4.6.6 (/opt/ros/jazzy/share/rosidl_adapter/cmake)
[0.547s] -- Found std_msgs: 5.3.6 (/opt/ros/jazzy/share/std_msgs/cmake)
[2.244s] -- Found ament_cmake_ros: 0.12.0 (/opt/ros/jazzy/share/ament_cmake_ros/cmake)
[2.821s] -- Using all available rosidl_typesupport_c: rosidl_typesupport_fastrtps_c;rosidl_typesupport_introspection_c
[3.494s] -- Using all available rosidl_typesupport_cpp: rosidl_typesupport_fastrtps_cpp;rosidl_typesupport_introspection_cpp
[3.507s] -- Found python_cmake_module: 0.11.1 (/opt/ros/jazzy/share/python_cmake_module/cmake)
[4.126s] -- Found Python3: /usr/bin/python3 (found version "3.12.3") found components: Interpreter Development NumPy Development.Module Development.Embed 
[4.314s] -- Found ament_lint_auto: 0.17.3 (/opt/ros/jazzy/share/ament_lint_auto/cmake)
[4.385s] -- Added test 'lint_cmake' to check CMake code style
[4.393s] -- Added test 'xmllint' to check XML markup files
[4.410s] -- Configuring done (4.3s)
[4.719s] -- Generating done (0.2s)
[4.754s] -- Build files have been written to: /workspaces/ros2-coding/build/human_interfaces
[4.965s] [  1%] [34m[1mGenerating type hashes for ROS interfaces[0m
[4.986s] [  1%] Built target ament_cmake_python_symlink_human_interfaces
[5.772s] running egg_info
[5.844s] writing human_interfaces.egg-info/PKG-INFO
[5.844s] writing dependency_links to human_interfaces.egg-info/dependency_links.txt
[5.844s] writing top-level names to human_interfaces.egg-info/top_level.txt
[5.879s] [  1%] Built target human_interfaces__rosidl_generator_type_description
[5.955s] [  3%] [34m[1mGenerating C code for ROS interfaces[0m
[6.023s] reading manifest file 'human_interfaces.egg-info/SOURCES.txt'
[6.024s] writing manifest file 'human_interfaces.egg-info/SOURCES.txt'
[6.037s] [  4%] [34m[1mGenerating C++ code for ROS interfaces[0m
[6.111s] [  4%] Built target ament_cmake_python_build_human_interfaces_egg
[9.314s] [  4%] Built target human_interfaces__cpp
[10.218s] [  6%] [32mBuilding C object CMakeFiles/human_interfaces__rosidl_generator_c.dir/rosidl_generator_c/human_interfaces/msg/detail/kick_command__description.c.o[0m
[10.241s] [  7%] [32mBuilding C object CMakeFiles/human_interfaces__rosidl_generator_c.dir/rosidl_generator_c/human_interfaces/msg/detail/kick_command__functions.c.o[0m
[11.280s] [  9%] [32mBuilding C object CMakeFiles/human_interfaces__rosidl_generator_c.dir/rosidl_generator_c/human_interfaces/msg/detail/arm_swing_command__description.c.o[0m
[11.868s] [ 10%] [32mBuilding C object CMakeFiles/human_interfaces__rosidl_generator_c.dir/rosidl_generator_c/human_interfaces/msg/detail/arm_swing_command__functions.c.o[0m
[11.880s] [ 12%] [32mBuilding C object CMakeFiles/human_interfaces__rosidl_generator_c.dir/rosidl_generator_c/human_interfaces/msg/detail/kick_command__type_support.c.o[0m
[11.962s] [ 14%] [32mBuilding C object CMakeFiles/human_interfaces__rosidl_generator_c.dir/rosidl_generator_c/human_interfaces/msg/detail/arm_swing_command__type_support.c.o[0m
[12.057s] [ 15%] [32mBuilding C object CMakeFiles/human_interfaces__rosidl_generator_c.dir/rosidl_generator_c/human_interfaces/srv/detail/inverse_kinematics__description.c.o[0m
[12.095s] [ 17%] [32mBuilding C object CMakeFiles/human_interfaces__rosidl_generator_c.dir/rosidl_generator_c/human_interfaces/srv/detail/inverse_kinematics__functions.c.o[0m
[12.103s] [ 18%] [32mBuilding C object CMakeFiles/human_interfaces__rosidl_generator_c.dir/rosidl_generator_c/human_interfaces/srv/detail/inverse_kinematics__type_support.c.o[0m
[12.252s] [ 20%] [32mBuilding C object CMakeFiles/human_interfaces__rosidl_generator_c.dir/rosidl_generator_c/human_interfaces/action/detail/gait_path__description.c.o[0m
[12.263s] [ 21%] [32mBuilding C object CMakeFiles/human_interfaces__rosidl_generator_c.dir/rosidl_generator_c/human_interfaces/action/detail/gait_path__functions.c.o[0m
[12.275s] [ 23%] [32mBuilding C object CMakeFiles/human_interfaces__rosidl_generator_c.dir/rosidl_generator_c/human_interfaces/action/detail/gait_path__type_support.c.o[0m
[12.736s] [ 25%] [32m[1mLinking C shared library libhuman_interfaces__rosidl_generator_c.so[0m
[13.162s] [ 25%] Built target human_interfaces__rosidl_generator_c
[13.218s] [ 26%] [34m[1mGenerating C++ type support dispatch for ROS interfaces[0m
[13.237s] [ 28%] [34m[1mGenerating C type support for eProsima Fast-RTPS[0m
[14.221s] [ 29%] [34m[1mGenerating C type support dispatch for ROS interfaces[0m
[14.224s] [ 31%] [32mBuilding CXX object CMakeFiles/human_interfaces__rosidl_typesupport_cpp.dir/rosidl_typesupport_cpp/human_interfaces/msg/kick_command__type_support.cpp.o[0m
[15.080s] [ 32%] [32mBuilding CXX object CMakeFiles/human_interfaces__rosidl_typesupport_cpp.dir/rosidl_typesupport_cpp/human_interfaces/msg/arm_swing_command__type_support.cpp.o[0m
[15.591s] [ 34%] [32mBuilding CXX object CMakeFiles/human_interfaces__rosidl_typesupport_c.dir/rosidl_typesupport_c/human_interfaces/msg/kick_command__type_support.cpp.o[0m
[15.684s] [ 35%] [32mBuilding CXX object CMakeFiles/human_interfaces__rosidl_typesupport_fastrtps_c.dir/rosidl_typesupport_fastrtps_c/human_interfaces/msg/detail/kick_command__type_support_c.cpp.o[0m
[15.778s] [ 37%] [32mBuilding CXX object CMakeFiles/human_interfaces__rosidl_typesupport_c.dir/rosidl_typesupport_c/human_interfaces/msg/arm_swing_command__type_support.cpp.o[0m
[15.945s] [ 39%] [32mBuilding CXX object CMakeFiles/human_interfaces__rosidl_typesupport_c.dir/rosidl_typesupport_c/human_interfaces/srv/inverse_kinematics__type_support.cpp.o[0m
[15.974s] [ 40%] [32mBuilding CXX object CMakeFiles/human_interfaces__rosidl_typesupport_cpp.dir/rosidl_typesupport_cpp/human_interfaces/srv/inverse_kinematics__type_support.cpp.o[0m
[16.289s] [ 42%] [32mBuilding CXX object CMakeFiles/human_interfaces__rosidl_typesupport_c.dir/rosidl_typesupport_c/human_interfaces/action/gait_path__type_support.cpp.o[0m
[16.801s] [ 43%] [32m[1mLinking CXX shared library libhuman_interfaces__rosidl_typesupport_c.so[0m
[17.029s] [ 45%] [32mBuilding CXX object CMakeFiles/human_interfaces__rosidl_typesupport_fastrtps_c.dir/rosidl_typesupport_fastrtps_c/human_interfaces/msg/detail/arm_swing_command__type_support_c.cpp.o[0m
[17.042s] [ 46%] [32mBuilding CXX object CMakeFiles/human_interfaces__rosidl_typesupport_cpp.dir/rosidl_typesupport_cpp/human_interfaces/action/gait_path__type_support.cpp.o[0m
[17.043s] [ 46%] Built target human_interfaces__rosidl_typesupport_c
[18.061s] [ 48%] [32mBuilding CXX object CMakeFiles/human_interfaces__rosidl_typesupport_fastrtps_c.dir/rosidl_typesupport_fastrtps_c/human_interfaces/srv/detail/inverse_kinematics__type_support_c.cpp.o[0m
[18.454s] [ 50%] [32m[1mLinking CXX shared library libhuman_interfaces__rosidl_typesupport_cpp.so[0m
[18.736s] [ 50%] Built target human_interfaces__rosidl_typesupport_cpp
[19.042s] [ 51%] [32mBuilding CXX object CMakeFiles/human_interfaces__rosidl_typesupport_fastrtps_c.dir/rosidl_typesupport_fastrtps_c/human_interfaces/action/detail/gait_path__type_support_c.cpp.o[0m
[19.937s] [ 53%] [32m[1mLinking CXX shared library libhuman_interfaces__rosidl_typesupport_fastrtps_c.so[0m
[20.155s] [ 53%] Built target human_interfaces__rosidl_typesupport_fastrtps_c
[20.190s] [ 54%] [34m[1mGenerating C++ introspection for ROS interfaces[0m
[21.132s] [ 56%] [32mBuilding CXX object CMakeFiles/human_interfaces__rosidl_typesupport_introspection_cpp.dir/rosidl_typesupport_introspection_cpp/human_interfaces/msg/detail/kick_command__type_support.cpp.o[0m
[21.668s] [ 57%] [32mBuilding CXX object CMakeFiles/human_interfaces__rosidl_typesupport_introspection_cpp.dir/rosidl_typesupport_introspection_cpp/human_interfaces/msg/detail/arm_swing_command__type_support.cpp.o[0m
[22.005s] [ 59%] [32mBuilding CXX object CMakeFiles/human_interfaces__rosidl_typesupport_introspection_cpp.dir/rosidl_typesupport_introspection_cpp/human_interfaces/srv/detail/inverse_kinematics__type_support.cpp.o[0m
[22.427s] [ 60%] [32mBuilding CXX object CMakeFiles/human_interfaces__rosidl_typesupport_introspection_cpp.dir/rosidl_typesupport_introspection_cpp/human_interfaces/action/detail/gait_path__type_support.cpp.o[0m
[23.426s] [ 62%] [32m[1mLinking CXX shared library libhuman_interfaces__rosidl_typesupport_introspection_cpp.so[0m
[23.579s] [ 62%] Built target human_interfaces__rosidl_typesupport_introspection_cpp
[23.608s] [ 64%] [34m[1mGenerating C++ type support for eProsima Fast-RTPS[0m
[24.454s] [ 65%] [32mBuilding CXX object CMakeFiles/human_interfaces__rosidl_typesupport_fastrtps_cpp.dir/rosidl_typesupport_fastrtps_cpp/human_interfaces/msg/detail/dds_fastrtps/kick_command__type_support.cpp.o[0m
[24.454s] [ 67%] [32mBuilding CXX object CMakeFiles/human_interfaces__rosidl_typesupport_fastrtps_cpp.dir/rosidl_typesupport_fastrtps_cpp/human_interfaces/msg/detail/dds_fastrtps/arm_swing_command__type_support.cpp.o[0m
[25.086s] [ 68%] [32mBuilding CXX object CMakeFiles/human_interfaces__rosidl_typesupport_fastrtps_cpp.dir/rosidl_typesupport_fastrtps_cpp/human_interfaces/srv/detail/dds_fastrtps/inverse_kinematics__type_support.cpp.o[0m
[25.126s] [ 70%] [32mBuilding CXX object CMakeFiles/human_interfaces__rosidl_typesupport_fastrtps_cpp.dir/rosidl_typesupport_fastrtps_cpp/human_interfaces/action/detail/dds_fastrtps/gait_path__type_support.cpp.o[0m
[26.528s] [ 71%] [32m[1mLinking CXX shared library libhuman_interfaces__rosidl_typesupport_fastrtps_cpp.so[0m
[26.640s] [ 71%] Built target human_interfaces__rosidl_typesupport_fastrtps_cpp
[26.663s] [ 73%] [34m[1mGenerating C introspection for ROS interfaces[0m
[27.320s] [ 75%] [32mBuilding C object CMakeFiles/human_interfaces__rosidl_typesupport_introspection_c.dir/rosidl_typesupport_introspection_c/human_interfaces/msg/detail/kick_command__type_support.c.o[0m
[27.320s] [ 76%] [32mBuilding C object CMakeFiles/human_interfaces__rosidl_typesupport_introspection_c.dir/rosidl_typesupport_introspection_c/human_interfaces/msg/detail/arm_swing_command__type_support.c.o[0m
[27.383s] [ 78%] [32mBuilding C object CMakeFiles/human_interfaces__rosidl_typesupport_introspection_c.dir/rosidl_typesupport_introspection_c/human_interfaces/action/detail/gait_path__type_support.c.o[0m
[27.395s] [ 79%] [32mBuilding C object CMakeFiles/human_interfaces__rosidl_typesupport_introspection_c.dir/rosidl_typesupport_introspection_c/human_interfaces/srv/detail/inverse_kinematics__type_support.c.o[0m
[27.511s] [ 81%] [32m[1mLinking C shared library libhuman_interfaces__rosidl_typesupport_introspection_c.so[0m
[27.582s] [ 81%] Built target human_interfaces__rosidl_typesupport_introspection_c
[27.627s] [ 81%] Built target human_interfaces
[27.674s] [ 82%] [34m[1mGenerating Python code for ROS interfaces[0m
[28.860s] [ 82%] Built target human_interfaces__py
[28.925s] [ 84%] [32mBuilding C object CMakeFiles/human_interfaces__rosidl_generator_py.dir/rosidl_generator_py/human_interfaces/msg/_arm_swing_command_s.c.o[0m
[28.926s] [ 85%] [32mBuilding C object CMakeFiles/human_interfaces__rosidl_generator_py.dir/rosidl_generator_py/human_interfaces/msg/_kick_command_s.c.o[0m
[29.686s] [ 87%] [32mBuilding C object CMakeFiles/human_interfaces__rosidl_generator_py.dir/rosidl_generator_py/human_interfaces/action/_gait_path_s.c.o[0m
[30.166s] [ 89%] [32mBuilding C object CMakeFiles/human_interfaces__rosidl_generator_py.dir/rosidl_generator_py/human_interfaces/srv/_inverse_kinematics_s.c.o[0m
[30.500s] [ 90%] [32m[1mLinking C shared library libhuman_interfaces__rosidl_generator_py.so[0m
[30.652s] [ 90%] Built target human_interfaces__rosidl_generator_py
[30.780s] [ 92%] [32mBuilding C object CMakeFiles/human_interfaces_s__rosidl_typesupport_fastrtps_c.dir/rosidl_generator_py/human_interfaces/_human_interfaces_s.ep.rosidl_typesupport_fastrtps_c.c.o[0m
[31.063s] [ 93%] [32m[1mLinking C shared module rosidl_generator_py/human_interfaces/human_interfaces_s__rosidl_typesupport_fastrtps_c.so[0m
[31.158s] [ 93%] Built target human_interfaces_s__rosidl_typesupport_fastrtps_c
[31.235s] [ 95%] [32mBuilding C object CMakeFiles/human_interfaces_s__rosidl_typesupport_c.dir/rosidl_generator_py/human_interfaces/_human_interfaces_s.ep.rosidl_typesupport_c.c.o[0m
[31.506s] [ 96%] [32m[1mLinking C shared module rosidl_generator_py/human_interfaces/human_interfaces_s__rosidl_typesupport_c.so[0m
[31.594s] [ 96%] Built target human_interfaces_s__rosidl_typesupport_c
[31.674s] [ 98%] [32mBuilding C object CMakeFiles/human_interfaces_s__rosidl_typesupport_introspection_c.dir/rosidl_generator_py/human_interfaces/_human_interfaces_s.ep.rosidl_typesupport_introspection_c.c.o[0m
[31.999s] [100%] [32m[1mLinking C shared module rosidl_generator_py/human_interfaces/human_interfaces_s__rosidl_typesupport_introspection_c.so[0m
[32.088s] [100%] Built target human_interfaces_s__rosidl_typesupport_introspection_c
[32.151s] Invoked command in '/workspaces/ros2-coding/build/human_interfaces' returned '0': CMAKE_PREFIX_PATH=${CMAKE_PREFIX_PATH}:/workspaces/ros2-coding/install/rqt_joint_trajectory_controller:/workspaces/ros2-coding/install/rqt_controller_manager:/workspaces/ros2-coding/install/ros2controlcli:/workspaces/ros2-coding/install/ros2_controllers_test_nodes:/workspaces/ros2-coding/install/my_turtlesim:/workspaces/ros2-coding/install/issac_sim:/workspaces/ros2-coding/install/isaac_ros_navigation_goal:/workspaces/ros2-coding/install/human_controller:/opt/ros/jazzy VIRTUAL_ENV_PROMPT=(.venv) /usr/bin/cmake --build /workspaces/ros2-coding/build/human_interfaces -- -j4 -l4
[32.153s] Invoking command in '/workspaces/ros2-coding/build/human_interfaces': CMAKE_PREFIX_PATH=${CMAKE_PREFIX_PATH}:/workspaces/ros2-coding/install/rqt_joint_trajectory_controller:/workspaces/ros2-coding/install/rqt_controller_manager:/workspaces/ros2-coding/install/ros2controlcli:/workspaces/ros2-coding/install/ros2_controllers_test_nodes:/workspaces/ros2-coding/install/my_turtlesim:/workspaces/ros2-coding/install/issac_sim:/workspaces/ros2-coding/install/isaac_ros_navigation_goal:/workspaces/ros2-coding/install/human_controller:/opt/ros/jazzy VIRTUAL_ENV_PROMPT=(.venv) /usr/bin/cmake --install /workspaces/ros2-coding/build/human_interfaces
[32.179s] -- Install configuration: ""
[32.181s] -- Execute custom install script
[32.182s] -- Up-to-date symlink: /workspaces/ros2-coding/install/human_interfaces/share/ament_index/resource_index/rosidl_interfaces/human_interfaces
[32.183s] -- Up-to-date symlink: /workspaces/ros2-coding/install/human_interfaces/share/human_interfaces/msg/KickCommand.json
[32.184s] -- Up-to-date symlink: /workspaces/ros2-coding/install/human_interfaces/share/human_interfaces/msg/ArmSwingCommand.json
[32.186s] -- Up-to-date symlink: /workspaces/ros2-coding/install/human_interfaces/share/human_interfaces/srv/InverseKinematics.json
[32.188s] -- Symlinking: /workspaces/ros2-coding/install/human_interfaces/share/human_interfaces/action/GaitPath.json
[32.214s] -- Symlinking: /workspaces/ros2-coding/install/human_interfaces/include/human_interfaces/human_interfaces/action/detail/gait_path__functions.h
[32.244s] -- Symlinking: /workspaces/ros2-coding/install/human_interfaces/include/human_interfaces/human_interfaces/action/detail/gait_path__struct.h
[32.272s] -- Symlinking: /workspaces/ros2-coding/install/human_interfaces/include/human_interfaces/human_interfaces/action/detail/gait_path__type_support.h
[32.299s] -- Symlinking: /workspaces/ros2-coding/install/human_interfaces/include/human_interfaces/human_interfaces/action/gait_path.h
[32.334s] -- Up-to-date symlink: /workspaces/ros2-coding/install/human_interfaces/include/human_interfaces/human_interfaces/msg/arm_swing_command.h
[32.334s] -- Up-to-date symlink: /workspaces/ros2-coding/install/human_interfaces/include/human_interfaces/human_interfaces/msg/detail/arm_swing_command__functions.h
[32.335s] -- Up-to-date symlink: /workspaces/ros2-coding/install/human_interfaces/include/human_interfaces/human_interfaces/msg/detail/arm_swing_command__struct.h
[32.335s] -- Up-to-date symlink: /workspaces/ros2-coding/install/human_interfaces/include/human_interfaces/human_interfaces/msg/detail/arm_swing_command__type_support.h
[32.335s] -- Up-to-date symlink: /workspaces/ros2-coding/install/human_interfaces/include/human_interfaces/human_interfaces/msg/detail/kick_command__functions.h
[32.335s] -- Up-to-date symlink: /workspaces/ros2-coding/install/human_interfaces/include/human_interfaces/human_interfaces/msg/detail/kick_command__struct.h
[32.335s] -- Up-to-date symlink: /workspaces/ros2-coding/install/human_interfaces/include/human_interfaces/human_interfaces/msg/detail/kick_command__type_support.h
[32.336s] -- Up-to-date symlink: /workspaces/ros2-coding/install/human_interfaces/include/human_interfaces/human_interfaces/msg/kick_command.h
[32.336s] -- Up-to-date symlink: /workspaces/ros2-coding/install/human_interfaces/include/human_interfaces/human_interfaces/msg/rosidl_generator_c__visibility_control.h
[32.336s] -- Up-to-date symlink: /workspaces/ros2-coding/install/human_interfaces/include/human_interfaces/human_interfaces/srv/detail/inverse_kinematics__functions.h
[32.336s] -- Up-to-date symlink: /workspaces/ros2-coding/install/human_interfaces/include/human_interfaces/human_interfaces/srv/detail/inverse_kinematics__struct.h
[32.344s] -- Up-to-date symlink: /workspaces/ros2-coding/install/human_interfaces/include/human_interfaces/human_interfaces/srv/detail/inverse_kinematics__type_support.h
[32.344s] -- Up-to-date symlink: /workspaces/ros2-coding/install/human_interfaces/include/human_interfaces/human_interfaces/srv/inverse_kinematics.h
[32.344s] -- Up-to-date symlink: /workspaces/ros2-coding/install/human_interfaces/share/human_interfaces/environment/library_path.sh
[32.345s] -- Up-to-date symlink: /workspaces/ros2-coding/install/human_interfaces/share/human_interfaces/environment/library_path.dsv
[32.345s] -- Symlinking: /workspaces/ros2-coding/install/human_interfaces/include/human_interfaces/human_interfaces/action/detail/gait_path__rosidl_typesupport_fastrtps_c.h
[32.366s] -- Up-to-date symlink: /workspaces/ros2-coding/install/human_interfaces/include/human_interfaces/human_interfaces/msg/detail/arm_swing_command__rosidl_typesupport_fastrtps_c.h
[32.366s] -- Up-to-date symlink: /workspaces/ros2-coding/install/human_interfaces/include/human_interfaces/human_interfaces/msg/detail/kick_command__rosidl_typesupport_fastrtps_c.h
[32.367s] -- Up-to-date symlink: /workspaces/ros2-coding/install/human_interfaces/include/human_interfaces/human_interfaces/msg/rosidl_typesupport_fastrtps_c__visibility_control.h
[32.367s] -- Up-to-date symlink: /workspaces/ros2-coding/install/human_interfaces/include/human_interfaces/human_interfaces/srv/detail/inverse_kinematics__rosidl_typesupport_fastrtps_c.h
[32.367s] -- Symlinking: /workspaces/ros2-coding/install/human_interfaces/include/human_interfaces/human_interfaces/action/detail/gait_path__rosidl_typesupport_introspection_c.h
[32.395s] -- Up-to-date symlink: /workspaces/ros2-coding/install/human_interfaces/include/human_interfaces/human_interfaces/msg/detail/arm_swing_command__rosidl_typesupport_introspection_c.h
[32.395s] -- Up-to-date symlink: /workspaces/ros2-coding/install/human_interfaces/include/human_interfaces/human_interfaces/msg/detail/kick_command__rosidl_typesupport_introspection_c.h
[32.397s] -- Up-to-date symlink: /workspaces/ros2-coding/install/human_interfaces/include/human_interfaces/human_interfaces/msg/rosidl_typesupport_introspection_c__visibility_control.h
[32.398s] -- Up-to-date symlink: /workspaces/ros2-coding/install/human_interfaces/include/human_interfaces/human_interfaces/srv/detail/inverse_kinematics__rosidl_typesupport_introspection_c.h
[32.399s] -- Symlinking: /workspaces/ros2-coding/install/human_interfaces/include/human_interfaces/human_interfaces/action/detail/gait_path__builder.hpp
[32.435s] -- Symlinking: /workspaces/ros2-coding/install/human_interfaces/include/human_interfaces/human_interfaces/action/detail/gait_path__struct.hpp
[32.462s] -- Symlinking: /workspaces/ros2-coding/install/human_interfaces/include/human_interfaces/human_interfaces/action/detail/gait_path__traits.hpp
[32.497s] -- Symlinking: /workspaces/ros2-coding/install/human_interfaces/include/human_interfaces/human_interfaces/action/detail/gait_path__type_support.hpp
[32.524s] -- Symlinking: /workspaces/ros2-coding/install/human_interfaces/include/human_interfaces/human_interfaces/action/gait_path.hpp
[32.554s] -- Up-to-date symlink: /workspaces/ros2-coding/install/human_interfaces/include/human_interfaces/human_interfaces/msg/arm_swing_command.hpp
[32.554s] -- Up-to-date symlink: /workspaces/ros2-coding/install/human_interfaces/include/human_interfaces/human_interfaces/msg/detail/arm_swing_command__builder.hpp
[32.556s] -- Up-to-date symlink: /workspaces/ros2-coding/install/human_interfaces/include/human_interfaces/human_interfaces/msg/detail/arm_swing_command__struct.hpp
[32.556s] -- Up-to-date symlink: /workspaces/ros2-coding/install/human_interfaces/include/human_interfaces/human_interfaces/msg/detail/arm_swing_command__traits.hpp
[32.556s] -- Up-to-date symlink: /workspaces/ros2-coding/install/human_interfaces/include/human_interfaces/human_interfaces/msg/detail/arm_swing_command__type_support.hpp
[32.556s] -- Up-to-date symlink: /workspaces/ros2-coding/install/human_interfaces/include/human_interfaces/human_interfaces/msg/detail/kick_command__builder.hpp
[32.558s] -- Up-to-date symlink: /workspaces/ros2-coding/install/human_interfaces/include/human_interfaces/human_interfaces/msg/detail/kick_command__struct.hpp
[32.558s] -- Up-to-date symlink: /workspaces/ros2-coding/install/human_interfaces/include/human_interfaces/human_interfaces/msg/detail/kick_command__traits.hpp
[32.559s] -- Up-to-date symlink: /workspaces/ros2-coding/install/human_interfaces/include/human_interfaces/human_interfaces/msg/detail/kick_command__type_support.hpp
[32.560s] -- Up-to-date symlink: /workspaces/ros2-coding/install/human_interfaces/include/human_interfaces/human_interfaces/msg/kick_command.hpp
[32.560s] -- Up-to-date symlink: /workspaces/ros2-coding/install/human_interfaces/include/human_interfaces/human_interfaces/msg/rosidl_generator_cpp__visibility_control.hpp
[32.561s] -- Up-to-date symlink: /workspaces/ros2-coding/install/human_interfaces/include/human_interfaces/human_interfaces/srv/detail/inverse_kinematics__builder.hpp
[32.562s] -- Up-to-date symlink: /workspaces/ros2-coding/install/human_interfaces/include/human_interfaces/human_interfaces/srv/detail/inverse_kinematics__struct.hpp
[32.562s] -- Up-to-date symlink: /workspaces/ros2-coding/install/human_interfaces/include/human_interfaces/human_interfaces/srv/detail/inverse_kinematics__traits.hpp
[32.562s] -- Up-to-date symlink: /workspaces/ros2-coding/install/human_interfaces/include/human_interfaces/human_interfaces/srv/detail/inverse_kinematics__type_support.hpp
[32.562s] -- Up-to-date symlink: /workspaces/ros2-coding/install/human_interfaces/include/human_interfaces/human_interfaces/srv/inverse_kinematics.hpp
[32.564s] -- Symlinking: /workspaces/ros2-coding/install/human_interfaces/include/human_interfaces/human_interfaces/action/detail/gait_path__rosidl_typesupport_fastrtps_cpp.hpp
[32.593s] -- Up-to-date symlink: /workspaces/ros2-coding/install/human_interfaces/include/human_interfaces/human_interfaces/msg/detail/arm_swing_command__rosidl_typesupport_fastrtps_cpp.hpp
[32.594s] -- Up-to-date symlink: /workspaces/ros2-coding/install/human_interfaces/include/human_interfaces/human_interfaces/msg/detail/kick_command__rosidl_typesupport_fastrtps_cpp.hpp
[32.594s] -- Up-to-date symlink: /workspaces/ros2-coding/install/human_interfaces/include/human_interfaces/human_interfaces/msg/rosidl_typesupport_fastrtps_cpp__visibility_control.h
[32.598s] -- Up-to-date symlink: /workspaces/ros2-coding/install/human_interfaces/include/human_interfaces/human_interfaces/srv/detail/inverse_kinematics__rosidl_typesupport_fastrtps_cpp.hpp
[32.600s] -- Symlinking: /workspaces/ros2-coding/install/human_interfaces/include/human_interfaces/human_interfaces/action/detail/gait_path__rosidl_typesupport_introspection_cpp.hpp
[32.625s] -- Up-to-date symlink: /workspaces/ros2-coding/install/human_interfaces/include/human_interfaces/human_interfaces/msg/detail/arm_swing_command__rosidl_typesupport_introspection_cpp.hpp
[32.626s] -- Up-to-date symlink: /workspaces/ros2-coding/install/human_interfaces/include/human_interfaces/human_interfaces/msg/detail/kick_command__rosidl_typesupport_introspection_cpp.hpp
[32.627s] -- Up-to-date symlink: /workspaces/ros2-coding/install/human_interfaces/include/human_interfaces/human_interfaces/srv/detail/inverse_kinematics__rosidl_typesupport_introspection_cpp.hpp
[32.629s] -- Up-to-date symlink: /workspaces/ros2-coding/install/human_interfaces/share/human_interfaces/environment/pythonpath.sh
[32.629s] -- Up-to-date symlink: /workspaces/ros2-coding/install/human_interfaces/share/human_interfaces/environment/pythonpath.dsv
[32.629s] -- Up-to-date symlink: /workspaces/ros2-coding/install/human_interfaces/lib/python3.12/site-packages/human_interfaces-0.0.0-py3.12.egg-info/PKG-INFO
[32.630s] -- Up-to-date symlink: /workspaces/ros2-coding/install/human_interfaces/lib/python3.12/site-packages/human_interfaces-0.0.0-py3.12.egg-info/SOURCES.txt
[32.631s] -- Up-to-date symlink: /workspaces/ros2-coding/install/human_interfaces/lib/python3.12/site-packages/human_interfaces-0.0.0-py3.12.egg-info/dependency_links.txt
[32.632s] -- Up-to-date symlink: /workspaces/ros2-coding/install/human_interfaces/lib/python3.12/site-packages/human_interfaces-0.0.0-py3.12.egg-info/top_level.txt
[32.632s] -- Up-to-date symlink: /workspaces/ros2-coding/install/human_interfaces/lib/python3.12/site-packages/human_interfaces/__init__.py
[32.632s] -- Up-to-date symlink: /workspaces/ros2-coding/install/human_interfaces/lib/python3.12/site-packages/human_interfaces/_human_interfaces_s.ep.rosidl_typesupport_c.c
[32.632s] -- Up-to-date symlink: /workspaces/ros2-coding/install/human_interfaces/lib/python3.12/site-packages/human_interfaces/_human_interfaces_s.ep.rosidl_typesupport_fastrtps_c.c
[32.632s] -- Up-to-date symlink: /workspaces/ros2-coding/install/human_interfaces/lib/python3.12/site-packages/human_interfaces/_human_interfaces_s.ep.rosidl_typesupport_introspection_c.c
[32.632s] -- Symlinking: /workspaces/ros2-coding/install/human_interfaces/lib/python3.12/site-packages/human_interfaces/action/__init__.py
[32.661s] -- Symlinking: /workspaces/ros2-coding/install/human_interfaces/lib/python3.12/site-packages/human_interfaces/action/_gait_path.py
[32.686s] -- Symlinking: /workspaces/ros2-coding/install/human_interfaces/lib/python3.12/site-packages/human_interfaces/action/_gait_path_s.c
[32.710s] -- Up-to-date symlink: /workspaces/ros2-coding/install/human_interfaces/lib/python3.12/site-packages/human_interfaces/human_interfaces_s__rosidl_typesupport_c.so
[32.713s] -- Up-to-date symlink: /workspaces/ros2-coding/install/human_interfaces/lib/python3.12/site-packages/human_interfaces/human_interfaces_s__rosidl_typesupport_fastrtps_c.so
[32.713s] -- Up-to-date symlink: /workspaces/ros2-coding/install/human_interfaces/lib/python3.12/site-packages/human_interfaces/human_interfaces_s__rosidl_typesupport_introspection_c.so
[32.713s] -- Up-to-date symlink: /workspaces/ros2-coding/install/human_interfaces/lib/python3.12/site-packages/human_interfaces/msg/__init__.py
[32.713s] -- Up-to-date symlink: /workspaces/ros2-coding/install/human_interfaces/lib/python3.12/site-packages/human_interfaces/msg/_arm_swing_command.py
[32.714s] -- Up-to-date symlink: /workspaces/ros2-coding/install/human_interfaces/lib/python3.12/site-packages/human_interfaces/msg/_arm_swing_command_s.c
[32.714s] -- Up-to-date symlink: /workspaces/ros2-coding/install/human_interfaces/lib/python3.12/site-packages/human_interfaces/msg/_kick_command.py
[32.714s] -- Up-to-date symlink: /workspaces/ros2-coding/install/human_interfaces/lib/python3.12/site-packages/human_interfaces/msg/_kick_command_s.c
[32.714s] -- Up-to-date symlink: /workspaces/ros2-coding/install/human_interfaces/lib/python3.12/site-packages/human_interfaces/srv/__init__.py
[32.714s] -- Up-to-date symlink: /workspaces/ros2-coding/install/human_interfaces/lib/python3.12/site-packages/human_interfaces/srv/_inverse_kinematics.py
[32.714s] -- Up-to-date symlink: /workspaces/ros2-coding/install/human_interfaces/lib/python3.12/site-packages/human_interfaces/srv/_inverse_kinematics_s.c
[32.715s] -- Up-to-date symlink: /workspaces/ros2-coding/install/human_interfaces/lib/python3.12/site-packages/human_interfaces/human_interfaces_s__rosidl_typesupport_fastrtps_c.so
[32.715s] -- Up-to-date symlink: /workspaces/ros2-coding/install/human_interfaces/lib/python3.12/site-packages/human_interfaces/human_interfaces_s__rosidl_typesupport_introspection_c.so
[32.715s] -- Up-to-date symlink: /workspaces/ros2-coding/install/human_interfaces/lib/python3.12/site-packages/human_interfaces/human_interfaces_s__rosidl_typesupport_c.so
[32.715s] -- Up-to-date symlink: /workspaces/ros2-coding/install/human_interfaces/share/human_interfaces/msg/KickCommand.idl
[32.715s] -- Up-to-date symlink: /workspaces/ros2-coding/install/human_interfaces/share/human_interfaces/msg/ArmSwingCommand.idl
[32.717s] -- Up-to-date symlink: /workspaces/ros2-coding/install/human_interfaces/share/human_interfaces/srv/InverseKinematics.idl
[32.717s] -- Symlinking: /workspaces/ros2-coding/install/human_interfaces/share/human_interfaces/action/GaitPath.idl
[32.739s] -- Up-to-date symlink: /workspaces/ros2-coding/install/human_interfaces/share/human_interfaces/msg/KickCommand.msg
[32.740s] -- Up-to-date symlink: /workspaces/ros2-coding/install/human_interfaces/share/human_interfaces/msg/ArmSwingCommand.msg
[32.740s] -- Up-to-date symlink: /workspaces/ros2-coding/install/human_interfaces/share/human_interfaces/srv/InverseKinematics.srv
[32.740s] -- Symlinking: /workspaces/ros2-coding/install/human_interfaces/share/human_interfaces/action/GaitPath.action
[32.768s] -- Up-to-date symlink: /workspaces/ros2-coding/install/human_interfaces/share/ament_index/resource_index/package_run_dependencies/human_interfaces
[32.768s] -- Up-to-date symlink: /workspaces/ros2-coding/install/human_interfaces/share/ament_index/resource_index/parent_prefix_path/human_interfaces
[32.768s] -- Up-to-date symlink: /workspaces/ros2-coding/install/human_interfaces/share/human_interfaces/environment/ament_prefix_path.sh
[32.768s] -- Up-to-date symlink: /workspaces/ros2-coding/install/human_interfaces/share/human_interfaces/environment/ament_prefix_path.dsv
[32.768s] -- Up-to-date symlink: /workspaces/ros2-coding/install/human_interfaces/share/human_interfaces/environment/path.sh
[32.768s] -- Up-to-date symlink: /workspaces/ros2-coding/install/human_interfaces/share/human_interfaces/environment/path.dsv
[32.769s] -- Up-to-date symlink: /workspaces/ros2-coding/install/human_interfaces/share/human_interfaces/local_setup.bash
[32.769s] -- Up-to-date symlink: /workspaces/ros2-coding/install/human_interfaces/share/human_interfaces/local_setup.sh
[32.769s] -- Up-to-date symlink: /workspaces/ros2-coding/install/human_interfaces/share/human_interfaces/local_setup.zsh
[32.769s] -- Up-to-date symlink: /workspaces/ros2-coding/install/human_interfaces/share/human_interfaces/local_setup.dsv
[32.769s] -- Symlinking: /workspaces/ros2-coding/install/human_interfaces/share/human_interfaces/package.dsv
[32.801s] -- Up-to-date symlink: /workspaces/ros2-coding/install/human_interfaces/share/ament_index/resource_index/packages/human_interfaces
[32.803s] -- Up-to-date symlink: /workspaces/ros2-coding/install/human_interfaces/share/human_interfaces/cmake/rosidl_cmake-extras.cmake
[32.804s] -- Up-to-date symlink: /workspaces/ros2-coding/install/human_interfaces/share/human_interfaces/cmake/ament_cmake_export_dependencies-extras.cmake
[32.804s] -- Up-to-date symlink: /workspaces/ros2-coding/install/human_interfaces/share/human_interfaces/cmake/ament_cmake_export_include_directories-extras.cmake
[32.804s] -- Up-to-date symlink: /workspaces/ros2-coding/install/human_interfaces/share/human_interfaces/cmake/ament_cmake_export_libraries-extras.cmake
[32.804s] -- Up-to-date symlink: /workspaces/ros2-coding/install/human_interfaces/share/human_interfaces/cmake/ament_cmake_export_targets-extras.cmake
[32.804s] -- Up-to-date symlink: /workspaces/ros2-coding/install/human_interfaces/share/human_interfaces/cmake/rosidl_cmake_export_typesupport_targets-extras.cmake
[32.804s] -- Up-to-date symlink: /workspaces/ros2-coding/install/human_interfaces/share/human_interfaces/cmake/rosidl_cmake_export_typesupport_libraries-extras.cmake
[32.805s] -- Up-to-date symlink: /workspaces/ros2-coding/install/human_interfaces/share/human_interfaces/cmake/human_interfacesConfig.cmake
[32.807s] -- Up-to-date symlink: /workspaces/ros2-coding/install/human_interfaces/share/human_interfaces/cmake/human_interfacesConfig-version.cmake
[32.807s] -- Up-to-date symlink: /workspaces/ros2-coding/install/human_interfaces/share/human_interfaces/package.xml
[32.813s] -- Installing: /workspaces/ros2-coding/install/human_interfaces/lib/libhuman_interfaces__rosidl_generator_c.so
[32.817s] -- Set non-toolchain portion of runtime path of "/workspaces/ros2-coding/install/human_interfaces/lib/libhuman_interfaces__rosidl_generator_c.so" to ""
[32.827s] -- Installing: /workspaces/ros2-coding/install/human_interfaces/lib/libhuman_interfaces__rosidl_typesupport_fastrtps_c.so
[32.827s] -- Set non-toolchain portion of runtime path of "/workspaces/ros2-coding/install/human_interfaces/lib/libhuman_interfaces__rosidl_typesupport_fastrtps_c.so" to ""
[32.827s] -- Installing: /workspaces/ros2-coding/install/human_interfaces/lib/libhuman_interfaces__rosidl_typesupport_introspection_c.so
[32.828s] -- Set non-toolchain portion of runtime path of "/workspaces/ros2-coding/install/human_interfaces/lib/libhuman_interfaces__rosidl_typesupport_introspection_c.so" to ""
[32.831s] -- Installing: /workspaces/ros2-coding/install/human_interfaces/lib/libhuman_interfaces__rosidl_typesupport_c.so
[32.831s] -- Set non-toolchain portion of runtime path of "/workspaces/ros2-coding/install/human_interfaces/lib/libhuman_interfaces__rosidl_typesupport_c.so" to ""
[32.972s] -- Installing: /workspaces/ros2-coding/install/human_interfaces/lib/libhuman_interfaces__rosidl_typesupport_fastrtps_cpp.so
[32.976s] -- Set non-toolchain portion of runtime path of "/workspaces/ros2-coding/install/human_interfaces/lib/libhuman_interfaces__rosidl_typesupport_fastrtps_cpp.so" to ""
[32.977s] -- Installing: /workspaces/ros2-coding/install/human_interfaces/lib/libhuman_interfaces__rosidl_typesupport_introspection_cpp.so
[32.980s] -- Set non-toolchain portion of runtime path of "/workspaces/ros2-coding/install/human_interfaces/lib/libhuman_interfaces__rosidl_typesupport_introspection_cpp.so" to ""
[33.061s] -- Installing: /workspaces/ros2-coding/install/human_interfaces/lib/libhuman_interfaces__rosidl_typesupport_cpp.so
[33.062s] -- Set non-toolchain portion of runtime path of "/workspaces/ros2-coding/install/human_interfaces/lib/libhuman_interfaces__rosidl_typesupport_cpp.so" to ""
[33.174s] Listing '/workspaces/ros2-coding/install/human_interfaces/lib/python3.12/site-packages/human_interfaces'...
[33.177s] Compiling '/workspaces/ros2-coding/install/human_interfaces/lib/python3.12/site-packages/human_interfaces/__init__.py'...
[33.178s] Listing '/workspaces/ros2-coding/install/human_interfaces/lib/python3.12/site-packages/human_interfaces/action'...
[33.178s] Compiling '/workspaces/ros2-coding/install/human_interfaces/lib/python3.12/site-packages/human_interfaces/action/__init__.py'...
[33.178s] Compiling '/workspaces/ros2-coding/install/human_interfaces/lib/python3.12/site-packages/human_interfaces/action/_gait_path.py'...
[33.178s] Listing '/workspaces/ros2-coding/install/human_interfaces/lib/python3.12/site-packages/human_interfaces/msg'...
[33.178s] Compiling '/workspaces/ros2-coding/install/human_interfaces/lib/python3.12/site-packages/human_interfaces/msg/__init__.py'...
[33.178s] Compiling '/workspaces/ros2-coding/install/human_interfaces/lib/python3.12/site-packages/human_interfaces/msg/_arm_swing_command.py'...
[33.179s] Compiling '/workspaces/ros2-coding/install/human_interfaces/lib/python3.12/site-packages/human_interfaces/msg/_kick_command.py'...
[33.179s] Listing '/workspaces/ros2-coding/install/human_interfaces/lib/python3.12/site-packages/human_interfaces/srv'...
[33.179s] Compiling '/workspaces/ros2-coding/install/human_interfaces/lib/python3.12/site-packages/human_interfaces/srv/__init__.py'...
[33.179s] Compiling '/workspaces/ros2-coding/install/human_interfaces/lib/python3.12/site-packages/human_interfaces/srv/_inverse_kinematics.py'...
[33.197s] -- Installing: /workspaces/ros2-coding/install/human_interfaces/lib/libhuman_interfaces__rosidl_generator_py.so
[33.197s] -- Set non-toolchain portion of runtime path of "/workspaces/ros2-coding/install/human_interfaces/lib/libhuman_interfaces__rosidl_generator_py.so" to ""
[33.199s] -- Old export file "/workspaces/ros2-coding/install/human_interfaces/share/human_interfaces/cmake/export_human_interfaces__rosidl_generator_cExport.cmake" will be replaced.  Removing files [/workspaces/ros2-coding/install/human_interfaces/share/human_interfaces/cmake/export_human_interfaces__rosidl_generator_cExport-noconfig.cmake].
[33.201s] -- Installing: /workspaces/ros2-coding/install/human_interfaces/share/human_interfaces/cmake/export_human_interfaces__rosidl_generator_cExport.cmake
[33.201s] -- Installing: /workspaces/ros2-coding/install/human_interfaces/share/human_interfaces/cmake/export_human_interfaces__rosidl_generator_cExport-noconfig.cmake
[33.205s] -- Old export file "/workspaces/ros2-coding/install/human_interfaces/share/human_interfaces/cmake/export_human_interfaces__rosidl_typesupport_fastrtps_cExport.cmake" will be replaced.  Removing files [/workspaces/ros2-coding/install/human_interfaces/share/human_interfaces/cmake/export_human_interfaces__rosidl_typesupport_fastrtps_cExport-noconfig.cmake].
[33.205s] -- Installing: /workspaces/ros2-coding/install/human_interfaces/share/human_interfaces/cmake/export_human_interfaces__rosidl_typesupport_fastrtps_cExport.cmake
[33.206s] -- Installing: /workspaces/ros2-coding/install/human_interfaces/share/human_interfaces/cmake/export_human_interfaces__rosidl_typesupport_fastrtps_cExport-noconfig.cmake
[33.206s] -- Old export file "/workspaces/ros2-coding/install/human_interfaces/share/human_interfaces/cmake/human_interfaces__rosidl_typesupport_introspection_cExport.cmake" will be replaced.  Removing files [/workspaces/ros2-coding/install/human_interfaces/share/human_interfaces/cmake/human_interfaces__rosidl_typesupport_introspection_cExport-noconfig.cmake].
[33.208s] -- Installing: /workspaces/ros2-coding/install/human_interfaces/share/human_interfaces/cmake/human_interfaces__rosidl_typesupport_introspection_cExport.cmake
[33.209s] -- Installing: /workspaces/ros2-coding/install/human_interfaces/share/human_interfaces/cmake/human_interfaces__rosidl_typesupport_introspection_cExport-noconfig.cmake
[33.212s] -- Old export file "/workspaces/ros2-coding/install/human_interfaces/share/human_interfaces/cmake/human_interfaces__rosidl_typesupport_cExport.cmake" will be replaced.  Removing files [/workspaces/ros2-coding/install/human_interfaces/share/human_interfaces/cmake/human_interfaces__rosidl_typesupport_cExport-noconfig.cmake].
[33.212s] -- Installing: /workspaces/ros2-coding/install/human_interfaces/share/human_interfaces/cmake/human_interfaces__rosidl_typesupport_cExport.cmake
[33.216s] -- Installing: /workspaces/ros2-coding/install/human_interfaces/share/human_interfaces/cmake/human_interfaces__rosidl_typesupport_cExport-noconfig.cmake
[33.216s] -- Installing: /workspaces/ros2-coding/install/human_interfaces/share/human_interfaces/cmake/export_human_interfaces__rosidl_generator_cppExport.cmake
[33.216s] -- Old export file "/workspaces/ros2-coding/install/human_interfaces/share/human_interfaces/cmake/export_human_interfaces__rosidl_typesupport_fastrtps_cppExport.cmake" will be replaced.  Removing files [/workspaces/ros2-coding/install/human_interfaces/share/human_interfaces/cmake/export_human_interfaces__rosidl_typesupport_fastrtps_cppExport-noconfig.cmake].
[33.217s] -- Installing: /workspaces/ros2-coding/install/human_interfaces/share/human_interfaces/cmake/export_human_interfaces__rosidl_typesupport_fastrtps_cppExport.cmake
[33.219s] -- Installing: /workspaces/ros2-coding/install/human_interfaces/share/human_interfaces/cmake/export_human_interfaces__rosidl_typesupport_fastrtps_cppExport-noconfig.cmake
[33.220s] -- Old export file "/workspaces/ros2-coding/install/human_interfaces/share/human_interfaces/cmake/human_interfaces__rosidl_typesupport_introspection_cppExport.cmake" will be replaced.  Removing files [/workspaces/ros2-coding/install/human_interfaces/share/human_interfaces/cmake/human_interfaces__rosidl_typesupport_introspection_cppExport-noconfig.cmake].
[33.220s] -- Installing: /workspaces/ros2-coding/install/human_interfaces/share/human_interfaces/cmake/human_interfaces__rosidl_typesupport_introspection_cppExport.cmake
[33.223s] -- Installing: /workspaces/ros2-coding/install/human_interfaces/share/human_interfaces/cmake/human_interfaces__rosidl_typesupport_introspection_cppExport-noconfig.cmake
[33.224s] -- Old export file "/workspaces/ros2-coding/install/human_interfaces/share/human_interfaces/cmake/human_interfaces__rosidl_typesupport_cppExport.cmake" will be replaced.  Removing files [/workspaces/ros2-coding/install/human_interfaces/share/human_interfaces/cmake/human_interfaces__rosidl_typesupport_cppExport-noconfig.cmake].
[33.225s] -- Installing: /workspaces/ros2-coding/install/human_interfaces/share/human_interfaces/cmake/human_interfaces__rosidl_typesupport_cppExport.cmake
[33.225s] -- Installing: /workspaces/ros2-coding/install/human_interfaces/share/human_interfaces/cmake/human_interfaces__rosidl_typesupport_cppExport-noconfig.cmake
[33.260s] -- Up-to-date: /workspaces/ros2-coding/install/human_interfaces/share/human_interfaces/cmake/export_human_interfaces__rosidl_generator_pyExport.cmake
[33.261s] -- Installing: /workspaces/ros2-coding/install/human_interfaces/share/human_interfaces/cmake/export_human_interfaces__rosidl_generator_pyExport-noconfig.cmake
[33.268s] Invoked command in '/workspaces/ros2-coding/build/human_interfaces' returned '0': CMAKE_PREFIX_PATH=${CMAKE_PREFIX_PATH}:/workspaces/ros2-coding/install/rqt_joint_trajectory_controller:/workspaces/ros2-coding/install/rqt_controller_manager:/workspaces/ros2-coding/install/ros2controlcli:/workspaces/ros2-coding/install/ros2_controllers_test_nodes:/workspaces/ros2-coding/install/my_turtlesim:/workspaces/ros2-coding/install/issac_sim:/workspaces/ros2-coding/install/isaac_ros_navigation_goal:/workspaces/ros2-coding/install/human_controller:/opt/ros/jazzy VIRTUAL_ENV_PROMPT=(.venv) /usr/bin/cmake --install /workspaces/ros2-coding/build/human_interfaces
