[0.060s] Invoking command in '/workspaces/ros2-coding/build/human_interfaces': CMAKE_PREFIX_PATH=${CMAKE_PREFIX_PATH}:/workspaces/ros2-coding/install/my_turtlesim:/workspaces/ros2-coding/install/issac_sim:/workspaces/ros2-coding/install/isaac_ros_navigation_goal:/workspaces/ros2-coding/install/human_controller:/opt/ros/jazzy /usr/bin/cmake --build /workspaces/ros2-coding/build/human_interfaces -- -j4 -l4
[0.368s] [  0%] Built target ament_cmake_python_symlink_human_interfaces
[0.368s] [  1%] Built target human_interfaces__rosidl_generator_type_description
[0.477s] [  3%] Built target human_interfaces__cpp
[0.542s] [ 25%] Built target human_interfaces__rosidl_generator_c
[0.685s] [ 35%] Built target human_interfaces__rosidl_typesupport_c
[0.689s] [ 43%] Built target human_interfaces__rosidl_typesupport_introspection_c
[0.707s] [ 53%] Built target human_interfaces__rosidl_typesupport_fastrtps_cpp
[0.837s] [ 62%] Built target human_interfaces__rosidl_typesupport_fastrtps_c
[0.837s] [ 71%] Built target human_interfaces__rosidl_typesupport_cpp
[0.840s] [ 81%] Built target human_interfaces__rosidl_typesupport_introspection_cpp
[0.924s] [ 81%] Built target human_interfaces
[1.072s] [ 82%] Built target human_interfaces__py
[1.208s] [ 90%] Built target human_interfaces__rosidl_generator_py
[1.319s] running egg_info
[1.342s] [ 93%] Built target human_interfaces_s__rosidl_typesupport_fastrtps_c
[1.347s] [ 96%] Built target human_interfaces_s__rosidl_typesupport_introspection_c
[1.377s] writing human_interfaces.egg-info/PKG-INFO
[1.377s] writing dependency_links to human_interfaces.egg-info/dependency_links.txt
[1.377s] writing top-level names to human_interfaces.egg-info/top_level.txt
[1.381s] [100%] Built target human_interfaces_s__rosidl_typesupport_c
[1.563s] reading manifest file 'human_interfaces.egg-info/SOURCES.txt'
[1.563s] writing manifest file 'human_interfaces.egg-info/SOURCES.txt'
[1.771s] [100%] Built target ament_cmake_python_build_human_interfaces_egg
[1.878s] Invoked command in '/workspaces/ros2-coding/build/human_interfaces' returned '0': CMAKE_PREFIX_PATH=${CMAKE_PREFIX_PATH}:/workspaces/ros2-coding/install/my_turtlesim:/workspaces/ros2-coding/install/issac_sim:/workspaces/ros2-coding/install/isaac_ros_navigation_goal:/workspaces/ros2-coding/install/human_controller:/opt/ros/jazzy /usr/bin/cmake --build /workspaces/ros2-coding/build/human_interfaces -- -j4 -l4
[1.879s] Invoking command in '/workspaces/ros2-coding/build/human_interfaces': CMAKE_PREFIX_PATH=${CMAKE_PREFIX_PATH}:/workspaces/ros2-coding/install/my_turtlesim:/workspaces/ros2-coding/install/issac_sim:/workspaces/ros2-coding/install/isaac_ros_navigation_goal:/workspaces/ros2-coding/install/human_controller:/opt/ros/jazzy /usr/bin/cmake --install /workspaces/ros2-coding/build/human_interfaces
[1.919s] -- Install configuration: ""
[1.919s] -- Execute custom install script
[1.919s] -- Up-to-date symlink: /workspaces/ros2-coding/install/human_interfaces/share/ament_index/resource_index/rosidl_interfaces/human_interfaces
[1.920s] -- Up-to-date symlink: /workspaces/ros2-coding/install/human_interfaces/share/human_interfaces/msg/KickCommand.json
[1.920s] -- Up-to-date symlink: /workspaces/ros2-coding/install/human_interfaces/share/human_interfaces/msg/ArmSwingCommand.json
[1.921s] -- Up-to-date symlink: /workspaces/ros2-coding/install/human_interfaces/share/human_interfaces/srv/InverseKinematics.json
[1.921s] -- Up-to-date symlink: /workspaces/ros2-coding/install/human_interfaces/share/human_interfaces/action/GaitPath.json
[1.926s] -- Up-to-date symlink: /workspaces/ros2-coding/install/human_interfaces/include/human_interfaces/human_interfaces/action/detail/gait_path__functions.h
[1.926s] -- Up-to-date symlink: /workspaces/ros2-coding/install/human_interfaces/include/human_interfaces/human_interfaces/action/detail/gait_path__struct.h
[1.927s] -- Up-to-date symlink: /workspaces/ros2-coding/install/human_interfaces/include/human_interfaces/human_interfaces/action/detail/gait_path__type_support.h
[1.930s] -- Up-to-date symlink: /workspaces/ros2-coding/install/human_interfaces/include/human_interfaces/human_interfaces/action/gait_path.h
[1.930s] -- Up-to-date symlink: /workspaces/ros2-coding/install/human_interfaces/include/human_interfaces/human_interfaces/msg/arm_swing_command.h
[1.932s] -- Up-to-date symlink: /workspaces/ros2-coding/install/human_interfaces/include/human_interfaces/human_interfaces/msg/detail/arm_swing_command__functions.h
[1.933s] -- Up-to-date symlink: /workspaces/ros2-coding/install/human_interfaces/include/human_interfaces/human_interfaces/msg/detail/arm_swing_command__struct.h
[1.933s] -- Up-to-date symlink: /workspaces/ros2-coding/install/human_interfaces/include/human_interfaces/human_interfaces/msg/detail/arm_swing_command__type_support.h
[1.933s] -- Up-to-date symlink: /workspaces/ros2-coding/install/human_interfaces/include/human_interfaces/human_interfaces/msg/detail/kick_command__functions.h
[1.934s] -- Up-to-date symlink: /workspaces/ros2-coding/install/human_interfaces/include/human_interfaces/human_interfaces/msg/detail/kick_command__struct.h
[1.934s] -- Up-to-date symlink: /workspaces/ros2-coding/install/human_interfaces/include/human_interfaces/human_interfaces/msg/detail/kick_command__type_support.h
[1.937s] -- Up-to-date symlink: /workspaces/ros2-coding/install/human_interfaces/include/human_interfaces/human_interfaces/msg/kick_command.h
[1.938s] -- Up-to-date symlink: /workspaces/ros2-coding/install/human_interfaces/include/human_interfaces/human_interfaces/msg/rosidl_generator_c__visibility_control.h
[1.938s] -- Up-to-date symlink: /workspaces/ros2-coding/install/human_interfaces/include/human_interfaces/human_interfaces/srv/detail/inverse_kinematics__functions.h
[1.939s] -- Up-to-date symlink: /workspaces/ros2-coding/install/human_interfaces/include/human_interfaces/human_interfaces/srv/detail/inverse_kinematics__struct.h
[1.940s] -- Up-to-date symlink: /workspaces/ros2-coding/install/human_interfaces/include/human_interfaces/human_interfaces/srv/detail/inverse_kinematics__type_support.h
[1.940s] -- Up-to-date symlink: /workspaces/ros2-coding/install/human_interfaces/include/human_interfaces/human_interfaces/srv/inverse_kinematics.h
[1.940s] -- Up-to-date symlink: /workspaces/ros2-coding/install/human_interfaces/share/human_interfaces/environment/library_path.sh
[1.941s] -- Up-to-date symlink: /workspaces/ros2-coding/install/human_interfaces/share/human_interfaces/environment/library_path.dsv
[1.954s] -- Up-to-date symlink: /workspaces/ros2-coding/install/human_interfaces/include/human_interfaces/human_interfaces/action/detail/gait_path__rosidl_typesupport_fastrtps_c.h
[1.954s] -- Up-to-date symlink: /workspaces/ros2-coding/install/human_interfaces/include/human_interfaces/human_interfaces/msg/detail/arm_swing_command__rosidl_typesupport_fastrtps_c.h
[1.955s] -- Up-to-date symlink: /workspaces/ros2-coding/install/human_interfaces/include/human_interfaces/human_interfaces/msg/detail/kick_command__rosidl_typesupport_fastrtps_c.h
[1.955s] -- Up-to-date symlink: /workspaces/ros2-coding/install/human_interfaces/include/human_interfaces/human_interfaces/msg/rosidl_typesupport_fastrtps_c__visibility_control.h
[1.955s] -- Up-to-date symlink: /workspaces/ros2-coding/install/human_interfaces/include/human_interfaces/human_interfaces/srv/detail/inverse_kinematics__rosidl_typesupport_fastrtps_c.h
[1.956s] -- Up-to-date symlink: /workspaces/ros2-coding/install/human_interfaces/include/human_interfaces/human_interfaces/action/detail/gait_path__rosidl_typesupport_introspection_c.h
[1.956s] -- Up-to-date symlink: /workspaces/ros2-coding/install/human_interfaces/include/human_interfaces/human_interfaces/msg/detail/arm_swing_command__rosidl_typesupport_introspection_c.h
[1.963s] -- Up-to-date symlink: /workspaces/ros2-coding/install/human_interfaces/include/human_interfaces/human_interfaces/msg/detail/kick_command__rosidl_typesupport_introspection_c.h
[1.964s] -- Up-to-date symlink: /workspaces/ros2-coding/install/human_interfaces/include/human_interfaces/human_interfaces/msg/rosidl_typesupport_introspection_c__visibility_control.h
[1.964s] -- Up-to-date symlink: /workspaces/ros2-coding/install/human_interfaces/include/human_interfaces/human_interfaces/srv/detail/inverse_kinematics__rosidl_typesupport_introspection_c.h
[1.965s] -- Up-to-date symlink: /workspaces/ros2-coding/install/human_interfaces/include/human_interfaces/human_interfaces/action/detail/gait_path__builder.hpp
[1.965s] -- Up-to-date symlink: /workspaces/ros2-coding/install/human_interfaces/include/human_interfaces/human_interfaces/action/detail/gait_path__struct.hpp
[1.965s] -- Up-to-date symlink: /workspaces/ros2-coding/install/human_interfaces/include/human_interfaces/human_interfaces/action/detail/gait_path__traits.hpp
[1.965s] -- Up-to-date symlink: /workspaces/ros2-coding/install/human_interfaces/include/human_interfaces/human_interfaces/action/detail/gait_path__type_support.hpp
[1.971s] -- Up-to-date symlink: /workspaces/ros2-coding/install/human_interfaces/include/human_interfaces/human_interfaces/action/gait_path.hpp
[1.971s] -- Up-to-date symlink: /workspaces/ros2-coding/install/human_interfaces/include/human_interfaces/human_interfaces/msg/arm_swing_command.hpp
[1.972s] -- Up-to-date symlink: /workspaces/ros2-coding/install/human_interfaces/include/human_interfaces/human_interfaces/msg/detail/arm_swing_command__builder.hpp
[1.973s] -- Up-to-date symlink: /workspaces/ros2-coding/install/human_interfaces/include/human_interfaces/human_interfaces/msg/detail/arm_swing_command__struct.hpp
[1.975s] -- Up-to-date symlink: /workspaces/ros2-coding/install/human_interfaces/include/human_interfaces/human_interfaces/msg/detail/arm_swing_command__traits.hpp
[1.975s] -- Up-to-date symlink: /workspaces/ros2-coding/install/human_interfaces/include/human_interfaces/human_interfaces/msg/detail/arm_swing_command__type_support.hpp
[1.976s] -- Up-to-date symlink: /workspaces/ros2-coding/install/human_interfaces/include/human_interfaces/human_interfaces/msg/detail/kick_command__builder.hpp
[1.979s] -- Up-to-date symlink: /workspaces/ros2-coding/install/human_interfaces/include/human_interfaces/human_interfaces/msg/detail/kick_command__struct.hpp
[1.980s] -- Up-to-date symlink: /workspaces/ros2-coding/install/human_interfaces/include/human_interfaces/human_interfaces/msg/detail/kick_command__traits.hpp
[1.980s] -- Up-to-date symlink: /workspaces/ros2-coding/install/human_interfaces/include/human_interfaces/human_interfaces/msg/detail/kick_command__type_support.hpp
[1.981s] -- Up-to-date symlink: /workspaces/ros2-coding/install/human_interfaces/include/human_interfaces/human_interfaces/msg/kick_command.hpp
[1.985s] -- Up-to-date symlink: /workspaces/ros2-coding/install/human_interfaces/include/human_interfaces/human_interfaces/msg/rosidl_generator_cpp__visibility_control.hpp
[1.986s] -- Up-to-date symlink: /workspaces/ros2-coding/install/human_interfaces/include/human_interfaces/human_interfaces/srv/detail/inverse_kinematics__builder.hpp
[1.986s] -- Up-to-date symlink: /workspaces/ros2-coding/install/human_interfaces/include/human_interfaces/human_interfaces/srv/detail/inverse_kinematics__struct.hpp
[1.986s] -- Up-to-date symlink: /workspaces/ros2-coding/install/human_interfaces/include/human_interfaces/human_interfaces/srv/detail/inverse_kinematics__traits.hpp
[1.988s] -- Up-to-date symlink: /workspaces/ros2-coding/install/human_interfaces/include/human_interfaces/human_interfaces/srv/detail/inverse_kinematics__type_support.hpp
[1.989s] -- Up-to-date symlink: /workspaces/ros2-coding/install/human_interfaces/include/human_interfaces/human_interfaces/srv/inverse_kinematics.hpp
[1.991s] -- Up-to-date symlink: /workspaces/ros2-coding/install/human_interfaces/include/human_interfaces/human_interfaces/action/detail/gait_path__rosidl_typesupport_fastrtps_cpp.hpp
[1.991s] -- Up-to-date symlink: /workspaces/ros2-coding/install/human_interfaces/include/human_interfaces/human_interfaces/msg/detail/arm_swing_command__rosidl_typesupport_fastrtps_cpp.hpp
[1.992s] -- Up-to-date symlink: /workspaces/ros2-coding/install/human_interfaces/include/human_interfaces/human_interfaces/msg/detail/kick_command__rosidl_typesupport_fastrtps_cpp.hpp
[1.999s] -- Up-to-date symlink: /workspaces/ros2-coding/install/human_interfaces/include/human_interfaces/human_interfaces/msg/rosidl_typesupport_fastrtps_cpp__visibility_control.h
[1.999s] -- Up-to-date symlink: /workspaces/ros2-coding/install/human_interfaces/include/human_interfaces/human_interfaces/srv/detail/inverse_kinematics__rosidl_typesupport_fastrtps_cpp.hpp
[2.000s] -- Up-to-date symlink: /workspaces/ros2-coding/install/human_interfaces/include/human_interfaces/human_interfaces/action/detail/gait_path__rosidl_typesupport_introspection_cpp.hpp
[2.014s] -- Up-to-date symlink: /workspaces/ros2-coding/install/human_interfaces/include/human_interfaces/human_interfaces/msg/detail/arm_swing_command__rosidl_typesupport_introspection_cpp.hpp
[2.015s] -- Up-to-date symlink: /workspaces/ros2-coding/install/human_interfaces/include/human_interfaces/human_interfaces/msg/detail/kick_command__rosidl_typesupport_introspection_cpp.hpp
[2.015s] -- Up-to-date symlink: /workspaces/ros2-coding/install/human_interfaces/include/human_interfaces/human_interfaces/srv/detail/inverse_kinematics__rosidl_typesupport_introspection_cpp.hpp
[2.019s] -- Up-to-date symlink: /workspaces/ros2-coding/install/human_interfaces/share/human_interfaces/environment/pythonpath.sh
[2.019s] -- Up-to-date symlink: /workspaces/ros2-coding/install/human_interfaces/share/human_interfaces/environment/pythonpath.dsv
[2.019s] -- Up-to-date symlink: /workspaces/ros2-coding/install/human_interfaces/lib/python3.12/site-packages/human_interfaces-0.0.0-py3.12.egg-info/PKG-INFO
[2.020s] -- Up-to-date symlink: /workspaces/ros2-coding/install/human_interfaces/lib/python3.12/site-packages/human_interfaces-0.0.0-py3.12.egg-info/SOURCES.txt
[2.020s] -- Up-to-date symlink: /workspaces/ros2-coding/install/human_interfaces/lib/python3.12/site-packages/human_interfaces-0.0.0-py3.12.egg-info/dependency_links.txt
[2.020s] -- Up-to-date symlink: /workspaces/ros2-coding/install/human_interfaces/lib/python3.12/site-packages/human_interfaces-0.0.0-py3.12.egg-info/top_level.txt
[2.028s] -- Up-to-date symlink: /workspaces/ros2-coding/install/human_interfaces/lib/python3.12/site-packages/human_interfaces/__init__.py
[2.028s] -- Up-to-date symlink: /workspaces/ros2-coding/install/human_interfaces/lib/python3.12/site-packages/human_interfaces/_human_interfaces_s.ep.rosidl_typesupport_c.c
[2.029s] -- Up-to-date symlink: /workspaces/ros2-coding/install/human_interfaces/lib/python3.12/site-packages/human_interfaces/_human_interfaces_s.ep.rosidl_typesupport_fastrtps_c.c
[2.029s] -- Up-to-date symlink: /workspaces/ros2-coding/install/human_interfaces/lib/python3.12/site-packages/human_interfaces/_human_interfaces_s.ep.rosidl_typesupport_introspection_c.c
[2.029s] -- Up-to-date symlink: /workspaces/ros2-coding/install/human_interfaces/lib/python3.12/site-packages/human_interfaces/action/__init__.py
[2.029s] -- Up-to-date symlink: /workspaces/ros2-coding/install/human_interfaces/lib/python3.12/site-packages/human_interfaces/action/_gait_path.py
[2.029s] -- Up-to-date symlink: /workspaces/ros2-coding/install/human_interfaces/lib/python3.12/site-packages/human_interfaces/action/_gait_path_s.c
[2.029s] -- Up-to-date symlink: /workspaces/ros2-coding/install/human_interfaces/lib/python3.12/site-packages/human_interfaces/human_interfaces_s__rosidl_typesupport_c.so
[2.030s] -- Up-to-date symlink: /workspaces/ros2-coding/install/human_interfaces/lib/python3.12/site-packages/human_interfaces/human_interfaces_s__rosidl_typesupport_fastrtps_c.so
[2.030s] -- Up-to-date symlink: /workspaces/ros2-coding/install/human_interfaces/lib/python3.12/site-packages/human_interfaces/human_interfaces_s__rosidl_typesupport_introspection_c.so
[2.030s] -- Up-to-date symlink: /workspaces/ros2-coding/install/human_interfaces/lib/python3.12/site-packages/human_interfaces/msg/__init__.py
[2.030s] -- Up-to-date symlink: /workspaces/ros2-coding/install/human_interfaces/lib/python3.12/site-packages/human_interfaces/msg/_arm_swing_command.py
[2.030s] -- Up-to-date symlink: /workspaces/ros2-coding/install/human_interfaces/lib/python3.12/site-packages/human_interfaces/msg/_arm_swing_command_s.c
[2.030s] -- Up-to-date symlink: /workspaces/ros2-coding/install/human_interfaces/lib/python3.12/site-packages/human_interfaces/msg/_kick_command.py
[2.031s] -- Up-to-date symlink: /workspaces/ros2-coding/install/human_interfaces/lib/python3.12/site-packages/human_interfaces/msg/_kick_command_s.c
[2.051s] -- Up-to-date symlink: /workspaces/ros2-coding/install/human_interfaces/lib/python3.12/site-packages/human_interfaces/srv/__init__.py
[2.052s] -- Up-to-date symlink: /workspaces/ros2-coding/install/human_interfaces/lib/python3.12/site-packages/human_interfaces/srv/_inverse_kinematics.py
[2.052s] -- Up-to-date symlink: /workspaces/ros2-coding/install/human_interfaces/lib/python3.12/site-packages/human_interfaces/srv/_inverse_kinematics_s.c
[2.052s] -- Up-to-date symlink: /workspaces/ros2-coding/install/human_interfaces/lib/python3.12/site-packages/human_interfaces/human_interfaces_s__rosidl_typesupport_fastrtps_c.so
[2.052s] -- Up-to-date symlink: /workspaces/ros2-coding/install/human_interfaces/lib/python3.12/site-packages/human_interfaces/human_interfaces_s__rosidl_typesupport_introspection_c.so
[2.052s] -- Up-to-date symlink: /workspaces/ros2-coding/install/human_interfaces/lib/python3.12/site-packages/human_interfaces/human_interfaces_s__rosidl_typesupport_c.so
[2.052s] -- Up-to-date symlink: /workspaces/ros2-coding/install/human_interfaces/share/human_interfaces/msg/KickCommand.idl
[2.053s] -- Up-to-date symlink: /workspaces/ros2-coding/install/human_interfaces/share/human_interfaces/msg/ArmSwingCommand.idl
[2.053s] -- Up-to-date symlink: /workspaces/ros2-coding/install/human_interfaces/share/human_interfaces/srv/InverseKinematics.idl
[2.053s] -- Up-to-date symlink: /workspaces/ros2-coding/install/human_interfaces/share/human_interfaces/action/GaitPath.idl
[2.054s] -- Up-to-date symlink: /workspaces/ros2-coding/install/human_interfaces/share/human_interfaces/msg/KickCommand.msg
[2.054s] -- Up-to-date symlink: /workspaces/ros2-coding/install/human_interfaces/share/human_interfaces/msg/ArmSwingCommand.msg
[2.055s] -- Up-to-date symlink: /workspaces/ros2-coding/install/human_interfaces/share/human_interfaces/srv/InverseKinematics.srv
[2.061s] -- Up-to-date symlink: /workspaces/ros2-coding/install/human_interfaces/share/human_interfaces/action/GaitPath.action
[2.061s] -- Up-to-date symlink: /workspaces/ros2-coding/install/human_interfaces/share/ament_index/resource_index/package_run_dependencies/human_interfaces
[2.061s] -- Up-to-date symlink: /workspaces/ros2-coding/install/human_interfaces/share/ament_index/resource_index/parent_prefix_path/human_interfaces
[2.061s] -- Up-to-date symlink: /workspaces/ros2-coding/install/human_interfaces/share/human_interfaces/environment/ament_prefix_path.sh
[2.061s] -- Up-to-date symlink: /workspaces/ros2-coding/install/human_interfaces/share/human_interfaces/environment/ament_prefix_path.dsv
[2.062s] -- Up-to-date symlink: /workspaces/ros2-coding/install/human_interfaces/share/human_interfaces/environment/path.sh
[2.063s] -- Up-to-date symlink: /workspaces/ros2-coding/install/human_interfaces/share/human_interfaces/environment/path.dsv
[2.063s] -- Up-to-date symlink: /workspaces/ros2-coding/install/human_interfaces/share/human_interfaces/local_setup.bash
[2.064s] -- Up-to-date symlink: /workspaces/ros2-coding/install/human_interfaces/share/human_interfaces/local_setup.sh
[2.064s] -- Up-to-date symlink: /workspaces/ros2-coding/install/human_interfaces/share/human_interfaces/local_setup.zsh
[2.064s] -- Up-to-date symlink: /workspaces/ros2-coding/install/human_interfaces/share/human_interfaces/local_setup.dsv
[2.064s] -- Symlinking: /workspaces/ros2-coding/install/human_interfaces/share/human_interfaces/package.dsv
[2.107s] -- Up-to-date symlink: /workspaces/ros2-coding/install/human_interfaces/share/ament_index/resource_index/packages/human_interfaces
[2.107s] -- Up-to-date symlink: /workspaces/ros2-coding/install/human_interfaces/share/human_interfaces/cmake/rosidl_cmake-extras.cmake
[2.107s] -- Up-to-date symlink: /workspaces/ros2-coding/install/human_interfaces/share/human_interfaces/cmake/ament_cmake_export_dependencies-extras.cmake
[2.107s] -- Up-to-date symlink: /workspaces/ros2-coding/install/human_interfaces/share/human_interfaces/cmake/ament_cmake_export_include_directories-extras.cmake
[2.108s] -- Up-to-date symlink: /workspaces/ros2-coding/install/human_interfaces/share/human_interfaces/cmake/ament_cmake_export_libraries-extras.cmake
[2.108s] -- Up-to-date symlink: /workspaces/ros2-coding/install/human_interfaces/share/human_interfaces/cmake/ament_cmake_export_targets-extras.cmake
[2.118s] -- Up-to-date symlink: /workspaces/ros2-coding/install/human_interfaces/share/human_interfaces/cmake/rosidl_cmake_export_typesupport_targets-extras.cmake
[2.118s] -- Up-to-date symlink: /workspaces/ros2-coding/install/human_interfaces/share/human_interfaces/cmake/rosidl_cmake_export_typesupport_libraries-extras.cmake
[2.119s] -- Up-to-date symlink: /workspaces/ros2-coding/install/human_interfaces/share/human_interfaces/cmake/human_interfacesConfig.cmake
[2.119s] -- Up-to-date symlink: /workspaces/ros2-coding/install/human_interfaces/share/human_interfaces/cmake/human_interfacesConfig-version.cmake
[2.119s] -- Up-to-date symlink: /workspaces/ros2-coding/install/human_interfaces/share/human_interfaces/package.xml
[2.119s] -- Up-to-date: /workspaces/ros2-coding/install/human_interfaces/lib/libhuman_interfaces__rosidl_generator_c.so
[2.120s] -- Up-to-date: /workspaces/ros2-coding/install/human_interfaces/lib/libhuman_interfaces__rosidl_typesupport_fastrtps_c.so
[2.121s] -- Up-to-date: /workspaces/ros2-coding/install/human_interfaces/lib/libhuman_interfaces__rosidl_typesupport_introspection_c.so
[2.131s] -- Up-to-date: /workspaces/ros2-coding/install/human_interfaces/lib/libhuman_interfaces__rosidl_typesupport_c.so
[2.131s] -- Up-to-date: /workspaces/ros2-coding/install/human_interfaces/lib/libhuman_interfaces__rosidl_typesupport_fastrtps_cpp.so
[2.135s] -- Up-to-date: /workspaces/ros2-coding/install/human_interfaces/lib/libhuman_interfaces__rosidl_typesupport_introspection_cpp.so
[2.135s] -- Up-to-date: /workspaces/ros2-coding/install/human_interfaces/lib/libhuman_interfaces__rosidl_typesupport_cpp.so
[2.394s] Listing '/workspaces/ros2-coding/install/human_interfaces/lib/python3.12/site-packages/human_interfaces'...
[2.394s] Listing '/workspaces/ros2-coding/install/human_interfaces/lib/python3.12/site-packages/human_interfaces/action'...
[2.394s] Listing '/workspaces/ros2-coding/install/human_interfaces/lib/python3.12/site-packages/human_interfaces/msg'...
[2.395s] Listing '/workspaces/ros2-coding/install/human_interfaces/lib/python3.12/site-packages/human_interfaces/srv'...
[2.427s] -- Up-to-date: /workspaces/ros2-coding/install/human_interfaces/lib/libhuman_interfaces__rosidl_generator_py.so
[2.428s] -- Up-to-date: /workspaces/ros2-coding/install/human_interfaces/share/human_interfaces/cmake/export_human_interfaces__rosidl_generator_cExport.cmake
[2.428s] -- Up-to-date: /workspaces/ros2-coding/install/human_interfaces/share/human_interfaces/cmake/export_human_interfaces__rosidl_generator_cExport-noconfig.cmake
[2.428s] -- Up-to-date: /workspaces/ros2-coding/install/human_interfaces/share/human_interfaces/cmake/export_human_interfaces__rosidl_typesupport_fastrtps_cExport.cmake
[2.428s] -- Up-to-date: /workspaces/ros2-coding/install/human_interfaces/share/human_interfaces/cmake/export_human_interfaces__rosidl_typesupport_fastrtps_cExport-noconfig.cmake
[2.428s] -- Up-to-date: /workspaces/ros2-coding/install/human_interfaces/share/human_interfaces/cmake/human_interfaces__rosidl_typesupport_introspection_cExport.cmake
[2.429s] -- Up-to-date: /workspaces/ros2-coding/install/human_interfaces/share/human_interfaces/cmake/human_interfaces__rosidl_typesupport_introspection_cExport-noconfig.cmake
[2.429s] -- Up-to-date: /workspaces/ros2-coding/install/human_interfaces/share/human_interfaces/cmake/human_interfaces__rosidl_typesupport_cExport.cmake
[2.429s] -- Up-to-date: /workspaces/ros2-coding/install/human_interfaces/share/human_interfaces/cmake/human_interfaces__rosidl_typesupport_cExport-noconfig.cmake
[2.429s] -- Up-to-date: /workspaces/ros2-coding/install/human_interfaces/share/human_interfaces/cmake/export_human_interfaces__rosidl_generator_cppExport.cmake
[2.429s] -- Up-to-date: /workspaces/ros2-coding/install/human_interfaces/share/human_interfaces/cmake/export_human_interfaces__rosidl_typesupport_fastrtps_cppExport.cmake
[2.429s] -- Up-to-date: /workspaces/ros2-coding/install/human_interfaces/share/human_interfaces/cmake/export_human_interfaces__rosidl_typesupport_fastrtps_cppExport-noconfig.cmake
[2.448s] -- Up-to-date: /workspaces/ros2-coding/install/human_interfaces/share/human_interfaces/cmake/human_interfaces__rosidl_typesupport_introspection_cppExport.cmake
[2.449s] -- Up-to-date: /workspaces/ros2-coding/install/human_interfaces/share/human_interfaces/cmake/human_interfaces__rosidl_typesupport_introspection_cppExport-noconfig.cmake
[2.449s] -- Up-to-date: /workspaces/ros2-coding/install/human_interfaces/share/human_interfaces/cmake/human_interfaces__rosidl_typesupport_cppExport.cmake
[2.449s] -- Up-to-date: /workspaces/ros2-coding/install/human_interfaces/share/human_interfaces/cmake/human_interfaces__rosidl_typesupport_cppExport-noconfig.cmake
[2.449s] -- Up-to-date: /workspaces/ros2-coding/install/human_interfaces/share/human_interfaces/cmake/export_human_interfaces__rosidl_generator_pyExport.cmake
[2.449s] -- Up-to-date: /workspaces/ros2-coding/install/human_interfaces/share/human_interfaces/cmake/export_human_interfaces__rosidl_generator_pyExport-noconfig.cmake
[3.648s] Invoked command in '/workspaces/ros2-coding/build/human_interfaces' returned '0': CMAKE_PREFIX_PATH=${CMAKE_PREFIX_PATH}:/workspaces/ros2-coding/install/my_turtlesim:/workspaces/ros2-coding/install/issac_sim:/workspaces/ros2-coding/install/isaac_ros_navigation_goal:/workspaces/ros2-coding/install/human_controller:/opt/ros/jazzy /usr/bin/cmake --install /workspaces/ros2-coding/build/human_interfaces
