[0.043s] Invoking command in '/workspaces/ros2-coding/build/moveit_nao_config': CMAKE_PREFIX_PATH=${CMAKE_PREFIX_PATH}:/workspaces/ros2-coding/install/rqt_joint_trajectory_controller:/workspaces/ros2-coding/install/rqt_controller_manager:/workspaces/ros2-coding/install/ros2controlcli:/workspaces/ros2-coding/install/ros2_controllers_test_nodes:/workspaces/ros2-coding/install/my_turtlesim:/workspaces/ros2-coding/install/issac_sim:/workspaces/ros2-coding/install/isaac_ros_navigation_goal:/workspaces/ros2-coding/install/human_controller:/opt/ros/jazzy /usr/bin/cmake --build /workspaces/ros2-coding/build/moveit_nao_config -- -j4 -l4
[0.271s] Invoked command in '/workspaces/ros2-coding/build/moveit_nao_config' returned '0': CMAKE_PREFIX_PATH=${CMAKE_PREFIX_PATH}:/workspaces/ros2-coding/install/rqt_joint_trajectory_controller:/workspaces/ros2-coding/install/rqt_controller_manager:/workspaces/ros2-coding/install/ros2controlcli:/workspaces/ros2-coding/install/ros2_controllers_test_nodes:/workspaces/ros2-coding/install/my_turtlesim:/workspaces/ros2-coding/install/issac_sim:/workspaces/ros2-coding/install/isaac_ros_navigation_goal:/workspaces/ros2-coding/install/human_controller:/opt/ros/jazzy /usr/bin/cmake --build /workspaces/ros2-coding/build/moveit_nao_config -- -j4 -l4
[0.272s] Invoking command in '/workspaces/ros2-coding/build/moveit_nao_config': CMAKE_PREFIX_PATH=${CMAKE_PREFIX_PATH}:/workspaces/ros2-coding/install/rqt_joint_trajectory_controller:/workspaces/ros2-coding/install/rqt_controller_manager:/workspaces/ros2-coding/install/ros2controlcli:/workspaces/ros2-coding/install/ros2_controllers_test_nodes:/workspaces/ros2-coding/install/my_turtlesim:/workspaces/ros2-coding/install/issac_sim:/workspaces/ros2-coding/install/isaac_ros_navigation_goal:/workspaces/ros2-coding/install/human_controller:/opt/ros/jazzy /usr/bin/cmake --install /workspaces/ros2-coding/build/moveit_nao_config
[0.297s] -- Install configuration: ""
[0.298s] -- Execute custom install script
[0.298s] -- Up-to-date symlink: /workspaces/ros2-coding/install/moveit_nao_config/share/moveit_nao_config/config/kinematics.yaml
[0.299s] -- Up-to-date symlink: /workspaces/ros2-coding/install/moveit_nao_config/share/moveit_nao_config/launch/move_group.launch.py
[0.300s] -- Up-to-date symlink: /workspaces/ros2-coding/install/moveit_nao_config/share/moveit_nao_config/srdf/nao.srdf
[0.300s] -- Up-to-date symlink: /workspaces/ros2-coding/install/moveit_nao_config/share/ament_index/resource_index/package_run_dependencies/moveit_nao_config
[0.301s] -- Up-to-date symlink: /workspaces/ros2-coding/install/moveit_nao_config/share/ament_index/resource_index/parent_prefix_path/moveit_nao_config
[0.302s] -- Up-to-date symlink: /workspaces/ros2-coding/install/moveit_nao_config/share/moveit_nao_config/environment/ament_prefix_path.sh
[0.302s] -- Up-to-date symlink: /workspaces/ros2-coding/install/moveit_nao_config/share/moveit_nao_config/environment/ament_prefix_path.dsv
[0.303s] -- Up-to-date symlink: /workspaces/ros2-coding/install/moveit_nao_config/share/moveit_nao_config/environment/path.sh
[0.303s] -- Up-to-date symlink: /workspaces/ros2-coding/install/moveit_nao_config/share/moveit_nao_config/environment/path.dsv
[0.304s] -- Up-to-date symlink: /workspaces/ros2-coding/install/moveit_nao_config/share/moveit_nao_config/local_setup.bash
[0.304s] -- Up-to-date symlink: /workspaces/ros2-coding/install/moveit_nao_config/share/moveit_nao_config/local_setup.sh
[0.305s] -- Up-to-date symlink: /workspaces/ros2-coding/install/moveit_nao_config/share/moveit_nao_config/local_setup.zsh
[0.306s] -- Up-to-date symlink: /workspaces/ros2-coding/install/moveit_nao_config/share/moveit_nao_config/local_setup.dsv
[0.307s] -- Symlinking: /workspaces/ros2-coding/install/moveit_nao_config/share/moveit_nao_config/package.dsv
[0.361s] -- Up-to-date symlink: /workspaces/ros2-coding/install/moveit_nao_config/share/ament_index/resource_index/packages/moveit_nao_config
[0.362s] -- Up-to-date symlink: /workspaces/ros2-coding/install/moveit_nao_config/share/moveit_nao_config/cmake/moveit_nao_configConfig.cmake
[0.363s] -- Up-to-date symlink: /workspaces/ros2-coding/install/moveit_nao_config/share/moveit_nao_config/cmake/moveit_nao_configConfig-version.cmake
[0.364s] -- Up-to-date symlink: /workspaces/ros2-coding/install/moveit_nao_config/share/moveit_nao_config/package.xml
[0.392s] Invoked command in '/workspaces/ros2-coding/build/moveit_nao_config' returned '0': CMAKE_PREFIX_PATH=${CMAKE_PREFIX_PATH}:/workspaces/ros2-coding/install/rqt_joint_trajectory_controller:/workspaces/ros2-coding/install/rqt_controller_manager:/workspaces/ros2-coding/install/ros2controlcli:/workspaces/ros2-coding/install/ros2_controllers_test_nodes:/workspaces/ros2-coding/install/my_turtlesim:/workspaces/ros2-coding/install/issac_sim:/workspaces/ros2-coding/install/isaac_ros_navigation_goal:/workspaces/ros2-coding/install/human_controller:/opt/ros/jazzy /usr/bin/cmake --install /workspaces/ros2-coding/build/moveit_nao_config
