[0.032s] Invoking command in '/workspaces/ros2-coding/build/ros_gz_example_gazebo': AMENT_PREFIX_PATH=/workspaces/ros2-coding/install/ros_gz_example_description:${AMENT_PREFIX_PATH} CMAKE_PREFIX_PATH=/workspaces/ros2-coding/install/ros_gz_example_description:/opt/ros/jazzy/opt/gz_sim_vendor:/opt/ros/jazzy/opt/gz_sensors_vendor:/opt/ros/jazzy/opt/gz_physics_vendor:/opt/ros/jazzy/opt/sdformat_vendor:/opt/ros/jazzy/opt/gz_gui_vendor:/opt/ros/jazzy/opt/gz_transport_vendor:/opt/ros/jazzy/opt/gz_rendering_vendor:/opt/ros/jazzy/opt/gz_plugin_vendor:/opt/ros/jazzy/opt/gz_fuel_tools_vendor:/opt/ros/jazzy/opt/gz_msgs_vendor:/opt/ros/jazzy/opt/gz_common_vendor:/opt/ros/jazzy/opt/gz_math_vendor:/opt/ros/jazzy/opt/gz_utils_vendor:/opt/ros/jazzy/opt/gz_tools_vendor:/opt/ros/jazzy/opt/gz_ogre_next_vendor:/opt/ros/jazzy/opt/gz_dartsim_vendor:/opt/ros/jazzy/opt/gz_cmake_vendor:/opt/ros/jazzy GZ_SIM_RESOURCE_PATH=/workspaces/ros2-coding/install/ros_gz_example_description/share/ros_gz_example_description/models:${GZ_SIM_RESOURCE_PATH} /usr/bin/cmake --build /workspaces/ros2-coding/build/ros_gz_example_gazebo -- -j4 -l4
[0.321s] [ 50%] Built target BasicSystem
[0.358s] [100%] Built target FullSystem
[0.399s] Invoked command in '/workspaces/ros2-coding/build/ros_gz_example_gazebo' returned '0': AMENT_PREFIX_PATH=/workspaces/ros2-coding/install/ros_gz_example_description:${AMENT_PREFIX_PATH} CMAKE_PREFIX_PATH=/workspaces/ros2-coding/install/ros_gz_example_description:/opt/ros/jazzy/opt/gz_sim_vendor:/opt/ros/jazzy/opt/gz_sensors_vendor:/opt/ros/jazzy/opt/gz_physics_vendor:/opt/ros/jazzy/opt/sdformat_vendor:/opt/ros/jazzy/opt/gz_gui_vendor:/opt/ros/jazzy/opt/gz_transport_vendor:/opt/ros/jazzy/opt/gz_rendering_vendor:/opt/ros/jazzy/opt/gz_plugin_vendor:/opt/ros/jazzy/opt/gz_fuel_tools_vendor:/opt/ros/jazzy/opt/gz_msgs_vendor:/opt/ros/jazzy/opt/gz_common_vendor:/opt/ros/jazzy/opt/gz_math_vendor:/opt/ros/jazzy/opt/gz_utils_vendor:/opt/ros/jazzy/opt/gz_tools_vendor:/opt/ros/jazzy/opt/gz_ogre_next_vendor:/opt/ros/jazzy/opt/gz_dartsim_vendor:/opt/ros/jazzy/opt/gz_cmake_vendor:/opt/ros/jazzy GZ_SIM_RESOURCE_PATH=/workspaces/ros2-coding/install/ros_gz_example_description/share/ros_gz_example_description/models:${GZ_SIM_RESOURCE_PATH} /usr/bin/cmake --build /workspaces/ros2-coding/build/ros_gz_example_gazebo -- -j4 -l4
[0.400s] Invoking command in '/workspaces/ros2-coding/build/ros_gz_example_gazebo': AMENT_PREFIX_PATH=/workspaces/ros2-coding/install/ros_gz_example_description:${AMENT_PREFIX_PATH} CMAKE_PREFIX_PATH=/workspaces/ros2-coding/install/ros_gz_example_description:/opt/ros/jazzy/opt/gz_sim_vendor:/opt/ros/jazzy/opt/gz_sensors_vendor:/opt/ros/jazzy/opt/gz_physics_vendor:/opt/ros/jazzy/opt/sdformat_vendor:/opt/ros/jazzy/opt/gz_gui_vendor:/opt/ros/jazzy/opt/gz_transport_vendor:/opt/ros/jazzy/opt/gz_rendering_vendor:/opt/ros/jazzy/opt/gz_plugin_vendor:/opt/ros/jazzy/opt/gz_fuel_tools_vendor:/opt/ros/jazzy/opt/gz_msgs_vendor:/opt/ros/jazzy/opt/gz_common_vendor:/opt/ros/jazzy/opt/gz_math_vendor:/opt/ros/jazzy/opt/gz_utils_vendor:/opt/ros/jazzy/opt/gz_tools_vendor:/opt/ros/jazzy/opt/gz_ogre_next_vendor:/opt/ros/jazzy/opt/gz_dartsim_vendor:/opt/ros/jazzy/opt/gz_cmake_vendor:/opt/ros/jazzy GZ_SIM_RESOURCE_PATH=/workspaces/ros2-coding/install/ros_gz_example_description/share/ros_gz_example_description/models:${GZ_SIM_RESOURCE_PATH} /usr/bin/cmake --install /workspaces/ros2-coding/build/ros_gz_example_gazebo
[0.482s] -- Install configuration: ""
[0.483s] -- Execute custom install script
[0.484s] -- Up-to-date symlink: /workspaces/ros2-coding/install/ros_gz_example_gazebo/lib/ros_gz_example_gazebo/libBasicSystem.so
[0.484s] -- Up-to-date symlink: /workspaces/ros2-coding/install/ros_gz_example_gazebo/lib/ros_gz_example_gazebo/libFullSystem.so
[0.485s] -- Up-to-date symlink: /workspaces/ros2-coding/install/ros_gz_example_gazebo/share/ros_gz_example_gazebo/worlds/diff_drive.sdf
[0.488s] -- Up-to-date symlink: /workspaces/ros2-coding/install/ros_gz_example_gazebo/share/ros_gz_example_gazebo/environment/ros_gz_example_gazebo.dsv
[0.488s] -- Up-to-date symlink: /workspaces/ros2-coding/install/ros_gz_example_gazebo/share/ros_gz_example_gazebo/environment/ros_gz_example_gazebo.sh
[0.489s] -- Up-to-date symlink: /workspaces/ros2-coding/install/ros_gz_example_gazebo/share/ament_index/resource_index/package_run_dependencies/ros_gz_example_gazebo
[0.491s] -- Up-to-date symlink: /workspaces/ros2-coding/install/ros_gz_example_gazebo/share/ament_index/resource_index/parent_prefix_path/ros_gz_example_gazebo
[0.493s] -- Up-to-date symlink: /workspaces/ros2-coding/install/ros_gz_example_gazebo/share/ros_gz_example_gazebo/environment/ament_prefix_path.sh
[0.493s] -- Up-to-date symlink: /workspaces/ros2-coding/install/ros_gz_example_gazebo/share/ros_gz_example_gazebo/environment/ament_prefix_path.dsv
[0.494s] -- Up-to-date symlink: /workspaces/ros2-coding/install/ros_gz_example_gazebo/share/ros_gz_example_gazebo/environment/path.sh
[0.495s] -- Up-to-date symlink: /workspaces/ros2-coding/install/ros_gz_example_gazebo/share/ros_gz_example_gazebo/environment/path.dsv
[0.498s] -- Up-to-date symlink: /workspaces/ros2-coding/install/ros_gz_example_gazebo/share/ros_gz_example_gazebo/local_setup.bash
[0.498s] -- Up-to-date symlink: /workspaces/ros2-coding/install/ros_gz_example_gazebo/share/ros_gz_example_gazebo/local_setup.sh
[0.498s] -- Up-to-date symlink: /workspaces/ros2-coding/install/ros_gz_example_gazebo/share/ros_gz_example_gazebo/local_setup.zsh
[0.500s] -- Up-to-date symlink: /workspaces/ros2-coding/install/ros_gz_example_gazebo/share/ros_gz_example_gazebo/local_setup.dsv
[0.500s] -- Symlinking: /workspaces/ros2-coding/install/ros_gz_example_gazebo/share/ros_gz_example_gazebo/package.dsv
[0.519s] -- Up-to-date symlink: /workspaces/ros2-coding/install/ros_gz_example_gazebo/share/ament_index/resource_index/packages/ros_gz_example_gazebo
[0.520s] -- Up-to-date symlink: /workspaces/ros2-coding/install/ros_gz_example_gazebo/share/ros_gz_example_gazebo/cmake/ros_gz_example_gazeboConfig.cmake
[0.520s] -- Up-to-date symlink: /workspaces/ros2-coding/install/ros_gz_example_gazebo/share/ros_gz_example_gazebo/cmake/ros_gz_example_gazeboConfig-version.cmake
[0.520s] -- Up-to-date symlink: /workspaces/ros2-coding/install/ros_gz_example_gazebo/share/ros_gz_example_gazebo/package.xml
[0.628s] Invoked command in '/workspaces/ros2-coding/build/ros_gz_example_gazebo' returned '0': AMENT_PREFIX_PATH=/workspaces/ros2-coding/install/ros_gz_example_description:${AMENT_PREFIX_PATH} CMAKE_PREFIX_PATH=/workspaces/ros2-coding/install/ros_gz_example_description:/opt/ros/jazzy/opt/gz_sim_vendor:/opt/ros/jazzy/opt/gz_sensors_vendor:/opt/ros/jazzy/opt/gz_physics_vendor:/opt/ros/jazzy/opt/sdformat_vendor:/opt/ros/jazzy/opt/gz_gui_vendor:/opt/ros/jazzy/opt/gz_transport_vendor:/opt/ros/jazzy/opt/gz_rendering_vendor:/opt/ros/jazzy/opt/gz_plugin_vendor:/opt/ros/jazzy/opt/gz_fuel_tools_vendor:/opt/ros/jazzy/opt/gz_msgs_vendor:/opt/ros/jazzy/opt/gz_common_vendor:/opt/ros/jazzy/opt/gz_math_vendor:/opt/ros/jazzy/opt/gz_utils_vendor:/opt/ros/jazzy/opt/gz_tools_vendor:/opt/ros/jazzy/opt/gz_ogre_next_vendor:/opt/ros/jazzy/opt/gz_dartsim_vendor:/opt/ros/jazzy/opt/gz_cmake_vendor:/opt/ros/jazzy GZ_SIM_RESOURCE_PATH=/workspaces/ros2-coding/install/ros_gz_example_description/share/ros_gz_example_description/models:${GZ_SIM_RESOURCE_PATH} /usr/bin/cmake --install /workspaces/ros2-coding/build/ros_gz_example_gazebo
