[0.069s] Invoking command in '/workspaces/ros2-coding/build/human_interfaces': CMAKE_PREFIX_PATH=${CMAKE_PREFIX_PATH}:/workspaces/ros2-coding/install/rqt_joint_trajectory_controller:/workspaces/ros2-coding/install/rqt_controller_manager:/workspaces/ros2-coding/install/ros2controlcli:/workspaces/ros2-coding/install/ros2_controllers_test_nodes:/workspaces/ros2-coding/install/my_turtlesim:/workspaces/ros2-coding/install/issac_sim:/workspaces/ros2-coding/install/isaac_ros_navigation_goal:/workspaces/ros2-coding/install/human_controller:/opt/ros/jazzy /usr/bin/cmake --build /workspaces/ros2-coding/build/human_interfaces -- -j4 -l4
[0.257s] [  1%] Built target human_interfaces__rosidl_generator_type_description
[0.311s] [  1%] Built target ament_cmake_python_symlink_human_interfaces
[0.369s] [  3%] Built target human_interfaces__cpp
[0.419s] [ 24%] Built target human_interfaces__rosidl_generator_c
[0.503s] [ 33%] Built target human_interfaces__rosidl_typesupport_introspection_c
[0.579s] [ 42%] Built target human_interfaces__rosidl_typesupport_cpp
[0.590s] [ 51%] Built target human_interfaces__rosidl_typesupport_fastrtps_c
[0.652s] [ 61%] Built target human_interfaces__rosidl_typesupport_c
[0.717s] [ 70%] Built target human_interfaces__rosidl_typesupport_fastrtps_cpp
[0.754s] [ 79%] Built target human_interfaces__rosidl_typesupport_introspection_cpp
[0.927s] [ 79%] Built target human_interfaces
[1.032s] running egg_info
[1.062s] [ 81%] Built target human_interfaces__py
[1.087s] writing human_interfaces.egg-info/PKG-INFO
[1.087s] writing dependency_links to human_interfaces.egg-info/dependency_links.txt
[1.088s] writing top-level names to human_interfaces.egg-info/top_level.txt
[1.232s] [ 88%] Built target human_interfaces__rosidl_generator_py
[1.312s] reading manifest file 'human_interfaces.egg-info/SOURCES.txt'
[1.312s] writing manifest file 'human_interfaces.egg-info/SOURCES.txt'
[1.381s] [ 92%] Built target human_interfaces_s__rosidl_typesupport_fastrtps_c
[1.454s] [ 92%] Built target ament_cmake_python_build_human_interfaces_egg
[1.463s] [ 96%] Built target human_interfaces_s__rosidl_typesupport_introspection_c
[1.467s] [100%] Built target human_interfaces_s__rosidl_typesupport_c
[1.559s] Invoked command in '/workspaces/ros2-coding/build/human_interfaces' returned '0': CMAKE_PREFIX_PATH=${CMAKE_PREFIX_PATH}:/workspaces/ros2-coding/install/rqt_joint_trajectory_controller:/workspaces/ros2-coding/install/rqt_controller_manager:/workspaces/ros2-coding/install/ros2controlcli:/workspaces/ros2-coding/install/ros2_controllers_test_nodes:/workspaces/ros2-coding/install/my_turtlesim:/workspaces/ros2-coding/install/issac_sim:/workspaces/ros2-coding/install/isaac_ros_navigation_goal:/workspaces/ros2-coding/install/human_controller:/opt/ros/jazzy /usr/bin/cmake --build /workspaces/ros2-coding/build/human_interfaces -- -j4 -l4
[1.560s] Invoking command in '/workspaces/ros2-coding/build/human_interfaces': CMAKE_PREFIX_PATH=${CMAKE_PREFIX_PATH}:/workspaces/ros2-coding/install/rqt_joint_trajectory_controller:/workspaces/ros2-coding/install/rqt_controller_manager:/workspaces/ros2-coding/install/ros2controlcli:/workspaces/ros2-coding/install/ros2_controllers_test_nodes:/workspaces/ros2-coding/install/my_turtlesim:/workspaces/ros2-coding/install/issac_sim:/workspaces/ros2-coding/install/isaac_ros_navigation_goal:/workspaces/ros2-coding/install/human_controller:/opt/ros/jazzy /usr/bin/cmake --install /workspaces/ros2-coding/build/human_interfaces
[1.605s] -- Install configuration: ""
[1.611s] -- Execute custom install script
[1.612s] -- Up-to-date symlink: /workspaces/ros2-coding/install/human_interfaces/share/ament_index/resource_index/rosidl_interfaces/human_interfaces
[1.613s] -- Up-to-date symlink: /workspaces/ros2-coding/install/human_interfaces/share/human_interfaces/msg/KickCommand.json
[1.613s] -- Up-to-date symlink: /workspaces/ros2-coding/install/human_interfaces/share/human_interfaces/msg/ArmSwingCommand.json
[1.613s] -- Up-to-date symlink: /workspaces/ros2-coding/install/human_interfaces/share/human_interfaces/srv/InverseKinematics.json
[1.621s] -- Up-to-date symlink: /workspaces/ros2-coding/install/human_interfaces/include/human_interfaces/human_interfaces/msg/arm_swing_command.h
[1.621s] -- Up-to-date symlink: /workspaces/ros2-coding/install/human_interfaces/include/human_interfaces/human_interfaces/msg/detail/arm_swing_command__functions.h
[1.621s] -- Up-to-date symlink: /workspaces/ros2-coding/install/human_interfaces/include/human_interfaces/human_interfaces/msg/detail/arm_swing_command__struct.h
[1.621s] -- Up-to-date symlink: /workspaces/ros2-coding/install/human_interfaces/include/human_interfaces/human_interfaces/msg/detail/arm_swing_command__type_support.h
[1.622s] -- Up-to-date symlink: /workspaces/ros2-coding/install/human_interfaces/include/human_interfaces/human_interfaces/msg/detail/kick_command__functions.h
[1.623s] -- Up-to-date symlink: /workspaces/ros2-coding/install/human_interfaces/include/human_interfaces/human_interfaces/msg/detail/kick_command__struct.h
[1.624s] -- Up-to-date symlink: /workspaces/ros2-coding/install/human_interfaces/include/human_interfaces/human_interfaces/msg/detail/kick_command__type_support.h
[1.627s] -- Up-to-date symlink: /workspaces/ros2-coding/install/human_interfaces/include/human_interfaces/human_interfaces/msg/kick_command.h
[1.627s] -- Up-to-date symlink: /workspaces/ros2-coding/install/human_interfaces/include/human_interfaces/human_interfaces/msg/rosidl_generator_c__visibility_control.h
[1.627s] -- Up-to-date symlink: /workspaces/ros2-coding/install/human_interfaces/include/human_interfaces/human_interfaces/srv/detail/inverse_kinematics__functions.h
[1.631s] -- Up-to-date symlink: /workspaces/ros2-coding/install/human_interfaces/include/human_interfaces/human_interfaces/srv/detail/inverse_kinematics__struct.h
[1.632s] -- Up-to-date symlink: /workspaces/ros2-coding/install/human_interfaces/include/human_interfaces/human_interfaces/srv/detail/inverse_kinematics__type_support.h
[1.632s] -- Up-to-date symlink: /workspaces/ros2-coding/install/human_interfaces/include/human_interfaces/human_interfaces/srv/inverse_kinematics.h
[1.632s] -- Up-to-date symlink: /workspaces/ros2-coding/install/human_interfaces/share/human_interfaces/environment/library_path.sh
[1.635s] -- Up-to-date symlink: /workspaces/ros2-coding/install/human_interfaces/share/human_interfaces/environment/library_path.dsv
[1.637s] -- Up-to-date symlink: /workspaces/ros2-coding/install/human_interfaces/include/human_interfaces/human_interfaces/msg/detail/arm_swing_command__rosidl_typesupport_fastrtps_c.h
[1.637s] -- Up-to-date symlink: /workspaces/ros2-coding/install/human_interfaces/include/human_interfaces/human_interfaces/msg/detail/kick_command__rosidl_typesupport_fastrtps_c.h
[1.640s] -- Up-to-date symlink: /workspaces/ros2-coding/install/human_interfaces/include/human_interfaces/human_interfaces/msg/rosidl_typesupport_fastrtps_c__visibility_control.h
[1.640s] -- Up-to-date symlink: /workspaces/ros2-coding/install/human_interfaces/include/human_interfaces/human_interfaces/srv/detail/inverse_kinematics__rosidl_typesupport_fastrtps_c.h
[1.641s] -- Up-to-date symlink: /workspaces/ros2-coding/install/human_interfaces/include/human_interfaces/human_interfaces/msg/detail/arm_swing_command__rosidl_typesupport_introspection_c.h
[1.641s] -- Up-to-date symlink: /workspaces/ros2-coding/install/human_interfaces/include/human_interfaces/human_interfaces/msg/detail/kick_command__rosidl_typesupport_introspection_c.h
[1.644s] -- Up-to-date symlink: /workspaces/ros2-coding/install/human_interfaces/include/human_interfaces/human_interfaces/msg/rosidl_typesupport_introspection_c__visibility_control.h
[1.644s] -- Up-to-date symlink: /workspaces/ros2-coding/install/human_interfaces/include/human_interfaces/human_interfaces/srv/detail/inverse_kinematics__rosidl_typesupport_introspection_c.h
[1.645s] -- Up-to-date symlink: /workspaces/ros2-coding/install/human_interfaces/include/human_interfaces/human_interfaces/msg/arm_swing_command.hpp
[1.648s] -- Up-to-date symlink: /workspaces/ros2-coding/install/human_interfaces/include/human_interfaces/human_interfaces/msg/detail/arm_swing_command__builder.hpp
[1.649s] -- Up-to-date symlink: /workspaces/ros2-coding/install/human_interfaces/include/human_interfaces/human_interfaces/msg/detail/arm_swing_command__struct.hpp
[1.649s] -- Up-to-date symlink: /workspaces/ros2-coding/install/human_interfaces/include/human_interfaces/human_interfaces/msg/detail/arm_swing_command__traits.hpp
[1.649s] -- Up-to-date symlink: /workspaces/ros2-coding/install/human_interfaces/include/human_interfaces/human_interfaces/msg/detail/arm_swing_command__type_support.hpp
[1.649s] -- Up-to-date symlink: /workspaces/ros2-coding/install/human_interfaces/include/human_interfaces/human_interfaces/msg/detail/kick_command__builder.hpp
[1.650s] -- Up-to-date symlink: /workspaces/ros2-coding/install/human_interfaces/include/human_interfaces/human_interfaces/msg/detail/kick_command__struct.hpp
[1.650s] -- Up-to-date symlink: /workspaces/ros2-coding/install/human_interfaces/include/human_interfaces/human_interfaces/msg/detail/kick_command__traits.hpp
[1.650s] -- Up-to-date symlink: /workspaces/ros2-coding/install/human_interfaces/include/human_interfaces/human_interfaces/msg/detail/kick_command__type_support.hpp
[1.651s] -- Up-to-date symlink: /workspaces/ros2-coding/install/human_interfaces/include/human_interfaces/human_interfaces/msg/kick_command.hpp
[1.654s] -- Up-to-date symlink: /workspaces/ros2-coding/install/human_interfaces/include/human_interfaces/human_interfaces/msg/rosidl_generator_cpp__visibility_control.hpp
[1.654s] -- Up-to-date symlink: /workspaces/ros2-coding/install/human_interfaces/include/human_interfaces/human_interfaces/srv/detail/inverse_kinematics__builder.hpp
[1.655s] -- Up-to-date symlink: /workspaces/ros2-coding/install/human_interfaces/include/human_interfaces/human_interfaces/srv/detail/inverse_kinematics__struct.hpp
[1.655s] -- Up-to-date symlink: /workspaces/ros2-coding/install/human_interfaces/include/human_interfaces/human_interfaces/srv/detail/inverse_kinematics__traits.hpp
[1.656s] -- Up-to-date symlink: /workspaces/ros2-coding/install/human_interfaces/include/human_interfaces/human_interfaces/srv/detail/inverse_kinematics__type_support.hpp
[1.658s] -- Up-to-date symlink: /workspaces/ros2-coding/install/human_interfaces/include/human_interfaces/human_interfaces/srv/inverse_kinematics.hpp
[1.658s] -- Up-to-date symlink: /workspaces/ros2-coding/install/human_interfaces/include/human_interfaces/human_interfaces/msg/detail/arm_swing_command__rosidl_typesupport_fastrtps_cpp.hpp
[1.659s] -- Up-to-date symlink: /workspaces/ros2-coding/install/human_interfaces/include/human_interfaces/human_interfaces/msg/detail/kick_command__rosidl_typesupport_fastrtps_cpp.hpp
[1.662s] -- Up-to-date symlink: /workspaces/ros2-coding/install/human_interfaces/include/human_interfaces/human_interfaces/msg/rosidl_typesupport_fastrtps_cpp__visibility_control.h
[1.663s] -- Up-to-date symlink: /workspaces/ros2-coding/install/human_interfaces/include/human_interfaces/human_interfaces/srv/detail/inverse_kinematics__rosidl_typesupport_fastrtps_cpp.hpp
[1.663s] -- Up-to-date symlink: /workspaces/ros2-coding/install/human_interfaces/include/human_interfaces/human_interfaces/msg/detail/arm_swing_command__rosidl_typesupport_introspection_cpp.hpp
[1.663s] -- Up-to-date symlink: /workspaces/ros2-coding/install/human_interfaces/include/human_interfaces/human_interfaces/msg/detail/kick_command__rosidl_typesupport_introspection_cpp.hpp
[1.665s] -- Up-to-date symlink: /workspaces/ros2-coding/install/human_interfaces/include/human_interfaces/human_interfaces/srv/detail/inverse_kinematics__rosidl_typesupport_introspection_cpp.hpp
[1.666s] -- Up-to-date symlink: /workspaces/ros2-coding/install/human_interfaces/share/human_interfaces/environment/pythonpath.sh
[1.667s] -- Up-to-date symlink: /workspaces/ros2-coding/install/human_interfaces/share/human_interfaces/environment/pythonpath.dsv
[1.675s] -- Up-to-date symlink: /workspaces/ros2-coding/install/human_interfaces/lib/python3.12/site-packages/human_interfaces-0.0.0-py3.12.egg-info/PKG-INFO
[1.675s] -- Up-to-date symlink: /workspaces/ros2-coding/install/human_interfaces/lib/python3.12/site-packages/human_interfaces-0.0.0-py3.12.egg-info/SOURCES.txt
[1.675s] -- Up-to-date symlink: /workspaces/ros2-coding/install/human_interfaces/lib/python3.12/site-packages/human_interfaces-0.0.0-py3.12.egg-info/dependency_links.txt
[1.675s] -- Up-to-date symlink: /workspaces/ros2-coding/install/human_interfaces/lib/python3.12/site-packages/human_interfaces-0.0.0-py3.12.egg-info/top_level.txt
[1.676s] -- Up-to-date symlink: /workspaces/ros2-coding/install/human_interfaces/lib/python3.12/site-packages/human_interfaces/__init__.py
[1.677s] -- Up-to-date symlink: /workspaces/ros2-coding/install/human_interfaces/lib/python3.12/site-packages/human_interfaces/_human_interfaces_s.ep.rosidl_typesupport_c.c
[1.678s] -- Up-to-date symlink: /workspaces/ros2-coding/install/human_interfaces/lib/python3.12/site-packages/human_interfaces/_human_interfaces_s.ep.rosidl_typesupport_fastrtps_c.c
[1.679s] -- Up-to-date symlink: /workspaces/ros2-coding/install/human_interfaces/lib/python3.12/site-packages/human_interfaces/_human_interfaces_s.ep.rosidl_typesupport_introspection_c.c
[1.679s] -- Up-to-date symlink: /workspaces/ros2-coding/install/human_interfaces/lib/python3.12/site-packages/human_interfaces/human_interfaces_s__rosidl_typesupport_c.so
[1.680s] -- Up-to-date symlink: /workspaces/ros2-coding/install/human_interfaces/lib/python3.12/site-packages/human_interfaces/human_interfaces_s__rosidl_typesupport_fastrtps_c.so
[1.681s] -- Up-to-date symlink: /workspaces/ros2-coding/install/human_interfaces/lib/python3.12/site-packages/human_interfaces/human_interfaces_s__rosidl_typesupport_introspection_c.so
[1.681s] -- Up-to-date symlink: /workspaces/ros2-coding/install/human_interfaces/lib/python3.12/site-packages/human_interfaces/msg/__init__.py
[1.684s] -- Up-to-date symlink: /workspaces/ros2-coding/install/human_interfaces/lib/python3.12/site-packages/human_interfaces/msg/_arm_swing_command.py
[1.684s] -- Up-to-date symlink: /workspaces/ros2-coding/install/human_interfaces/lib/python3.12/site-packages/human_interfaces/msg/_arm_swing_command_s.c
[1.686s] -- Up-to-date symlink: /workspaces/ros2-coding/install/human_interfaces/lib/python3.12/site-packages/human_interfaces/msg/_kick_command.py
[1.686s] -- Up-to-date symlink: /workspaces/ros2-coding/install/human_interfaces/lib/python3.12/site-packages/human_interfaces/msg/_kick_command_s.c
[1.687s] -- Up-to-date symlink: /workspaces/ros2-coding/install/human_interfaces/lib/python3.12/site-packages/human_interfaces/srv/__init__.py
[1.687s] -- Up-to-date symlink: /workspaces/ros2-coding/install/human_interfaces/lib/python3.12/site-packages/human_interfaces/srv/_inverse_kinematics.py
[1.688s] -- Up-to-date symlink: /workspaces/ros2-coding/install/human_interfaces/lib/python3.12/site-packages/human_interfaces/srv/_inverse_kinematics_s.c
[1.689s] -- Up-to-date symlink: /workspaces/ros2-coding/install/human_interfaces/lib/python3.12/site-packages/human_interfaces/human_interfaces_s__rosidl_typesupport_fastrtps_c.so
[1.689s] -- Up-to-date symlink: /workspaces/ros2-coding/install/human_interfaces/lib/python3.12/site-packages/human_interfaces/human_interfaces_s__rosidl_typesupport_introspection_c.so
[1.690s] -- Up-to-date symlink: /workspaces/ros2-coding/install/human_interfaces/lib/python3.12/site-packages/human_interfaces/human_interfaces_s__rosidl_typesupport_c.so
[1.691s] -- Up-to-date symlink: /workspaces/ros2-coding/install/human_interfaces/share/human_interfaces/msg/KickCommand.idl
[1.692s] -- Up-to-date symlink: /workspaces/ros2-coding/install/human_interfaces/share/human_interfaces/msg/ArmSwingCommand.idl
[1.692s] -- Up-to-date symlink: /workspaces/ros2-coding/install/human_interfaces/share/human_interfaces/srv/InverseKinematics.idl
[1.692s] -- Up-to-date symlink: /workspaces/ros2-coding/install/human_interfaces/share/human_interfaces/msg/KickCommand.msg
[1.693s] -- Up-to-date symlink: /workspaces/ros2-coding/install/human_interfaces/share/human_interfaces/msg/ArmSwingCommand.msg
[1.694s] -- Up-to-date symlink: /workspaces/ros2-coding/install/human_interfaces/share/human_interfaces/srv/InverseKinematics.srv
[1.694s] -- Up-to-date symlink: /workspaces/ros2-coding/install/human_interfaces/share/ament_index/resource_index/package_run_dependencies/human_interfaces
[1.695s] -- Up-to-date symlink: /workspaces/ros2-coding/install/human_interfaces/share/ament_index/resource_index/parent_prefix_path/human_interfaces
[1.697s] -- Up-to-date symlink: /workspaces/ros2-coding/install/human_interfaces/share/human_interfaces/environment/ament_prefix_path.sh
[1.697s] -- Up-to-date symlink: /workspaces/ros2-coding/install/human_interfaces/share/human_interfaces/environment/ament_prefix_path.dsv
[1.698s] -- Up-to-date symlink: /workspaces/ros2-coding/install/human_interfaces/share/human_interfaces/environment/path.sh
[1.699s] -- Up-to-date symlink: /workspaces/ros2-coding/install/human_interfaces/share/human_interfaces/environment/path.dsv
[1.699s] -- Up-to-date symlink: /workspaces/ros2-coding/install/human_interfaces/share/human_interfaces/local_setup.bash
[1.702s] -- Up-to-date symlink: /workspaces/ros2-coding/install/human_interfaces/share/human_interfaces/local_setup.sh
[1.702s] -- Up-to-date symlink: /workspaces/ros2-coding/install/human_interfaces/share/human_interfaces/local_setup.zsh
[1.703s] -- Up-to-date symlink: /workspaces/ros2-coding/install/human_interfaces/share/human_interfaces/local_setup.dsv
[1.704s] -- Symlinking: /workspaces/ros2-coding/install/human_interfaces/share/human_interfaces/package.dsv
[1.740s] -- Up-to-date symlink: /workspaces/ros2-coding/install/human_interfaces/share/ament_index/resource_index/packages/human_interfaces
[1.741s] -- Up-to-date symlink: /workspaces/ros2-coding/install/human_interfaces/share/human_interfaces/cmake/rosidl_cmake-extras.cmake
[1.742s] -- Up-to-date symlink: /workspaces/ros2-coding/install/human_interfaces/share/human_interfaces/cmake/ament_cmake_export_dependencies-extras.cmake
[1.742s] -- Up-to-date symlink: /workspaces/ros2-coding/install/human_interfaces/share/human_interfaces/cmake/ament_cmake_export_include_directories-extras.cmake
[1.742s] -- Up-to-date symlink: /workspaces/ros2-coding/install/human_interfaces/share/human_interfaces/cmake/ament_cmake_export_libraries-extras.cmake
[1.742s] -- Up-to-date symlink: /workspaces/ros2-coding/install/human_interfaces/share/human_interfaces/cmake/ament_cmake_export_targets-extras.cmake
[1.742s] -- Up-to-date symlink: /workspaces/ros2-coding/install/human_interfaces/share/human_interfaces/cmake/rosidl_cmake_export_typesupport_targets-extras.cmake
[1.743s] -- Up-to-date symlink: /workspaces/ros2-coding/install/human_interfaces/share/human_interfaces/cmake/rosidl_cmake_export_typesupport_libraries-extras.cmake
[1.745s] -- Up-to-date symlink: /workspaces/ros2-coding/install/human_interfaces/share/human_interfaces/cmake/human_interfacesConfig.cmake
[1.746s] -- Up-to-date symlink: /workspaces/ros2-coding/install/human_interfaces/share/human_interfaces/cmake/human_interfacesConfig-version.cmake
[1.746s] -- Up-to-date symlink: /workspaces/ros2-coding/install/human_interfaces/share/human_interfaces/package.xml
[1.747s] -- Up-to-date: /workspaces/ros2-coding/install/human_interfaces/lib/libhuman_interfaces__rosidl_generator_c.so
[1.748s] -- Up-to-date: /workspaces/ros2-coding/install/human_interfaces/lib/libhuman_interfaces__rosidl_typesupport_fastrtps_c.so
[1.750s] -- Up-to-date: /workspaces/ros2-coding/install/human_interfaces/lib/libhuman_interfaces__rosidl_typesupport_introspection_c.so
[1.751s] -- Up-to-date: /workspaces/ros2-coding/install/human_interfaces/lib/libhuman_interfaces__rosidl_typesupport_c.so
[1.753s] -- Up-to-date: /workspaces/ros2-coding/install/human_interfaces/lib/libhuman_interfaces__rosidl_typesupport_fastrtps_cpp.so
[1.757s] -- Up-to-date: /workspaces/ros2-coding/install/human_interfaces/lib/libhuman_interfaces__rosidl_typesupport_introspection_cpp.so
[1.757s] -- Up-to-date: /workspaces/ros2-coding/install/human_interfaces/lib/libhuman_interfaces__rosidl_typesupport_cpp.so
[1.874s] Listing '/workspaces/ros2-coding/install/human_interfaces/lib/python3.12/site-packages/human_interfaces'...
[1.874s] Listing '/workspaces/ros2-coding/install/human_interfaces/lib/python3.12/site-packages/human_interfaces/msg'...
[1.874s] Listing '/workspaces/ros2-coding/install/human_interfaces/lib/python3.12/site-packages/human_interfaces/srv'...
[1.881s] -- Up-to-date: /workspaces/ros2-coding/install/human_interfaces/lib/libhuman_interfaces__rosidl_generator_py.so
[1.882s] -- Up-to-date: /workspaces/ros2-coding/install/human_interfaces/share/human_interfaces/cmake/export_human_interfaces__rosidl_generator_cExport.cmake
[1.883s] -- Up-to-date: /workspaces/ros2-coding/install/human_interfaces/share/human_interfaces/cmake/export_human_interfaces__rosidl_generator_cExport-noconfig.cmake
[1.884s] -- Up-to-date: /workspaces/ros2-coding/install/human_interfaces/share/human_interfaces/cmake/export_human_interfaces__rosidl_typesupport_fastrtps_cExport.cmake
[1.885s] -- Up-to-date: /workspaces/ros2-coding/install/human_interfaces/share/human_interfaces/cmake/export_human_interfaces__rosidl_typesupport_fastrtps_cExport-noconfig.cmake
[1.885s] -- Up-to-date: /workspaces/ros2-coding/install/human_interfaces/share/human_interfaces/cmake/human_interfaces__rosidl_typesupport_introspection_cExport.cmake
[1.887s] -- Up-to-date: /workspaces/ros2-coding/install/human_interfaces/share/human_interfaces/cmake/human_interfaces__rosidl_typesupport_introspection_cExport-noconfig.cmake
[1.887s] -- Up-to-date: /workspaces/ros2-coding/install/human_interfaces/share/human_interfaces/cmake/human_interfaces__rosidl_typesupport_cExport.cmake
[1.888s] -- Up-to-date: /workspaces/ros2-coding/install/human_interfaces/share/human_interfaces/cmake/human_interfaces__rosidl_typesupport_cExport-noconfig.cmake
[1.888s] -- Up-to-date: /workspaces/ros2-coding/install/human_interfaces/share/human_interfaces/cmake/export_human_interfaces__rosidl_generator_cppExport.cmake
[1.888s] -- Up-to-date: /workspaces/ros2-coding/install/human_interfaces/share/human_interfaces/cmake/export_human_interfaces__rosidl_typesupport_fastrtps_cppExport.cmake
[1.891s] -- Up-to-date: /workspaces/ros2-coding/install/human_interfaces/share/human_interfaces/cmake/export_human_interfaces__rosidl_typesupport_fastrtps_cppExport-noconfig.cmake
[1.892s] -- Up-to-date: /workspaces/ros2-coding/install/human_interfaces/share/human_interfaces/cmake/human_interfaces__rosidl_typesupport_introspection_cppExport.cmake
[1.892s] -- Up-to-date: /workspaces/ros2-coding/install/human_interfaces/share/human_interfaces/cmake/human_interfaces__rosidl_typesupport_introspection_cppExport-noconfig.cmake
[1.892s] -- Up-to-date: /workspaces/ros2-coding/install/human_interfaces/share/human_interfaces/cmake/human_interfaces__rosidl_typesupport_cppExport.cmake
[1.892s] -- Up-to-date: /workspaces/ros2-coding/install/human_interfaces/share/human_interfaces/cmake/human_interfaces__rosidl_typesupport_cppExport-noconfig.cmake
[1.894s] -- Up-to-date: /workspaces/ros2-coding/install/human_interfaces/share/human_interfaces/cmake/export_human_interfaces__rosidl_generator_pyExport.cmake
[1.895s] -- Up-to-date: /workspaces/ros2-coding/install/human_interfaces/share/human_interfaces/cmake/export_human_interfaces__rosidl_generator_pyExport-noconfig.cmake
[1.923s] Invoked command in '/workspaces/ros2-coding/build/human_interfaces' returned '0': CMAKE_PREFIX_PATH=${CMAKE_PREFIX_PATH}:/workspaces/ros2-coding/install/rqt_joint_trajectory_controller:/workspaces/ros2-coding/install/rqt_controller_manager:/workspaces/ros2-coding/install/ros2controlcli:/workspaces/ros2-coding/install/ros2_controllers_test_nodes:/workspaces/ros2-coding/install/my_turtlesim:/workspaces/ros2-coding/install/issac_sim:/workspaces/ros2-coding/install/isaac_ros_navigation_goal:/workspaces/ros2-coding/install/human_controller:/opt/ros/jazzy /usr/bin/cmake --install /workspaces/ros2-coding/build/human_interfaces
