[0.047s] Invoking command in '/workspaces/ros2-coding/build/moveit_nao_config': CMAKE_PREFIX_PATH=${CMAKE_PREFIX_PATH}:/workspaces/ros2-coding/install/rqt_joint_trajectory_controller:/workspaces/ros2-coding/install/rqt_controller_manager:/workspaces/ros2-coding/install/ros2controlcli:/workspaces/ros2-coding/install/ros2_controllers_test_nodes:/workspaces/ros2-coding/install/my_turtlesim:/workspaces/ros2-coding/install/issac_sim:/workspaces/ros2-coding/install/isaac_ros_navigation_goal:/workspaces/ros2-coding/install/human_controller:/opt/ros/jazzy VIRTUAL_ENV_PROMPT=(.venv) /usr/bin/cmake /workspaces/ros2-coding/turtlesim_ws/src/moveit_nao_config -DAMENT_CMAKE_SYMLINK_INSTALL=1 -DCMAKE_INSTALL_PREFIX=/workspaces/ros2-coding/install/moveit_nao_config
[0.085s] -- Found ament_cmake: 2.5.4 (/opt/ros/jazzy/share/ament_cmake/cmake)
[0.835s] -- Override CMake install command with custom implementation using symlinks instead of copying resources
[0.958s] Traceback (most recent call last):
[0.959s]   File "/opt/ros/jazzy/share/ament_cmake_core/cmake/core/package_xml_2_cmake.py", line 22, in <module>
[0.959s]     from catkin_pkg.package import parse_package_string
[0.959s] ModuleNotFoundError: No module named 'catkin_pkg'
[0.965s] [31mCMake Error at /opt/ros/jazzy/share/ament_cmake_core/cmake/core/ament_package_xml.cmake:95 (message):
[0.965s]   execute_process(/workspaces/ros2-coding/.venv/bin/python3
[0.965s]   /opt/ros/jazzy/share/ament_cmake_core/cmake/core/package_xml_2_cmake.py
[0.965s]   /workspaces/ros2-coding/turtlesim_ws/src/moveit_nao_config/package.xml
[0.965s]   /workspaces/ros2-coding/build/moveit_nao_config/ament_cmake_core/package.cmake)
[0.966s]   returned error code 1
[0.966s] Call Stack (most recent call first):
[0.966s]   /opt/ros/jazzy/share/ament_cmake_core/cmake/core/ament_package_xml.cmake:49 (_ament_package_xml)
[0.966s]   /opt/ros/jazzy/share/ament_cmake_core/cmake/core/ament_package.cmake:63 (ament_package_xml)
[0.966s]   CMakeLists.txt:9 (ament_package)
[0.966s] 
[0.967s] [0m
[0.973s] -- Configuring incomplete, errors occurred!
[0.978s] Invoked command in '/workspaces/ros2-coding/build/moveit_nao_config' returned '1': CMAKE_PREFIX_PATH=${CMAKE_PREFIX_PATH}:/workspaces/ros2-coding/install/rqt_joint_trajectory_controller:/workspaces/ros2-coding/install/rqt_controller_manager:/workspaces/ros2-coding/install/ros2controlcli:/workspaces/ros2-coding/install/ros2_controllers_test_nodes:/workspaces/ros2-coding/install/my_turtlesim:/workspaces/ros2-coding/install/issac_sim:/workspaces/ros2-coding/install/isaac_ros_navigation_goal:/workspaces/ros2-coding/install/human_controller:/opt/ros/jazzy VIRTUAL_ENV_PROMPT=(.venv) /usr/bin/cmake /workspaces/ros2-coding/turtlesim_ws/src/moveit_nao_config -DAMENT_CMAKE_SYMLINK_INSTALL=1 -DCMAKE_INSTALL_PREFIX=/workspaces/ros2-coding/install/moveit_nao_config
