[5.740s] Invoking command in '/workspaces/ros2-coding/build/isaac_ros_navigation_goal': PYTHONPATH=/workspaces/ros2-coding/build/isaac_ros_navigation_goal/prefix_override:/usr/lib/python3/dist-packages/colcon_core/task/python/colcon_distutils_commands:/workspaces/ros2-coding/install/isaac_ros_navigation_goal/lib/python3.12/site-packages:${PYTHONPATH} /usr/bin/python3 -W ignore:setup.py install is deprecated -W ignore:easy_install command is deprecated setup.py develop --editable --build-directory /workspaces/ros2-coding/build/isaac_ros_navigation_goal/build --no-deps symlink_data --force
[7.399s] running develop
[8.359s] running egg_info
[8.468s] writing isaac_ros_navigation_goal.egg-info/PKG-INFO
[8.468s] writing dependency_links to isaac_ros_navigation_goal.egg-info/dependency_links.txt
[8.468s] writing entry points to isaac_ros_navigation_goal.egg-info/entry_points.txt
[8.469s] writing requirements to isaac_ros_navigation_goal.egg-info/requires.txt
[8.475s] writing top-level names to isaac_ros_navigation_goal.egg-info/top_level.txt
[8.556s] reading manifest file 'isaac_ros_navigation_goal.egg-info/SOURCES.txt'
[8.556s] writing manifest file 'isaac_ros_navigation_goal.egg-info/SOURCES.txt'
[8.611s] running build_ext
[8.611s] Creating /workspaces/ros2-coding/install/isaac_ros_navigation_goal/lib/python3.12/site-packages/isaac-ros-navigation-goal.egg-link (link to .)
[8.612s] Installing SetNavigationGoal script to /workspaces/ros2-coding/install/isaac_ros_navigation_goal/lib/isaac_ros_navigation_goal
[8.612s] 
[8.613s] Installed /workspaces/ros2-coding/build/isaac_ros_navigation_goal
[8.613s] running symlink_data
[8.613s] symbolically linking /workspaces/ros2-coding/build/isaac_ros_navigation_goal/resource/isaac_ros_navigation_goal -> /workspaces/ros2-coding/install/isaac_ros_navigation_goal/share/ament_index/resource_index/packages
[8.614s] symbolically linking /workspaces/ros2-coding/build/isaac_ros_navigation_goal/package.xml -> /workspaces/ros2-coding/install/isaac_ros_navigation_goal/share/isaac_ros_navigation_goal
[8.614s] symbolically linking /workspaces/ros2-coding/build/isaac_ros_navigation_goal/launch/isaac_ros_navigation_goal.launch.py -> /workspaces/ros2-coding/install/isaac_ros_navigation_goal/share/isaac_ros_navigation_goal/launch
[8.614s] symbolically linking /workspaces/ros2-coding/build/isaac_ros_navigation_goal/assets/goals.txt -> /workspaces/ros2-coding/install/isaac_ros_navigation_goal/share/isaac_ros_navigation_goal/assets
[8.618s] symbolically linking /workspaces/ros2-coding/build/isaac_ros_navigation_goal/assets/carter_warehouse_navigation.png -> /workspaces/ros2-coding/install/isaac_ros_navigation_goal/share/isaac_ros_navigation_goal/assets
[8.618s] symbolically linking /workspaces/ros2-coding/build/isaac_ros_navigation_goal/assets/carter_warehouse_navigation.yaml -> /workspaces/ros2-coding/install/isaac_ros_navigation_goal/share/isaac_ros_navigation_goal/assets
[9.022s] Invoked command in '/workspaces/ros2-coding/build/isaac_ros_navigation_goal' returned '0': PYTHONPATH=/workspaces/ros2-coding/build/isaac_ros_navigation_goal/prefix_override:/usr/lib/python3/dist-packages/colcon_core/task/python/colcon_distutils_commands:/workspaces/ros2-coding/install/isaac_ros_navigation_goal/lib/python3.12/site-packages:${PYTHONPATH} /usr/bin/python3 -W ignore:setup.py install is deprecated -W ignore:easy_install command is deprecated setup.py develop --editable --build-directory /workspaces/ros2-coding/build/isaac_ros_navigation_goal/build --no-deps symlink_data --force
