[0.071s] Invoking command in '/workspaces/ros2-coding/build/isaac_ros2_messages': CMAKE_PREFIX_PATH=${CMAKE_PREFIX_PATH}:/workspaces/ros2-coding/install/rqt_joint_trajectory_controller:/workspaces/ros2-coding/install/rqt_controller_manager:/workspaces/ros2-coding/install/ros2controlcli:/workspaces/ros2-coding/install/ros2_controllers_test_nodes:/workspaces/ros2-coding/install/my_turtlesim:/workspaces/ros2-coding/install/issac_sim:/workspaces/ros2-coding/install/isaac_ros_navigation_goal:/workspaces/ros2-coding/install/human_controller:/opt/ros/jazzy /usr/bin/cmake --build /workspaces/ros2-coding/build/isaac_ros2_messages -- -j4 -l4
[0.470s] [  1%] Built target isaac_ros2_messages__rosidl_generator_type_description
[0.663s] [  1%] Built target ament_cmake_python_symlink_isaac_ros2_messages
[0.812s] [ 24%] Built target isaac_ros2_messages__rosidl_generator_c
[1.689s] running egg_info
[1.796s] writing isaac_ros2_messages.egg-info/PKG-INFO
[1.796s] writing dependency_links to isaac_ros2_messages.egg-info/dependency_links.txt
[1.796s] writing top-level names to isaac_ros2_messages.egg-info/top_level.txt
[1.923s] reading manifest file 'isaac_ros2_messages.egg-info/SOURCES.txt'
[1.925s] writing manifest file 'isaac_ros2_messages.egg-info/SOURCES.txt'
[2.067s] [ 24%] Built target ament_cmake_python_build_isaac_ros2_messages_egg
[2.260s] [ 33%] Built target isaac_ros2_messages__rosidl_typesupport_introspection_c
[2.418s] [ 43%] Built target isaac_ros2_messages__rosidl_typesupport_c
[2.606s] [ 52%] Built target isaac_ros2_messages__rosidl_typesupport_fastrtps_c
[2.785s] [ 54%] Built target isaac_ros2_messages__cpp
[3.003s] [ 63%] Built target isaac_ros2_messages__rosidl_typesupport_cpp
[3.203s] [ 72%] Built target isaac_ros2_messages__rosidl_typesupport_introspection_cpp
[3.425s] [ 82%] Built target isaac_ros2_messages__rosidl_typesupport_fastrtps_cpp
[3.564s] [ 82%] Built target isaac_ros2_messages
[3.712s] [ 83%] Built target isaac_ros2_messages__py
[3.889s] [ 91%] Built target isaac_ros2_messages__rosidl_generator_py
[4.121s] [ 94%] Built target isaac_ros2_messages_s__rosidl_typesupport_fastrtps_c
[4.329s] [ 97%] Built target isaac_ros2_messages_s__rosidl_typesupport_c
[4.454s] [100%] Built target isaac_ros2_messages_s__rosidl_typesupport_introspection_c
[4.576s] Invoked command in '/workspaces/ros2-coding/build/isaac_ros2_messages' returned '0': CMAKE_PREFIX_PATH=${CMAKE_PREFIX_PATH}:/workspaces/ros2-coding/install/rqt_joint_trajectory_controller:/workspaces/ros2-coding/install/rqt_controller_manager:/workspaces/ros2-coding/install/ros2controlcli:/workspaces/ros2-coding/install/ros2_controllers_test_nodes:/workspaces/ros2-coding/install/my_turtlesim:/workspaces/ros2-coding/install/issac_sim:/workspaces/ros2-coding/install/isaac_ros_navigation_goal:/workspaces/ros2-coding/install/human_controller:/opt/ros/jazzy /usr/bin/cmake --build /workspaces/ros2-coding/build/isaac_ros2_messages -- -j4 -l4
[4.577s] Invoking command in '/workspaces/ros2-coding/build/isaac_ros2_messages': CMAKE_PREFIX_PATH=${CMAKE_PREFIX_PATH}:/workspaces/ros2-coding/install/rqt_joint_trajectory_controller:/workspaces/ros2-coding/install/rqt_controller_manager:/workspaces/ros2-coding/install/ros2controlcli:/workspaces/ros2-coding/install/ros2_controllers_test_nodes:/workspaces/ros2-coding/install/my_turtlesim:/workspaces/ros2-coding/install/issac_sim:/workspaces/ros2-coding/install/isaac_ros_navigation_goal:/workspaces/ros2-coding/install/human_controller:/opt/ros/jazzy /usr/bin/cmake --install /workspaces/ros2-coding/build/isaac_ros2_messages
[4.646s] -- Install configuration: ""
[4.646s] -- Execute custom install script
[4.646s] -- Up-to-date symlink: /workspaces/ros2-coding/install/isaac_ros2_messages/share/ament_index/resource_index/rosidl_interfaces/isaac_ros2_messages
[4.646s] -- Up-to-date symlink: /workspaces/ros2-coding/install/isaac_ros2_messages/share/isaac_ros2_messages/srv/IsaacPose.json
[4.646s] -- Up-to-date symlink: /workspaces/ros2-coding/install/isaac_ros2_messages/share/isaac_ros2_messages/srv/GetPrims.json
[4.646s] -- Up-to-date symlink: /workspaces/ros2-coding/install/isaac_ros2_messages/share/isaac_ros2_messages/srv/GetPrimAttributes.json
[4.646s] -- Up-to-date symlink: /workspaces/ros2-coding/install/isaac_ros2_messages/share/isaac_ros2_messages/srv/GetPrimAttribute.json
[4.647s] -- Up-to-date symlink: /workspaces/ros2-coding/install/isaac_ros2_messages/share/isaac_ros2_messages/srv/SetPrimAttribute.json
[4.647s] -- Up-to-date symlink: /workspaces/ros2-coding/install/isaac_ros2_messages/include/isaac_ros2_messages/isaac_ros2_messages/msg/rosidl_generator_c__visibility_control.h
[4.655s] -- Up-to-date symlink: /workspaces/ros2-coding/install/isaac_ros2_messages/include/isaac_ros2_messages/isaac_ros2_messages/srv/detail/get_prim_attribute__functions.h
[4.655s] -- Up-to-date symlink: /workspaces/ros2-coding/install/isaac_ros2_messages/include/isaac_ros2_messages/isaac_ros2_messages/srv/detail/get_prim_attribute__struct.h
[4.655s] -- Up-to-date symlink: /workspaces/ros2-coding/install/isaac_ros2_messages/include/isaac_ros2_messages/isaac_ros2_messages/srv/detail/get_prim_attribute__type_support.h
[4.655s] -- Up-to-date symlink: /workspaces/ros2-coding/install/isaac_ros2_messages/include/isaac_ros2_messages/isaac_ros2_messages/srv/detail/get_prim_attributes__functions.h
[4.655s] -- Up-to-date symlink: /workspaces/ros2-coding/install/isaac_ros2_messages/include/isaac_ros2_messages/isaac_ros2_messages/srv/detail/get_prim_attributes__struct.h
[4.655s] -- Up-to-date symlink: /workspaces/ros2-coding/install/isaac_ros2_messages/include/isaac_ros2_messages/isaac_ros2_messages/srv/detail/get_prim_attributes__type_support.h
[4.655s] -- Up-to-date symlink: /workspaces/ros2-coding/install/isaac_ros2_messages/include/isaac_ros2_messages/isaac_ros2_messages/srv/detail/get_prims__functions.h
[4.661s] -- Up-to-date symlink: /workspaces/ros2-coding/install/isaac_ros2_messages/include/isaac_ros2_messages/isaac_ros2_messages/srv/detail/get_prims__struct.h
[4.661s] -- Up-to-date symlink: /workspaces/ros2-coding/install/isaac_ros2_messages/include/isaac_ros2_messages/isaac_ros2_messages/srv/detail/get_prims__type_support.h
[4.661s] -- Up-to-date symlink: /workspaces/ros2-coding/install/isaac_ros2_messages/include/isaac_ros2_messages/isaac_ros2_messages/srv/detail/isaac_pose__functions.h
[4.661s] -- Up-to-date symlink: /workspaces/ros2-coding/install/isaac_ros2_messages/include/isaac_ros2_messages/isaac_ros2_messages/srv/detail/isaac_pose__struct.h
[4.661s] -- Up-to-date symlink: /workspaces/ros2-coding/install/isaac_ros2_messages/include/isaac_ros2_messages/isaac_ros2_messages/srv/detail/isaac_pose__type_support.h
[4.667s] -- Up-to-date symlink: /workspaces/ros2-coding/install/isaac_ros2_messages/include/isaac_ros2_messages/isaac_ros2_messages/srv/detail/set_prim_attribute__functions.h
[4.667s] -- Up-to-date symlink: /workspaces/ros2-coding/install/isaac_ros2_messages/include/isaac_ros2_messages/isaac_ros2_messages/srv/detail/set_prim_attribute__struct.h
[4.667s] -- Up-to-date symlink: /workspaces/ros2-coding/install/isaac_ros2_messages/include/isaac_ros2_messages/isaac_ros2_messages/srv/detail/set_prim_attribute__type_support.h
[4.668s] -- Up-to-date symlink: /workspaces/ros2-coding/install/isaac_ros2_messages/include/isaac_ros2_messages/isaac_ros2_messages/srv/get_prim_attribute.h
[4.668s] -- Up-to-date symlink: /workspaces/ros2-coding/install/isaac_ros2_messages/include/isaac_ros2_messages/isaac_ros2_messages/srv/get_prim_attributes.h
[4.668s] -- Up-to-date symlink: /workspaces/ros2-coding/install/isaac_ros2_messages/include/isaac_ros2_messages/isaac_ros2_messages/srv/get_prims.h
[4.668s] -- Up-to-date symlink: /workspaces/ros2-coding/install/isaac_ros2_messages/include/isaac_ros2_messages/isaac_ros2_messages/srv/isaac_pose.h
[4.668s] -- Up-to-date symlink: /workspaces/ros2-coding/install/isaac_ros2_messages/include/isaac_ros2_messages/isaac_ros2_messages/srv/set_prim_attribute.h
[4.669s] -- Up-to-date symlink: /workspaces/ros2-coding/install/isaac_ros2_messages/share/isaac_ros2_messages/environment/library_path.sh
[4.669s] -- Up-to-date symlink: /workspaces/ros2-coding/install/isaac_ros2_messages/share/isaac_ros2_messages/environment/library_path.dsv
[4.679s] -- Up-to-date symlink: /workspaces/ros2-coding/install/isaac_ros2_messages/include/isaac_ros2_messages/isaac_ros2_messages/msg/rosidl_typesupport_fastrtps_c__visibility_control.h
[4.679s] -- Up-to-date symlink: /workspaces/ros2-coding/install/isaac_ros2_messages/include/isaac_ros2_messages/isaac_ros2_messages/srv/detail/get_prim_attribute__rosidl_typesupport_fastrtps_c.h
[4.679s] -- Up-to-date symlink: /workspaces/ros2-coding/install/isaac_ros2_messages/include/isaac_ros2_messages/isaac_ros2_messages/srv/detail/get_prim_attributes__rosidl_typesupport_fastrtps_c.h
[4.679s] -- Up-to-date symlink: /workspaces/ros2-coding/install/isaac_ros2_messages/include/isaac_ros2_messages/isaac_ros2_messages/srv/detail/get_prims__rosidl_typesupport_fastrtps_c.h
[4.679s] -- Up-to-date symlink: /workspaces/ros2-coding/install/isaac_ros2_messages/include/isaac_ros2_messages/isaac_ros2_messages/srv/detail/isaac_pose__rosidl_typesupport_fastrtps_c.h
[4.679s] -- Up-to-date symlink: /workspaces/ros2-coding/install/isaac_ros2_messages/include/isaac_ros2_messages/isaac_ros2_messages/srv/detail/set_prim_attribute__rosidl_typesupport_fastrtps_c.h
[4.687s] -- Up-to-date symlink: /workspaces/ros2-coding/install/isaac_ros2_messages/include/isaac_ros2_messages/isaac_ros2_messages/msg/rosidl_generator_cpp__visibility_control.hpp
[4.687s] -- Up-to-date symlink: /workspaces/ros2-coding/install/isaac_ros2_messages/include/isaac_ros2_messages/isaac_ros2_messages/srv/detail/get_prim_attribute__builder.hpp
[4.687s] -- Up-to-date symlink: /workspaces/ros2-coding/install/isaac_ros2_messages/include/isaac_ros2_messages/isaac_ros2_messages/srv/detail/get_prim_attribute__struct.hpp
[4.687s] -- Up-to-date symlink: /workspaces/ros2-coding/install/isaac_ros2_messages/include/isaac_ros2_messages/isaac_ros2_messages/srv/detail/get_prim_attribute__traits.hpp
[4.687s] -- Up-to-date symlink: /workspaces/ros2-coding/install/isaac_ros2_messages/include/isaac_ros2_messages/isaac_ros2_messages/srv/detail/get_prim_attribute__type_support.hpp
[4.688s] -- Up-to-date symlink: /workspaces/ros2-coding/install/isaac_ros2_messages/include/isaac_ros2_messages/isaac_ros2_messages/srv/detail/get_prim_attributes__builder.hpp
[4.688s] -- Up-to-date symlink: /workspaces/ros2-coding/install/isaac_ros2_messages/include/isaac_ros2_messages/isaac_ros2_messages/srv/detail/get_prim_attributes__struct.hpp
[4.688s] -- Up-to-date symlink: /workspaces/ros2-coding/install/isaac_ros2_messages/include/isaac_ros2_messages/isaac_ros2_messages/srv/detail/get_prim_attributes__traits.hpp
[4.688s] -- Up-to-date symlink: /workspaces/ros2-coding/install/isaac_ros2_messages/include/isaac_ros2_messages/isaac_ros2_messages/srv/detail/get_prim_attributes__type_support.hpp
[4.688s] -- Up-to-date symlink: /workspaces/ros2-coding/install/isaac_ros2_messages/include/isaac_ros2_messages/isaac_ros2_messages/srv/detail/get_prims__builder.hpp
[4.701s] -- Up-to-date symlink: /workspaces/ros2-coding/install/isaac_ros2_messages/include/isaac_ros2_messages/isaac_ros2_messages/srv/detail/get_prims__struct.hpp
[4.701s] -- Up-to-date symlink: /workspaces/ros2-coding/install/isaac_ros2_messages/include/isaac_ros2_messages/isaac_ros2_messages/srv/detail/get_prims__traits.hpp
[4.701s] -- Up-to-date symlink: /workspaces/ros2-coding/install/isaac_ros2_messages/include/isaac_ros2_messages/isaac_ros2_messages/srv/detail/get_prims__type_support.hpp
[4.701s] -- Up-to-date symlink: /workspaces/ros2-coding/install/isaac_ros2_messages/include/isaac_ros2_messages/isaac_ros2_messages/srv/detail/isaac_pose__builder.hpp
[4.701s] -- Up-to-date symlink: /workspaces/ros2-coding/install/isaac_ros2_messages/include/isaac_ros2_messages/isaac_ros2_messages/srv/detail/isaac_pose__struct.hpp
[4.702s] -- Up-to-date symlink: /workspaces/ros2-coding/install/isaac_ros2_messages/include/isaac_ros2_messages/isaac_ros2_messages/srv/detail/isaac_pose__traits.hpp
[4.702s] -- Up-to-date symlink: /workspaces/ros2-coding/install/isaac_ros2_messages/include/isaac_ros2_messages/isaac_ros2_messages/srv/detail/isaac_pose__type_support.hpp
[4.702s] -- Up-to-date symlink: /workspaces/ros2-coding/install/isaac_ros2_messages/include/isaac_ros2_messages/isaac_ros2_messages/srv/detail/set_prim_attribute__builder.hpp
[4.702s] -- Up-to-date symlink: /workspaces/ros2-coding/install/isaac_ros2_messages/include/isaac_ros2_messages/isaac_ros2_messages/srv/detail/set_prim_attribute__struct.hpp
[4.702s] -- Up-to-date symlink: /workspaces/ros2-coding/install/isaac_ros2_messages/include/isaac_ros2_messages/isaac_ros2_messages/srv/detail/set_prim_attribute__traits.hpp
[4.702s] -- Up-to-date symlink: /workspaces/ros2-coding/install/isaac_ros2_messages/include/isaac_ros2_messages/isaac_ros2_messages/srv/detail/set_prim_attribute__type_support.hpp
[4.703s] -- Up-to-date symlink: /workspaces/ros2-coding/install/isaac_ros2_messages/include/isaac_ros2_messages/isaac_ros2_messages/srv/get_prim_attribute.hpp
[4.703s] -- Up-to-date symlink: /workspaces/ros2-coding/install/isaac_ros2_messages/include/isaac_ros2_messages/isaac_ros2_messages/srv/get_prim_attributes.hpp
[4.712s] -- Up-to-date symlink: /workspaces/ros2-coding/install/isaac_ros2_messages/include/isaac_ros2_messages/isaac_ros2_messages/srv/get_prims.hpp
[4.712s] -- Up-to-date symlink: /workspaces/ros2-coding/install/isaac_ros2_messages/include/isaac_ros2_messages/isaac_ros2_messages/srv/isaac_pose.hpp
[4.712s] -- Up-to-date symlink: /workspaces/ros2-coding/install/isaac_ros2_messages/include/isaac_ros2_messages/isaac_ros2_messages/srv/set_prim_attribute.hpp
[4.712s] -- Up-to-date symlink: /workspaces/ros2-coding/install/isaac_ros2_messages/include/isaac_ros2_messages/isaac_ros2_messages/msg/rosidl_typesupport_fastrtps_cpp__visibility_control.h
[4.712s] -- Up-to-date symlink: /workspaces/ros2-coding/install/isaac_ros2_messages/include/isaac_ros2_messages/isaac_ros2_messages/srv/detail/get_prim_attribute__rosidl_typesupport_fastrtps_cpp.hpp
[4.712s] -- Up-to-date symlink: /workspaces/ros2-coding/install/isaac_ros2_messages/include/isaac_ros2_messages/isaac_ros2_messages/srv/detail/get_prim_attributes__rosidl_typesupport_fastrtps_cpp.hpp
[4.713s] -- Up-to-date symlink: /workspaces/ros2-coding/install/isaac_ros2_messages/include/isaac_ros2_messages/isaac_ros2_messages/srv/detail/get_prims__rosidl_typesupport_fastrtps_cpp.hpp
[4.722s] -- Up-to-date symlink: /workspaces/ros2-coding/install/isaac_ros2_messages/include/isaac_ros2_messages/isaac_ros2_messages/srv/detail/isaac_pose__rosidl_typesupport_fastrtps_cpp.hpp
[4.723s] -- Up-to-date symlink: /workspaces/ros2-coding/install/isaac_ros2_messages/include/isaac_ros2_messages/isaac_ros2_messages/srv/detail/set_prim_attribute__rosidl_typesupport_fastrtps_cpp.hpp
[4.723s] -- Up-to-date symlink: /workspaces/ros2-coding/install/isaac_ros2_messages/include/isaac_ros2_messages/isaac_ros2_messages/msg/rosidl_typesupport_introspection_c__visibility_control.h
[4.723s] -- Up-to-date symlink: /workspaces/ros2-coding/install/isaac_ros2_messages/include/isaac_ros2_messages/isaac_ros2_messages/srv/detail/get_prim_attribute__rosidl_typesupport_introspection_c.h
[4.723s] -- Up-to-date symlink: /workspaces/ros2-coding/install/isaac_ros2_messages/include/isaac_ros2_messages/isaac_ros2_messages/srv/detail/get_prim_attributes__rosidl_typesupport_introspection_c.h
[4.723s] -- Up-to-date symlink: /workspaces/ros2-coding/install/isaac_ros2_messages/include/isaac_ros2_messages/isaac_ros2_messages/srv/detail/get_prims__rosidl_typesupport_introspection_c.h
[4.723s] -- Up-to-date symlink: /workspaces/ros2-coding/install/isaac_ros2_messages/include/isaac_ros2_messages/isaac_ros2_messages/srv/detail/isaac_pose__rosidl_typesupport_introspection_c.h
[4.723s] -- Up-to-date symlink: /workspaces/ros2-coding/install/isaac_ros2_messages/include/isaac_ros2_messages/isaac_ros2_messages/srv/detail/set_prim_attribute__rosidl_typesupport_introspection_c.h
[4.728s] -- Up-to-date symlink: /workspaces/ros2-coding/install/isaac_ros2_messages/include/isaac_ros2_messages/isaac_ros2_messages/srv/detail/get_prim_attribute__rosidl_typesupport_introspection_cpp.hpp
[4.729s] -- Up-to-date symlink: /workspaces/ros2-coding/install/isaac_ros2_messages/include/isaac_ros2_messages/isaac_ros2_messages/srv/detail/get_prim_attributes__rosidl_typesupport_introspection_cpp.hpp
[4.729s] -- Up-to-date symlink: /workspaces/ros2-coding/install/isaac_ros2_messages/include/isaac_ros2_messages/isaac_ros2_messages/srv/detail/get_prims__rosidl_typesupport_introspection_cpp.hpp
[4.729s] -- Up-to-date symlink: /workspaces/ros2-coding/install/isaac_ros2_messages/include/isaac_ros2_messages/isaac_ros2_messages/srv/detail/isaac_pose__rosidl_typesupport_introspection_cpp.hpp
[4.729s] -- Up-to-date symlink: /workspaces/ros2-coding/install/isaac_ros2_messages/include/isaac_ros2_messages/isaac_ros2_messages/srv/detail/set_prim_attribute__rosidl_typesupport_introspection_cpp.hpp
[4.729s] -- Up-to-date symlink: /workspaces/ros2-coding/install/isaac_ros2_messages/share/isaac_ros2_messages/environment/pythonpath.sh
[4.729s] -- Up-to-date symlink: /workspaces/ros2-coding/install/isaac_ros2_messages/share/isaac_ros2_messages/environment/pythonpath.dsv
[4.739s] -- Up-to-date symlink: /workspaces/ros2-coding/install/isaac_ros2_messages/lib/python3.12/site-packages/isaac_ros2_messages-0.2.0-py3.12.egg-info/PKG-INFO
[4.739s] -- Up-to-date symlink: /workspaces/ros2-coding/install/isaac_ros2_messages/lib/python3.12/site-packages/isaac_ros2_messages-0.2.0-py3.12.egg-info/SOURCES.txt
[4.739s] -- Up-to-date symlink: /workspaces/ros2-coding/install/isaac_ros2_messages/lib/python3.12/site-packages/isaac_ros2_messages-0.2.0-py3.12.egg-info/dependency_links.txt
[4.739s] -- Up-to-date symlink: /workspaces/ros2-coding/install/isaac_ros2_messages/lib/python3.12/site-packages/isaac_ros2_messages-0.2.0-py3.12.egg-info/top_level.txt
[4.740s] -- Up-to-date symlink: /workspaces/ros2-coding/install/isaac_ros2_messages/lib/python3.12/site-packages/isaac_ros2_messages/__init__.py
[4.740s] -- Up-to-date symlink: /workspaces/ros2-coding/install/isaac_ros2_messages/lib/python3.12/site-packages/isaac_ros2_messages/_isaac_ros2_messages_s.ep.rosidl_typesupport_c.c
[4.740s] -- Up-to-date symlink: /workspaces/ros2-coding/install/isaac_ros2_messages/lib/python3.12/site-packages/isaac_ros2_messages/_isaac_ros2_messages_s.ep.rosidl_typesupport_fastrtps_c.c
[4.740s] -- Up-to-date symlink: /workspaces/ros2-coding/install/isaac_ros2_messages/lib/python3.12/site-packages/isaac_ros2_messages/_isaac_ros2_messages_s.ep.rosidl_typesupport_introspection_c.c
[4.748s] -- Up-to-date symlink: /workspaces/ros2-coding/install/isaac_ros2_messages/lib/python3.12/site-packages/isaac_ros2_messages/isaac_ros2_messages_s__rosidl_typesupport_c.so
[4.748s] -- Up-to-date symlink: /workspaces/ros2-coding/install/isaac_ros2_messages/lib/python3.12/site-packages/isaac_ros2_messages/isaac_ros2_messages_s__rosidl_typesupport_fastrtps_c.so
[4.748s] -- Up-to-date symlink: /workspaces/ros2-coding/install/isaac_ros2_messages/lib/python3.12/site-packages/isaac_ros2_messages/isaac_ros2_messages_s__rosidl_typesupport_introspection_c.so
[4.749s] -- Up-to-date symlink: /workspaces/ros2-coding/install/isaac_ros2_messages/lib/python3.12/site-packages/isaac_ros2_messages/srv/__init__.py
[4.749s] -- Up-to-date symlink: /workspaces/ros2-coding/install/isaac_ros2_messages/lib/python3.12/site-packages/isaac_ros2_messages/srv/_get_prim_attribute.py
[4.749s] -- Up-to-date symlink: /workspaces/ros2-coding/install/isaac_ros2_messages/lib/python3.12/site-packages/isaac_ros2_messages/srv/_get_prim_attribute_s.c
[4.749s] -- Up-to-date symlink: /workspaces/ros2-coding/install/isaac_ros2_messages/lib/python3.12/site-packages/isaac_ros2_messages/srv/_get_prim_attributes.py
[4.749s] -- Up-to-date symlink: /workspaces/ros2-coding/install/isaac_ros2_messages/lib/python3.12/site-packages/isaac_ros2_messages/srv/_get_prim_attributes_s.c
[4.749s] -- Up-to-date symlink: /workspaces/ros2-coding/install/isaac_ros2_messages/lib/python3.12/site-packages/isaac_ros2_messages/srv/_get_prims.py
[4.758s] -- Up-to-date symlink: /workspaces/ros2-coding/install/isaac_ros2_messages/lib/python3.12/site-packages/isaac_ros2_messages/srv/_get_prims_s.c
[4.759s] -- Up-to-date symlink: /workspaces/ros2-coding/install/isaac_ros2_messages/lib/python3.12/site-packages/isaac_ros2_messages/srv/_isaac_pose.py
[4.759s] -- Up-to-date symlink: /workspaces/ros2-coding/install/isaac_ros2_messages/lib/python3.12/site-packages/isaac_ros2_messages/srv/_isaac_pose_s.c
[4.759s] -- Up-to-date symlink: /workspaces/ros2-coding/install/isaac_ros2_messages/lib/python3.12/site-packages/isaac_ros2_messages/srv/_set_prim_attribute.py
[4.761s] -- Up-to-date symlink: /workspaces/ros2-coding/install/isaac_ros2_messages/lib/python3.12/site-packages/isaac_ros2_messages/srv/_set_prim_attribute_s.c
[4.761s] -- Up-to-date symlink: /workspaces/ros2-coding/install/isaac_ros2_messages/lib/python3.12/site-packages/isaac_ros2_messages/isaac_ros2_messages_s__rosidl_typesupport_fastrtps_c.so
[4.761s] -- Up-to-date symlink: /workspaces/ros2-coding/install/isaac_ros2_messages/lib/python3.12/site-packages/isaac_ros2_messages/isaac_ros2_messages_s__rosidl_typesupport_introspection_c.so
[4.761s] -- Up-to-date symlink: /workspaces/ros2-coding/install/isaac_ros2_messages/lib/python3.12/site-packages/isaac_ros2_messages/isaac_ros2_messages_s__rosidl_typesupport_c.so
[4.777s] -- Up-to-date symlink: /workspaces/ros2-coding/install/isaac_ros2_messages/share/isaac_ros2_messages/srv/IsaacPose.idl
[4.777s] -- Up-to-date symlink: /workspaces/ros2-coding/install/isaac_ros2_messages/share/isaac_ros2_messages/srv/GetPrims.idl
[4.777s] -- Up-to-date symlink: /workspaces/ros2-coding/install/isaac_ros2_messages/share/isaac_ros2_messages/srv/GetPrimAttributes.idl
[4.777s] -- Up-to-date symlink: /workspaces/ros2-coding/install/isaac_ros2_messages/share/isaac_ros2_messages/srv/GetPrimAttribute.idl
[4.780s] -- Up-to-date symlink: /workspaces/ros2-coding/install/isaac_ros2_messages/share/isaac_ros2_messages/srv/SetPrimAttribute.idl
[4.780s] -- Up-to-date symlink: /workspaces/ros2-coding/install/isaac_ros2_messages/share/isaac_ros2_messages/srv/IsaacPose.srv
[4.780s] -- Up-to-date symlink: /workspaces/ros2-coding/install/isaac_ros2_messages/share/isaac_ros2_messages/srv/GetPrims.srv
[4.780s] -- Up-to-date symlink: /workspaces/ros2-coding/install/isaac_ros2_messages/share/isaac_ros2_messages/srv/GetPrimAttributes.srv
[4.780s] -- Up-to-date symlink: /workspaces/ros2-coding/install/isaac_ros2_messages/share/isaac_ros2_messages/srv/GetPrimAttribute.srv
[4.781s] -- Up-to-date symlink: /workspaces/ros2-coding/install/isaac_ros2_messages/share/isaac_ros2_messages/srv/SetPrimAttribute.srv
[4.792s] -- Up-to-date symlink: /workspaces/ros2-coding/install/isaac_ros2_messages/share/ament_index/resource_index/package_run_dependencies/isaac_ros2_messages
[4.792s] -- Up-to-date symlink: /workspaces/ros2-coding/install/isaac_ros2_messages/share/ament_index/resource_index/parent_prefix_path/isaac_ros2_messages
[4.792s] -- Up-to-date symlink: /workspaces/ros2-coding/install/isaac_ros2_messages/share/isaac_ros2_messages/environment/ament_prefix_path.sh
[4.792s] -- Up-to-date symlink: /workspaces/ros2-coding/install/isaac_ros2_messages/share/isaac_ros2_messages/environment/ament_prefix_path.dsv
[4.792s] -- Up-to-date symlink: /workspaces/ros2-coding/install/isaac_ros2_messages/share/isaac_ros2_messages/environment/path.sh
[4.792s] -- Up-to-date symlink: /workspaces/ros2-coding/install/isaac_ros2_messages/share/isaac_ros2_messages/environment/path.dsv
[4.793s] -- Up-to-date symlink: /workspaces/ros2-coding/install/isaac_ros2_messages/share/isaac_ros2_messages/local_setup.bash
[4.793s] -- Up-to-date symlink: /workspaces/ros2-coding/install/isaac_ros2_messages/share/isaac_ros2_messages/local_setup.sh
[4.793s] -- Up-to-date symlink: /workspaces/ros2-coding/install/isaac_ros2_messages/share/isaac_ros2_messages/local_setup.zsh
[4.809s] -- Up-to-date symlink: /workspaces/ros2-coding/install/isaac_ros2_messages/share/isaac_ros2_messages/local_setup.dsv
[4.809s] -- Symlinking: /workspaces/ros2-coding/install/isaac_ros2_messages/share/isaac_ros2_messages/package.dsv
[4.924s] -- Up-to-date symlink: /workspaces/ros2-coding/install/isaac_ros2_messages/share/ament_index/resource_index/packages/isaac_ros2_messages
[4.924s] -- Up-to-date symlink: /workspaces/ros2-coding/install/isaac_ros2_messages/share/isaac_ros2_messages/cmake/rosidl_cmake-extras.cmake
[4.924s] -- Up-to-date symlink: /workspaces/ros2-coding/install/isaac_ros2_messages/share/isaac_ros2_messages/cmake/ament_cmake_export_dependencies-extras.cmake
[4.924s] -- Up-to-date symlink: /workspaces/ros2-coding/install/isaac_ros2_messages/share/isaac_ros2_messages/cmake/ament_cmake_export_include_directories-extras.cmake
[4.925s] -- Up-to-date symlink: /workspaces/ros2-coding/install/isaac_ros2_messages/share/isaac_ros2_messages/cmake/ament_cmake_export_libraries-extras.cmake
[4.925s] -- Up-to-date symlink: /workspaces/ros2-coding/install/isaac_ros2_messages/share/isaac_ros2_messages/cmake/ament_cmake_export_targets-extras.cmake
[4.925s] -- Up-to-date symlink: /workspaces/ros2-coding/install/isaac_ros2_messages/share/isaac_ros2_messages/cmake/rosidl_cmake_export_typesupport_targets-extras.cmake
[4.936s] -- Up-to-date symlink: /workspaces/ros2-coding/install/isaac_ros2_messages/share/isaac_ros2_messages/cmake/rosidl_cmake_export_typesupport_libraries-extras.cmake
[4.937s] -- Up-to-date symlink: /workspaces/ros2-coding/install/isaac_ros2_messages/share/isaac_ros2_messages/cmake/isaac_ros2_messagesConfig.cmake
[4.937s] -- Up-to-date symlink: /workspaces/ros2-coding/install/isaac_ros2_messages/share/isaac_ros2_messages/cmake/isaac_ros2_messagesConfig-version.cmake
[4.937s] -- Up-to-date symlink: /workspaces/ros2-coding/install/isaac_ros2_messages/share/isaac_ros2_messages/package.xml
[4.937s] -- Up-to-date: /workspaces/ros2-coding/install/isaac_ros2_messages/lib/libisaac_ros2_messages__rosidl_generator_c.so
[4.937s] -- Up-to-date: /workspaces/ros2-coding/install/isaac_ros2_messages/lib/libisaac_ros2_messages__rosidl_typesupport_fastrtps_c.so
[4.937s] -- Up-to-date: /workspaces/ros2-coding/install/isaac_ros2_messages/lib/libisaac_ros2_messages__rosidl_typesupport_fastrtps_cpp.so
[4.951s] -- Up-to-date: /workspaces/ros2-coding/install/isaac_ros2_messages/lib/libisaac_ros2_messages__rosidl_typesupport_introspection_c.so
[4.951s] -- Up-to-date: /workspaces/ros2-coding/install/isaac_ros2_messages/lib/libisaac_ros2_messages__rosidl_typesupport_c.so
[4.951s] -- Up-to-date: /workspaces/ros2-coding/install/isaac_ros2_messages/lib/libisaac_ros2_messages__rosidl_typesupport_introspection_cpp.so
[4.951s] -- Up-to-date: /workspaces/ros2-coding/install/isaac_ros2_messages/lib/libisaac_ros2_messages__rosidl_typesupport_cpp.so
[5.172s] Listing '/workspaces/ros2-coding/install/isaac_ros2_messages/lib/python3.12/site-packages/isaac_ros2_messages'...
[5.172s] Listing '/workspaces/ros2-coding/install/isaac_ros2_messages/lib/python3.12/site-packages/isaac_ros2_messages/srv'...
[5.188s] -- Up-to-date: /workspaces/ros2-coding/install/isaac_ros2_messages/lib/libisaac_ros2_messages__rosidl_generator_py.so
[5.189s] -- Up-to-date: /workspaces/ros2-coding/install/isaac_ros2_messages/share/isaac_ros2_messages/cmake/export_isaac_ros2_messages__rosidl_generator_cExport.cmake
[5.189s] -- Up-to-date: /workspaces/ros2-coding/install/isaac_ros2_messages/share/isaac_ros2_messages/cmake/export_isaac_ros2_messages__rosidl_generator_cExport-noconfig.cmake
[5.189s] -- Up-to-date: /workspaces/ros2-coding/install/isaac_ros2_messages/share/isaac_ros2_messages/cmake/export_isaac_ros2_messages__rosidl_typesupport_fastrtps_cExport.cmake
[5.190s] -- Up-to-date: /workspaces/ros2-coding/install/isaac_ros2_messages/share/isaac_ros2_messages/cmake/export_isaac_ros2_messages__rosidl_typesupport_fastrtps_cExport-noconfig.cmake
[5.190s] -- Up-to-date: /workspaces/ros2-coding/install/isaac_ros2_messages/share/isaac_ros2_messages/cmake/export_isaac_ros2_messages__rosidl_generator_cppExport.cmake
[5.190s] -- Up-to-date: /workspaces/ros2-coding/install/isaac_ros2_messages/share/isaac_ros2_messages/cmake/export_isaac_ros2_messages__rosidl_typesupport_fastrtps_cppExport.cmake
[5.190s] -- Up-to-date: /workspaces/ros2-coding/install/isaac_ros2_messages/share/isaac_ros2_messages/cmake/export_isaac_ros2_messages__rosidl_typesupport_fastrtps_cppExport-noconfig.cmake
[5.190s] -- Up-to-date: /workspaces/ros2-coding/install/isaac_ros2_messages/share/isaac_ros2_messages/cmake/isaac_ros2_messages__rosidl_typesupport_introspection_cExport.cmake
[5.190s] -- Up-to-date: /workspaces/ros2-coding/install/isaac_ros2_messages/share/isaac_ros2_messages/cmake/isaac_ros2_messages__rosidl_typesupport_introspection_cExport-noconfig.cmake
[5.191s] -- Up-to-date: /workspaces/ros2-coding/install/isaac_ros2_messages/share/isaac_ros2_messages/cmake/isaac_ros2_messages__rosidl_typesupport_cExport.cmake
[5.191s] -- Up-to-date: /workspaces/ros2-coding/install/isaac_ros2_messages/share/isaac_ros2_messages/cmake/isaac_ros2_messages__rosidl_typesupport_cExport-noconfig.cmake
[5.194s] -- Up-to-date: /workspaces/ros2-coding/install/isaac_ros2_messages/share/isaac_ros2_messages/cmake/isaac_ros2_messages__rosidl_typesupport_introspection_cppExport.cmake
[5.194s] -- Up-to-date: /workspaces/ros2-coding/install/isaac_ros2_messages/share/isaac_ros2_messages/cmake/isaac_ros2_messages__rosidl_typesupport_introspection_cppExport-noconfig.cmake
[5.194s] -- Up-to-date: /workspaces/ros2-coding/install/isaac_ros2_messages/share/isaac_ros2_messages/cmake/isaac_ros2_messages__rosidl_typesupport_cppExport.cmake
[5.194s] -- Up-to-date: /workspaces/ros2-coding/install/isaac_ros2_messages/share/isaac_ros2_messages/cmake/isaac_ros2_messages__rosidl_typesupport_cppExport-noconfig.cmake
[5.194s] -- Up-to-date: /workspaces/ros2-coding/install/isaac_ros2_messages/share/isaac_ros2_messages/cmake/export_isaac_ros2_messages__rosidl_generator_pyExport.cmake
[5.194s] -- Up-to-date: /workspaces/ros2-coding/install/isaac_ros2_messages/share/isaac_ros2_messages/cmake/export_isaac_ros2_messages__rosidl_generator_pyExport-noconfig.cmake
[5.202s] Invoked command in '/workspaces/ros2-coding/build/isaac_ros2_messages' returned '0': CMAKE_PREFIX_PATH=${CMAKE_PREFIX_PATH}:/workspaces/ros2-coding/install/rqt_joint_trajectory_controller:/workspaces/ros2-coding/install/rqt_controller_manager:/workspaces/ros2-coding/install/ros2controlcli:/workspaces/ros2-coding/install/ros2_controllers_test_nodes:/workspaces/ros2-coding/install/my_turtlesim:/workspaces/ros2-coding/install/issac_sim:/workspaces/ros2-coding/install/isaac_ros_navigation_goal:/workspaces/ros2-coding/install/human_controller:/opt/ros/jazzy /usr/bin/cmake --install /workspaces/ros2-coding/build/isaac_ros2_messages
