[0.064s] Invoking command in '/workspaces/ros2-coding/build/ros_gz_example_application': CMAKE_PREFIX_PATH=${CMAKE_PREFIX_PATH}:/workspaces/ros2-coding/install/rqt_joint_trajectory_controller:/workspaces/ros2-coding/install/rqt_controller_manager:/workspaces/ros2-coding/install/ros2controlcli:/workspaces/ros2-coding/install/ros2_controllers_test_nodes:/workspaces/ros2-coding/install/my_turtlesim:/workspaces/ros2-coding/install/issac_sim:/workspaces/ros2-coding/install/isaac_ros_navigation_goal:/opt/ros/jazzy /usr/bin/cmake /workspaces/ros2-coding/turtlesim_ws/src/ros_gz_example_application -DAMENT_CMAKE_SYMLINK_INSTALL=1 -DCMAKE_INSTALL_PREFIX=/workspaces/ros2-coding/install/ros_gz_example_application
[0.172s] -- Found ament_cmake: 2.5.4 (/opt/ros/jazzy/share/ament_cmake/cmake)
[0.804s] -- Override CMake install command with custom implementation using symlinks instead of copying resources
[1.086s] -- Configuring done (0.9s)
[1.106s] -- Generating done (0.0s)
[1.112s] -- Build files have been written to: /workspaces/ros2-coding/build/ros_gz_example_application
[1.119s] Invoked command in '/workspaces/ros2-coding/build/ros_gz_example_application' returned '0': CMAKE_PREFIX_PATH=${CMAKE_PREFIX_PATH}:/workspaces/ros2-coding/install/rqt_joint_trajectory_controller:/workspaces/ros2-coding/install/rqt_controller_manager:/workspaces/ros2-coding/install/ros2controlcli:/workspaces/ros2-coding/install/ros2_controllers_test_nodes:/workspaces/ros2-coding/install/my_turtlesim:/workspaces/ros2-coding/install/issac_sim:/workspaces/ros2-coding/install/isaac_ros_navigation_goal:/opt/ros/jazzy /usr/bin/cmake /workspaces/ros2-coding/turtlesim_ws/src/ros_gz_example_application -DAMENT_CMAKE_SYMLINK_INSTALL=1 -DCMAKE_INSTALL_PREFIX=/workspaces/ros2-coding/install/ros_gz_example_application
[1.121s] Invoking command in '/workspaces/ros2-coding/build/ros_gz_example_application': CMAKE_PREFIX_PATH=${CMAKE_PREFIX_PATH}:/workspaces/ros2-coding/install/rqt_joint_trajectory_controller:/workspaces/ros2-coding/install/rqt_controller_manager:/workspaces/ros2-coding/install/ros2controlcli:/workspaces/ros2-coding/install/ros2_controllers_test_nodes:/workspaces/ros2-coding/install/my_turtlesim:/workspaces/ros2-coding/install/issac_sim:/workspaces/ros2-coding/install/isaac_ros_navigation_goal:/opt/ros/jazzy /usr/bin/cmake --build /workspaces/ros2-coding/build/ros_gz_example_application -- -j4 -l4
[1.276s] Invoked command in '/workspaces/ros2-coding/build/ros_gz_example_application' returned '0': CMAKE_PREFIX_PATH=${CMAKE_PREFIX_PATH}:/workspaces/ros2-coding/install/rqt_joint_trajectory_controller:/workspaces/ros2-coding/install/rqt_controller_manager:/workspaces/ros2-coding/install/ros2controlcli:/workspaces/ros2-coding/install/ros2_controllers_test_nodes:/workspaces/ros2-coding/install/my_turtlesim:/workspaces/ros2-coding/install/issac_sim:/workspaces/ros2-coding/install/isaac_ros_navigation_goal:/opt/ros/jazzy /usr/bin/cmake --build /workspaces/ros2-coding/build/ros_gz_example_application -- -j4 -l4
[1.278s] Invoking command in '/workspaces/ros2-coding/build/ros_gz_example_application': CMAKE_PREFIX_PATH=${CMAKE_PREFIX_PATH}:/workspaces/ros2-coding/install/rqt_joint_trajectory_controller:/workspaces/ros2-coding/install/rqt_controller_manager:/workspaces/ros2-coding/install/ros2controlcli:/workspaces/ros2-coding/install/ros2_controllers_test_nodes:/workspaces/ros2-coding/install/my_turtlesim:/workspaces/ros2-coding/install/issac_sim:/workspaces/ros2-coding/install/isaac_ros_navigation_goal:/opt/ros/jazzy /usr/bin/cmake --install /workspaces/ros2-coding/build/ros_gz_example_application
[1.308s] -- Install configuration: ""
[1.311s] -- Execute custom install script
[1.313s] -- Up-to-date symlink: /workspaces/ros2-coding/install/ros_gz_example_application/share/ament_index/resource_index/package_run_dependencies/ros_gz_example_application
[1.315s] -- Up-to-date symlink: /workspaces/ros2-coding/install/ros_gz_example_application/share/ament_index/resource_index/parent_prefix_path/ros_gz_example_application
[1.317s] -- Up-to-date symlink: /workspaces/ros2-coding/install/ros_gz_example_application/share/ros_gz_example_application/environment/ament_prefix_path.sh
[1.318s] -- Up-to-date symlink: /workspaces/ros2-coding/install/ros_gz_example_application/share/ros_gz_example_application/environment/ament_prefix_path.dsv
[1.321s] -- Up-to-date symlink: /workspaces/ros2-coding/install/ros_gz_example_application/share/ros_gz_example_application/environment/path.sh
[1.321s] -- Up-to-date symlink: /workspaces/ros2-coding/install/ros_gz_example_application/share/ros_gz_example_application/environment/path.dsv
[1.321s] -- Up-to-date symlink: /workspaces/ros2-coding/install/ros_gz_example_application/share/ros_gz_example_application/local_setup.bash
[1.324s] -- Up-to-date symlink: /workspaces/ros2-coding/install/ros_gz_example_application/share/ros_gz_example_application/local_setup.sh
[1.329s] -- Up-to-date symlink: /workspaces/ros2-coding/install/ros_gz_example_application/share/ros_gz_example_application/local_setup.zsh
[1.329s] -- Up-to-date symlink: /workspaces/ros2-coding/install/ros_gz_example_application/share/ros_gz_example_application/local_setup.dsv
[1.329s] -- Symlinking: /workspaces/ros2-coding/install/ros_gz_example_application/share/ros_gz_example_application/package.dsv
[1.394s] -- Up-to-date symlink: /workspaces/ros2-coding/install/ros_gz_example_application/share/ament_index/resource_index/packages/ros_gz_example_application
[1.395s] -- Up-to-date symlink: /workspaces/ros2-coding/install/ros_gz_example_application/share/ros_gz_example_application/cmake/ros_gz_example_applicationConfig.cmake
[1.395s] -- Up-to-date symlink: /workspaces/ros2-coding/install/ros_gz_example_application/share/ros_gz_example_application/cmake/ros_gz_example_applicationConfig-version.cmake
[1.398s] -- Up-to-date symlink: /workspaces/ros2-coding/install/ros_gz_example_application/share/ros_gz_example_application/package.xml
[1.403s] Invoked command in '/workspaces/ros2-coding/build/ros_gz_example_application' returned '0': CMAKE_PREFIX_PATH=${CMAKE_PREFIX_PATH}:/workspaces/ros2-coding/install/rqt_joint_trajectory_controller:/workspaces/ros2-coding/install/rqt_controller_manager:/workspaces/ros2-coding/install/ros2controlcli:/workspaces/ros2-coding/install/ros2_controllers_test_nodes:/workspaces/ros2-coding/install/my_turtlesim:/workspaces/ros2-coding/install/issac_sim:/workspaces/ros2-coding/install/isaac_ros_navigation_goal:/opt/ros/jazzy /usr/bin/cmake --install /workspaces/ros2-coding/build/ros_gz_example_application
