[  1%] Built target human_interfaces__rosidl_generator_type_description
[  1%] Built target ament_cmake_python_symlink_human_interfaces
[  3%] Built target human_interfaces__cpp
[ 25%] Built target human_interfaces__rosidl_generator_c
[ 34%] Built target human_interfaces__rosidl_typesupport_introspection_c
[ 43%] Built target human_interfaces__rosidl_typesupport_c
[ 53%] Built target human_interfaces__rosidl_typesupport_fastrtps_cpp
[ 62%] Built target human_interfaces__rosidl_typesupport_introspection_cpp
[ 71%] Built target human_interfaces__rosidl_typesupport_cpp
[ 81%] Built target human_interfaces__rosidl_typesupport_fastrtps_c
[ 81%] Built target human_interfaces
[ 82%] Built target human_interfaces__py
running egg_info
[ 90%] Built target human_interfaces__rosidl_generator_py
writing human_interfaces.egg-info/PKG-INFO
writing dependency_links to human_interfaces.egg-info/dependency_links.txt
writing top-level names to human_interfaces.egg-info/top_level.txt
[ 93%] Built target human_interfaces_s__rosidl_typesupport_introspection_c
[ 96%] Built target human_interfaces_s__rosidl_typesupport_fastrtps_c
[100%] Built target human_interfaces_s__rosidl_typesupport_c
reading manifest file 'human_interfaces.egg-info/SOURCES.txt'
writing manifest file 'human_interfaces.egg-info/SOURCES.txt'
[100%] Built target ament_cmake_python_build_human_interfaces_egg
-- Install configuration: ""
-- Execute custom install script
-- Symlinking: /workspaces/ros2-coding/install/human_interfaces/share/ament_index/resource_index/rosidl_interfaces/human_interfaces
-- Symlinking: /workspaces/ros2-coding/install/human_interfaces/share/human_interfaces/msg/KickCommand.json
-- Symlinking: /workspaces/ros2-coding/install/human_interfaces/share/human_interfaces/msg/ArmSwingCommand.json
-- Symlinking: /workspaces/ros2-coding/install/human_interfaces/share/human_interfaces/srv/InverseKinematics.json
-- Symlinking: /workspaces/ros2-coding/install/human_interfaces/share/human_interfaces/action/GaitPath.json
-- Symlinking: /workspaces/ros2-coding/install/human_interfaces/include/human_interfaces/human_interfaces/action/detail/gait_path__functions.h
-- Symlinking: /workspaces/ros2-coding/install/human_interfaces/include/human_interfaces/human_interfaces/action/detail/gait_path__struct.h
-- Symlinking: /workspaces/ros2-coding/install/human_interfaces/include/human_interfaces/human_interfaces/action/detail/gait_path__type_support.h
-- Symlinking: /workspaces/ros2-coding/install/human_interfaces/include/human_interfaces/human_interfaces/action/gait_path.h
-- Symlinking: /workspaces/ros2-coding/install/human_interfaces/include/human_interfaces/human_interfaces/msg/arm_swing_command.h
-- Symlinking: /workspaces/ros2-coding/install/human_interfaces/include/human_interfaces/human_interfaces/msg/detail/arm_swing_command__functions.h
-- Symlinking: /workspaces/ros2-coding/install/human_interfaces/include/human_interfaces/human_interfaces/msg/detail/arm_swing_command__struct.h
-- Symlinking: /workspaces/ros2-coding/install/human_interfaces/include/human_interfaces/human_interfaces/msg/detail/arm_swing_command__type_support.h
-- Symlinking: /workspaces/ros2-coding/install/human_interfaces/include/human_interfaces/human_interfaces/msg/detail/kick_command__functions.h
-- Symlinking: /workspaces/ros2-coding/install/human_interfaces/include/human_interfaces/human_interfaces/msg/detail/kick_command__struct.h
-- Symlinking: /workspaces/ros2-coding/install/human_interfaces/include/human_interfaces/human_interfaces/msg/detail/kick_command__type_support.h
-- Symlinking: /workspaces/ros2-coding/install/human_interfaces/include/human_interfaces/human_interfaces/msg/kick_command.h
-- Symlinking: /workspaces/ros2-coding/install/human_interfaces/include/human_interfaces/human_interfaces/msg/rosidl_generator_c__visibility_control.h
-- Symlinking: /workspaces/ros2-coding/install/human_interfaces/include/human_interfaces/human_interfaces/srv/detail/inverse_kinematics__functions.h
-- Symlinking: /workspaces/ros2-coding/install/human_interfaces/include/human_interfaces/human_interfaces/srv/detail/inverse_kinematics__struct.h
-- Symlinking: /workspaces/ros2-coding/install/human_interfaces/include/human_interfaces/human_interfaces/srv/detail/inverse_kinematics__type_support.h
-- Symlinking: /workspaces/ros2-coding/install/human_interfaces/include/human_interfaces/human_interfaces/srv/inverse_kinematics.h
-- Symlinking: /workspaces/ros2-coding/install/human_interfaces/share/human_interfaces/environment/library_path.sh
-- Symlinking: /workspaces/ros2-coding/install/human_interfaces/share/human_interfaces/environment/library_path.dsv
-- Symlinking: /workspaces/ros2-coding/install/human_interfaces/include/human_interfaces/human_interfaces/action/detail/gait_path__rosidl_typesupport_fastrtps_c.h
-- Symlinking: /workspaces/ros2-coding/install/human_interfaces/include/human_interfaces/human_interfaces/msg/detail/arm_swing_command__rosidl_typesupport_fastrtps_c.h
-- Symlinking: /workspaces/ros2-coding/install/human_interfaces/include/human_interfaces/human_interfaces/msg/detail/kick_command__rosidl_typesupport_fastrtps_c.h
-- Symlinking: /workspaces/ros2-coding/install/human_interfaces/include/human_interfaces/human_interfaces/msg/rosidl_typesupport_fastrtps_c__visibility_control.h
-- Symlinking: /workspaces/ros2-coding/install/human_interfaces/include/human_interfaces/human_interfaces/srv/detail/inverse_kinematics__rosidl_typesupport_fastrtps_c.h
-- Symlinking: /workspaces/ros2-coding/install/human_interfaces/include/human_interfaces/human_interfaces/action/detail/gait_path__rosidl_typesupport_introspection_c.h
-- Symlinking: /workspaces/ros2-coding/install/human_interfaces/include/human_interfaces/human_interfaces/msg/detail/arm_swing_command__rosidl_typesupport_introspection_c.h
-- Symlinking: /workspaces/ros2-coding/install/human_interfaces/include/human_interfaces/human_interfaces/msg/detail/kick_command__rosidl_typesupport_introspection_c.h
-- Symlinking: /workspaces/ros2-coding/install/human_interfaces/include/human_interfaces/human_interfaces/msg/rosidl_typesupport_introspection_c__visibility_control.h
-- Symlinking: /workspaces/ros2-coding/install/human_interfaces/include/human_interfaces/human_interfaces/srv/detail/inverse_kinematics__rosidl_typesupport_introspection_c.h
-- Symlinking: /workspaces/ros2-coding/install/human_interfaces/include/human_interfaces/human_interfaces/action/detail/gait_path__builder.hpp
-- Symlinking: /workspaces/ros2-coding/install/human_interfaces/include/human_interfaces/human_interfaces/action/detail/gait_path__struct.hpp
-- Symlinking: /workspaces/ros2-coding/install/human_interfaces/include/human_interfaces/human_interfaces/action/detail/gait_path__traits.hpp
-- Symlinking: /workspaces/ros2-coding/install/human_interfaces/include/human_interfaces/human_interfaces/action/detail/gait_path__type_support.hpp
-- Symlinking: /workspaces/ros2-coding/install/human_interfaces/include/human_interfaces/human_interfaces/action/gait_path.hpp
-- Symlinking: /workspaces/ros2-coding/install/human_interfaces/include/human_interfaces/human_interfaces/msg/arm_swing_command.hpp
-- Symlinking: /workspaces/ros2-coding/install/human_interfaces/include/human_interfaces/human_interfaces/msg/detail/arm_swing_command__builder.hpp
-- Symlinking: /workspaces/ros2-coding/install/human_interfaces/include/human_interfaces/human_interfaces/msg/detail/arm_swing_command__struct.hpp
-- Symlinking: /workspaces/ros2-coding/install/human_interfaces/include/human_interfaces/human_interfaces/msg/detail/arm_swing_command__traits.hpp
-- Symlinking: /workspaces/ros2-coding/install/human_interfaces/include/human_interfaces/human_interfaces/msg/detail/arm_swing_command__type_support.hpp
-- Symlinking: /workspaces/ros2-coding/install/human_interfaces/include/human_interfaces/human_interfaces/msg/detail/kick_command__builder.hpp
-- Symlinking: /workspaces/ros2-coding/install/human_interfaces/include/human_interfaces/human_interfaces/msg/detail/kick_command__struct.hpp
-- Symlinking: /workspaces/ros2-coding/install/human_interfaces/include/human_interfaces/human_interfaces/msg/detail/kick_command__traits.hpp
-- Symlinking: /workspaces/ros2-coding/install/human_interfaces/include/human_interfaces/human_interfaces/msg/detail/kick_command__type_support.hpp
-- Symlinking: /workspaces/ros2-coding/install/human_interfaces/include/human_interfaces/human_interfaces/msg/kick_command.hpp
-- Symlinking: /workspaces/ros2-coding/install/human_interfaces/include/human_interfaces/human_interfaces/msg/rosidl_generator_cpp__visibility_control.hpp
-- Symlinking: /workspaces/ros2-coding/install/human_interfaces/include/human_interfaces/human_interfaces/srv/detail/inverse_kinematics__builder.hpp
-- Symlinking: /workspaces/ros2-coding/install/human_interfaces/include/human_interfaces/human_interfaces/srv/detail/inverse_kinematics__struct.hpp
-- Symlinking: /workspaces/ros2-coding/install/human_interfaces/include/human_interfaces/human_interfaces/srv/detail/inverse_kinematics__traits.hpp
-- Symlinking: /workspaces/ros2-coding/install/human_interfaces/include/human_interfaces/human_interfaces/srv/detail/inverse_kinematics__type_support.hpp
-- Symlinking: /workspaces/ros2-coding/install/human_interfaces/include/human_interfaces/human_interfaces/srv/inverse_kinematics.hpp
-- Symlinking: /workspaces/ros2-coding/install/human_interfaces/include/human_interfaces/human_interfaces/action/detail/gait_path__rosidl_typesupport_fastrtps_cpp.hpp
-- Symlinking: /workspaces/ros2-coding/install/human_interfaces/include/human_interfaces/human_interfaces/msg/detail/arm_swing_command__rosidl_typesupport_fastrtps_cpp.hpp
-- Symlinking: /workspaces/ros2-coding/install/human_interfaces/include/human_interfaces/human_interfaces/msg/detail/kick_command__rosidl_typesupport_fastrtps_cpp.hpp
-- Symlinking: /workspaces/ros2-coding/install/human_interfaces/include/human_interfaces/human_interfaces/msg/rosidl_typesupport_fastrtps_cpp__visibility_control.h
-- Symlinking: /workspaces/ros2-coding/install/human_interfaces/include/human_interfaces/human_interfaces/srv/detail/inverse_kinematics__rosidl_typesupport_fastrtps_cpp.hpp
-- Symlinking: /workspaces/ros2-coding/install/human_interfaces/include/human_interfaces/human_interfaces/action/detail/gait_path__rosidl_typesupport_introspection_cpp.hpp
-- Symlinking: /workspaces/ros2-coding/install/human_interfaces/include/human_interfaces/human_interfaces/msg/detail/arm_swing_command__rosidl_typesupport_introspection_cpp.hpp
-- Symlinking: /workspaces/ros2-coding/install/human_interfaces/include/human_interfaces/human_interfaces/msg/detail/kick_command__rosidl_typesupport_introspection_cpp.hpp
-- Symlinking: /workspaces/ros2-coding/install/human_interfaces/include/human_interfaces/human_interfaces/srv/detail/inverse_kinematics__rosidl_typesupport_introspection_cpp.hpp
-- Symlinking: /workspaces/ros2-coding/install/human_interfaces/share/human_interfaces/environment/pythonpath.sh
-- Symlinking: /workspaces/ros2-coding/install/human_interfaces/share/human_interfaces/environment/pythonpath.dsv
-- Symlinking: /workspaces/ros2-coding/install/human_interfaces/lib/python3.12/site-packages/human_interfaces-0.0.0-py3.12.egg-info/PKG-INFO
-- Symlinking: /workspaces/ros2-coding/install/human_interfaces/lib/python3.12/site-packages/human_interfaces-0.0.0-py3.12.egg-info/SOURCES.txt
-- Symlinking: /workspaces/ros2-coding/install/human_interfaces/lib/python3.12/site-packages/human_interfaces-0.0.0-py3.12.egg-info/dependency_links.txt
-- Symlinking: /workspaces/ros2-coding/install/human_interfaces/lib/python3.12/site-packages/human_interfaces-0.0.0-py3.12.egg-info/top_level.txt
-- Symlinking: /workspaces/ros2-coding/install/human_interfaces/lib/python3.12/site-packages/human_interfaces/__init__.py
-- Symlinking: /workspaces/ros2-coding/install/human_interfaces/lib/python3.12/site-packages/human_interfaces/_human_interfaces_s.ep.rosidl_typesupport_c.c
-- Symlinking: /workspaces/ros2-coding/install/human_interfaces/lib/python3.12/site-packages/human_interfaces/_human_interfaces_s.ep.rosidl_typesupport_fastrtps_c.c
-- Symlinking: /workspaces/ros2-coding/install/human_interfaces/lib/python3.12/site-packages/human_interfaces/_human_interfaces_s.ep.rosidl_typesupport_introspection_c.c
-- Symlinking: /workspaces/ros2-coding/install/human_interfaces/lib/python3.12/site-packages/human_interfaces/action/__init__.py
-- Symlinking: /workspaces/ros2-coding/install/human_interfaces/lib/python3.12/site-packages/human_interfaces/action/_gait_path.py
-- Symlinking: /workspaces/ros2-coding/install/human_interfaces/lib/python3.12/site-packages/human_interfaces/action/_gait_path_s.c
-- Symlinking: /workspaces/ros2-coding/install/human_interfaces/lib/python3.12/site-packages/human_interfaces/human_interfaces_s__rosidl_typesupport_c.so
-- Symlinking: /workspaces/ros2-coding/install/human_interfaces/lib/python3.12/site-packages/human_interfaces/human_interfaces_s__rosidl_typesupport_fastrtps_c.so
-- Symlinking: /workspaces/ros2-coding/install/human_interfaces/lib/python3.12/site-packages/human_interfaces/human_interfaces_s__rosidl_typesupport_introspection_c.so
-- Symlinking: /workspaces/ros2-coding/install/human_interfaces/lib/python3.12/site-packages/human_interfaces/msg/__init__.py
-- Symlinking: /workspaces/ros2-coding/install/human_interfaces/lib/python3.12/site-packages/human_interfaces/msg/_arm_swing_command.py
-- Symlinking: /workspaces/ros2-coding/install/human_interfaces/lib/python3.12/site-packages/human_interfaces/msg/_arm_swing_command_s.c
-- Symlinking: /workspaces/ros2-coding/install/human_interfaces/lib/python3.12/site-packages/human_interfaces/msg/_kick_command.py
-- Symlinking: /workspaces/ros2-coding/install/human_interfaces/lib/python3.12/site-packages/human_interfaces/msg/_kick_command_s.c
-- Symlinking: /workspaces/ros2-coding/install/human_interfaces/lib/python3.12/site-packages/human_interfaces/srv/__init__.py
-- Symlinking: /workspaces/ros2-coding/install/human_interfaces/lib/python3.12/site-packages/human_interfaces/srv/_inverse_kinematics.py
-- Symlinking: /workspaces/ros2-coding/install/human_interfaces/lib/python3.12/site-packages/human_interfaces/srv/_inverse_kinematics_s.c
-- Up-to-date symlink: /workspaces/ros2-coding/install/human_interfaces/lib/python3.12/site-packages/human_interfaces/human_interfaces_s__rosidl_typesupport_fastrtps_c.so
-- Up-to-date symlink: /workspaces/ros2-coding/install/human_interfaces/lib/python3.12/site-packages/human_interfaces/human_interfaces_s__rosidl_typesupport_introspection_c.so
-- Up-to-date symlink: /workspaces/ros2-coding/install/human_interfaces/lib/python3.12/site-packages/human_interfaces/human_interfaces_s__rosidl_typesupport_c.so
-- Symlinking: /workspaces/ros2-coding/install/human_interfaces/share/human_interfaces/msg/KickCommand.idl
-- Symlinking: /workspaces/ros2-coding/install/human_interfaces/share/human_interfaces/msg/ArmSwingCommand.idl
-- Symlinking: /workspaces/ros2-coding/install/human_interfaces/share/human_interfaces/srv/InverseKinematics.idl
-- Symlinking: /workspaces/ros2-coding/install/human_interfaces/share/human_interfaces/action/GaitPath.idl
-- Symlinking: /workspaces/ros2-coding/install/human_interfaces/share/human_interfaces/msg/KickCommand.msg
-- Symlinking: /workspaces/ros2-coding/install/human_interfaces/share/human_interfaces/msg/ArmSwingCommand.msg
-- Symlinking: /workspaces/ros2-coding/install/human_interfaces/share/human_interfaces/srv/InverseKinematics.srv
-- Symlinking: /workspaces/ros2-coding/install/human_interfaces/share/human_interfaces/action/GaitPath.action
-- Symlinking: /workspaces/ros2-coding/install/human_interfaces/share/ament_index/resource_index/package_run_dependencies/human_interfaces
-- Symlinking: /workspaces/ros2-coding/install/human_interfaces/share/ament_index/resource_index/parent_prefix_path/human_interfaces
-- Symlinking: /workspaces/ros2-coding/install/human_interfaces/share/human_interfaces/environment/ament_prefix_path.sh
-- Symlinking: /workspaces/ros2-coding/install/human_interfaces/share/human_interfaces/environment/ament_prefix_path.dsv
-- Symlinking: /workspaces/ros2-coding/install/human_interfaces/share/human_interfaces/environment/path.sh
-- Symlinking: /workspaces/ros2-coding/install/human_interfaces/share/human_interfaces/environment/path.dsv
-- Symlinking: /workspaces/ros2-coding/install/human_interfaces/share/human_interfaces/local_setup.bash
-- Symlinking: /workspaces/ros2-coding/install/human_interfaces/share/human_interfaces/local_setup.sh
-- Symlinking: /workspaces/ros2-coding/install/human_interfaces/share/human_interfaces/local_setup.zsh
-- Symlinking: /workspaces/ros2-coding/install/human_interfaces/share/human_interfaces/local_setup.dsv
-- Symlinking: /workspaces/ros2-coding/install/human_interfaces/share/human_interfaces/package.dsv
-- Symlinking: /workspaces/ros2-coding/install/human_interfaces/share/ament_index/resource_index/packages/human_interfaces
-- Symlinking: /workspaces/ros2-coding/install/human_interfaces/share/human_interfaces/cmake/rosidl_cmake-extras.cmake
-- Symlinking: /workspaces/ros2-coding/install/human_interfaces/share/human_interfaces/cmake/ament_cmake_export_dependencies-extras.cmake
-- Symlinking: /workspaces/ros2-coding/install/human_interfaces/share/human_interfaces/cmake/ament_cmake_export_include_directories-extras.cmake
-- Symlinking: /workspaces/ros2-coding/install/human_interfaces/share/human_interfaces/cmake/ament_cmake_export_libraries-extras.cmake
-- Symlinking: /workspaces/ros2-coding/install/human_interfaces/share/human_interfaces/cmake/ament_cmake_export_targets-extras.cmake
-- Symlinking: /workspaces/ros2-coding/install/human_interfaces/share/human_interfaces/cmake/rosidl_cmake_export_typesupport_targets-extras.cmake
-- Symlinking: /workspaces/ros2-coding/install/human_interfaces/share/human_interfaces/cmake/rosidl_cmake_export_typesupport_libraries-extras.cmake
-- Symlinking: /workspaces/ros2-coding/install/human_interfaces/share/human_interfaces/cmake/human_interfacesConfig.cmake
-- Symlinking: /workspaces/ros2-coding/install/human_interfaces/share/human_interfaces/cmake/human_interfacesConfig-version.cmake
-- Symlinking: /workspaces/ros2-coding/install/human_interfaces/share/human_interfaces/package.xml
-- Installing: /workspaces/ros2-coding/install/human_interfaces/lib/libhuman_interfaces__rosidl_generator_c.so
-- Set non-toolchain portion of runtime path of "/workspaces/ros2-coding/install/human_interfaces/lib/libhuman_interfaces__rosidl_generator_c.so" to ""
-- Installing: /workspaces/ros2-coding/install/human_interfaces/lib/libhuman_interfaces__rosidl_typesupport_fastrtps_c.so
-- Set non-toolchain portion of runtime path of "/workspaces/ros2-coding/install/human_interfaces/lib/libhuman_interfaces__rosidl_typesupport_fastrtps_c.so" to ""
-- Installing: /workspaces/ros2-coding/install/human_interfaces/lib/libhuman_interfaces__rosidl_typesupport_introspection_c.so
-- Set non-toolchain portion of runtime path of "/workspaces/ros2-coding/install/human_interfaces/lib/libhuman_interfaces__rosidl_typesupport_introspection_c.so" to ""
-- Installing: /workspaces/ros2-coding/install/human_interfaces/lib/libhuman_interfaces__rosidl_typesupport_c.so
-- Set non-toolchain portion of runtime path of "/workspaces/ros2-coding/install/human_interfaces/lib/libhuman_interfaces__rosidl_typesupport_c.so" to ""
-- Installing: /workspaces/ros2-coding/install/human_interfaces/lib/libhuman_interfaces__rosidl_typesupport_fastrtps_cpp.so
-- Set non-toolchain portion of runtime path of "/workspaces/ros2-coding/install/human_interfaces/lib/libhuman_interfaces__rosidl_typesupport_fastrtps_cpp.so" to ""
-- Installing: /workspaces/ros2-coding/install/human_interfaces/lib/libhuman_interfaces__rosidl_typesupport_introspection_cpp.so
-- Set non-toolchain portion of runtime path of "/workspaces/ros2-coding/install/human_interfaces/lib/libhuman_interfaces__rosidl_typesupport_introspection_cpp.so" to ""
-- Installing: /workspaces/ros2-coding/install/human_interfaces/lib/libhuman_interfaces__rosidl_typesupport_cpp.so
-- Set non-toolchain portion of runtime path of "/workspaces/ros2-coding/install/human_interfaces/lib/libhuman_interfaces__rosidl_typesupport_cpp.so" to ""
Listing '/workspaces/ros2-coding/install/human_interfaces/lib/python3.12/site-packages/human_interfaces'...
Compiling '/workspaces/ros2-coding/install/human_interfaces/lib/python3.12/site-packages/human_interfaces/__init__.py'...
Listing '/workspaces/ros2-coding/install/human_interfaces/lib/python3.12/site-packages/human_interfaces/action'...
Compiling '/workspaces/ros2-coding/install/human_interfaces/lib/python3.12/site-packages/human_interfaces/action/__init__.py'...
Compiling '/workspaces/ros2-coding/install/human_interfaces/lib/python3.12/site-packages/human_interfaces/action/_gait_path.py'...
Listing '/workspaces/ros2-coding/install/human_interfaces/lib/python3.12/site-packages/human_interfaces/msg'...
Compiling '/workspaces/ros2-coding/install/human_interfaces/lib/python3.12/site-packages/human_interfaces/msg/__init__.py'...
Compiling '/workspaces/ros2-coding/install/human_interfaces/lib/python3.12/site-packages/human_interfaces/msg/_arm_swing_command.py'...
Compiling '/workspaces/ros2-coding/install/human_interfaces/lib/python3.12/site-packages/human_interfaces/msg/_kick_command.py'...
Listing '/workspaces/ros2-coding/install/human_interfaces/lib/python3.12/site-packages/human_interfaces/srv'...
Compiling '/workspaces/ros2-coding/install/human_interfaces/lib/python3.12/site-packages/human_interfaces/srv/__init__.py'...
Compiling '/workspaces/ros2-coding/install/human_interfaces/lib/python3.12/site-packages/human_interfaces/srv/_inverse_kinematics.py'...
-- Installing: /workspaces/ros2-coding/install/human_interfaces/lib/libhuman_interfaces__rosidl_generator_py.so
-- Set non-toolchain portion of runtime path of "/workspaces/ros2-coding/install/human_interfaces/lib/libhuman_interfaces__rosidl_generator_py.so" to ""
-- Installing: /workspaces/ros2-coding/install/human_interfaces/share/human_interfaces/cmake/export_human_interfaces__rosidl_generator_cExport.cmake
-- Installing: /workspaces/ros2-coding/install/human_interfaces/share/human_interfaces/cmake/export_human_interfaces__rosidl_generator_cExport-noconfig.cmake
-- Installing: /workspaces/ros2-coding/install/human_interfaces/share/human_interfaces/cmake/export_human_interfaces__rosidl_typesupport_fastrtps_cExport.cmake
-- Installing: /workspaces/ros2-coding/install/human_interfaces/share/human_interfaces/cmake/export_human_interfaces__rosidl_typesupport_fastrtps_cExport-noconfig.cmake
-- Installing: /workspaces/ros2-coding/install/human_interfaces/share/human_interfaces/cmake/human_interfaces__rosidl_typesupport_introspection_cExport.cmake
-- Installing: /workspaces/ros2-coding/install/human_interfaces/share/human_interfaces/cmake/human_interfaces__rosidl_typesupport_introspection_cExport-noconfig.cmake
-- Installing: /workspaces/ros2-coding/install/human_interfaces/share/human_interfaces/cmake/human_interfaces__rosidl_typesupport_cExport.cmake
-- Installing: /workspaces/ros2-coding/install/human_interfaces/share/human_interfaces/cmake/human_interfaces__rosidl_typesupport_cExport-noconfig.cmake
-- Installing: /workspaces/ros2-coding/install/human_interfaces/share/human_interfaces/cmake/export_human_interfaces__rosidl_generator_cppExport.cmake
-- Installing: /workspaces/ros2-coding/install/human_interfaces/share/human_interfaces/cmake/export_human_interfaces__rosidl_typesupport_fastrtps_cppExport.cmake
-- Installing: /workspaces/ros2-coding/install/human_interfaces/share/human_interfaces/cmake/export_human_interfaces__rosidl_typesupport_fastrtps_cppExport-noconfig.cmake
-- Installing: /workspaces/ros2-coding/install/human_interfaces/share/human_interfaces/cmake/human_interfaces__rosidl_typesupport_introspection_cppExport.cmake
-- Installing: /workspaces/ros2-coding/install/human_interfaces/share/human_interfaces/cmake/human_interfaces__rosidl_typesupport_introspection_cppExport-noconfig.cmake
-- Installing: /workspaces/ros2-coding/install/human_interfaces/share/human_interfaces/cmake/human_interfaces__rosidl_typesupport_cppExport.cmake
-- Installing: /workspaces/ros2-coding/install/human_interfaces/share/human_interfaces/cmake/human_interfaces__rosidl_typesupport_cppExport-noconfig.cmake
-- Installing: /workspaces/ros2-coding/install/human_interfaces/share/human_interfaces/cmake/export_human_interfaces__rosidl_generator_pyExport.cmake
-- Installing: /workspaces/ros2-coding/install/human_interfaces/share/human_interfaces/cmake/export_human_interfaces__rosidl_generator_pyExport-noconfig.cmake
