[0.029s] Invoking command in '/workspaces/ros2-coding/build/human_interfaces': CMAKE_PREFIX_PATH=${CMAKE_PREFIX_PATH}:/workspaces/ros2-coding/install/rqt_joint_trajectory_controller:/workspaces/ros2-coding/install/rqt_controller_manager:/workspaces/ros2-coding/install/ros2controlcli:/workspaces/ros2-coding/install/ros2_controllers_test_nodes:/workspaces/ros2-coding/install/my_turtlesim:/workspaces/ros2-coding/install/issac_sim:/workspaces/ros2-coding/install/isaac_ros_navigation_goal:/workspaces/ros2-coding/install/human_controller:/opt/ros/jazzy VIRTUAL_ENV_PROMPT=(.venv) /usr/bin/cmake --build /workspaces/ros2-coding/build/human_interfaces -- -j4 -l4
[0.143s] [  1%] Built target human_interfaces__rosidl_generator_type_description
[0.213s] [  1%] Built target ament_cmake_python_symlink_human_interfaces
[0.242s] [  3%] Built target human_interfaces__cpp
[0.267s] [ 25%] Built target human_interfaces__rosidl_generator_c
[0.392s] [ 34%] Built target human_interfaces__rosidl_typesupport_introspection_c
[0.404s] [ 43%] Built target human_interfaces__rosidl_typesupport_c
[0.462s] [ 53%] Built target human_interfaces__rosidl_typesupport_fastrtps_cpp
[0.561s] [ 62%] Built target human_interfaces__rosidl_typesupport_introspection_cpp
[0.594s] [ 71%] Built target human_interfaces__rosidl_typesupport_cpp
[0.597s] [ 81%] Built target human_interfaces__rosidl_typesupport_fastrtps_c
[0.679s] [ 81%] Built target human_interfaces
[0.770s] [ 82%] Built target human_interfaces__py
[0.859s] running egg_info
[0.893s] [ 90%] Built target human_interfaces__rosidl_generator_py
[0.904s] writing human_interfaces.egg-info/PKG-INFO
[0.905s] writing dependency_links to human_interfaces.egg-info/dependency_links.txt
[0.905s] writing top-level names to human_interfaces.egg-info/top_level.txt
[1.024s] [ 93%] Built target human_interfaces_s__rosidl_typesupport_introspection_c
[1.030s] [ 96%] Built target human_interfaces_s__rosidl_typesupport_fastrtps_c
[1.033s] [100%] Built target human_interfaces_s__rosidl_typesupport_c
[1.094s] reading manifest file 'human_interfaces.egg-info/SOURCES.txt'
[1.099s] writing manifest file 'human_interfaces.egg-info/SOURCES.txt'
[1.151s] [100%] Built target ament_cmake_python_build_human_interfaces_egg
[1.203s] Invoked command in '/workspaces/ros2-coding/build/human_interfaces' returned '0': CMAKE_PREFIX_PATH=${CMAKE_PREFIX_PATH}:/workspaces/ros2-coding/install/rqt_joint_trajectory_controller:/workspaces/ros2-coding/install/rqt_controller_manager:/workspaces/ros2-coding/install/ros2controlcli:/workspaces/ros2-coding/install/ros2_controllers_test_nodes:/workspaces/ros2-coding/install/my_turtlesim:/workspaces/ros2-coding/install/issac_sim:/workspaces/ros2-coding/install/isaac_ros_navigation_goal:/workspaces/ros2-coding/install/human_controller:/opt/ros/jazzy VIRTUAL_ENV_PROMPT=(.venv) /usr/bin/cmake --build /workspaces/ros2-coding/build/human_interfaces -- -j4 -l4
[1.203s] Invoking command in '/workspaces/ros2-coding/build/human_interfaces': CMAKE_PREFIX_PATH=${CMAKE_PREFIX_PATH}:/workspaces/ros2-coding/install/rqt_joint_trajectory_controller:/workspaces/ros2-coding/install/rqt_controller_manager:/workspaces/ros2-coding/install/ros2controlcli:/workspaces/ros2-coding/install/ros2_controllers_test_nodes:/workspaces/ros2-coding/install/my_turtlesim:/workspaces/ros2-coding/install/issac_sim:/workspaces/ros2-coding/install/isaac_ros_navigation_goal:/workspaces/ros2-coding/install/human_controller:/opt/ros/jazzy VIRTUAL_ENV_PROMPT=(.venv) /usr/bin/cmake --install /workspaces/ros2-coding/build/human_interfaces
[1.218s] -- Install configuration: ""
[1.220s] -- Execute custom install script
[1.221s] -- Symlinking: /workspaces/ros2-coding/install/human_interfaces/share/ament_index/resource_index/rosidl_interfaces/human_interfaces
[1.244s] -- Symlinking: /workspaces/ros2-coding/install/human_interfaces/share/human_interfaces/msg/KickCommand.json
[1.263s] -- Symlinking: /workspaces/ros2-coding/install/human_interfaces/share/human_interfaces/msg/ArmSwingCommand.json
[1.277s] -- Symlinking: /workspaces/ros2-coding/install/human_interfaces/share/human_interfaces/srv/InverseKinematics.json
[1.291s] -- Symlinking: /workspaces/ros2-coding/install/human_interfaces/share/human_interfaces/action/GaitPath.json
[1.309s] -- Symlinking: /workspaces/ros2-coding/install/human_interfaces/include/human_interfaces/human_interfaces/action/detail/gait_path__functions.h
[1.334s] -- Symlinking: /workspaces/ros2-coding/install/human_interfaces/include/human_interfaces/human_interfaces/action/detail/gait_path__struct.h
[1.353s] -- Symlinking: /workspaces/ros2-coding/install/human_interfaces/include/human_interfaces/human_interfaces/action/detail/gait_path__type_support.h
[1.371s] -- Symlinking: /workspaces/ros2-coding/install/human_interfaces/include/human_interfaces/human_interfaces/action/gait_path.h
[1.386s] -- Symlinking: /workspaces/ros2-coding/install/human_interfaces/include/human_interfaces/human_interfaces/msg/arm_swing_command.h
[1.401s] -- Symlinking: /workspaces/ros2-coding/install/human_interfaces/include/human_interfaces/human_interfaces/msg/detail/arm_swing_command__functions.h
[1.426s] -- Symlinking: /workspaces/ros2-coding/install/human_interfaces/include/human_interfaces/human_interfaces/msg/detail/arm_swing_command__struct.h
[1.456s] -- Symlinking: /workspaces/ros2-coding/install/human_interfaces/include/human_interfaces/human_interfaces/msg/detail/arm_swing_command__type_support.h
[1.484s] -- Symlinking: /workspaces/ros2-coding/install/human_interfaces/include/human_interfaces/human_interfaces/msg/detail/kick_command__functions.h
[1.503s] -- Symlinking: /workspaces/ros2-coding/install/human_interfaces/include/human_interfaces/human_interfaces/msg/detail/kick_command__struct.h
[1.526s] -- Symlinking: /workspaces/ros2-coding/install/human_interfaces/include/human_interfaces/human_interfaces/msg/detail/kick_command__type_support.h
[1.542s] -- Symlinking: /workspaces/ros2-coding/install/human_interfaces/include/human_interfaces/human_interfaces/msg/kick_command.h
[1.558s] -- Symlinking: /workspaces/ros2-coding/install/human_interfaces/include/human_interfaces/human_interfaces/msg/rosidl_generator_c__visibility_control.h
[1.574s] -- Symlinking: /workspaces/ros2-coding/install/human_interfaces/include/human_interfaces/human_interfaces/srv/detail/inverse_kinematics__functions.h
[1.589s] -- Symlinking: /workspaces/ros2-coding/install/human_interfaces/include/human_interfaces/human_interfaces/srv/detail/inverse_kinematics__struct.h
[1.605s] -- Symlinking: /workspaces/ros2-coding/install/human_interfaces/include/human_interfaces/human_interfaces/srv/detail/inverse_kinematics__type_support.h
[1.621s] -- Symlinking: /workspaces/ros2-coding/install/human_interfaces/include/human_interfaces/human_interfaces/srv/inverse_kinematics.h
[1.637s] -- Symlinking: /workspaces/ros2-coding/install/human_interfaces/share/human_interfaces/environment/library_path.sh
[1.653s] -- Symlinking: /workspaces/ros2-coding/install/human_interfaces/share/human_interfaces/environment/library_path.dsv
[1.670s] -- Symlinking: /workspaces/ros2-coding/install/human_interfaces/include/human_interfaces/human_interfaces/action/detail/gait_path__rosidl_typesupport_fastrtps_c.h
[1.704s] -- Symlinking: /workspaces/ros2-coding/install/human_interfaces/include/human_interfaces/human_interfaces/msg/detail/arm_swing_command__rosidl_typesupport_fastrtps_c.h
[1.719s] -- Symlinking: /workspaces/ros2-coding/install/human_interfaces/include/human_interfaces/human_interfaces/msg/detail/kick_command__rosidl_typesupport_fastrtps_c.h
[1.743s] -- Symlinking: /workspaces/ros2-coding/install/human_interfaces/include/human_interfaces/human_interfaces/msg/rosidl_typesupport_fastrtps_c__visibility_control.h
[1.764s] -- Symlinking: /workspaces/ros2-coding/install/human_interfaces/include/human_interfaces/human_interfaces/srv/detail/inverse_kinematics__rosidl_typesupport_fastrtps_c.h
[1.791s] -- Symlinking: /workspaces/ros2-coding/install/human_interfaces/include/human_interfaces/human_interfaces/action/detail/gait_path__rosidl_typesupport_introspection_c.h
[1.803s] -- Symlinking: /workspaces/ros2-coding/install/human_interfaces/include/human_interfaces/human_interfaces/msg/detail/arm_swing_command__rosidl_typesupport_introspection_c.h
[1.821s] -- Symlinking: /workspaces/ros2-coding/install/human_interfaces/include/human_interfaces/human_interfaces/msg/detail/kick_command__rosidl_typesupport_introspection_c.h
[1.837s] -- Symlinking: /workspaces/ros2-coding/install/human_interfaces/include/human_interfaces/human_interfaces/msg/rosidl_typesupport_introspection_c__visibility_control.h
[1.871s] -- Symlinking: /workspaces/ros2-coding/install/human_interfaces/include/human_interfaces/human_interfaces/srv/detail/inverse_kinematics__rosidl_typesupport_introspection_c.h
[1.910s] -- Symlinking: /workspaces/ros2-coding/install/human_interfaces/include/human_interfaces/human_interfaces/action/detail/gait_path__builder.hpp
[1.942s] -- Symlinking: /workspaces/ros2-coding/install/human_interfaces/include/human_interfaces/human_interfaces/action/detail/gait_path__struct.hpp
[1.958s] -- Symlinking: /workspaces/ros2-coding/install/human_interfaces/include/human_interfaces/human_interfaces/action/detail/gait_path__traits.hpp
[1.977s] -- Symlinking: /workspaces/ros2-coding/install/human_interfaces/include/human_interfaces/human_interfaces/action/detail/gait_path__type_support.hpp
[1.990s] -- Symlinking: /workspaces/ros2-coding/install/human_interfaces/include/human_interfaces/human_interfaces/action/gait_path.hpp
[2.023s] -- Symlinking: /workspaces/ros2-coding/install/human_interfaces/include/human_interfaces/human_interfaces/msg/arm_swing_command.hpp
[2.037s] -- Symlinking: /workspaces/ros2-coding/install/human_interfaces/include/human_interfaces/human_interfaces/msg/detail/arm_swing_command__builder.hpp
[2.069s] -- Symlinking: /workspaces/ros2-coding/install/human_interfaces/include/human_interfaces/human_interfaces/msg/detail/arm_swing_command__struct.hpp
[2.116s] -- Symlinking: /workspaces/ros2-coding/install/human_interfaces/include/human_interfaces/human_interfaces/msg/detail/arm_swing_command__traits.hpp
[2.163s] -- Symlinking: /workspaces/ros2-coding/install/human_interfaces/include/human_interfaces/human_interfaces/msg/detail/arm_swing_command__type_support.hpp
[2.225s] -- Symlinking: /workspaces/ros2-coding/install/human_interfaces/include/human_interfaces/human_interfaces/msg/detail/kick_command__builder.hpp
[2.276s] -- Symlinking: /workspaces/ros2-coding/install/human_interfaces/include/human_interfaces/human_interfaces/msg/detail/kick_command__struct.hpp
[2.328s] -- Symlinking: /workspaces/ros2-coding/install/human_interfaces/include/human_interfaces/human_interfaces/msg/detail/kick_command__traits.hpp
[2.360s] -- Symlinking: /workspaces/ros2-coding/install/human_interfaces/include/human_interfaces/human_interfaces/msg/detail/kick_command__type_support.hpp
[2.390s] -- Symlinking: /workspaces/ros2-coding/install/human_interfaces/include/human_interfaces/human_interfaces/msg/kick_command.hpp
[2.428s] -- Symlinking: /workspaces/ros2-coding/install/human_interfaces/include/human_interfaces/human_interfaces/msg/rosidl_generator_cpp__visibility_control.hpp
[2.451s] -- Symlinking: /workspaces/ros2-coding/install/human_interfaces/include/human_interfaces/human_interfaces/srv/detail/inverse_kinematics__builder.hpp
[2.481s] -- Symlinking: /workspaces/ros2-coding/install/human_interfaces/include/human_interfaces/human_interfaces/srv/detail/inverse_kinematics__struct.hpp
[2.533s] -- Symlinking: /workspaces/ros2-coding/install/human_interfaces/include/human_interfaces/human_interfaces/srv/detail/inverse_kinematics__traits.hpp
[2.564s] -- Symlinking: /workspaces/ros2-coding/install/human_interfaces/include/human_interfaces/human_interfaces/srv/detail/inverse_kinematics__type_support.hpp
[2.600s] -- Symlinking: /workspaces/ros2-coding/install/human_interfaces/include/human_interfaces/human_interfaces/srv/inverse_kinematics.hpp
[2.626s] -- Symlinking: /workspaces/ros2-coding/install/human_interfaces/include/human_interfaces/human_interfaces/action/detail/gait_path__rosidl_typesupport_fastrtps_cpp.hpp
[2.679s] -- Symlinking: /workspaces/ros2-coding/install/human_interfaces/include/human_interfaces/human_interfaces/msg/detail/arm_swing_command__rosidl_typesupport_fastrtps_cpp.hpp
[2.743s] -- Symlinking: /workspaces/ros2-coding/install/human_interfaces/include/human_interfaces/human_interfaces/msg/detail/kick_command__rosidl_typesupport_fastrtps_cpp.hpp
[2.785s] -- Symlinking: /workspaces/ros2-coding/install/human_interfaces/include/human_interfaces/human_interfaces/msg/rosidl_typesupport_fastrtps_cpp__visibility_control.h
[2.815s] -- Symlinking: /workspaces/ros2-coding/install/human_interfaces/include/human_interfaces/human_interfaces/srv/detail/inverse_kinematics__rosidl_typesupport_fastrtps_cpp.hpp
[2.838s] -- Symlinking: /workspaces/ros2-coding/install/human_interfaces/include/human_interfaces/human_interfaces/action/detail/gait_path__rosidl_typesupport_introspection_cpp.hpp
[2.865s] -- Symlinking: /workspaces/ros2-coding/install/human_interfaces/include/human_interfaces/human_interfaces/msg/detail/arm_swing_command__rosidl_typesupport_introspection_cpp.hpp
[2.883s] -- Symlinking: /workspaces/ros2-coding/install/human_interfaces/include/human_interfaces/human_interfaces/msg/detail/kick_command__rosidl_typesupport_introspection_cpp.hpp
[2.915s] -- Symlinking: /workspaces/ros2-coding/install/human_interfaces/include/human_interfaces/human_interfaces/srv/detail/inverse_kinematics__rosidl_typesupport_introspection_cpp.hpp
[2.943s] -- Symlinking: /workspaces/ros2-coding/install/human_interfaces/share/human_interfaces/environment/pythonpath.sh
[2.960s] -- Symlinking: /workspaces/ros2-coding/install/human_interfaces/share/human_interfaces/environment/pythonpath.dsv
[2.999s] -- Symlinking: /workspaces/ros2-coding/install/human_interfaces/lib/python3.12/site-packages/human_interfaces-0.0.0-py3.12.egg-info/PKG-INFO
[3.030s] -- Symlinking: /workspaces/ros2-coding/install/human_interfaces/lib/python3.12/site-packages/human_interfaces-0.0.0-py3.12.egg-info/SOURCES.txt
[3.088s] -- Symlinking: /workspaces/ros2-coding/install/human_interfaces/lib/python3.12/site-packages/human_interfaces-0.0.0-py3.12.egg-info/dependency_links.txt
[3.134s] -- Symlinking: /workspaces/ros2-coding/install/human_interfaces/lib/python3.12/site-packages/human_interfaces-0.0.0-py3.12.egg-info/top_level.txt
[3.184s] -- Symlinking: /workspaces/ros2-coding/install/human_interfaces/lib/python3.12/site-packages/human_interfaces/__init__.py
[3.229s] -- Symlinking: /workspaces/ros2-coding/install/human_interfaces/lib/python3.12/site-packages/human_interfaces/_human_interfaces_s.ep.rosidl_typesupport_c.c
[3.261s] -- Symlinking: /workspaces/ros2-coding/install/human_interfaces/lib/python3.12/site-packages/human_interfaces/_human_interfaces_s.ep.rosidl_typesupport_fastrtps_c.c
[3.314s] -- Symlinking: /workspaces/ros2-coding/install/human_interfaces/lib/python3.12/site-packages/human_interfaces/_human_interfaces_s.ep.rosidl_typesupport_introspection_c.c
[3.365s] -- Symlinking: /workspaces/ros2-coding/install/human_interfaces/lib/python3.12/site-packages/human_interfaces/action/__init__.py
[3.440s] -- Symlinking: /workspaces/ros2-coding/install/human_interfaces/lib/python3.12/site-packages/human_interfaces/action/_gait_path.py
[3.489s] -- Symlinking: /workspaces/ros2-coding/install/human_interfaces/lib/python3.12/site-packages/human_interfaces/action/_gait_path_s.c
[3.545s] -- Symlinking: /workspaces/ros2-coding/install/human_interfaces/lib/python3.12/site-packages/human_interfaces/human_interfaces_s__rosidl_typesupport_c.so
[3.599s] -- Symlinking: /workspaces/ros2-coding/install/human_interfaces/lib/python3.12/site-packages/human_interfaces/human_interfaces_s__rosidl_typesupport_fastrtps_c.so
[3.654s] -- Symlinking: /workspaces/ros2-coding/install/human_interfaces/lib/python3.12/site-packages/human_interfaces/human_interfaces_s__rosidl_typesupport_introspection_c.so
[3.704s] -- Symlinking: /workspaces/ros2-coding/install/human_interfaces/lib/python3.12/site-packages/human_interfaces/msg/__init__.py
[3.777s] -- Symlinking: /workspaces/ros2-coding/install/human_interfaces/lib/python3.12/site-packages/human_interfaces/msg/_arm_swing_command.py
[3.834s] -- Symlinking: /workspaces/ros2-coding/install/human_interfaces/lib/python3.12/site-packages/human_interfaces/msg/_arm_swing_command_s.c
[3.865s] -- Symlinking: /workspaces/ros2-coding/install/human_interfaces/lib/python3.12/site-packages/human_interfaces/msg/_kick_command.py
[3.887s] -- Symlinking: /workspaces/ros2-coding/install/human_interfaces/lib/python3.12/site-packages/human_interfaces/msg/_kick_command_s.c
[3.930s] -- Symlinking: /workspaces/ros2-coding/install/human_interfaces/lib/python3.12/site-packages/human_interfaces/srv/__init__.py
[3.954s] -- Symlinking: /workspaces/ros2-coding/install/human_interfaces/lib/python3.12/site-packages/human_interfaces/srv/_inverse_kinematics.py
[3.985s] -- Symlinking: /workspaces/ros2-coding/install/human_interfaces/lib/python3.12/site-packages/human_interfaces/srv/_inverse_kinematics_s.c
[4.026s] -- Up-to-date symlink: /workspaces/ros2-coding/install/human_interfaces/lib/python3.12/site-packages/human_interfaces/human_interfaces_s__rosidl_typesupport_fastrtps_c.so
[4.027s] -- Up-to-date symlink: /workspaces/ros2-coding/install/human_interfaces/lib/python3.12/site-packages/human_interfaces/human_interfaces_s__rosidl_typesupport_introspection_c.so
[4.029s] -- Up-to-date symlink: /workspaces/ros2-coding/install/human_interfaces/lib/python3.12/site-packages/human_interfaces/human_interfaces_s__rosidl_typesupport_c.so
[4.030s] -- Symlinking: /workspaces/ros2-coding/install/human_interfaces/share/human_interfaces/msg/KickCommand.idl
[4.055s] -- Symlinking: /workspaces/ros2-coding/install/human_interfaces/share/human_interfaces/msg/ArmSwingCommand.idl
[4.073s] -- Symlinking: /workspaces/ros2-coding/install/human_interfaces/share/human_interfaces/srv/InverseKinematics.idl
[4.096s] -- Symlinking: /workspaces/ros2-coding/install/human_interfaces/share/human_interfaces/action/GaitPath.idl
[4.150s] -- Symlinking: /workspaces/ros2-coding/install/human_interfaces/share/human_interfaces/msg/KickCommand.msg
[4.184s] -- Symlinking: /workspaces/ros2-coding/install/human_interfaces/share/human_interfaces/msg/ArmSwingCommand.msg
[4.225s] -- Symlinking: /workspaces/ros2-coding/install/human_interfaces/share/human_interfaces/srv/InverseKinematics.srv
[4.262s] -- Symlinking: /workspaces/ros2-coding/install/human_interfaces/share/human_interfaces/action/GaitPath.action
[4.297s] -- Symlinking: /workspaces/ros2-coding/install/human_interfaces/share/ament_index/resource_index/package_run_dependencies/human_interfaces
[4.334s] -- Symlinking: /workspaces/ros2-coding/install/human_interfaces/share/ament_index/resource_index/parent_prefix_path/human_interfaces
[4.364s] -- Symlinking: /workspaces/ros2-coding/install/human_interfaces/share/human_interfaces/environment/ament_prefix_path.sh
[4.395s] -- Symlinking: /workspaces/ros2-coding/install/human_interfaces/share/human_interfaces/environment/ament_prefix_path.dsv
[4.436s] -- Symlinking: /workspaces/ros2-coding/install/human_interfaces/share/human_interfaces/environment/path.sh
[4.486s] -- Symlinking: /workspaces/ros2-coding/install/human_interfaces/share/human_interfaces/environment/path.dsv
[4.541s] -- Symlinking: /workspaces/ros2-coding/install/human_interfaces/share/human_interfaces/local_setup.bash
[4.572s] -- Symlinking: /workspaces/ros2-coding/install/human_interfaces/share/human_interfaces/local_setup.sh
[4.597s] -- Symlinking: /workspaces/ros2-coding/install/human_interfaces/share/human_interfaces/local_setup.zsh
[4.630s] -- Symlinking: /workspaces/ros2-coding/install/human_interfaces/share/human_interfaces/local_setup.dsv
[4.667s] -- Symlinking: /workspaces/ros2-coding/install/human_interfaces/share/human_interfaces/package.dsv
[4.701s] -- Symlinking: /workspaces/ros2-coding/install/human_interfaces/share/ament_index/resource_index/packages/human_interfaces
[4.732s] -- Symlinking: /workspaces/ros2-coding/install/human_interfaces/share/human_interfaces/cmake/rosidl_cmake-extras.cmake
[4.752s] -- Symlinking: /workspaces/ros2-coding/install/human_interfaces/share/human_interfaces/cmake/ament_cmake_export_dependencies-extras.cmake
[4.799s] -- Symlinking: /workspaces/ros2-coding/install/human_interfaces/share/human_interfaces/cmake/ament_cmake_export_include_directories-extras.cmake
[4.839s] -- Symlinking: /workspaces/ros2-coding/install/human_interfaces/share/human_interfaces/cmake/ament_cmake_export_libraries-extras.cmake
[4.880s] -- Symlinking: /workspaces/ros2-coding/install/human_interfaces/share/human_interfaces/cmake/ament_cmake_export_targets-extras.cmake
[4.901s] -- Symlinking: /workspaces/ros2-coding/install/human_interfaces/share/human_interfaces/cmake/rosidl_cmake_export_typesupport_targets-extras.cmake
[4.932s] -- Symlinking: /workspaces/ros2-coding/install/human_interfaces/share/human_interfaces/cmake/rosidl_cmake_export_typesupport_libraries-extras.cmake
[4.959s] -- Symlinking: /workspaces/ros2-coding/install/human_interfaces/share/human_interfaces/cmake/human_interfacesConfig.cmake
[4.988s] -- Symlinking: /workspaces/ros2-coding/install/human_interfaces/share/human_interfaces/cmake/human_interfacesConfig-version.cmake
[5.004s] -- Symlinking: /workspaces/ros2-coding/install/human_interfaces/share/human_interfaces/package.xml
[5.042s] -- Installing: /workspaces/ros2-coding/install/human_interfaces/lib/libhuman_interfaces__rosidl_generator_c.so
[5.043s] -- Set non-toolchain portion of runtime path of "/workspaces/ros2-coding/install/human_interfaces/lib/libhuman_interfaces__rosidl_generator_c.so" to ""
[5.043s] -- Installing: /workspaces/ros2-coding/install/human_interfaces/lib/libhuman_interfaces__rosidl_typesupport_fastrtps_c.so
[5.046s] -- Set non-toolchain portion of runtime path of "/workspaces/ros2-coding/install/human_interfaces/lib/libhuman_interfaces__rosidl_typesupport_fastrtps_c.so" to ""
[5.047s] -- Installing: /workspaces/ros2-coding/install/human_interfaces/lib/libhuman_interfaces__rosidl_typesupport_introspection_c.so
[5.048s] -- Set non-toolchain portion of runtime path of "/workspaces/ros2-coding/install/human_interfaces/lib/libhuman_interfaces__rosidl_typesupport_introspection_c.so" to ""
[5.051s] -- Installing: /workspaces/ros2-coding/install/human_interfaces/lib/libhuman_interfaces__rosidl_typesupport_c.so
[5.053s] -- Set non-toolchain portion of runtime path of "/workspaces/ros2-coding/install/human_interfaces/lib/libhuman_interfaces__rosidl_typesupport_c.so" to ""
[5.053s] -- Installing: /workspaces/ros2-coding/install/human_interfaces/lib/libhuman_interfaces__rosidl_typesupport_fastrtps_cpp.so
[5.057s] -- Set non-toolchain portion of runtime path of "/workspaces/ros2-coding/install/human_interfaces/lib/libhuman_interfaces__rosidl_typesupport_fastrtps_cpp.so" to ""
[5.058s] -- Installing: /workspaces/ros2-coding/install/human_interfaces/lib/libhuman_interfaces__rosidl_typesupport_introspection_cpp.so
[5.059s] -- Set non-toolchain portion of runtime path of "/workspaces/ros2-coding/install/human_interfaces/lib/libhuman_interfaces__rosidl_typesupport_introspection_cpp.so" to ""
[5.061s] -- Installing: /workspaces/ros2-coding/install/human_interfaces/lib/libhuman_interfaces__rosidl_typesupport_cpp.so
[5.061s] -- Set non-toolchain portion of runtime path of "/workspaces/ros2-coding/install/human_interfaces/lib/libhuman_interfaces__rosidl_typesupport_cpp.so" to ""
[5.160s] Listing '/workspaces/ros2-coding/install/human_interfaces/lib/python3.12/site-packages/human_interfaces'...
[5.161s] Compiling '/workspaces/ros2-coding/install/human_interfaces/lib/python3.12/site-packages/human_interfaces/__init__.py'...
[5.162s] Listing '/workspaces/ros2-coding/install/human_interfaces/lib/python3.12/site-packages/human_interfaces/action'...
[5.162s] Compiling '/workspaces/ros2-coding/install/human_interfaces/lib/python3.12/site-packages/human_interfaces/action/__init__.py'...
[5.163s] Compiling '/workspaces/ros2-coding/install/human_interfaces/lib/python3.12/site-packages/human_interfaces/action/_gait_path.py'...
[5.164s] Listing '/workspaces/ros2-coding/install/human_interfaces/lib/python3.12/site-packages/human_interfaces/msg'...
[5.164s] Compiling '/workspaces/ros2-coding/install/human_interfaces/lib/python3.12/site-packages/human_interfaces/msg/__init__.py'...
[5.165s] Compiling '/workspaces/ros2-coding/install/human_interfaces/lib/python3.12/site-packages/human_interfaces/msg/_arm_swing_command.py'...
[5.166s] Compiling '/workspaces/ros2-coding/install/human_interfaces/lib/python3.12/site-packages/human_interfaces/msg/_kick_command.py'...
[5.166s] Listing '/workspaces/ros2-coding/install/human_interfaces/lib/python3.12/site-packages/human_interfaces/srv'...
[5.167s] Compiling '/workspaces/ros2-coding/install/human_interfaces/lib/python3.12/site-packages/human_interfaces/srv/__init__.py'...
[5.167s] Compiling '/workspaces/ros2-coding/install/human_interfaces/lib/python3.12/site-packages/human_interfaces/srv/_inverse_kinematics.py'...
[5.170s] -- Installing: /workspaces/ros2-coding/install/human_interfaces/lib/libhuman_interfaces__rosidl_generator_py.so
[5.172s] -- Set non-toolchain portion of runtime path of "/workspaces/ros2-coding/install/human_interfaces/lib/libhuman_interfaces__rosidl_generator_py.so" to ""
[5.173s] -- Installing: /workspaces/ros2-coding/install/human_interfaces/share/human_interfaces/cmake/export_human_interfaces__rosidl_generator_cExport.cmake
[5.174s] -- Installing: /workspaces/ros2-coding/install/human_interfaces/share/human_interfaces/cmake/export_human_interfaces__rosidl_generator_cExport-noconfig.cmake
[5.174s] -- Installing: /workspaces/ros2-coding/install/human_interfaces/share/human_interfaces/cmake/export_human_interfaces__rosidl_typesupport_fastrtps_cExport.cmake
[5.175s] -- Installing: /workspaces/ros2-coding/install/human_interfaces/share/human_interfaces/cmake/export_human_interfaces__rosidl_typesupport_fastrtps_cExport-noconfig.cmake
[5.176s] -- Installing: /workspaces/ros2-coding/install/human_interfaces/share/human_interfaces/cmake/human_interfaces__rosidl_typesupport_introspection_cExport.cmake
[5.176s] -- Installing: /workspaces/ros2-coding/install/human_interfaces/share/human_interfaces/cmake/human_interfaces__rosidl_typesupport_introspection_cExport-noconfig.cmake
[5.177s] -- Installing: /workspaces/ros2-coding/install/human_interfaces/share/human_interfaces/cmake/human_interfaces__rosidl_typesupport_cExport.cmake
[5.178s] -- Installing: /workspaces/ros2-coding/install/human_interfaces/share/human_interfaces/cmake/human_interfaces__rosidl_typesupport_cExport-noconfig.cmake
[5.178s] -- Installing: /workspaces/ros2-coding/install/human_interfaces/share/human_interfaces/cmake/export_human_interfaces__rosidl_generator_cppExport.cmake
[5.179s] -- Installing: /workspaces/ros2-coding/install/human_interfaces/share/human_interfaces/cmake/export_human_interfaces__rosidl_typesupport_fastrtps_cppExport.cmake
[5.179s] -- Installing: /workspaces/ros2-coding/install/human_interfaces/share/human_interfaces/cmake/export_human_interfaces__rosidl_typesupport_fastrtps_cppExport-noconfig.cmake
[5.181s] -- Installing: /workspaces/ros2-coding/install/human_interfaces/share/human_interfaces/cmake/human_interfaces__rosidl_typesupport_introspection_cppExport.cmake
[5.183s] -- Installing: /workspaces/ros2-coding/install/human_interfaces/share/human_interfaces/cmake/human_interfaces__rosidl_typesupport_introspection_cppExport-noconfig.cmake
[5.183s] -- Installing: /workspaces/ros2-coding/install/human_interfaces/share/human_interfaces/cmake/human_interfaces__rosidl_typesupport_cppExport.cmake
[5.184s] -- Installing: /workspaces/ros2-coding/install/human_interfaces/share/human_interfaces/cmake/human_interfaces__rosidl_typesupport_cppExport-noconfig.cmake
[5.187s] -- Installing: /workspaces/ros2-coding/install/human_interfaces/share/human_interfaces/cmake/export_human_interfaces__rosidl_generator_pyExport.cmake
[5.188s] -- Installing: /workspaces/ros2-coding/install/human_interfaces/share/human_interfaces/cmake/export_human_interfaces__rosidl_generator_pyExport-noconfig.cmake
[5.188s] Invoked command in '/workspaces/ros2-coding/build/human_interfaces' returned '0': CMAKE_PREFIX_PATH=${CMAKE_PREFIX_PATH}:/workspaces/ros2-coding/install/rqt_joint_trajectory_controller:/workspaces/ros2-coding/install/rqt_controller_manager:/workspaces/ros2-coding/install/ros2controlcli:/workspaces/ros2-coding/install/ros2_controllers_test_nodes:/workspaces/ros2-coding/install/my_turtlesim:/workspaces/ros2-coding/install/issac_sim:/workspaces/ros2-coding/install/isaac_ros_navigation_goal:/workspaces/ros2-coding/install/human_controller:/opt/ros/jazzy VIRTUAL_ENV_PROMPT=(.venv) /usr/bin/cmake --install /workspaces/ros2-coding/build/human_interfaces
