[0.219s] Invoking command in '/workspaces/ros2-coding/build/custom_message': CMAKE_PREFIX_PATH=${CMAKE_PREFIX_PATH}:/workspaces/ros2-coding/install/rqt_joint_trajectory_controller:/workspaces/ros2-coding/install/rqt_controller_manager:/workspaces/ros2-coding/install/ros2controlcli:/workspaces/ros2-coding/install/ros2_controllers_test_nodes:/workspaces/ros2-coding/install/my_turtlesim:/workspaces/ros2-coding/install/issac_sim:/workspaces/ros2-coding/install/isaac_ros_navigation_goal:/workspaces/ros2-coding/install/human_controller:/opt/ros/jazzy /usr/bin/cmake --build /workspaces/ros2-coding/build/custom_message -- -j4 -l4
[0.627s] [  2%] Built target custom_message__rosidl_generator_type_description
[0.787s] [  2%] Built target ament_cmake_python_symlink_custom_message
[0.882s] [  5%] Built target custom_message__cpp
[1.807s] running egg_info
[1.890s] writing custom_message.egg-info/PKG-INFO
[1.890s] writing dependency_links to custom_message.egg-info/dependency_links.txt
[1.890s] writing top-level names to custom_message.egg-info/top_level.txt
[2.046s] reading manifest file 'custom_message.egg-info/SOURCES.txt'
[2.062s] writing manifest file 'custom_message.egg-info/SOURCES.txt'
[2.219s] [  5%] Built target ament_cmake_python_build_custom_message_egg
[2.545s] [ 20%] Built target custom_message__rosidl_generator_c
[2.703s] [ 29%] Built target custom_message__rosidl_typesupport_c
[2.940s] [ 38%] Built target custom_message__rosidl_typesupport_fastrtps_c
[3.110s] [ 47%] Built target custom_message__rosidl_typesupport_fastrtps_cpp
[3.213s] [ 55%] Built target custom_message__rosidl_typesupport_introspection_c
[3.357s] [ 64%] Built target custom_message__rosidl_typesupport_cpp
[3.495s] [ 73%] Built target custom_message__rosidl_typesupport_introspection_cpp
[3.651s] [ 73%] Built target custom_message
[3.808s] [ 76%] Built target custom_message__py
[3.993s] [ 82%] Built target custom_message__rosidl_generator_py
[4.329s] [ 88%] Built target custom_message_s__rosidl_typesupport_fastrtps_c
[4.555s] [ 94%] Built target custom_message_s__rosidl_typesupport_c
[4.697s] [100%] Built target custom_message_s__rosidl_typesupport_introspection_c
[4.739s] Invoked command in '/workspaces/ros2-coding/build/custom_message' returned '0': CMAKE_PREFIX_PATH=${CMAKE_PREFIX_PATH}:/workspaces/ros2-coding/install/rqt_joint_trajectory_controller:/workspaces/ros2-coding/install/rqt_controller_manager:/workspaces/ros2-coding/install/ros2controlcli:/workspaces/ros2-coding/install/ros2_controllers_test_nodes:/workspaces/ros2-coding/install/my_turtlesim:/workspaces/ros2-coding/install/issac_sim:/workspaces/ros2-coding/install/isaac_ros_navigation_goal:/workspaces/ros2-coding/install/human_controller:/opt/ros/jazzy /usr/bin/cmake --build /workspaces/ros2-coding/build/custom_message -- -j4 -l4
[4.748s] Invoking command in '/workspaces/ros2-coding/build/custom_message': CMAKE_PREFIX_PATH=${CMAKE_PREFIX_PATH}:/workspaces/ros2-coding/install/rqt_joint_trajectory_controller:/workspaces/ros2-coding/install/rqt_controller_manager:/workspaces/ros2-coding/install/ros2controlcli:/workspaces/ros2-coding/install/ros2_controllers_test_nodes:/workspaces/ros2-coding/install/my_turtlesim:/workspaces/ros2-coding/install/issac_sim:/workspaces/ros2-coding/install/isaac_ros_navigation_goal:/workspaces/ros2-coding/install/human_controller:/opt/ros/jazzy /usr/bin/cmake --install /workspaces/ros2-coding/build/custom_message
[4.782s] -- Install configuration: ""
[4.782s] -- Execute custom install script
[4.782s] -- Up-to-date symlink: /workspaces/ros2-coding/install/custom_message/share/ament_index/resource_index/rosidl_interfaces/custom_message
[4.782s] -- Up-to-date symlink: /workspaces/ros2-coding/install/custom_message/share/custom_message/msg/SampleMsg.json
[4.784s] -- Up-to-date symlink: /workspaces/ros2-coding/install/custom_message/include/custom_message/custom_message/msg/detail/sample_msg__functions.h
[4.784s] -- Up-to-date symlink: /workspaces/ros2-coding/install/custom_message/include/custom_message/custom_message/msg/detail/sample_msg__struct.h
[4.785s] -- Up-to-date symlink: /workspaces/ros2-coding/install/custom_message/include/custom_message/custom_message/msg/detail/sample_msg__type_support.h
[4.785s] -- Up-to-date symlink: /workspaces/ros2-coding/install/custom_message/include/custom_message/custom_message/msg/rosidl_generator_c__visibility_control.h
[4.785s] -- Up-to-date symlink: /workspaces/ros2-coding/install/custom_message/include/custom_message/custom_message/msg/sample_msg.h
[4.785s] -- Up-to-date symlink: /workspaces/ros2-coding/install/custom_message/share/custom_message/environment/library_path.sh
[4.785s] -- Up-to-date symlink: /workspaces/ros2-coding/install/custom_message/share/custom_message/environment/library_path.dsv
[4.786s] -- Up-to-date symlink: /workspaces/ros2-coding/install/custom_message/include/custom_message/custom_message/msg/detail/sample_msg__rosidl_typesupport_fastrtps_c.h
[4.787s] -- Up-to-date symlink: /workspaces/ros2-coding/install/custom_message/include/custom_message/custom_message/msg/rosidl_typesupport_fastrtps_c__visibility_control.h
[4.787s] -- Up-to-date symlink: /workspaces/ros2-coding/install/custom_message/include/custom_message/custom_message/msg/detail/sample_msg__builder.hpp
[4.788s] -- Up-to-date symlink: /workspaces/ros2-coding/install/custom_message/include/custom_message/custom_message/msg/detail/sample_msg__struct.hpp
[4.788s] -- Up-to-date symlink: /workspaces/ros2-coding/install/custom_message/include/custom_message/custom_message/msg/detail/sample_msg__traits.hpp
[4.788s] -- Up-to-date symlink: /workspaces/ros2-coding/install/custom_message/include/custom_message/custom_message/msg/detail/sample_msg__type_support.hpp
[4.791s] -- Up-to-date symlink: /workspaces/ros2-coding/install/custom_message/include/custom_message/custom_message/msg/rosidl_generator_cpp__visibility_control.hpp
[4.791s] -- Up-to-date symlink: /workspaces/ros2-coding/install/custom_message/include/custom_message/custom_message/msg/sample_msg.hpp
[4.793s] -- Up-to-date symlink: /workspaces/ros2-coding/install/custom_message/include/custom_message/custom_message/msg/detail/sample_msg__rosidl_typesupport_fastrtps_cpp.hpp
[4.793s] -- Up-to-date symlink: /workspaces/ros2-coding/install/custom_message/include/custom_message/custom_message/msg/rosidl_typesupport_fastrtps_cpp__visibility_control.h
[4.794s] -- Up-to-date symlink: /workspaces/ros2-coding/install/custom_message/include/custom_message/custom_message/msg/detail/sample_msg__rosidl_typesupport_introspection_c.h
[4.795s] -- Up-to-date symlink: /workspaces/ros2-coding/install/custom_message/include/custom_message/custom_message/msg/rosidl_typesupport_introspection_c__visibility_control.h
[4.796s] -- Up-to-date symlink: /workspaces/ros2-coding/install/custom_message/include/custom_message/custom_message/msg/detail/sample_msg__rosidl_typesupport_introspection_cpp.hpp
[4.796s] -- Up-to-date symlink: /workspaces/ros2-coding/install/custom_message/share/custom_message/environment/pythonpath.sh
[4.800s] -- Up-to-date symlink: /workspaces/ros2-coding/install/custom_message/share/custom_message/environment/pythonpath.dsv
[4.802s] -- Up-to-date symlink: /workspaces/ros2-coding/install/custom_message/lib/python3.12/site-packages/custom_message-0.0.0-py3.12.egg-info/PKG-INFO
[4.803s] -- Up-to-date symlink: /workspaces/ros2-coding/install/custom_message/lib/python3.12/site-packages/custom_message-0.0.0-py3.12.egg-info/SOURCES.txt
[4.804s] -- Up-to-date symlink: /workspaces/ros2-coding/install/custom_message/lib/python3.12/site-packages/custom_message-0.0.0-py3.12.egg-info/dependency_links.txt
[4.805s] -- Up-to-date symlink: /workspaces/ros2-coding/install/custom_message/lib/python3.12/site-packages/custom_message-0.0.0-py3.12.egg-info/top_level.txt
[4.808s] -- Up-to-date symlink: /workspaces/ros2-coding/install/custom_message/lib/python3.12/site-packages/custom_message/__init__.py
[4.809s] -- Up-to-date symlink: /workspaces/ros2-coding/install/custom_message/lib/python3.12/site-packages/custom_message/_custom_message_s.ep.rosidl_typesupport_c.c
[4.809s] -- Up-to-date symlink: /workspaces/ros2-coding/install/custom_message/lib/python3.12/site-packages/custom_message/_custom_message_s.ep.rosidl_typesupport_fastrtps_c.c
[4.810s] -- Up-to-date symlink: /workspaces/ros2-coding/install/custom_message/lib/python3.12/site-packages/custom_message/_custom_message_s.ep.rosidl_typesupport_introspection_c.c
[4.811s] -- Up-to-date symlink: /workspaces/ros2-coding/install/custom_message/lib/python3.12/site-packages/custom_message/custom_message_s__rosidl_typesupport_c.so
[4.811s] -- Up-to-date symlink: /workspaces/ros2-coding/install/custom_message/lib/python3.12/site-packages/custom_message/custom_message_s__rosidl_typesupport_fastrtps_c.so
[4.812s] -- Up-to-date symlink: /workspaces/ros2-coding/install/custom_message/lib/python3.12/site-packages/custom_message/custom_message_s__rosidl_typesupport_introspection_c.so
[4.812s] -- Up-to-date symlink: /workspaces/ros2-coding/install/custom_message/lib/python3.12/site-packages/custom_message/msg/__init__.py
[4.813s] -- Up-to-date symlink: /workspaces/ros2-coding/install/custom_message/lib/python3.12/site-packages/custom_message/msg/_sample_msg.py
[4.813s] -- Up-to-date symlink: /workspaces/ros2-coding/install/custom_message/lib/python3.12/site-packages/custom_message/msg/_sample_msg_s.c
[4.844s] -- Up-to-date symlink: /workspaces/ros2-coding/install/custom_message/lib/python3.12/site-packages/custom_message/custom_message_s__rosidl_typesupport_fastrtps_c.so
[4.845s] -- Up-to-date symlink: /workspaces/ros2-coding/install/custom_message/lib/python3.12/site-packages/custom_message/custom_message_s__rosidl_typesupport_introspection_c.so
[4.849s] -- Up-to-date symlink: /workspaces/ros2-coding/install/custom_message/lib/python3.12/site-packages/custom_message/custom_message_s__rosidl_typesupport_c.so
[4.849s] -- Up-to-date symlink: /workspaces/ros2-coding/install/custom_message/share/custom_message/msg/SampleMsg.idl
[4.850s] -- Up-to-date symlink: /workspaces/ros2-coding/install/custom_message/share/custom_message/msg/SampleMsg.msg
[4.850s] -- Up-to-date symlink: /workspaces/ros2-coding/install/custom_message/share/ament_index/resource_index/package_run_dependencies/custom_message
[4.851s] -- Up-to-date symlink: /workspaces/ros2-coding/install/custom_message/share/ament_index/resource_index/parent_prefix_path/custom_message
[4.854s] -- Up-to-date symlink: /workspaces/ros2-coding/install/custom_message/share/custom_message/environment/ament_prefix_path.sh
[4.854s] -- Up-to-date symlink: /workspaces/ros2-coding/install/custom_message/share/custom_message/environment/ament_prefix_path.dsv
[4.855s] -- Up-to-date symlink: /workspaces/ros2-coding/install/custom_message/share/custom_message/environment/path.sh
[4.855s] -- Up-to-date symlink: /workspaces/ros2-coding/install/custom_message/share/custom_message/environment/path.dsv
[4.855s] -- Up-to-date symlink: /workspaces/ros2-coding/install/custom_message/share/custom_message/local_setup.bash
[4.855s] -- Up-to-date symlink: /workspaces/ros2-coding/install/custom_message/share/custom_message/local_setup.sh
[4.856s] -- Up-to-date symlink: /workspaces/ros2-coding/install/custom_message/share/custom_message/local_setup.zsh
[4.857s] -- Up-to-date symlink: /workspaces/ros2-coding/install/custom_message/share/custom_message/local_setup.dsv
[4.857s] -- Symlinking: /workspaces/ros2-coding/install/custom_message/share/custom_message/package.dsv
[4.916s] -- Up-to-date symlink: /workspaces/ros2-coding/install/custom_message/share/ament_index/resource_index/packages/custom_message
[4.919s] -- Up-to-date symlink: /workspaces/ros2-coding/install/custom_message/share/custom_message/cmake/rosidl_cmake-extras.cmake
[4.921s] -- Up-to-date symlink: /workspaces/ros2-coding/install/custom_message/share/custom_message/cmake/ament_cmake_export_dependencies-extras.cmake
[4.922s] -- Up-to-date symlink: /workspaces/ros2-coding/install/custom_message/share/custom_message/cmake/ament_cmake_export_include_directories-extras.cmake
[4.923s] -- Up-to-date symlink: /workspaces/ros2-coding/install/custom_message/share/custom_message/cmake/ament_cmake_export_libraries-extras.cmake
[4.925s] -- Up-to-date symlink: /workspaces/ros2-coding/install/custom_message/share/custom_message/cmake/ament_cmake_export_targets-extras.cmake
[4.927s] -- Up-to-date symlink: /workspaces/ros2-coding/install/custom_message/share/custom_message/cmake/rosidl_cmake_export_typesupport_targets-extras.cmake
[4.929s] -- Up-to-date symlink: /workspaces/ros2-coding/install/custom_message/share/custom_message/cmake/rosidl_cmake_export_typesupport_libraries-extras.cmake
[4.929s] -- Up-to-date symlink: /workspaces/ros2-coding/install/custom_message/share/custom_message/cmake/custom_messageConfig.cmake
[4.934s] -- Up-to-date symlink: /workspaces/ros2-coding/install/custom_message/share/custom_message/cmake/custom_messageConfig-version.cmake
[4.934s] -- Up-to-date symlink: /workspaces/ros2-coding/install/custom_message/share/custom_message/package.xml
[4.943s] -- Up-to-date: /workspaces/ros2-coding/install/custom_message/lib/libcustom_message__rosidl_generator_c.so
[4.947s] -- Up-to-date: /workspaces/ros2-coding/install/custom_message/lib/libcustom_message__rosidl_typesupport_fastrtps_c.so
[4.947s] -- Up-to-date: /workspaces/ros2-coding/install/custom_message/lib/libcustom_message__rosidl_typesupport_fastrtps_cpp.so
[4.947s] -- Up-to-date: /workspaces/ros2-coding/install/custom_message/lib/libcustom_message__rosidl_typesupport_introspection_c.so
[4.971s] -- Up-to-date: /workspaces/ros2-coding/install/custom_message/lib/libcustom_message__rosidl_typesupport_c.so
[4.971s] -- Up-to-date: /workspaces/ros2-coding/install/custom_message/lib/libcustom_message__rosidl_typesupport_introspection_cpp.so
[4.971s] -- Up-to-date: /workspaces/ros2-coding/install/custom_message/lib/libcustom_message__rosidl_typesupport_cpp.so
[5.333s] Listing '/workspaces/ros2-coding/install/custom_message/lib/python3.12/site-packages/custom_message'...
[5.334s] Listing '/workspaces/ros2-coding/install/custom_message/lib/python3.12/site-packages/custom_message/msg'...
[5.377s] -- Up-to-date: /workspaces/ros2-coding/install/custom_message/lib/libcustom_message__rosidl_generator_py.so
[5.405s] -- Up-to-date: /workspaces/ros2-coding/install/custom_message/share/custom_message/cmake/export_custom_message__rosidl_generator_cExport.cmake
[5.405s] -- Up-to-date: /workspaces/ros2-coding/install/custom_message/share/custom_message/cmake/export_custom_message__rosidl_generator_cExport-noconfig.cmake
[5.475s] -- Up-to-date: /workspaces/ros2-coding/install/custom_message/share/custom_message/cmake/export_custom_message__rosidl_typesupport_fastrtps_cExport.cmake
[5.476s] -- Up-to-date: /workspaces/ros2-coding/install/custom_message/share/custom_message/cmake/export_custom_message__rosidl_typesupport_fastrtps_cExport-noconfig.cmake
[5.476s] -- Up-to-date: /workspaces/ros2-coding/install/custom_message/share/custom_message/cmake/export_custom_message__rosidl_generator_cppExport.cmake
[5.477s] -- Up-to-date: /workspaces/ros2-coding/install/custom_message/share/custom_message/cmake/export_custom_message__rosidl_typesupport_fastrtps_cppExport.cmake
[5.477s] -- Up-to-date: /workspaces/ros2-coding/install/custom_message/share/custom_message/cmake/export_custom_message__rosidl_typesupport_fastrtps_cppExport-noconfig.cmake
[5.483s] -- Up-to-date: /workspaces/ros2-coding/install/custom_message/share/custom_message/cmake/custom_message__rosidl_typesupport_introspection_cExport.cmake
[5.483s] -- Up-to-date: /workspaces/ros2-coding/install/custom_message/share/custom_message/cmake/custom_message__rosidl_typesupport_introspection_cExport-noconfig.cmake
[5.484s] -- Up-to-date: /workspaces/ros2-coding/install/custom_message/share/custom_message/cmake/custom_message__rosidl_typesupport_cExport.cmake
[5.484s] -- Up-to-date: /workspaces/ros2-coding/install/custom_message/share/custom_message/cmake/custom_message__rosidl_typesupport_cExport-noconfig.cmake
[5.488s] -- Up-to-date: /workspaces/ros2-coding/install/custom_message/share/custom_message/cmake/custom_message__rosidl_typesupport_introspection_cppExport.cmake
[5.488s] -- Up-to-date: /workspaces/ros2-coding/install/custom_message/share/custom_message/cmake/custom_message__rosidl_typesupport_introspection_cppExport-noconfig.cmake
[5.490s] -- Up-to-date: /workspaces/ros2-coding/install/custom_message/share/custom_message/cmake/custom_message__rosidl_typesupport_cppExport.cmake
[5.491s] -- Up-to-date: /workspaces/ros2-coding/install/custom_message/share/custom_message/cmake/custom_message__rosidl_typesupport_cppExport-noconfig.cmake
[5.491s] -- Up-to-date: /workspaces/ros2-coding/install/custom_message/share/custom_message/cmake/export_custom_message__rosidl_generator_pyExport.cmake
[5.491s] -- Up-to-date: /workspaces/ros2-coding/install/custom_message/share/custom_message/cmake/export_custom_message__rosidl_generator_pyExport-noconfig.cmake
[5.496s] Invoked command in '/workspaces/ros2-coding/build/custom_message' returned '0': CMAKE_PREFIX_PATH=${CMAKE_PREFIX_PATH}:/workspaces/ros2-coding/install/rqt_joint_trajectory_controller:/workspaces/ros2-coding/install/rqt_controller_manager:/workspaces/ros2-coding/install/ros2controlcli:/workspaces/ros2-coding/install/ros2_controllers_test_nodes:/workspaces/ros2-coding/install/my_turtlesim:/workspaces/ros2-coding/install/issac_sim:/workspaces/ros2-coding/install/isaac_ros_navigation_goal:/workspaces/ros2-coding/install/human_controller:/opt/ros/jazzy /usr/bin/cmake --install /workspaces/ros2-coding/build/custom_message
