[0.078s] Invoking command in '/workspaces/ros2-coding/build/isaacsim': CMAKE_PREFIX_PATH=${CMAKE_PREFIX_PATH}:/workspaces/ros2-coding/install/human_controller:/workspaces/ros2-coding/install/rqt_joint_trajectory_controller:/workspaces/ros2-coding/install/rqt_controller_manager:/workspaces/ros2-coding/install/ros2controlcli:/workspaces/ros2-coding/install/ros2_controllers_test_nodes:/workspaces/ros2-coding/install/my_turtlesim:/workspaces/ros2-coding/install/issac_sim:/workspaces/ros2-coding/install/isaac_ros_navigation_goal:/opt/ros/jazzy /usr/bin/cmake --build /workspaces/ros2-coding/build/isaacsim -- -j4 -l4
[0.326s] Invoked command in '/workspaces/ros2-coding/build/isaacsim' returned '0': CMAKE_PREFIX_PATH=${CMAKE_PREFIX_PATH}:/workspaces/ros2-coding/install/human_controller:/workspaces/ros2-coding/install/rqt_joint_trajectory_controller:/workspaces/ros2-coding/install/rqt_controller_manager:/workspaces/ros2-coding/install/ros2controlcli:/workspaces/ros2-coding/install/ros2_controllers_test_nodes:/workspaces/ros2-coding/install/my_turtlesim:/workspaces/ros2-coding/install/issac_sim:/workspaces/ros2-coding/install/isaac_ros_navigation_goal:/opt/ros/jazzy /usr/bin/cmake --build /workspaces/ros2-coding/build/isaacsim -- -j4 -l4
[0.327s] Invoking command in '/workspaces/ros2-coding/build/isaacsim': CMAKE_PREFIX_PATH=${CMAKE_PREFIX_PATH}:/workspaces/ros2-coding/install/human_controller:/workspaces/ros2-coding/install/rqt_joint_trajectory_controller:/workspaces/ros2-coding/install/rqt_controller_manager:/workspaces/ros2-coding/install/ros2controlcli:/workspaces/ros2-coding/install/ros2_controllers_test_nodes:/workspaces/ros2-coding/install/my_turtlesim:/workspaces/ros2-coding/install/issac_sim:/workspaces/ros2-coding/install/isaac_ros_navigation_goal:/opt/ros/jazzy /usr/bin/cmake --install /workspaces/ros2-coding/build/isaacsim
[0.393s] -- Install configuration: ""
[0.395s] -- Execute custom install script
[0.395s] -- Up-to-date symlink: /workspaces/ros2-coding/install/isaacsim/share/isaacsim/scripts/open_isaacsim_stage.py
[0.402s] -- Up-to-date symlink: /workspaces/ros2-coding/install/isaacsim/share/isaacsim/scripts/run_isaacsim.py
[0.403s] -- Up-to-date symlink: /workspaces/ros2-coding/install/isaacsim/share/isaacsim/launch/run_isaacsim.launch.py
[0.404s] -- Up-to-date symlink: /workspaces/ros2-coding/install/isaacsim/lib/isaacsim/run_isaacsim.py
[0.405s] -- Up-to-date symlink: /workspaces/ros2-coding/install/isaacsim/lib/isaacsim/open_isaacsim_stage.py
[0.410s] -- Up-to-date symlink: /workspaces/ros2-coding/install/isaacsim/share/ament_index/resource_index/package_run_dependencies/isaacsim
[0.410s] -- Up-to-date symlink: /workspaces/ros2-coding/install/isaacsim/share/ament_index/resource_index/parent_prefix_path/isaacsim
[0.410s] -- Up-to-date symlink: /workspaces/ros2-coding/install/isaacsim/share/isaacsim/environment/ament_prefix_path.sh
[0.412s] -- Up-to-date symlink: /workspaces/ros2-coding/install/isaacsim/share/isaacsim/environment/ament_prefix_path.dsv
[0.412s] -- Up-to-date symlink: /workspaces/ros2-coding/install/isaacsim/share/isaacsim/environment/path.sh
[0.414s] -- Up-to-date symlink: /workspaces/ros2-coding/install/isaacsim/share/isaacsim/environment/path.dsv
[0.419s] -- Up-to-date symlink: /workspaces/ros2-coding/install/isaacsim/share/isaacsim/local_setup.bash
[0.419s] -- Up-to-date symlink: /workspaces/ros2-coding/install/isaacsim/share/isaacsim/local_setup.sh
[0.420s] -- Up-to-date symlink: /workspaces/ros2-coding/install/isaacsim/share/isaacsim/local_setup.zsh
[0.421s] -- Up-to-date symlink: /workspaces/ros2-coding/install/isaacsim/share/isaacsim/local_setup.dsv
[0.421s] -- Symlinking: /workspaces/ros2-coding/install/isaacsim/share/isaacsim/package.dsv
[0.483s] -- Up-to-date symlink: /workspaces/ros2-coding/install/isaacsim/share/ament_index/resource_index/packages/isaacsim
[0.483s] -- Up-to-date symlink: /workspaces/ros2-coding/install/isaacsim/share/isaacsim/cmake/isaacsimConfig.cmake
[0.483s] -- Up-to-date symlink: /workspaces/ros2-coding/install/isaacsim/share/isaacsim/cmake/isaacsimConfig-version.cmake
[0.484s] -- Up-to-date symlink: /workspaces/ros2-coding/install/isaacsim/share/isaacsim/package.xml
[0.495s] Invoked command in '/workspaces/ros2-coding/build/isaacsim' returned '0': CMAKE_PREFIX_PATH=${CMAKE_PREFIX_PATH}:/workspaces/ros2-coding/install/human_controller:/workspaces/ros2-coding/install/rqt_joint_trajectory_controller:/workspaces/ros2-coding/install/rqt_controller_manager:/workspaces/ros2-coding/install/ros2controlcli:/workspaces/ros2-coding/install/ros2_controllers_test_nodes:/workspaces/ros2-coding/install/my_turtlesim:/workspaces/ros2-coding/install/issac_sim:/workspaces/ros2-coding/install/isaac_ros_navigation_goal:/opt/ros/jazzy /usr/bin/cmake --install /workspaces/ros2-coding/build/isaacsim
