[0.341s] Invoking command in '/workspaces/ros2-coding/build/custom_message': CMAKE_PREFIX_PATH=${CMAKE_PREFIX_PATH}:/workspaces/ros2-coding/install/rqt_joint_trajectory_controller:/workspaces/ros2-coding/install/rqt_controller_manager:/workspaces/ros2-coding/install/ros2controlcli:/workspaces/ros2-coding/install/ros2_controllers_test_nodes:/workspaces/ros2-coding/install/my_turtlesim:/workspaces/ros2-coding/install/issac_sim:/workspaces/ros2-coding/install/isaac_ros_navigation_goal:/workspaces/ros2-coding/install/human_controller:/opt/ros/jazzy /usr/bin/cmake --build /workspaces/ros2-coding/build/custom_message -- -j4 -l4
[0.713s] [  2%] Built target custom_message__rosidl_generator_type_description
[0.727s] [  2%] Built target ament_cmake_python_symlink_custom_message
[0.846s] [  5%] Built target custom_message__cpp
[0.965s] [ 20%] Built target custom_message__rosidl_generator_c
[1.296s] running egg_info
[1.307s] [ 29%] Built target custom_message__rosidl_typesupport_fastrtps_c
[1.307s] [ 38%] Built target custom_message__rosidl_typesupport_fastrtps_cpp
[1.312s] [ 47%] Built target custom_message__rosidl_typesupport_introspection_c
[1.326s] writing custom_message.egg-info/PKG-INFO
[1.327s] writing dependency_links to custom_message.egg-info/dependency_links.txt
[1.327s] writing top-level names to custom_message.egg-info/top_level.txt
[1.400s] reading manifest file 'custom_message.egg-info/SOURCES.txt'
[1.428s] writing manifest file 'custom_message.egg-info/SOURCES.txt'
[1.467s] [ 47%] Built target ament_cmake_python_build_custom_message_egg
[1.634s] [ 55%] Built target custom_message__rosidl_typesupport_c
[1.641s] [ 64%] Built target custom_message__rosidl_typesupport_introspection_cpp
[1.648s] [ 73%] Built target custom_message__rosidl_typesupport_cpp
[1.802s] [ 73%] Built target custom_message
[1.932s] [ 76%] Built target custom_message__py
[2.166s] [ 82%] Built target custom_message__rosidl_generator_py
[2.723s] [ 88%] Built target custom_message_s__rosidl_typesupport_introspection_c
[2.725s] [ 94%] Built target custom_message_s__rosidl_typesupport_fastrtps_c
[2.779s] [100%] Built target custom_message_s__rosidl_typesupport_c
[3.614s] Invoked command in '/workspaces/ros2-coding/build/custom_message' returned '0': CMAKE_PREFIX_PATH=${CMAKE_PREFIX_PATH}:/workspaces/ros2-coding/install/rqt_joint_trajectory_controller:/workspaces/ros2-coding/install/rqt_controller_manager:/workspaces/ros2-coding/install/ros2controlcli:/workspaces/ros2-coding/install/ros2_controllers_test_nodes:/workspaces/ros2-coding/install/my_turtlesim:/workspaces/ros2-coding/install/issac_sim:/workspaces/ros2-coding/install/isaac_ros_navigation_goal:/workspaces/ros2-coding/install/human_controller:/opt/ros/jazzy /usr/bin/cmake --build /workspaces/ros2-coding/build/custom_message -- -j4 -l4
[3.623s] Invoking command in '/workspaces/ros2-coding/build/custom_message': CMAKE_PREFIX_PATH=${CMAKE_PREFIX_PATH}:/workspaces/ros2-coding/install/rqt_joint_trajectory_controller:/workspaces/ros2-coding/install/rqt_controller_manager:/workspaces/ros2-coding/install/ros2controlcli:/workspaces/ros2-coding/install/ros2_controllers_test_nodes:/workspaces/ros2-coding/install/my_turtlesim:/workspaces/ros2-coding/install/issac_sim:/workspaces/ros2-coding/install/isaac_ros_navigation_goal:/workspaces/ros2-coding/install/human_controller:/opt/ros/jazzy /usr/bin/cmake --install /workspaces/ros2-coding/build/custom_message
[3.677s] -- Install configuration: ""
[3.681s] -- Execute custom install script
[3.681s] -- Up-to-date symlink: /workspaces/ros2-coding/install/custom_message/share/ament_index/resource_index/rosidl_interfaces/custom_message
[3.682s] -- Up-to-date symlink: /workspaces/ros2-coding/install/custom_message/share/custom_message/msg/SampleMsg.json
[3.683s] -- Up-to-date symlink: /workspaces/ros2-coding/install/custom_message/include/custom_message/custom_message/msg/detail/sample_msg__functions.h
[3.683s] -- Up-to-date symlink: /workspaces/ros2-coding/install/custom_message/include/custom_message/custom_message/msg/detail/sample_msg__struct.h
[3.684s] -- Up-to-date symlink: /workspaces/ros2-coding/install/custom_message/include/custom_message/custom_message/msg/detail/sample_msg__type_support.h
[3.684s] -- Up-to-date symlink: /workspaces/ros2-coding/install/custom_message/include/custom_message/custom_message/msg/rosidl_generator_c__visibility_control.h
[3.684s] -- Up-to-date symlink: /workspaces/ros2-coding/install/custom_message/include/custom_message/custom_message/msg/sample_msg.h
[3.684s] -- Up-to-date symlink: /workspaces/ros2-coding/install/custom_message/share/custom_message/environment/library_path.sh
[3.687s] -- Up-to-date symlink: /workspaces/ros2-coding/install/custom_message/share/custom_message/environment/library_path.dsv
[3.687s] -- Up-to-date symlink: /workspaces/ros2-coding/install/custom_message/include/custom_message/custom_message/msg/detail/sample_msg__rosidl_typesupport_fastrtps_c.h
[3.687s] -- Up-to-date symlink: /workspaces/ros2-coding/install/custom_message/include/custom_message/custom_message/msg/rosidl_typesupport_fastrtps_c__visibility_control.h
[3.690s] -- Up-to-date symlink: /workspaces/ros2-coding/install/custom_message/include/custom_message/custom_message/msg/detail/sample_msg__builder.hpp
[3.690s] -- Up-to-date symlink: /workspaces/ros2-coding/install/custom_message/include/custom_message/custom_message/msg/detail/sample_msg__struct.hpp
[3.692s] -- Up-to-date symlink: /workspaces/ros2-coding/install/custom_message/include/custom_message/custom_message/msg/detail/sample_msg__traits.hpp
[3.693s] -- Up-to-date symlink: /workspaces/ros2-coding/install/custom_message/include/custom_message/custom_message/msg/detail/sample_msg__type_support.hpp
[3.698s] -- Up-to-date symlink: /workspaces/ros2-coding/install/custom_message/include/custom_message/custom_message/msg/rosidl_generator_cpp__visibility_control.hpp
[3.698s] -- Up-to-date symlink: /workspaces/ros2-coding/install/custom_message/include/custom_message/custom_message/msg/sample_msg.hpp
[3.698s] -- Up-to-date symlink: /workspaces/ros2-coding/install/custom_message/include/custom_message/custom_message/msg/detail/sample_msg__rosidl_typesupport_fastrtps_cpp.hpp
[3.698s] -- Up-to-date symlink: /workspaces/ros2-coding/install/custom_message/include/custom_message/custom_message/msg/rosidl_typesupport_fastrtps_cpp__visibility_control.h
[3.699s] -- Up-to-date symlink: /workspaces/ros2-coding/install/custom_message/include/custom_message/custom_message/msg/detail/sample_msg__rosidl_typesupport_introspection_c.h
[3.699s] -- Up-to-date symlink: /workspaces/ros2-coding/install/custom_message/include/custom_message/custom_message/msg/rosidl_typesupport_introspection_c__visibility_control.h
[3.699s] -- Up-to-date symlink: /workspaces/ros2-coding/install/custom_message/include/custom_message/custom_message/msg/detail/sample_msg__rosidl_typesupport_introspection_cpp.hpp
[3.699s] -- Up-to-date symlink: /workspaces/ros2-coding/install/custom_message/share/custom_message/environment/pythonpath.sh
[3.699s] -- Up-to-date symlink: /workspaces/ros2-coding/install/custom_message/share/custom_message/environment/pythonpath.dsv
[3.700s] -- Up-to-date symlink: /workspaces/ros2-coding/install/custom_message/lib/python3.12/site-packages/custom_message-0.0.0-py3.12.egg-info/PKG-INFO
[3.700s] -- Up-to-date symlink: /workspaces/ros2-coding/install/custom_message/lib/python3.12/site-packages/custom_message-0.0.0-py3.12.egg-info/SOURCES.txt
[3.700s] -- Up-to-date symlink: /workspaces/ros2-coding/install/custom_message/lib/python3.12/site-packages/custom_message-0.0.0-py3.12.egg-info/dependency_links.txt
[3.700s] -- Up-to-date symlink: /workspaces/ros2-coding/install/custom_message/lib/python3.12/site-packages/custom_message-0.0.0-py3.12.egg-info/top_level.txt
[3.700s] -- Up-to-date symlink: /workspaces/ros2-coding/install/custom_message/lib/python3.12/site-packages/custom_message/__init__.py
[3.701s] -- Up-to-date symlink: /workspaces/ros2-coding/install/custom_message/lib/python3.12/site-packages/custom_message/_custom_message_s.ep.rosidl_typesupport_c.c
[3.707s] -- Up-to-date symlink: /workspaces/ros2-coding/install/custom_message/lib/python3.12/site-packages/custom_message/_custom_message_s.ep.rosidl_typesupport_fastrtps_c.c
[3.708s] -- Up-to-date symlink: /workspaces/ros2-coding/install/custom_message/lib/python3.12/site-packages/custom_message/_custom_message_s.ep.rosidl_typesupport_introspection_c.c
[3.708s] -- Up-to-date symlink: /workspaces/ros2-coding/install/custom_message/lib/python3.12/site-packages/custom_message/custom_message_s__rosidl_typesupport_c.so
[3.708s] -- Up-to-date symlink: /workspaces/ros2-coding/install/custom_message/lib/python3.12/site-packages/custom_message/custom_message_s__rosidl_typesupport_fastrtps_c.so
[3.708s] -- Up-to-date symlink: /workspaces/ros2-coding/install/custom_message/lib/python3.12/site-packages/custom_message/custom_message_s__rosidl_typesupport_introspection_c.so
[3.708s] -- Up-to-date symlink: /workspaces/ros2-coding/install/custom_message/lib/python3.12/site-packages/custom_message/msg/__init__.py
[3.709s] -- Up-to-date symlink: /workspaces/ros2-coding/install/custom_message/lib/python3.12/site-packages/custom_message/msg/_sample_msg.py
[3.709s] -- Up-to-date symlink: /workspaces/ros2-coding/install/custom_message/lib/python3.12/site-packages/custom_message/msg/_sample_msg_s.c
[3.709s] -- Up-to-date symlink: /workspaces/ros2-coding/install/custom_message/lib/python3.12/site-packages/custom_message/custom_message_s__rosidl_typesupport_fastrtps_c.so
[3.709s] -- Up-to-date symlink: /workspaces/ros2-coding/install/custom_message/lib/python3.12/site-packages/custom_message/custom_message_s__rosidl_typesupport_introspection_c.so
[3.709s] -- Up-to-date symlink: /workspaces/ros2-coding/install/custom_message/lib/python3.12/site-packages/custom_message/custom_message_s__rosidl_typesupport_c.so
[3.709s] -- Up-to-date symlink: /workspaces/ros2-coding/install/custom_message/share/custom_message/msg/SampleMsg.idl
[3.710s] -- Up-to-date symlink: /workspaces/ros2-coding/install/custom_message/share/custom_message/msg/SampleMsg.msg
[3.718s] -- Up-to-date symlink: /workspaces/ros2-coding/install/custom_message/share/ament_index/resource_index/package_run_dependencies/custom_message
[3.718s] -- Up-to-date symlink: /workspaces/ros2-coding/install/custom_message/share/ament_index/resource_index/parent_prefix_path/custom_message
[3.718s] -- Up-to-date symlink: /workspaces/ros2-coding/install/custom_message/share/custom_message/environment/ament_prefix_path.sh
[3.719s] -- Up-to-date symlink: /workspaces/ros2-coding/install/custom_message/share/custom_message/environment/ament_prefix_path.dsv
[3.719s] -- Up-to-date symlink: /workspaces/ros2-coding/install/custom_message/share/custom_message/environment/path.sh
[3.719s] -- Up-to-date symlink: /workspaces/ros2-coding/install/custom_message/share/custom_message/environment/path.dsv
[3.719s] -- Up-to-date symlink: /workspaces/ros2-coding/install/custom_message/share/custom_message/local_setup.bash
[3.719s] -- Up-to-date symlink: /workspaces/ros2-coding/install/custom_message/share/custom_message/local_setup.sh
[3.719s] -- Up-to-date symlink: /workspaces/ros2-coding/install/custom_message/share/custom_message/local_setup.zsh
[3.720s] -- Up-to-date symlink: /workspaces/ros2-coding/install/custom_message/share/custom_message/local_setup.dsv
[3.720s] -- Symlinking: /workspaces/ros2-coding/install/custom_message/share/custom_message/package.dsv
[3.774s] -- Up-to-date symlink: /workspaces/ros2-coding/install/custom_message/share/ament_index/resource_index/packages/custom_message
[3.774s] -- Up-to-date symlink: /workspaces/ros2-coding/install/custom_message/share/custom_message/cmake/rosidl_cmake-extras.cmake
[3.774s] -- Up-to-date symlink: /workspaces/ros2-coding/install/custom_message/share/custom_message/cmake/ament_cmake_export_dependencies-extras.cmake
[3.779s] -- Up-to-date symlink: /workspaces/ros2-coding/install/custom_message/share/custom_message/cmake/ament_cmake_export_include_directories-extras.cmake
[3.779s] -- Up-to-date symlink: /workspaces/ros2-coding/install/custom_message/share/custom_message/cmake/ament_cmake_export_libraries-extras.cmake
[3.779s] -- Up-to-date symlink: /workspaces/ros2-coding/install/custom_message/share/custom_message/cmake/ament_cmake_export_targets-extras.cmake
[3.779s] -- Up-to-date symlink: /workspaces/ros2-coding/install/custom_message/share/custom_message/cmake/rosidl_cmake_export_typesupport_targets-extras.cmake
[3.780s] -- Up-to-date symlink: /workspaces/ros2-coding/install/custom_message/share/custom_message/cmake/rosidl_cmake_export_typesupport_libraries-extras.cmake
[3.782s] -- Up-to-date symlink: /workspaces/ros2-coding/install/custom_message/share/custom_message/cmake/custom_messageConfig.cmake
[3.785s] -- Up-to-date symlink: /workspaces/ros2-coding/install/custom_message/share/custom_message/cmake/custom_messageConfig-version.cmake
[3.787s] -- Up-to-date symlink: /workspaces/ros2-coding/install/custom_message/share/custom_message/package.xml
[3.793s] -- Up-to-date: /workspaces/ros2-coding/install/custom_message/lib/libcustom_message__rosidl_generator_c.so
[3.793s] -- Up-to-date: /workspaces/ros2-coding/install/custom_message/lib/libcustom_message__rosidl_typesupport_fastrtps_c.so
[3.793s] -- Up-to-date: /workspaces/ros2-coding/install/custom_message/lib/libcustom_message__rosidl_typesupport_fastrtps_cpp.so
[3.797s] -- Up-to-date: /workspaces/ros2-coding/install/custom_message/lib/libcustom_message__rosidl_typesupport_introspection_c.so
[3.799s] -- Up-to-date: /workspaces/ros2-coding/install/custom_message/lib/libcustom_message__rosidl_typesupport_c.so
[3.800s] -- Up-to-date: /workspaces/ros2-coding/install/custom_message/lib/libcustom_message__rosidl_typesupport_introspection_cpp.so
[3.800s] -- Up-to-date: /workspaces/ros2-coding/install/custom_message/lib/libcustom_message__rosidl_typesupport_cpp.so
[3.912s] Listing '/workspaces/ros2-coding/install/custom_message/lib/python3.12/site-packages/custom_message'...
[3.912s] Listing '/workspaces/ros2-coding/install/custom_message/lib/python3.12/site-packages/custom_message/msg'...
[3.930s] -- Up-to-date: /workspaces/ros2-coding/install/custom_message/lib/libcustom_message__rosidl_generator_py.so
[3.932s] -- Up-to-date: /workspaces/ros2-coding/install/custom_message/share/custom_message/cmake/export_custom_message__rosidl_generator_cExport.cmake
[3.935s] -- Up-to-date: /workspaces/ros2-coding/install/custom_message/share/custom_message/cmake/export_custom_message__rosidl_generator_cExport-noconfig.cmake
[3.935s] -- Up-to-date: /workspaces/ros2-coding/install/custom_message/share/custom_message/cmake/export_custom_message__rosidl_typesupport_fastrtps_cExport.cmake
[3.935s] -- Up-to-date: /workspaces/ros2-coding/install/custom_message/share/custom_message/cmake/export_custom_message__rosidl_typesupport_fastrtps_cExport-noconfig.cmake
[3.935s] -- Up-to-date: /workspaces/ros2-coding/install/custom_message/share/custom_message/cmake/export_custom_message__rosidl_generator_cppExport.cmake
[3.935s] -- Up-to-date: /workspaces/ros2-coding/install/custom_message/share/custom_message/cmake/export_custom_message__rosidl_typesupport_fastrtps_cppExport.cmake
[3.936s] -- Up-to-date: /workspaces/ros2-coding/install/custom_message/share/custom_message/cmake/export_custom_message__rosidl_typesupport_fastrtps_cppExport-noconfig.cmake
[3.936s] -- Up-to-date: /workspaces/ros2-coding/install/custom_message/share/custom_message/cmake/custom_message__rosidl_typesupport_introspection_cExport.cmake
[3.937s] -- Up-to-date: /workspaces/ros2-coding/install/custom_message/share/custom_message/cmake/custom_message__rosidl_typesupport_introspection_cExport-noconfig.cmake
[3.937s] -- Up-to-date: /workspaces/ros2-coding/install/custom_message/share/custom_message/cmake/custom_message__rosidl_typesupport_cExport.cmake
[3.938s] -- Up-to-date: /workspaces/ros2-coding/install/custom_message/share/custom_message/cmake/custom_message__rosidl_typesupport_cExport-noconfig.cmake
[3.938s] -- Up-to-date: /workspaces/ros2-coding/install/custom_message/share/custom_message/cmake/custom_message__rosidl_typesupport_introspection_cppExport.cmake
[3.938s] -- Up-to-date: /workspaces/ros2-coding/install/custom_message/share/custom_message/cmake/custom_message__rosidl_typesupport_introspection_cppExport-noconfig.cmake
[3.941s] -- Up-to-date: /workspaces/ros2-coding/install/custom_message/share/custom_message/cmake/custom_message__rosidl_typesupport_cppExport.cmake
[3.941s] -- Up-to-date: /workspaces/ros2-coding/install/custom_message/share/custom_message/cmake/custom_message__rosidl_typesupport_cppExport-noconfig.cmake
[3.942s] -- Up-to-date: /workspaces/ros2-coding/install/custom_message/share/custom_message/cmake/export_custom_message__rosidl_generator_pyExport.cmake
[3.942s] -- Up-to-date: /workspaces/ros2-coding/install/custom_message/share/custom_message/cmake/export_custom_message__rosidl_generator_pyExport-noconfig.cmake
[3.949s] Invoked command in '/workspaces/ros2-coding/build/custom_message' returned '0': CMAKE_PREFIX_PATH=${CMAKE_PREFIX_PATH}:/workspaces/ros2-coding/install/rqt_joint_trajectory_controller:/workspaces/ros2-coding/install/rqt_controller_manager:/workspaces/ros2-coding/install/ros2controlcli:/workspaces/ros2-coding/install/ros2_controllers_test_nodes:/workspaces/ros2-coding/install/my_turtlesim:/workspaces/ros2-coding/install/issac_sim:/workspaces/ros2-coding/install/isaac_ros_navigation_goal:/workspaces/ros2-coding/install/human_controller:/opt/ros/jazzy /usr/bin/cmake --install /workspaces/ros2-coding/build/custom_message
