[0.040s] Invoking command in '/workspaces/ros2-coding/build/carter_navigation': CMAKE_PREFIX_PATH=${CMAKE_PREFIX_PATH}:/workspaces/ros2-coding/install/rqt_joint_trajectory_controller:/workspaces/ros2-coding/install/rqt_controller_manager:/workspaces/ros2-coding/install/ros2controlcli:/workspaces/ros2-coding/install/ros2_controllers_test_nodes:/workspaces/ros2-coding/install/my_turtlesim:/workspaces/ros2-coding/install/issac_sim:/workspaces/ros2-coding/install/isaac_ros_navigation_goal:/workspaces/ros2-coding/install/human_controller:/opt/ros/jazzy /usr/bin/cmake --build /workspaces/ros2-coding/build/carter_navigation -- -j4 -l4
[0.183s] Invoked command in '/workspaces/ros2-coding/build/carter_navigation' returned '0': CMAKE_PREFIX_PATH=${CMAKE_PREFIX_PATH}:/workspaces/ros2-coding/install/rqt_joint_trajectory_controller:/workspaces/ros2-coding/install/rqt_controller_manager:/workspaces/ros2-coding/install/ros2controlcli:/workspaces/ros2-coding/install/ros2_controllers_test_nodes:/workspaces/ros2-coding/install/my_turtlesim:/workspaces/ros2-coding/install/issac_sim:/workspaces/ros2-coding/install/isaac_ros_navigation_goal:/workspaces/ros2-coding/install/human_controller:/opt/ros/jazzy /usr/bin/cmake --build /workspaces/ros2-coding/build/carter_navigation -- -j4 -l4
[0.185s] Invoking command in '/workspaces/ros2-coding/build/carter_navigation': CMAKE_PREFIX_PATH=${CMAKE_PREFIX_PATH}:/workspaces/ros2-coding/install/rqt_joint_trajectory_controller:/workspaces/ros2-coding/install/rqt_controller_manager:/workspaces/ros2-coding/install/ros2controlcli:/workspaces/ros2-coding/install/ros2_controllers_test_nodes:/workspaces/ros2-coding/install/my_turtlesim:/workspaces/ros2-coding/install/issac_sim:/workspaces/ros2-coding/install/isaac_ros_navigation_goal:/workspaces/ros2-coding/install/human_controller:/opt/ros/jazzy /usr/bin/cmake --install /workspaces/ros2-coding/build/carter_navigation
[0.211s] -- Install configuration: ""
[0.213s] -- Execute custom install script
[0.214s] -- Up-to-date symlink: /workspaces/ros2-coding/install/carter_navigation/share/carter_navigation/launch/carter_navigation.launch.py
[0.217s] -- Up-to-date symlink: /workspaces/ros2-coding/install/carter_navigation/share/carter_navigation/launch/carter_navigation_individual.launch.py
[0.220s] -- Up-to-date symlink: /workspaces/ros2-coding/install/carter_navigation/share/carter_navigation/launch/carter_navigation_isaacsim.launch.py
[0.221s] -- Up-to-date symlink: /workspaces/ros2-coding/install/carter_navigation/share/carter_navigation/launch/multiple_robot_carter_navigation_hospital.launch.py
[0.223s] -- Up-to-date symlink: /workspaces/ros2-coding/install/carter_navigation/share/carter_navigation/launch/multiple_robot_carter_navigation_office.launch.py
[0.225s] -- Up-to-date symlink: /workspaces/ros2-coding/install/carter_navigation/share/carter_navigation/launch/nova_carter_description_isaac_sim.launch.py
[0.227s] -- Up-to-date symlink: /workspaces/ros2-coding/install/carter_navigation/share/carter_navigation/params/carter_navigation_params.yaml
[0.228s] -- Up-to-date symlink: /workspaces/ros2-coding/install/carter_navigation/share/carter_navigation/params/hospital/multi_robot_carter_navigation_params_1.yaml
[0.230s] -- Up-to-date symlink: /workspaces/ros2-coding/install/carter_navigation/share/carter_navigation/params/hospital/multi_robot_carter_navigation_params_2.yaml
[0.230s] -- Up-to-date symlink: /workspaces/ros2-coding/install/carter_navigation/share/carter_navigation/params/hospital/multi_robot_carter_navigation_params_3.yaml
[0.232s] -- Up-to-date symlink: /workspaces/ros2-coding/install/carter_navigation/share/carter_navigation/params/office/multi_robot_carter_navigation_params_1.yaml
[0.234s] -- Up-to-date symlink: /workspaces/ros2-coding/install/carter_navigation/share/carter_navigation/params/office/multi_robot_carter_navigation_params_2.yaml
[0.235s] -- Up-to-date symlink: /workspaces/ros2-coding/install/carter_navigation/share/carter_navigation/params/office/multi_robot_carter_navigation_params_3.yaml
[0.240s] -- Up-to-date symlink: /workspaces/ros2-coding/install/carter_navigation/share/carter_navigation/maps/carter_hospital_navigation.png
[0.241s] -- Up-to-date symlink: /workspaces/ros2-coding/install/carter_navigation/share/carter_navigation/maps/carter_hospital_navigation.yaml
[0.241s] -- Up-to-date symlink: /workspaces/ros2-coding/install/carter_navigation/share/carter_navigation/maps/carter_office_navigation.png
[0.242s] -- Up-to-date symlink: /workspaces/ros2-coding/install/carter_navigation/share/carter_navigation/maps/carter_office_navigation.yaml
[0.243s] -- Up-to-date symlink: /workspaces/ros2-coding/install/carter_navigation/share/carter_navigation/maps/carter_warehouse_navigation.png
[0.244s] -- Up-to-date symlink: /workspaces/ros2-coding/install/carter_navigation/share/carter_navigation/maps/carter_warehouse_navigation.yaml
[0.246s] -- Up-to-date symlink: /workspaces/ros2-coding/install/carter_navigation/share/carter_navigation/rviz2/carter_navigation.rviz
[0.246s] -- Up-to-date symlink: /workspaces/ros2-coding/install/carter_navigation/share/carter_navigation/rviz2/carter_navigation_namespaced.rviz
[0.247s] -- Up-to-date symlink: /workspaces/ros2-coding/install/carter_navigation/share/ament_index/resource_index/package_run_dependencies/carter_navigation
[0.247s] -- Up-to-date symlink: /workspaces/ros2-coding/install/carter_navigation/share/ament_index/resource_index/parent_prefix_path/carter_navigation
[0.247s] -- Up-to-date symlink: /workspaces/ros2-coding/install/carter_navigation/share/carter_navigation/environment/ament_prefix_path.sh
[0.247s] -- Up-to-date symlink: /workspaces/ros2-coding/install/carter_navigation/share/carter_navigation/environment/ament_prefix_path.dsv
[0.248s] -- Up-to-date symlink: /workspaces/ros2-coding/install/carter_navigation/share/carter_navigation/environment/path.sh
[0.248s] -- Up-to-date symlink: /workspaces/ros2-coding/install/carter_navigation/share/carter_navigation/environment/path.dsv
[0.250s] -- Up-to-date symlink: /workspaces/ros2-coding/install/carter_navigation/share/carter_navigation/local_setup.bash
[0.250s] -- Up-to-date symlink: /workspaces/ros2-coding/install/carter_navigation/share/carter_navigation/local_setup.sh
[0.251s] -- Up-to-date symlink: /workspaces/ros2-coding/install/carter_navigation/share/carter_navigation/local_setup.zsh
[0.251s] -- Up-to-date symlink: /workspaces/ros2-coding/install/carter_navigation/share/carter_navigation/local_setup.dsv
[0.251s] -- Symlinking: /workspaces/ros2-coding/install/carter_navigation/share/carter_navigation/package.dsv
[0.288s] -- Up-to-date symlink: /workspaces/ros2-coding/install/carter_navigation/share/ament_index/resource_index/packages/carter_navigation
[0.289s] -- Up-to-date symlink: /workspaces/ros2-coding/install/carter_navigation/share/carter_navigation/cmake/carter_navigationConfig.cmake
[0.290s] -- Up-to-date symlink: /workspaces/ros2-coding/install/carter_navigation/share/carter_navigation/cmake/carter_navigationConfig-version.cmake
[0.291s] -- Up-to-date symlink: /workspaces/ros2-coding/install/carter_navigation/share/carter_navigation/package.xml
[0.341s] Invoked command in '/workspaces/ros2-coding/build/carter_navigation' returned '0': CMAKE_PREFIX_PATH=${CMAKE_PREFIX_PATH}:/workspaces/ros2-coding/install/rqt_joint_trajectory_controller:/workspaces/ros2-coding/install/rqt_controller_manager:/workspaces/ros2-coding/install/ros2controlcli:/workspaces/ros2-coding/install/ros2_controllers_test_nodes:/workspaces/ros2-coding/install/my_turtlesim:/workspaces/ros2-coding/install/issac_sim:/workspaces/ros2-coding/install/isaac_ros_navigation_goal:/workspaces/ros2-coding/install/human_controller:/opt/ros/jazzy /usr/bin/cmake --install /workspaces/ros2-coding/build/carter_navigation
