[0.044s] Invoking command in '/workspaces/ros2-coding/build/moveit_resources_panda_description': CMAKE_PREFIX_PATH=${CMAKE_PREFIX_PATH}:/workspaces/ros2-coding/install/my_turtlesim:/workspaces/ros2-coding/install/issac_sim:/workspaces/ros2-coding/install/isaac_ros_navigation_goal:/workspaces/ros2-coding/install/human_controller:/opt/ros/jazzy /usr/bin/cmake --build /workspaces/ros2-coding/build/moveit_resources_panda_description -- -j4 -l4
[0.159s] Invoked command in '/workspaces/ros2-coding/build/moveit_resources_panda_description' returned '0': CMAKE_PREFIX_PATH=${CMAKE_PREFIX_PATH}:/workspaces/ros2-coding/install/my_turtlesim:/workspaces/ros2-coding/install/issac_sim:/workspaces/ros2-coding/install/isaac_ros_navigation_goal:/workspaces/ros2-coding/install/human_controller:/opt/ros/jazzy /usr/bin/cmake --build /workspaces/ros2-coding/build/moveit_resources_panda_description -- -j4 -l4
[0.178s] Invoking command in '/workspaces/ros2-coding/build/moveit_resources_panda_description': CMAKE_PREFIX_PATH=${CMAKE_PREFIX_PATH}:/workspaces/ros2-coding/install/my_turtlesim:/workspaces/ros2-coding/install/issac_sim:/workspaces/ros2-coding/install/isaac_ros_navigation_goal:/workspaces/ros2-coding/install/human_controller:/opt/ros/jazzy /usr/bin/cmake --install /workspaces/ros2-coding/build/moveit_resources_panda_description
[0.197s] -- Install configuration: ""
[0.200s] -- Execute custom install script
[0.200s] -- Up-to-date symlink: /workspaces/ros2-coding/install/moveit_resources_panda_description/share/ament_index/resource_index/package_run_dependencies/moveit_resources_panda_description
[0.200s] -- Up-to-date symlink: /workspaces/ros2-coding/install/moveit_resources_panda_description/share/ament_index/resource_index/parent_prefix_path/moveit_resources_panda_description
[0.200s] -- Up-to-date symlink: /workspaces/ros2-coding/install/moveit_resources_panda_description/share/moveit_resources_panda_description/environment/ament_prefix_path.sh
[0.201s] -- Up-to-date symlink: /workspaces/ros2-coding/install/moveit_resources_panda_description/share/moveit_resources_panda_description/environment/ament_prefix_path.dsv
[0.202s] -- Up-to-date symlink: /workspaces/ros2-coding/install/moveit_resources_panda_description/share/moveit_resources_panda_description/environment/path.sh
[0.202s] -- Up-to-date symlink: /workspaces/ros2-coding/install/moveit_resources_panda_description/share/moveit_resources_panda_description/environment/path.dsv
[0.202s] -- Up-to-date symlink: /workspaces/ros2-coding/install/moveit_resources_panda_description/share/moveit_resources_panda_description/local_setup.bash
[0.204s] -- Up-to-date symlink: /workspaces/ros2-coding/install/moveit_resources_panda_description/share/moveit_resources_panda_description/local_setup.sh
[0.204s] -- Up-to-date symlink: /workspaces/ros2-coding/install/moveit_resources_panda_description/share/moveit_resources_panda_description/local_setup.zsh
[0.204s] -- Up-to-date symlink: /workspaces/ros2-coding/install/moveit_resources_panda_description/share/moveit_resources_panda_description/local_setup.dsv
[0.204s] -- Symlinking: /workspaces/ros2-coding/install/moveit_resources_panda_description/share/moveit_resources_panda_description/package.dsv
[0.229s] -- Up-to-date symlink: /workspaces/ros2-coding/install/moveit_resources_panda_description/share/ament_index/resource_index/packages/moveit_resources_panda_description
[0.230s] -- Up-to-date symlink: /workspaces/ros2-coding/install/moveit_resources_panda_description/share/moveit_resources_panda_description/cmake/moveit_resources_panda_descriptionConfig.cmake
[0.230s] -- Up-to-date symlink: /workspaces/ros2-coding/install/moveit_resources_panda_description/share/moveit_resources_panda_description/cmake/moveit_resources_panda_descriptionConfig-version.cmake
[0.230s] -- Up-to-date symlink: /workspaces/ros2-coding/install/moveit_resources_panda_description/share/moveit_resources_panda_description/package.xml
[0.232s] -- Up-to-date symlink: /workspaces/ros2-coding/install/moveit_resources_panda_description/share/moveit_resources_panda_description/meshes/collision/finger.stl
[0.232s] -- Up-to-date symlink: /workspaces/ros2-coding/install/moveit_resources_panda_description/share/moveit_resources_panda_description/meshes/collision/hand.stl
[0.233s] -- Up-to-date symlink: /workspaces/ros2-coding/install/moveit_resources_panda_description/share/moveit_resources_panda_description/meshes/collision/link0.stl
[0.233s] -- Up-to-date symlink: /workspaces/ros2-coding/install/moveit_resources_panda_description/share/moveit_resources_panda_description/meshes/collision/link1.stl
[0.233s] -- Up-to-date symlink: /workspaces/ros2-coding/install/moveit_resources_panda_description/share/moveit_resources_panda_description/meshes/collision/link2.stl
[0.234s] -- Up-to-date symlink: /workspaces/ros2-coding/install/moveit_resources_panda_description/share/moveit_resources_panda_description/meshes/collision/link3.stl
[0.234s] -- Up-to-date symlink: /workspaces/ros2-coding/install/moveit_resources_panda_description/share/moveit_resources_panda_description/meshes/collision/link4.stl
[0.240s] -- Up-to-date symlink: /workspaces/ros2-coding/install/moveit_resources_panda_description/share/moveit_resources_panda_description/meshes/collision/link5.stl
[0.240s] -- Up-to-date symlink: /workspaces/ros2-coding/install/moveit_resources_panda_description/share/moveit_resources_panda_description/meshes/collision/link6.stl
[0.240s] -- Up-to-date symlink: /workspaces/ros2-coding/install/moveit_resources_panda_description/share/moveit_resources_panda_description/meshes/collision/link7.stl
[0.240s] -- Up-to-date symlink: /workspaces/ros2-coding/install/moveit_resources_panda_description/share/moveit_resources_panda_description/meshes/visual/finger.dae
[0.240s] -- Up-to-date symlink: /workspaces/ros2-coding/install/moveit_resources_panda_description/share/moveit_resources_panda_description/meshes/visual/hand.dae
[0.240s] -- Up-to-date symlink: /workspaces/ros2-coding/install/moveit_resources_panda_description/share/moveit_resources_panda_description/meshes/visual/link0.dae
[0.241s] -- Up-to-date symlink: /workspaces/ros2-coding/install/moveit_resources_panda_description/share/moveit_resources_panda_description/meshes/visual/link1.dae
[0.241s] -- Up-to-date symlink: /workspaces/ros2-coding/install/moveit_resources_panda_description/share/moveit_resources_panda_description/meshes/visual/link2.dae
[0.241s] -- Up-to-date symlink: /workspaces/ros2-coding/install/moveit_resources_panda_description/share/moveit_resources_panda_description/meshes/visual/link3.dae
[0.241s] -- Up-to-date symlink: /workspaces/ros2-coding/install/moveit_resources_panda_description/share/moveit_resources_panda_description/meshes/visual/link4.dae
[0.245s] -- Up-to-date symlink: /workspaces/ros2-coding/install/moveit_resources_panda_description/share/moveit_resources_panda_description/meshes/visual/link5.dae
[0.245s] -- Up-to-date symlink: /workspaces/ros2-coding/install/moveit_resources_panda_description/share/moveit_resources_panda_description/meshes/visual/link6.dae
[0.245s] -- Up-to-date symlink: /workspaces/ros2-coding/install/moveit_resources_panda_description/share/moveit_resources_panda_description/meshes/visual/link7.dae
[0.251s] -- Up-to-date symlink: /workspaces/ros2-coding/install/moveit_resources_panda_description/share/moveit_resources_panda_description/urdf/panda.urdf
[0.251s] -- Up-to-date symlink: /workspaces/ros2-coding/install/moveit_resources_panda_description/share/moveit_resources_panda_description/urdf/panda.urdf.xacro
[0.253s] Invoked command in '/workspaces/ros2-coding/build/moveit_resources_panda_description' returned '0': CMAKE_PREFIX_PATH=${CMAKE_PREFIX_PATH}:/workspaces/ros2-coding/install/my_turtlesim:/workspaces/ros2-coding/install/issac_sim:/workspaces/ros2-coding/install/isaac_ros_navigation_goal:/workspaces/ros2-coding/install/human_controller:/opt/ros/jazzy /usr/bin/cmake --install /workspaces/ros2-coding/build/moveit_resources_panda_description
