[0.222s] Invoking command in '/workspaces/ros2-coding/build/custom_message': CMAKE_PREFIX_PATH=${CMAKE_PREFIX_PATH}:/workspaces/ros2-coding/install/rqt_joint_trajectory_controller:/workspaces/ros2-coding/install/rqt_controller_manager:/workspaces/ros2-coding/install/ros2controlcli:/workspaces/ros2-coding/install/ros2_controllers_test_nodes:/workspaces/ros2-coding/install/my_turtlesim:/workspaces/ros2-coding/install/issac_sim:/workspaces/ros2-coding/install/isaac_ros_navigation_goal:/workspaces/ros2-coding/install/human_controller:/opt/ros/jazzy /usr/bin/cmake --build /workspaces/ros2-coding/build/custom_message -- -j4 -l4
[0.573s] [  2%] Built target custom_message__rosidl_generator_type_description
[0.612s] [  2%] Built target ament_cmake_python_symlink_custom_message
[0.731s] [ 17%] Built target custom_message__rosidl_generator_c
[0.823s] [ 20%] Built target custom_message__cpp
[0.939s] [ 29%] Built target custom_message__rosidl_typesupport_c
[0.963s] [ 38%] Built target custom_message__rosidl_typesupport_fastrtps_c
[0.992s] [ 47%] Built target custom_message__rosidl_typesupport_introspection_c
[1.097s] [ 55%] Built target custom_message__rosidl_typesupport_cpp
[1.124s] [ 64%] Built target custom_message__rosidl_typesupport_fastrtps_cpp
[1.125s] [ 73%] Built target custom_message__rosidl_typesupport_introspection_cpp
[1.238s] [ 73%] Built target custom_message
[1.347s] [ 76%] Built target custom_message__py
[1.481s] [ 82%] Built target custom_message__rosidl_generator_py
[1.568s] running egg_info
[1.575s] [ 88%] Built target custom_message_s__rosidl_typesupport_introspection_c
[1.616s] writing custom_message.egg-info/PKG-INFO
[1.617s] writing dependency_links to custom_message.egg-info/dependency_links.txt
[1.617s] writing top-level names to custom_message.egg-info/top_level.txt
[1.629s] [ 94%] Built target custom_message_s__rosidl_typesupport_fastrtps_c
[1.648s] [100%] Built target custom_message_s__rosidl_typesupport_c
[1.767s] reading manifest file 'custom_message.egg-info/SOURCES.txt'
[1.768s] writing manifest file 'custom_message.egg-info/SOURCES.txt'
[1.884s] [100%] Built target ament_cmake_python_build_custom_message_egg
[2.280s] Invoked command in '/workspaces/ros2-coding/build/custom_message' returned '0': CMAKE_PREFIX_PATH=${CMAKE_PREFIX_PATH}:/workspaces/ros2-coding/install/rqt_joint_trajectory_controller:/workspaces/ros2-coding/install/rqt_controller_manager:/workspaces/ros2-coding/install/ros2controlcli:/workspaces/ros2-coding/install/ros2_controllers_test_nodes:/workspaces/ros2-coding/install/my_turtlesim:/workspaces/ros2-coding/install/issac_sim:/workspaces/ros2-coding/install/isaac_ros_navigation_goal:/workspaces/ros2-coding/install/human_controller:/opt/ros/jazzy /usr/bin/cmake --build /workspaces/ros2-coding/build/custom_message -- -j4 -l4
[2.281s] Invoking command in '/workspaces/ros2-coding/build/custom_message': CMAKE_PREFIX_PATH=${CMAKE_PREFIX_PATH}:/workspaces/ros2-coding/install/rqt_joint_trajectory_controller:/workspaces/ros2-coding/install/rqt_controller_manager:/workspaces/ros2-coding/install/ros2controlcli:/workspaces/ros2-coding/install/ros2_controllers_test_nodes:/workspaces/ros2-coding/install/my_turtlesim:/workspaces/ros2-coding/install/issac_sim:/workspaces/ros2-coding/install/isaac_ros_navigation_goal:/workspaces/ros2-coding/install/human_controller:/opt/ros/jazzy /usr/bin/cmake --install /workspaces/ros2-coding/build/custom_message
[2.363s] -- Install configuration: ""
[2.367s] -- Execute custom install script
[2.367s] -- Up-to-date symlink: /workspaces/ros2-coding/install/custom_message/share/ament_index/resource_index/rosidl_interfaces/custom_message
[2.367s] -- Up-to-date symlink: /workspaces/ros2-coding/install/custom_message/share/custom_message/msg/SampleMsg.json
[2.368s] -- Up-to-date symlink: /workspaces/ros2-coding/install/custom_message/include/custom_message/custom_message/msg/detail/sample_msg__functions.h
[2.368s] -- Up-to-date symlink: /workspaces/ros2-coding/install/custom_message/include/custom_message/custom_message/msg/detail/sample_msg__struct.h
[2.372s] -- Up-to-date symlink: /workspaces/ros2-coding/install/custom_message/include/custom_message/custom_message/msg/detail/sample_msg__type_support.h
[2.372s] -- Up-to-date symlink: /workspaces/ros2-coding/install/custom_message/include/custom_message/custom_message/msg/rosidl_generator_c__visibility_control.h
[2.373s] -- Up-to-date symlink: /workspaces/ros2-coding/install/custom_message/include/custom_message/custom_message/msg/sample_msg.h
[2.373s] -- Up-to-date symlink: /workspaces/ros2-coding/install/custom_message/share/custom_message/environment/library_path.sh
[2.374s] -- Up-to-date symlink: /workspaces/ros2-coding/install/custom_message/share/custom_message/environment/library_path.dsv
[2.375s] -- Up-to-date symlink: /workspaces/ros2-coding/install/custom_message/include/custom_message/custom_message/msg/detail/sample_msg__rosidl_typesupport_fastrtps_c.h
[2.376s] -- Up-to-date symlink: /workspaces/ros2-coding/install/custom_message/include/custom_message/custom_message/msg/rosidl_typesupport_fastrtps_c__visibility_control.h
[2.377s] -- Up-to-date symlink: /workspaces/ros2-coding/install/custom_message/include/custom_message/custom_message/msg/detail/sample_msg__builder.hpp
[2.380s] -- Up-to-date symlink: /workspaces/ros2-coding/install/custom_message/include/custom_message/custom_message/msg/detail/sample_msg__struct.hpp
[2.381s] -- Up-to-date symlink: /workspaces/ros2-coding/install/custom_message/include/custom_message/custom_message/msg/detail/sample_msg__traits.hpp
[2.381s] -- Up-to-date symlink: /workspaces/ros2-coding/install/custom_message/include/custom_message/custom_message/msg/detail/sample_msg__type_support.hpp
[2.381s] -- Up-to-date symlink: /workspaces/ros2-coding/install/custom_message/include/custom_message/custom_message/msg/rosidl_generator_cpp__visibility_control.hpp
[2.381s] -- Up-to-date symlink: /workspaces/ros2-coding/install/custom_message/include/custom_message/custom_message/msg/sample_msg.hpp
[2.382s] -- Up-to-date symlink: /workspaces/ros2-coding/install/custom_message/include/custom_message/custom_message/msg/detail/sample_msg__rosidl_typesupport_fastrtps_cpp.hpp
[2.382s] -- Up-to-date symlink: /workspaces/ros2-coding/install/custom_message/include/custom_message/custom_message/msg/rosidl_typesupport_fastrtps_cpp__visibility_control.h
[2.383s] -- Up-to-date symlink: /workspaces/ros2-coding/install/custom_message/include/custom_message/custom_message/msg/detail/sample_msg__rosidl_typesupport_introspection_c.h
[2.383s] -- Up-to-date symlink: /workspaces/ros2-coding/install/custom_message/include/custom_message/custom_message/msg/rosidl_typesupport_introspection_c__visibility_control.h
[2.392s] -- Up-to-date symlink: /workspaces/ros2-coding/install/custom_message/include/custom_message/custom_message/msg/detail/sample_msg__rosidl_typesupport_introspection_cpp.hpp
[2.393s] -- Up-to-date symlink: /workspaces/ros2-coding/install/custom_message/share/custom_message/environment/pythonpath.sh
[2.394s] -- Up-to-date symlink: /workspaces/ros2-coding/install/custom_message/share/custom_message/environment/pythonpath.dsv
[2.394s] -- Up-to-date symlink: /workspaces/ros2-coding/install/custom_message/lib/python3.12/site-packages/custom_message-0.0.0-py3.12.egg-info/PKG-INFO
[2.398s] -- Up-to-date symlink: /workspaces/ros2-coding/install/custom_message/lib/python3.12/site-packages/custom_message-0.0.0-py3.12.egg-info/SOURCES.txt
[2.398s] -- Up-to-date symlink: /workspaces/ros2-coding/install/custom_message/lib/python3.12/site-packages/custom_message-0.0.0-py3.12.egg-info/dependency_links.txt
[2.398s] -- Up-to-date symlink: /workspaces/ros2-coding/install/custom_message/lib/python3.12/site-packages/custom_message-0.0.0-py3.12.egg-info/top_level.txt
[2.402s] -- Up-to-date symlink: /workspaces/ros2-coding/install/custom_message/lib/python3.12/site-packages/custom_message/__init__.py
[2.402s] -- Up-to-date symlink: /workspaces/ros2-coding/install/custom_message/lib/python3.12/site-packages/custom_message/_custom_message_s.ep.rosidl_typesupport_c.c
[2.403s] -- Up-to-date symlink: /workspaces/ros2-coding/install/custom_message/lib/python3.12/site-packages/custom_message/_custom_message_s.ep.rosidl_typesupport_fastrtps_c.c
[2.405s] -- Up-to-date symlink: /workspaces/ros2-coding/install/custom_message/lib/python3.12/site-packages/custom_message/_custom_message_s.ep.rosidl_typesupport_introspection_c.c
[2.405s] -- Up-to-date symlink: /workspaces/ros2-coding/install/custom_message/lib/python3.12/site-packages/custom_message/custom_message_s__rosidl_typesupport_c.so
[2.406s] -- Up-to-date symlink: /workspaces/ros2-coding/install/custom_message/lib/python3.12/site-packages/custom_message/custom_message_s__rosidl_typesupport_fastrtps_c.so
[2.406s] -- Up-to-date symlink: /workspaces/ros2-coding/install/custom_message/lib/python3.12/site-packages/custom_message/custom_message_s__rosidl_typesupport_introspection_c.so
[2.409s] -- Up-to-date symlink: /workspaces/ros2-coding/install/custom_message/lib/python3.12/site-packages/custom_message/msg/__init__.py
[2.419s] -- Up-to-date symlink: /workspaces/ros2-coding/install/custom_message/lib/python3.12/site-packages/custom_message/msg/_sample_msg.py
[2.419s] -- Up-to-date symlink: /workspaces/ros2-coding/install/custom_message/lib/python3.12/site-packages/custom_message/msg/_sample_msg_s.c
[2.420s] -- Up-to-date symlink: /workspaces/ros2-coding/install/custom_message/lib/python3.12/site-packages/custom_message/custom_message_s__rosidl_typesupport_fastrtps_c.so
[2.420s] -- Up-to-date symlink: /workspaces/ros2-coding/install/custom_message/lib/python3.12/site-packages/custom_message/custom_message_s__rosidl_typesupport_introspection_c.so
[2.425s] -- Up-to-date symlink: /workspaces/ros2-coding/install/custom_message/lib/python3.12/site-packages/custom_message/custom_message_s__rosidl_typesupport_c.so
[2.425s] -- Up-to-date symlink: /workspaces/ros2-coding/install/custom_message/share/custom_message/msg/SampleMsg.idl
[2.426s] -- Up-to-date symlink: /workspaces/ros2-coding/install/custom_message/share/custom_message/msg/SampleMsg.msg
[2.434s] -- Up-to-date symlink: /workspaces/ros2-coding/install/custom_message/share/ament_index/resource_index/package_run_dependencies/custom_message
[2.434s] -- Up-to-date symlink: /workspaces/ros2-coding/install/custom_message/share/ament_index/resource_index/parent_prefix_path/custom_message
[2.434s] -- Up-to-date symlink: /workspaces/ros2-coding/install/custom_message/share/custom_message/environment/ament_prefix_path.sh
[2.435s] -- Up-to-date symlink: /workspaces/ros2-coding/install/custom_message/share/custom_message/environment/ament_prefix_path.dsv
[2.440s] -- Up-to-date symlink: /workspaces/ros2-coding/install/custom_message/share/custom_message/environment/path.sh
[2.440s] -- Up-to-date symlink: /workspaces/ros2-coding/install/custom_message/share/custom_message/environment/path.dsv
[2.440s] -- Up-to-date symlink: /workspaces/ros2-coding/install/custom_message/share/custom_message/local_setup.bash
[2.441s] -- Up-to-date symlink: /workspaces/ros2-coding/install/custom_message/share/custom_message/local_setup.sh
[2.441s] -- Up-to-date symlink: /workspaces/ros2-coding/install/custom_message/share/custom_message/local_setup.zsh
[2.455s] -- Up-to-date symlink: /workspaces/ros2-coding/install/custom_message/share/custom_message/local_setup.dsv
[2.455s] -- Symlinking: /workspaces/ros2-coding/install/custom_message/share/custom_message/package.dsv
[2.534s] -- Up-to-date symlink: /workspaces/ros2-coding/install/custom_message/share/ament_index/resource_index/packages/custom_message
[2.535s] -- Up-to-date symlink: /workspaces/ros2-coding/install/custom_message/share/custom_message/cmake/rosidl_cmake-extras.cmake
[2.535s] -- Up-to-date symlink: /workspaces/ros2-coding/install/custom_message/share/custom_message/cmake/ament_cmake_export_dependencies-extras.cmake
[2.537s] -- Up-to-date symlink: /workspaces/ros2-coding/install/custom_message/share/custom_message/cmake/ament_cmake_export_include_directories-extras.cmake
[2.545s] -- Up-to-date symlink: /workspaces/ros2-coding/install/custom_message/share/custom_message/cmake/ament_cmake_export_libraries-extras.cmake
[2.545s] -- Up-to-date symlink: /workspaces/ros2-coding/install/custom_message/share/custom_message/cmake/ament_cmake_export_targets-extras.cmake
[2.545s] -- Up-to-date symlink: /workspaces/ros2-coding/install/custom_message/share/custom_message/cmake/rosidl_cmake_export_typesupport_targets-extras.cmake
[2.546s] -- Up-to-date symlink: /workspaces/ros2-coding/install/custom_message/share/custom_message/cmake/rosidl_cmake_export_typesupport_libraries-extras.cmake
[2.546s] -- Up-to-date symlink: /workspaces/ros2-coding/install/custom_message/share/custom_message/cmake/custom_messageConfig.cmake
[2.546s] -- Up-to-date symlink: /workspaces/ros2-coding/install/custom_message/share/custom_message/cmake/custom_messageConfig-version.cmake
[2.547s] -- Up-to-date symlink: /workspaces/ros2-coding/install/custom_message/share/custom_message/package.xml
[2.547s] -- Up-to-date: /workspaces/ros2-coding/install/custom_message/lib/libcustom_message__rosidl_generator_c.so
[2.551s] -- Up-to-date: /workspaces/ros2-coding/install/custom_message/lib/libcustom_message__rosidl_typesupport_fastrtps_c.so
[2.555s] -- Up-to-date: /workspaces/ros2-coding/install/custom_message/lib/libcustom_message__rosidl_typesupport_fastrtps_cpp.so
[2.556s] -- Up-to-date: /workspaces/ros2-coding/install/custom_message/lib/libcustom_message__rosidl_typesupport_introspection_c.so
[2.556s] -- Up-to-date: /workspaces/ros2-coding/install/custom_message/lib/libcustom_message__rosidl_typesupport_c.so
[2.559s] -- Up-to-date: /workspaces/ros2-coding/install/custom_message/lib/libcustom_message__rosidl_typesupport_introspection_cpp.so
[2.560s] -- Up-to-date: /workspaces/ros2-coding/install/custom_message/lib/libcustom_message__rosidl_typesupport_cpp.so
[2.718s] Listing '/workspaces/ros2-coding/install/custom_message/lib/python3.12/site-packages/custom_message'...
[2.718s] Listing '/workspaces/ros2-coding/install/custom_message/lib/python3.12/site-packages/custom_message/msg'...
[2.735s] -- Up-to-date: /workspaces/ros2-coding/install/custom_message/lib/libcustom_message__rosidl_generator_py.so
[2.736s] -- Up-to-date: /workspaces/ros2-coding/install/custom_message/share/custom_message/cmake/export_custom_message__rosidl_generator_cExport.cmake
[2.736s] -- Up-to-date: /workspaces/ros2-coding/install/custom_message/share/custom_message/cmake/export_custom_message__rosidl_generator_cExport-noconfig.cmake
[2.736s] -- Up-to-date: /workspaces/ros2-coding/install/custom_message/share/custom_message/cmake/export_custom_message__rosidl_typesupport_fastrtps_cExport.cmake
[2.736s] -- Up-to-date: /workspaces/ros2-coding/install/custom_message/share/custom_message/cmake/export_custom_message__rosidl_typesupport_fastrtps_cExport-noconfig.cmake
[2.737s] -- Up-to-date: /workspaces/ros2-coding/install/custom_message/share/custom_message/cmake/export_custom_message__rosidl_generator_cppExport.cmake
[2.737s] -- Up-to-date: /workspaces/ros2-coding/install/custom_message/share/custom_message/cmake/export_custom_message__rosidl_typesupport_fastrtps_cppExport.cmake
[2.738s] -- Up-to-date: /workspaces/ros2-coding/install/custom_message/share/custom_message/cmake/export_custom_message__rosidl_typesupport_fastrtps_cppExport-noconfig.cmake
[2.739s] -- Up-to-date: /workspaces/ros2-coding/install/custom_message/share/custom_message/cmake/custom_message__rosidl_typesupport_introspection_cExport.cmake
[2.740s] -- Up-to-date: /workspaces/ros2-coding/install/custom_message/share/custom_message/cmake/custom_message__rosidl_typesupport_introspection_cExport-noconfig.cmake
[2.740s] -- Up-to-date: /workspaces/ros2-coding/install/custom_message/share/custom_message/cmake/custom_message__rosidl_typesupport_cExport.cmake
[2.742s] -- Up-to-date: /workspaces/ros2-coding/install/custom_message/share/custom_message/cmake/custom_message__rosidl_typesupport_cExport-noconfig.cmake
[2.742s] -- Up-to-date: /workspaces/ros2-coding/install/custom_message/share/custom_message/cmake/custom_message__rosidl_typesupport_introspection_cppExport.cmake
[2.742s] -- Up-to-date: /workspaces/ros2-coding/install/custom_message/share/custom_message/cmake/custom_message__rosidl_typesupport_introspection_cppExport-noconfig.cmake
[2.746s] -- Up-to-date: /workspaces/ros2-coding/install/custom_message/share/custom_message/cmake/custom_message__rosidl_typesupport_cppExport.cmake
[2.746s] -- Up-to-date: /workspaces/ros2-coding/install/custom_message/share/custom_message/cmake/custom_message__rosidl_typesupport_cppExport-noconfig.cmake
[2.746s] -- Up-to-date: /workspaces/ros2-coding/install/custom_message/share/custom_message/cmake/export_custom_message__rosidl_generator_pyExport.cmake
[2.747s] -- Up-to-date: /workspaces/ros2-coding/install/custom_message/share/custom_message/cmake/export_custom_message__rosidl_generator_pyExport-noconfig.cmake
[2.784s] Invoked command in '/workspaces/ros2-coding/build/custom_message' returned '0': CMAKE_PREFIX_PATH=${CMAKE_PREFIX_PATH}:/workspaces/ros2-coding/install/rqt_joint_trajectory_controller:/workspaces/ros2-coding/install/rqt_controller_manager:/workspaces/ros2-coding/install/ros2controlcli:/workspaces/ros2-coding/install/ros2_controllers_test_nodes:/workspaces/ros2-coding/install/my_turtlesim:/workspaces/ros2-coding/install/issac_sim:/workspaces/ros2-coding/install/isaac_ros_navigation_goal:/workspaces/ros2-coding/install/human_controller:/opt/ros/jazzy /usr/bin/cmake --install /workspaces/ros2-coding/build/custom_message
