-- Install configuration: ""
-- Execute custom install script
-- Symlinking: /workspaces/ros2-coding/install/ros_gz_example_description/share/ros_gz_example_description/models/diff_drive/model.config
-- Symlinking: /workspaces/ros2-coding/install/ros_gz_example_description/share/ros_gz_example_description/models/diff_drive/model.sdf
-- Symlinking: /workspaces/ros2-coding/install/ros_gz_example_description/share/ros_gz_example_description/models/rrbot/model.sdf
-- Symlinking: /workspaces/ros2-coding/install/ros_gz_example_description/share/ros_gz_example_description/environment/ros_gz_example_description.dsv
-- Symlinking: /workspaces/ros2-coding/install/ros_gz_example_description/share/ros_gz_example_description/environment/ros_gz_example_description.sh
-- Symlinking: /workspaces/ros2-coding/install/ros_gz_example_description/share/ament_index/resource_index/package_run_dependencies/ros_gz_example_description
-- Symlinking: /workspaces/ros2-coding/install/ros_gz_example_description/share/ament_index/resource_index/parent_prefix_path/ros_gz_example_description
-- Symlinking: /workspaces/ros2-coding/install/ros_gz_example_description/share/ros_gz_example_description/environment/ament_prefix_path.sh
-- Symlinking: /workspaces/ros2-coding/install/ros_gz_example_description/share/ros_gz_example_description/environment/ament_prefix_path.dsv
-- Symlinking: /workspaces/ros2-coding/install/ros_gz_example_description/share/ros_gz_example_description/environment/path.sh
-- Symlinking: /workspaces/ros2-coding/install/ros_gz_example_description/share/ros_gz_example_description/environment/path.dsv
-- Symlinking: /workspaces/ros2-coding/install/ros_gz_example_description/share/ros_gz_example_description/local_setup.bash
-- Symlinking: /workspaces/ros2-coding/install/ros_gz_example_description/share/ros_gz_example_description/local_setup.sh
-- Symlinking: /workspaces/ros2-coding/install/ros_gz_example_description/share/ros_gz_example_description/local_setup.zsh
-- Symlinking: /workspaces/ros2-coding/install/ros_gz_example_description/share/ros_gz_example_description/local_setup.dsv
-- Symlinking: /workspaces/ros2-coding/install/ros_gz_example_description/share/ros_gz_example_description/package.dsv
-- Symlinking: /workspaces/ros2-coding/install/ros_gz_example_description/share/ament_index/resource_index/packages/ros_gz_example_description
-- Symlinking: /workspaces/ros2-coding/install/ros_gz_example_description/share/ros_gz_example_description/cmake/ros_gz_example_descriptionConfig.cmake
-- Symlinking: /workspaces/ros2-coding/install/ros_gz_example_description/share/ros_gz_example_description/cmake/ros_gz_example_descriptionConfig-version.cmake
-- Symlinking: /workspaces/ros2-coding/install/ros_gz_example_description/share/ros_gz_example_description/package.xml
