-- Install configuration: ""
-- Execute custom install script
-- Symlinking: /workspaces/ros2-coding/install/moveit_resources_panda_description/share/ament_index/resource_index/package_run_dependencies/moveit_resources_panda_description
-- Symlinking: /workspaces/ros2-coding/install/moveit_resources_panda_description/share/ament_index/resource_index/parent_prefix_path/moveit_resources_panda_description
-- Symlinking: /workspaces/ros2-coding/install/moveit_resources_panda_description/share/moveit_resources_panda_description/environment/ament_prefix_path.sh
-- Symlinking: /workspaces/ros2-coding/install/moveit_resources_panda_description/share/moveit_resources_panda_description/environment/ament_prefix_path.dsv
-- Symlinking: /workspaces/ros2-coding/install/moveit_resources_panda_description/share/moveit_resources_panda_description/environment/path.sh
-- Symlinking: /workspaces/ros2-coding/install/moveit_resources_panda_description/share/moveit_resources_panda_description/environment/path.dsv
-- Symlinking: /workspaces/ros2-coding/install/moveit_resources_panda_description/share/moveit_resources_panda_description/local_setup.bash
-- Symlinking: /workspaces/ros2-coding/install/moveit_resources_panda_description/share/moveit_resources_panda_description/local_setup.sh
-- Symlinking: /workspaces/ros2-coding/install/moveit_resources_panda_description/share/moveit_resources_panda_description/local_setup.zsh
-- Symlinking: /workspaces/ros2-coding/install/moveit_resources_panda_description/share/moveit_resources_panda_description/local_setup.dsv
-- Symlinking: /workspaces/ros2-coding/install/moveit_resources_panda_description/share/moveit_resources_panda_description/package.dsv
-- Symlinking: /workspaces/ros2-coding/install/moveit_resources_panda_description/share/ament_index/resource_index/packages/moveit_resources_panda_description
-- Symlinking: /workspaces/ros2-coding/install/moveit_resources_panda_description/share/moveit_resources_panda_description/cmake/moveit_resources_panda_descriptionConfig.cmake
-- Symlinking: /workspaces/ros2-coding/install/moveit_resources_panda_description/share/moveit_resources_panda_description/cmake/moveit_resources_panda_descriptionConfig-version.cmake
-- Symlinking: /workspaces/ros2-coding/install/moveit_resources_panda_description/share/moveit_resources_panda_description/package.xml
-- Symlinking: /workspaces/ros2-coding/install/moveit_resources_panda_description/share/moveit_resources_panda_description/meshes/collision/finger.stl
-- Symlinking: /workspaces/ros2-coding/install/moveit_resources_panda_description/share/moveit_resources_panda_description/meshes/collision/hand.stl
-- Symlinking: /workspaces/ros2-coding/install/moveit_resources_panda_description/share/moveit_resources_panda_description/meshes/collision/link0.stl
-- Symlinking: /workspaces/ros2-coding/install/moveit_resources_panda_description/share/moveit_resources_panda_description/meshes/collision/link1.stl
-- Symlinking: /workspaces/ros2-coding/install/moveit_resources_panda_description/share/moveit_resources_panda_description/meshes/collision/link2.stl
-- Symlinking: /workspaces/ros2-coding/install/moveit_resources_panda_description/share/moveit_resources_panda_description/meshes/collision/link3.stl
-- Symlinking: /workspaces/ros2-coding/install/moveit_resources_panda_description/share/moveit_resources_panda_description/meshes/collision/link4.stl
-- Symlinking: /workspaces/ros2-coding/install/moveit_resources_panda_description/share/moveit_resources_panda_description/meshes/collision/link5.stl
-- Symlinking: /workspaces/ros2-coding/install/moveit_resources_panda_description/share/moveit_resources_panda_description/meshes/collision/link6.stl
-- Symlinking: /workspaces/ros2-coding/install/moveit_resources_panda_description/share/moveit_resources_panda_description/meshes/collision/link7.stl
-- Symlinking: /workspaces/ros2-coding/install/moveit_resources_panda_description/share/moveit_resources_panda_description/meshes/visual/finger.dae
-- Symlinking: /workspaces/ros2-coding/install/moveit_resources_panda_description/share/moveit_resources_panda_description/meshes/visual/hand.dae
-- Symlinking: /workspaces/ros2-coding/install/moveit_resources_panda_description/share/moveit_resources_panda_description/meshes/visual/link0.dae
-- Symlinking: /workspaces/ros2-coding/install/moveit_resources_panda_description/share/moveit_resources_panda_description/meshes/visual/link1.dae
-- Symlinking: /workspaces/ros2-coding/install/moveit_resources_panda_description/share/moveit_resources_panda_description/meshes/visual/link2.dae
-- Symlinking: /workspaces/ros2-coding/install/moveit_resources_panda_description/share/moveit_resources_panda_description/meshes/visual/link3.dae
-- Symlinking: /workspaces/ros2-coding/install/moveit_resources_panda_description/share/moveit_resources_panda_description/meshes/visual/link4.dae
-- Symlinking: /workspaces/ros2-coding/install/moveit_resources_panda_description/share/moveit_resources_panda_description/meshes/visual/link5.dae
-- Symlinking: /workspaces/ros2-coding/install/moveit_resources_panda_description/share/moveit_resources_panda_description/meshes/visual/link6.dae
-- Symlinking: /workspaces/ros2-coding/install/moveit_resources_panda_description/share/moveit_resources_panda_description/meshes/visual/link7.dae
-- Symlinking: /workspaces/ros2-coding/install/moveit_resources_panda_description/share/moveit_resources_panda_description/urdf/panda.urdf
-- Symlinking: /workspaces/ros2-coding/install/moveit_resources_panda_description/share/moveit_resources_panda_description/urdf/panda.urdf.xacro
