[0.085s] Invoking command in '/workspaces/ros2-coding/build/custom_message': CMAKE_PREFIX_PATH=${CMAKE_PREFIX_PATH}:/workspaces/ros2-coding/install/rqt_joint_trajectory_controller:/workspaces/ros2-coding/install/rqt_controller_manager:/workspaces/ros2-coding/install/ros2controlcli:/workspaces/ros2-coding/install/ros2_controllers_test_nodes:/workspaces/ros2-coding/install/my_turtlesim:/workspaces/ros2-coding/install/issac_sim:/workspaces/ros2-coding/install/isaac_ros_navigation_goal:/opt/ros/jazzy /usr/bin/cmake --build /workspaces/ros2-coding/build/custom_message -- -j4 -l4
[0.373s] [  2%] Built target custom_message__rosidl_generator_type_description
[0.392s] [  2%] Built target ament_cmake_python_symlink_custom_message
[0.482s] [  5%] Built target custom_message__cpp
[0.530s] [ 20%] Built target custom_message__rosidl_generator_c
[0.698s] [ 29%] Built target custom_message__rosidl_typesupport_c
[0.834s] [ 38%] Built target custom_message__rosidl_typesupport_cpp
[0.996s] [ 47%] Built target custom_message__rosidl_typesupport_fastrtps_c
[1.143s] [ 55%] Built target custom_message__rosidl_typesupport_fastrtps_cpp
[1.290s] [ 64%] Built target custom_message__rosidl_typesupport_introspection_c
[1.357s] running egg_info
[1.407s] writing custom_message.egg-info/PKG-INFO
[1.407s] writing dependency_links to custom_message.egg-info/dependency_links.txt
[1.411s] writing top-level names to custom_message.egg-info/top_level.txt
[1.493s] [ 73%] Built target custom_message__rosidl_typesupport_introspection_cpp
[1.598s] [ 73%] Built target custom_message
[1.628s] reading manifest file 'custom_message.egg-info/SOURCES.txt'
[1.630s] writing manifest file 'custom_message.egg-info/SOURCES.txt'
[1.670s] [ 76%] Built target custom_message__py
[1.738s] [ 76%] Built target ament_cmake_python_build_custom_message_egg
[1.778s] [ 82%] Built target custom_message__rosidl_generator_py
[1.893s] [ 88%] Built target custom_message_s__rosidl_typesupport_fastrtps_c
[1.968s] [ 94%] Built target custom_message_s__rosidl_typesupport_c
[2.057s] [100%] Built target custom_message_s__rosidl_typesupport_introspection_c
