[0.059s] Invoking command in '/workspaces/ros2-coding/build/diff_drive_mover': CMAKE_PREFIX_PATH=${CMAKE_PREFIX_PATH}:/workspaces/ros2-coding/install/my_turtlesim:/workspaces/ros2-coding/install/issac_sim:/workspaces/ros2-coding/install/isaac_ros_navigation_goal:/workspaces/ros2-coding/install/human_controller:/opt/ros/jazzy /usr/bin/cmake --build /workspaces/ros2-coding/build/diff_drive_mover -- -j4 -l4
[0.330s] Invoked command in '/workspaces/ros2-coding/build/diff_drive_mover' returned '0': CMAKE_PREFIX_PATH=${CMAKE_PREFIX_PATH}:/workspaces/ros2-coding/install/my_turtlesim:/workspaces/ros2-coding/install/issac_sim:/workspaces/ros2-coding/install/isaac_ros_navigation_goal:/workspaces/ros2-coding/install/human_controller:/opt/ros/jazzy /usr/bin/cmake --build /workspaces/ros2-coding/build/diff_drive_mover -- -j4 -l4
[0.338s] Invoking command in '/workspaces/ros2-coding/build/diff_drive_mover': CMAKE_PREFIX_PATH=${CMAKE_PREFIX_PATH}:/workspaces/ros2-coding/install/my_turtlesim:/workspaces/ros2-coding/install/issac_sim:/workspaces/ros2-coding/install/isaac_ros_navigation_goal:/workspaces/ros2-coding/install/human_controller:/opt/ros/jazzy /usr/bin/cmake --install /workspaces/ros2-coding/build/diff_drive_mover
[0.403s] -- Install configuration: ""
[0.406s] -- Execute custom install script
[0.407s] -- Up-to-date symlink: /workspaces/ros2-coding/install/diff_drive_mover/share/diff_drive_mover/urdf/nao_world.sdf
[0.409s] -- Up-to-date symlink: /workspaces/ros2-coding/install/diff_drive_mover/share/diff_drive_mover/launch/__pycache__/spawn_model.cpython-312.pyc
[0.411s] -- Up-to-date symlink: /workspaces/ros2-coding/install/diff_drive_mover/share/diff_drive_mover/launch/__pycache__/view_h1.launch.cpython-312.pyc
[0.419s] -- Up-to-date symlink: /workspaces/ros2-coding/install/diff_drive_mover/share/diff_drive_mover/launch/model_spawn.py
[0.419s] -- Up-to-date symlink: /workspaces/ros2-coding/install/diff_drive_mover/share/diff_drive_mover/launch/spawn_model.py
[0.420s] -- Up-to-date symlink: /workspaces/ros2-coding/install/diff_drive_mover/share/diff_drive_mover/launch/test_robot_launch.py
[0.420s] -- Up-to-date symlink: /workspaces/ros2-coding/install/diff_drive_mover/share/diff_drive_mover/launch/view_h1.launch.py
[0.421s] -- Up-to-date symlink: /workspaces/ros2-coding/install/diff_drive_mover/share/ament_index/resource_index/package_run_dependencies/diff_drive_mover
[0.421s] -- Up-to-date symlink: /workspaces/ros2-coding/install/diff_drive_mover/share/ament_index/resource_index/parent_prefix_path/diff_drive_mover
[0.422s] -- Up-to-date symlink: /workspaces/ros2-coding/install/diff_drive_mover/share/diff_drive_mover/environment/ament_prefix_path.sh
[0.422s] -- Up-to-date symlink: /workspaces/ros2-coding/install/diff_drive_mover/share/diff_drive_mover/environment/ament_prefix_path.dsv
[0.422s] -- Up-to-date symlink: /workspaces/ros2-coding/install/diff_drive_mover/share/diff_drive_mover/environment/path.sh
[0.422s] -- Up-to-date symlink: /workspaces/ros2-coding/install/diff_drive_mover/share/diff_drive_mover/environment/path.dsv
[0.423s] -- Up-to-date symlink: /workspaces/ros2-coding/install/diff_drive_mover/share/diff_drive_mover/local_setup.bash
[0.423s] -- Up-to-date symlink: /workspaces/ros2-coding/install/diff_drive_mover/share/diff_drive_mover/local_setup.sh
[0.424s] -- Up-to-date symlink: /workspaces/ros2-coding/install/diff_drive_mover/share/diff_drive_mover/local_setup.zsh
[0.428s] -- Up-to-date symlink: /workspaces/ros2-coding/install/diff_drive_mover/share/diff_drive_mover/local_setup.dsv
[0.428s] -- Symlinking: /workspaces/ros2-coding/install/diff_drive_mover/share/diff_drive_mover/package.dsv
[0.465s] -- Up-to-date symlink: /workspaces/ros2-coding/install/diff_drive_mover/share/ament_index/resource_index/packages/diff_drive_mover
[0.466s] -- Up-to-date symlink: /workspaces/ros2-coding/install/diff_drive_mover/share/diff_drive_mover/cmake/diff_drive_moverConfig.cmake
[0.467s] -- Up-to-date symlink: /workspaces/ros2-coding/install/diff_drive_mover/share/diff_drive_mover/cmake/diff_drive_moverConfig-version.cmake
[0.469s] -- Up-to-date symlink: /workspaces/ros2-coding/install/diff_drive_mover/share/diff_drive_mover/package.xml
[0.473s] Invoked command in '/workspaces/ros2-coding/build/diff_drive_mover' returned '0': CMAKE_PREFIX_PATH=${CMAKE_PREFIX_PATH}:/workspaces/ros2-coding/install/my_turtlesim:/workspaces/ros2-coding/install/issac_sim:/workspaces/ros2-coding/install/isaac_ros_navigation_goal:/workspaces/ros2-coding/install/human_controller:/opt/ros/jazzy /usr/bin/cmake --install /workspaces/ros2-coding/build/diff_drive_mover
