[0.038s] Invoking command in '/workspaces/ros2-coding/build/h1_fullbody_controller': CMAKE_PREFIX_PATH=${CMAKE_PREFIX_PATH}:/workspaces/ros2-coding/install/rqt_joint_trajectory_controller:/workspaces/ros2-coding/install/rqt_controller_manager:/workspaces/ros2-coding/install/ros2controlcli:/workspaces/ros2-coding/install/ros2_controllers_test_nodes:/workspaces/ros2-coding/install/my_turtlesim:/workspaces/ros2-coding/install/issac_sim:/workspaces/ros2-coding/install/isaac_ros_navigation_goal:/workspaces/ros2-coding/install/human_controller:/opt/ros/jazzy /usr/bin/cmake --build /workspaces/ros2-coding/build/h1_fullbody_controller -- -j4 -l4
[0.191s] -- Found ament_cmake: 2.5.4 (/opt/ros/jazzy/share/ament_cmake/cmake)
[0.559s] -- Override CMake install command with custom implementation using symlinks instead of copying resources
[0.596s] -- Found rclpy: 7.1.5 (/opt/ros/jazzy/share/rclpy/cmake)
[0.599s] -- Found geometry_msgs: 5.3.6 (/opt/ros/jazzy/share/geometry_msgs/cmake)
[0.975s] -- Found rosidl_generator_c: 4.6.6 (/opt/ros/jazzy/share/rosidl_generator_c/cmake)
[1.067s] -- Found rosidl_generator_cpp: 4.6.6 (/opt/ros/jazzy/share/rosidl_generator_cpp/cmake)
[1.222s] -- Using all available rosidl_typesupport_c: rosidl_typesupport_fastrtps_c;rosidl_typesupport_introspection_c
[1.331s] -- Using all available rosidl_typesupport_cpp: rosidl_typesupport_fastrtps_cpp;rosidl_typesupport_introspection_cpp
[1.623s] -- Found sensor_msgs: 5.3.6 (/opt/ros/jazzy/share/sensor_msgs/cmake)
[2.024s] -- Configuring done (1.9s)
[2.044s] -- Generating done (0.0s)
[2.052s] -- Build files have been written to: /workspaces/ros2-coding/build/h1_fullbody_controller
[2.189s] Invoked command in '/workspaces/ros2-coding/build/h1_fullbody_controller' returned '0': CMAKE_PREFIX_PATH=${CMAKE_PREFIX_PATH}:/workspaces/ros2-coding/install/rqt_joint_trajectory_controller:/workspaces/ros2-coding/install/rqt_controller_manager:/workspaces/ros2-coding/install/ros2controlcli:/workspaces/ros2-coding/install/ros2_controllers_test_nodes:/workspaces/ros2-coding/install/my_turtlesim:/workspaces/ros2-coding/install/issac_sim:/workspaces/ros2-coding/install/isaac_ros_navigation_goal:/workspaces/ros2-coding/install/human_controller:/opt/ros/jazzy /usr/bin/cmake --build /workspaces/ros2-coding/build/h1_fullbody_controller -- -j4 -l4
[2.190s] Invoking command in '/workspaces/ros2-coding/build/h1_fullbody_controller': CMAKE_PREFIX_PATH=${CMAKE_PREFIX_PATH}:/workspaces/ros2-coding/install/rqt_joint_trajectory_controller:/workspaces/ros2-coding/install/rqt_controller_manager:/workspaces/ros2-coding/install/ros2controlcli:/workspaces/ros2-coding/install/ros2_controllers_test_nodes:/workspaces/ros2-coding/install/my_turtlesim:/workspaces/ros2-coding/install/issac_sim:/workspaces/ros2-coding/install/isaac_ros_navigation_goal:/workspaces/ros2-coding/install/human_controller:/opt/ros/jazzy /usr/bin/cmake --install /workspaces/ros2-coding/build/h1_fullbody_controller
[2.246s] -- Install configuration: ""
[2.248s] -- Execute custom install script
[2.249s] -- Up-to-date symlink: /workspaces/ros2-coding/install/h1_fullbody_controller/share/h1_fullbody_controller/scripts/__init__.py
[2.249s] -- Up-to-date symlink: /workspaces/ros2-coding/install/h1_fullbody_controller/share/h1_fullbody_controller/scripts/h1_fullbody_controller.py
[2.250s] -- Up-to-date symlink: /workspaces/ros2-coding/install/h1_fullbody_controller/share/h1_fullbody_controller/launch/h1_fullbody_controller.launch.py
[2.252s] -- Up-to-date symlink: /workspaces/ros2-coding/install/h1_fullbody_controller/share/h1_fullbody_controller/policy/h1_env.yaml
[2.252s] -- Up-to-date symlink: /workspaces/ros2-coding/install/h1_fullbody_controller/share/h1_fullbody_controller/policy/h1_policy.pt
[2.254s] -- Up-to-date symlink: /workspaces/ros2-coding/install/h1_fullbody_controller/lib/h1_fullbody_controller/h1_fullbody_controller.py
[2.255s] -- Up-to-date symlink: /workspaces/ros2-coding/install/h1_fullbody_controller/share/ament_index/resource_index/package_run_dependencies/h1_fullbody_controller
[2.255s] -- Up-to-date symlink: /workspaces/ros2-coding/install/h1_fullbody_controller/share/ament_index/resource_index/parent_prefix_path/h1_fullbody_controller
[2.256s] -- Up-to-date symlink: /workspaces/ros2-coding/install/h1_fullbody_controller/share/h1_fullbody_controller/environment/ament_prefix_path.sh
[2.256s] -- Up-to-date symlink: /workspaces/ros2-coding/install/h1_fullbody_controller/share/h1_fullbody_controller/environment/ament_prefix_path.dsv
[2.256s] -- Up-to-date symlink: /workspaces/ros2-coding/install/h1_fullbody_controller/share/h1_fullbody_controller/environment/path.sh
[2.257s] -- Up-to-date symlink: /workspaces/ros2-coding/install/h1_fullbody_controller/share/h1_fullbody_controller/environment/path.dsv
[2.257s] -- Up-to-date symlink: /workspaces/ros2-coding/install/h1_fullbody_controller/share/h1_fullbody_controller/local_setup.bash
[2.257s] -- Up-to-date symlink: /workspaces/ros2-coding/install/h1_fullbody_controller/share/h1_fullbody_controller/local_setup.sh
[2.260s] -- Up-to-date symlink: /workspaces/ros2-coding/install/h1_fullbody_controller/share/h1_fullbody_controller/local_setup.zsh
[2.260s] -- Up-to-date symlink: /workspaces/ros2-coding/install/h1_fullbody_controller/share/h1_fullbody_controller/local_setup.dsv
[2.261s] -- Symlinking: /workspaces/ros2-coding/install/h1_fullbody_controller/share/h1_fullbody_controller/package.dsv
[2.327s] -- Up-to-date symlink: /workspaces/ros2-coding/install/h1_fullbody_controller/share/ament_index/resource_index/packages/h1_fullbody_controller
[2.328s] -- Up-to-date symlink: /workspaces/ros2-coding/install/h1_fullbody_controller/share/h1_fullbody_controller/cmake/h1_fullbody_controllerConfig.cmake
[2.328s] -- Up-to-date symlink: /workspaces/ros2-coding/install/h1_fullbody_controller/share/h1_fullbody_controller/cmake/h1_fullbody_controllerConfig-version.cmake
[2.328s] -- Up-to-date symlink: /workspaces/ros2-coding/install/h1_fullbody_controller/share/h1_fullbody_controller/package.xml
[2.337s] Invoked command in '/workspaces/ros2-coding/build/h1_fullbody_controller' returned '0': CMAKE_PREFIX_PATH=${CMAKE_PREFIX_PATH}:/workspaces/ros2-coding/install/rqt_joint_trajectory_controller:/workspaces/ros2-coding/install/rqt_controller_manager:/workspaces/ros2-coding/install/ros2controlcli:/workspaces/ros2-coding/install/ros2_controllers_test_nodes:/workspaces/ros2-coding/install/my_turtlesim:/workspaces/ros2-coding/install/issac_sim:/workspaces/ros2-coding/install/isaac_ros_navigation_goal:/workspaces/ros2-coding/install/human_controller:/opt/ros/jazzy /usr/bin/cmake --install /workspaces/ros2-coding/build/h1_fullbody_controller
