[0.049s] Invoking command in '/workspaces/ros2-coding/build/human_interfaces': CMAKE_PREFIX_PATH=${CMAKE_PREFIX_PATH}:/workspaces/ros2-coding/install/rqt_joint_trajectory_controller:/workspaces/ros2-coding/install/rqt_controller_manager:/workspaces/ros2-coding/install/ros2controlcli:/workspaces/ros2-coding/install/ros2_controllers_test_nodes:/workspaces/ros2-coding/install/my_turtlesim:/workspaces/ros2-coding/install/issac_sim:/workspaces/ros2-coding/install/isaac_ros_navigation_goal:/workspaces/ros2-coding/install/human_controller:/opt/ros/jazzy /usr/bin/cmake --build /workspaces/ros2-coding/build/human_interfaces -- -j4 -l4
[0.210s] [  1%] Built target human_interfaces__rosidl_generator_type_description
[0.227s] [  1%] Built target ament_cmake_python_symlink_human_interfaces
[0.298s] [ 23%] Built target human_interfaces__rosidl_generator_c
[0.339s] [ 25%] Built target human_interfaces__cpp
[0.405s] [ 34%] Built target human_interfaces__rosidl_typesupport_introspection_c
[0.418s] [ 43%] Built target human_interfaces__rosidl_typesupport_fastrtps_c
[0.432s] [ 53%] Built target human_interfaces__rosidl_typesupport_c
[0.497s] [ 62%] Built target human_interfaces__rosidl_typesupport_fastrtps_cpp
[0.554s] [ 71%] Built target human_interfaces__rosidl_typesupport_introspection_cpp
[0.556s] [ 81%] Built target human_interfaces__rosidl_typesupport_cpp
[0.667s] [ 81%] Built target human_interfaces
[0.780s] [ 82%] Built target human_interfaces__py
[1.043s] [ 90%] Built target human_interfaces__rosidl_generator_py
[1.055s] running egg_info
[1.165s] writing human_interfaces.egg-info/PKG-INFO
[1.165s] writing dependency_links to human_interfaces.egg-info/dependency_links.txt
[1.178s] writing top-level names to human_interfaces.egg-info/top_level.txt
[1.223s] [ 93%] Built target human_interfaces_s__rosidl_typesupport_fastrtps_c
[1.283s] [ 96%] Built target human_interfaces_s__rosidl_typesupport_c
[1.295s] [100%] Built target human_interfaces_s__rosidl_typesupport_introspection_c
[1.451s] reading manifest file 'human_interfaces.egg-info/SOURCES.txt'
[1.456s] writing manifest file 'human_interfaces.egg-info/SOURCES.txt'
[1.576s] [100%] Built target ament_cmake_python_build_human_interfaces_egg
[1.639s] Invoked command in '/workspaces/ros2-coding/build/human_interfaces' returned '0': CMAKE_PREFIX_PATH=${CMAKE_PREFIX_PATH}:/workspaces/ros2-coding/install/rqt_joint_trajectory_controller:/workspaces/ros2-coding/install/rqt_controller_manager:/workspaces/ros2-coding/install/ros2controlcli:/workspaces/ros2-coding/install/ros2_controllers_test_nodes:/workspaces/ros2-coding/install/my_turtlesim:/workspaces/ros2-coding/install/issac_sim:/workspaces/ros2-coding/install/isaac_ros_navigation_goal:/workspaces/ros2-coding/install/human_controller:/opt/ros/jazzy /usr/bin/cmake --build /workspaces/ros2-coding/build/human_interfaces -- -j4 -l4
[1.639s] Invoking command in '/workspaces/ros2-coding/build/human_interfaces': CMAKE_PREFIX_PATH=${CMAKE_PREFIX_PATH}:/workspaces/ros2-coding/install/rqt_joint_trajectory_controller:/workspaces/ros2-coding/install/rqt_controller_manager:/workspaces/ros2-coding/install/ros2controlcli:/workspaces/ros2-coding/install/ros2_controllers_test_nodes:/workspaces/ros2-coding/install/my_turtlesim:/workspaces/ros2-coding/install/issac_sim:/workspaces/ros2-coding/install/isaac_ros_navigation_goal:/workspaces/ros2-coding/install/human_controller:/opt/ros/jazzy /usr/bin/cmake --install /workspaces/ros2-coding/build/human_interfaces
[1.688s] -- Install configuration: ""
[1.688s] -- Execute custom install script
[1.689s] -- Up-to-date symlink: /workspaces/ros2-coding/install/human_interfaces/share/ament_index/resource_index/rosidl_interfaces/human_interfaces
[1.690s] -- Up-to-date symlink: /workspaces/ros2-coding/install/human_interfaces/share/human_interfaces/msg/KickCommand.json
[1.690s] -- Up-to-date symlink: /workspaces/ros2-coding/install/human_interfaces/share/human_interfaces/msg/ArmSwingCommand.json
[1.691s] -- Up-to-date symlink: /workspaces/ros2-coding/install/human_interfaces/share/human_interfaces/srv/InverseKinematics.json
[1.695s] -- Up-to-date symlink: /workspaces/ros2-coding/install/human_interfaces/share/human_interfaces/action/GaitPath.json
[1.696s] -- Up-to-date symlink: /workspaces/ros2-coding/install/human_interfaces/include/human_interfaces/human_interfaces/action/detail/gait_path__functions.h
[1.696s] -- Up-to-date symlink: /workspaces/ros2-coding/install/human_interfaces/include/human_interfaces/human_interfaces/action/detail/gait_path__struct.h
[1.696s] -- Up-to-date symlink: /workspaces/ros2-coding/install/human_interfaces/include/human_interfaces/human_interfaces/action/detail/gait_path__type_support.h
[1.697s] -- Up-to-date symlink: /workspaces/ros2-coding/install/human_interfaces/include/human_interfaces/human_interfaces/action/gait_path.h
[1.697s] -- Up-to-date symlink: /workspaces/ros2-coding/install/human_interfaces/include/human_interfaces/human_interfaces/msg/arm_swing_command.h
[1.697s] -- Up-to-date symlink: /workspaces/ros2-coding/install/human_interfaces/include/human_interfaces/human_interfaces/msg/detail/arm_swing_command__functions.h
[1.698s] -- Up-to-date symlink: /workspaces/ros2-coding/install/human_interfaces/include/human_interfaces/human_interfaces/msg/detail/arm_swing_command__struct.h
[1.700s] -- Up-to-date symlink: /workspaces/ros2-coding/install/human_interfaces/include/human_interfaces/human_interfaces/msg/detail/arm_swing_command__type_support.h
[1.700s] -- Up-to-date symlink: /workspaces/ros2-coding/install/human_interfaces/include/human_interfaces/human_interfaces/msg/detail/kick_command__functions.h
[1.700s] -- Up-to-date symlink: /workspaces/ros2-coding/install/human_interfaces/include/human_interfaces/human_interfaces/msg/detail/kick_command__struct.h
[1.705s] -- Up-to-date symlink: /workspaces/ros2-coding/install/human_interfaces/include/human_interfaces/human_interfaces/msg/detail/kick_command__type_support.h
[1.706s] -- Up-to-date symlink: /workspaces/ros2-coding/install/human_interfaces/include/human_interfaces/human_interfaces/msg/kick_command.h
[1.706s] -- Up-to-date symlink: /workspaces/ros2-coding/install/human_interfaces/include/human_interfaces/human_interfaces/msg/rosidl_generator_c__visibility_control.h
[1.706s] -- Up-to-date symlink: /workspaces/ros2-coding/install/human_interfaces/include/human_interfaces/human_interfaces/srv/detail/inverse_kinematics__functions.h
[1.706s] -- Up-to-date symlink: /workspaces/ros2-coding/install/human_interfaces/include/human_interfaces/human_interfaces/srv/detail/inverse_kinematics__struct.h
[1.706s] -- Up-to-date symlink: /workspaces/ros2-coding/install/human_interfaces/include/human_interfaces/human_interfaces/srv/detail/inverse_kinematics__type_support.h
[1.706s] -- Up-to-date symlink: /workspaces/ros2-coding/install/human_interfaces/include/human_interfaces/human_interfaces/srv/inverse_kinematics.h
[1.707s] -- Up-to-date symlink: /workspaces/ros2-coding/install/human_interfaces/share/human_interfaces/environment/library_path.sh
[1.707s] -- Up-to-date symlink: /workspaces/ros2-coding/install/human_interfaces/share/human_interfaces/environment/library_path.dsv
[1.707s] -- Up-to-date symlink: /workspaces/ros2-coding/install/human_interfaces/include/human_interfaces/human_interfaces/action/detail/gait_path__rosidl_typesupport_fastrtps_c.h
[1.718s] -- Up-to-date symlink: /workspaces/ros2-coding/install/human_interfaces/include/human_interfaces/human_interfaces/msg/detail/arm_swing_command__rosidl_typesupport_fastrtps_c.h
[1.718s] -- Up-to-date symlink: /workspaces/ros2-coding/install/human_interfaces/include/human_interfaces/human_interfaces/msg/detail/kick_command__rosidl_typesupport_fastrtps_c.h
[1.718s] -- Up-to-date symlink: /workspaces/ros2-coding/install/human_interfaces/include/human_interfaces/human_interfaces/msg/rosidl_typesupport_fastrtps_c__visibility_control.h
[1.720s] -- Up-to-date symlink: /workspaces/ros2-coding/install/human_interfaces/include/human_interfaces/human_interfaces/srv/detail/inverse_kinematics__rosidl_typesupport_fastrtps_c.h
[1.727s] -- Up-to-date symlink: /workspaces/ros2-coding/install/human_interfaces/include/human_interfaces/human_interfaces/action/detail/gait_path__rosidl_typesupport_introspection_c.h
[1.728s] -- Up-to-date symlink: /workspaces/ros2-coding/install/human_interfaces/include/human_interfaces/human_interfaces/msg/detail/arm_swing_command__rosidl_typesupport_introspection_c.h
[1.728s] -- Up-to-date symlink: /workspaces/ros2-coding/install/human_interfaces/include/human_interfaces/human_interfaces/msg/detail/kick_command__rosidl_typesupport_introspection_c.h
[1.729s] -- Up-to-date symlink: /workspaces/ros2-coding/install/human_interfaces/include/human_interfaces/human_interfaces/msg/rosidl_typesupport_introspection_c__visibility_control.h
[1.732s] -- Up-to-date symlink: /workspaces/ros2-coding/install/human_interfaces/include/human_interfaces/human_interfaces/srv/detail/inverse_kinematics__rosidl_typesupport_introspection_c.h
[1.732s] -- Up-to-date symlink: /workspaces/ros2-coding/install/human_interfaces/include/human_interfaces/human_interfaces/action/detail/gait_path__builder.hpp
[1.732s] -- Up-to-date symlink: /workspaces/ros2-coding/install/human_interfaces/include/human_interfaces/human_interfaces/action/detail/gait_path__struct.hpp
[1.732s] -- Up-to-date symlink: /workspaces/ros2-coding/install/human_interfaces/include/human_interfaces/human_interfaces/action/detail/gait_path__traits.hpp
[1.733s] -- Up-to-date symlink: /workspaces/ros2-coding/install/human_interfaces/include/human_interfaces/human_interfaces/action/detail/gait_path__type_support.hpp
[1.733s] -- Up-to-date symlink: /workspaces/ros2-coding/install/human_interfaces/include/human_interfaces/human_interfaces/action/gait_path.hpp
[1.733s] -- Up-to-date symlink: /workspaces/ros2-coding/install/human_interfaces/include/human_interfaces/human_interfaces/msg/arm_swing_command.hpp
[1.733s] -- Up-to-date symlink: /workspaces/ros2-coding/install/human_interfaces/include/human_interfaces/human_interfaces/msg/detail/arm_swing_command__builder.hpp
[1.733s] -- Up-to-date symlink: /workspaces/ros2-coding/install/human_interfaces/include/human_interfaces/human_interfaces/msg/detail/arm_swing_command__struct.hpp
[1.737s] -- Up-to-date symlink: /workspaces/ros2-coding/install/human_interfaces/include/human_interfaces/human_interfaces/msg/detail/arm_swing_command__traits.hpp
[1.737s] -- Up-to-date symlink: /workspaces/ros2-coding/install/human_interfaces/include/human_interfaces/human_interfaces/msg/detail/arm_swing_command__type_support.hpp
[1.738s] -- Up-to-date symlink: /workspaces/ros2-coding/install/human_interfaces/include/human_interfaces/human_interfaces/msg/detail/kick_command__builder.hpp
[1.738s] -- Up-to-date symlink: /workspaces/ros2-coding/install/human_interfaces/include/human_interfaces/human_interfaces/msg/detail/kick_command__struct.hpp
[1.738s] -- Up-to-date symlink: /workspaces/ros2-coding/install/human_interfaces/include/human_interfaces/human_interfaces/msg/detail/kick_command__traits.hpp
[1.738s] -- Up-to-date symlink: /workspaces/ros2-coding/install/human_interfaces/include/human_interfaces/human_interfaces/msg/detail/kick_command__type_support.hpp
[1.749s] -- Up-to-date symlink: /workspaces/ros2-coding/install/human_interfaces/include/human_interfaces/human_interfaces/msg/kick_command.hpp
[1.750s] -- Up-to-date symlink: /workspaces/ros2-coding/install/human_interfaces/include/human_interfaces/human_interfaces/msg/rosidl_generator_cpp__visibility_control.hpp
[1.750s] -- Up-to-date symlink: /workspaces/ros2-coding/install/human_interfaces/include/human_interfaces/human_interfaces/srv/detail/inverse_kinematics__builder.hpp
[1.750s] -- Up-to-date symlink: /workspaces/ros2-coding/install/human_interfaces/include/human_interfaces/human_interfaces/srv/detail/inverse_kinematics__struct.hpp
[1.750s] -- Up-to-date symlink: /workspaces/ros2-coding/install/human_interfaces/include/human_interfaces/human_interfaces/srv/detail/inverse_kinematics__traits.hpp
[1.750s] -- Up-to-date symlink: /workspaces/ros2-coding/install/human_interfaces/include/human_interfaces/human_interfaces/srv/detail/inverse_kinematics__type_support.hpp
[1.751s] -- Up-to-date symlink: /workspaces/ros2-coding/install/human_interfaces/include/human_interfaces/human_interfaces/srv/inverse_kinematics.hpp
[1.751s] -- Up-to-date symlink: /workspaces/ros2-coding/install/human_interfaces/include/human_interfaces/human_interfaces/action/detail/gait_path__rosidl_typesupport_fastrtps_cpp.hpp
[1.751s] -- Up-to-date symlink: /workspaces/ros2-coding/install/human_interfaces/include/human_interfaces/human_interfaces/msg/detail/arm_swing_command__rosidl_typesupport_fastrtps_cpp.hpp
[1.751s] -- Up-to-date symlink: /workspaces/ros2-coding/install/human_interfaces/include/human_interfaces/human_interfaces/msg/detail/kick_command__rosidl_typesupport_fastrtps_cpp.hpp
[1.755s] -- Up-to-date symlink: /workspaces/ros2-coding/install/human_interfaces/include/human_interfaces/human_interfaces/msg/rosidl_typesupport_fastrtps_cpp__visibility_control.h
[1.756s] -- Up-to-date symlink: /workspaces/ros2-coding/install/human_interfaces/include/human_interfaces/human_interfaces/srv/detail/inverse_kinematics__rosidl_typesupport_fastrtps_cpp.hpp
[1.758s] -- Up-to-date symlink: /workspaces/ros2-coding/install/human_interfaces/include/human_interfaces/human_interfaces/action/detail/gait_path__rosidl_typesupport_introspection_cpp.hpp
[1.758s] -- Up-to-date symlink: /workspaces/ros2-coding/install/human_interfaces/include/human_interfaces/human_interfaces/msg/detail/arm_swing_command__rosidl_typesupport_introspection_cpp.hpp
[1.759s] -- Up-to-date symlink: /workspaces/ros2-coding/install/human_interfaces/include/human_interfaces/human_interfaces/msg/detail/kick_command__rosidl_typesupport_introspection_cpp.hpp
[1.759s] -- Up-to-date symlink: /workspaces/ros2-coding/install/human_interfaces/include/human_interfaces/human_interfaces/srv/detail/inverse_kinematics__rosidl_typesupport_introspection_cpp.hpp
[1.759s] -- Up-to-date symlink: /workspaces/ros2-coding/install/human_interfaces/share/human_interfaces/environment/pythonpath.sh
[1.760s] -- Up-to-date symlink: /workspaces/ros2-coding/install/human_interfaces/share/human_interfaces/environment/pythonpath.dsv
[1.760s] -- Up-to-date symlink: /workspaces/ros2-coding/install/human_interfaces/lib/python3.12/site-packages/human_interfaces-0.0.0-py3.12.egg-info/PKG-INFO
[1.768s] -- Up-to-date symlink: /workspaces/ros2-coding/install/human_interfaces/lib/python3.12/site-packages/human_interfaces-0.0.0-py3.12.egg-info/SOURCES.txt
[1.769s] -- Up-to-date symlink: /workspaces/ros2-coding/install/human_interfaces/lib/python3.12/site-packages/human_interfaces-0.0.0-py3.12.egg-info/dependency_links.txt
[1.769s] -- Up-to-date symlink: /workspaces/ros2-coding/install/human_interfaces/lib/python3.12/site-packages/human_interfaces-0.0.0-py3.12.egg-info/top_level.txt
[1.769s] -- Up-to-date symlink: /workspaces/ros2-coding/install/human_interfaces/lib/python3.12/site-packages/human_interfaces/__init__.py
[1.769s] -- Up-to-date symlink: /workspaces/ros2-coding/install/human_interfaces/lib/python3.12/site-packages/human_interfaces/_human_interfaces_s.ep.rosidl_typesupport_c.c
[1.771s] -- Up-to-date symlink: /workspaces/ros2-coding/install/human_interfaces/lib/python3.12/site-packages/human_interfaces/_human_interfaces_s.ep.rosidl_typesupport_fastrtps_c.c
[1.771s] -- Up-to-date symlink: /workspaces/ros2-coding/install/human_interfaces/lib/python3.12/site-packages/human_interfaces/_human_interfaces_s.ep.rosidl_typesupport_introspection_c.c
[1.778s] -- Up-to-date symlink: /workspaces/ros2-coding/install/human_interfaces/lib/python3.12/site-packages/human_interfaces/action/__init__.py
[1.779s] -- Up-to-date symlink: /workspaces/ros2-coding/install/human_interfaces/lib/python3.12/site-packages/human_interfaces/action/_gait_path.py
[1.779s] -- Up-to-date symlink: /workspaces/ros2-coding/install/human_interfaces/lib/python3.12/site-packages/human_interfaces/action/_gait_path_s.c
[1.779s] -- Up-to-date symlink: /workspaces/ros2-coding/install/human_interfaces/lib/python3.12/site-packages/human_interfaces/human_interfaces_s__rosidl_typesupport_c.so
[1.779s] -- Up-to-date symlink: /workspaces/ros2-coding/install/human_interfaces/lib/python3.12/site-packages/human_interfaces/human_interfaces_s__rosidl_typesupport_fastrtps_c.so
[1.783s] -- Up-to-date symlink: /workspaces/ros2-coding/install/human_interfaces/lib/python3.12/site-packages/human_interfaces/human_interfaces_s__rosidl_typesupport_introspection_c.so
[1.784s] -- Up-to-date symlink: /workspaces/ros2-coding/install/human_interfaces/lib/python3.12/site-packages/human_interfaces/msg/__init__.py
[1.785s] -- Up-to-date symlink: /workspaces/ros2-coding/install/human_interfaces/lib/python3.12/site-packages/human_interfaces/msg/_arm_swing_command.py
[1.785s] -- Up-to-date symlink: /workspaces/ros2-coding/install/human_interfaces/lib/python3.12/site-packages/human_interfaces/msg/_arm_swing_command_s.c
[1.786s] -- Up-to-date symlink: /workspaces/ros2-coding/install/human_interfaces/lib/python3.12/site-packages/human_interfaces/msg/_kick_command.py
[1.786s] -- Up-to-date symlink: /workspaces/ros2-coding/install/human_interfaces/lib/python3.12/site-packages/human_interfaces/msg/_kick_command_s.c
[1.786s] -- Up-to-date symlink: /workspaces/ros2-coding/install/human_interfaces/lib/python3.12/site-packages/human_interfaces/srv/__init__.py
[1.788s] -- Up-to-date symlink: /workspaces/ros2-coding/install/human_interfaces/lib/python3.12/site-packages/human_interfaces/srv/_inverse_kinematics.py
[1.788s] -- Up-to-date symlink: /workspaces/ros2-coding/install/human_interfaces/lib/python3.12/site-packages/human_interfaces/srv/_inverse_kinematics_s.c
[1.788s] -- Up-to-date symlink: /workspaces/ros2-coding/install/human_interfaces/lib/python3.12/site-packages/human_interfaces/human_interfaces_s__rosidl_typesupport_fastrtps_c.so
[1.788s] -- Up-to-date symlink: /workspaces/ros2-coding/install/human_interfaces/lib/python3.12/site-packages/human_interfaces/human_interfaces_s__rosidl_typesupport_introspection_c.so
[1.788s] -- Up-to-date symlink: /workspaces/ros2-coding/install/human_interfaces/lib/python3.12/site-packages/human_interfaces/human_interfaces_s__rosidl_typesupport_c.so
[1.789s] -- Up-to-date symlink: /workspaces/ros2-coding/install/human_interfaces/share/human_interfaces/msg/KickCommand.idl
[1.796s] -- Up-to-date symlink: /workspaces/ros2-coding/install/human_interfaces/share/human_interfaces/msg/ArmSwingCommand.idl
[1.796s] -- Up-to-date symlink: /workspaces/ros2-coding/install/human_interfaces/share/human_interfaces/srv/InverseKinematics.idl
[1.797s] -- Up-to-date symlink: /workspaces/ros2-coding/install/human_interfaces/share/human_interfaces/action/GaitPath.idl
[1.798s] -- Up-to-date symlink: /workspaces/ros2-coding/install/human_interfaces/share/human_interfaces/msg/KickCommand.msg
[1.798s] -- Up-to-date symlink: /workspaces/ros2-coding/install/human_interfaces/share/human_interfaces/msg/ArmSwingCommand.msg
[1.798s] -- Up-to-date symlink: /workspaces/ros2-coding/install/human_interfaces/share/human_interfaces/srv/InverseKinematics.srv
[1.798s] -- Up-to-date symlink: /workspaces/ros2-coding/install/human_interfaces/share/human_interfaces/action/GaitPath.action
[1.798s] -- Up-to-date symlink: /workspaces/ros2-coding/install/human_interfaces/share/ament_index/resource_index/package_run_dependencies/human_interfaces
[1.799s] -- Up-to-date symlink: /workspaces/ros2-coding/install/human_interfaces/share/ament_index/resource_index/parent_prefix_path/human_interfaces
[1.799s] -- Up-to-date symlink: /workspaces/ros2-coding/install/human_interfaces/share/human_interfaces/environment/ament_prefix_path.sh
[1.799s] -- Up-to-date symlink: /workspaces/ros2-coding/install/human_interfaces/share/human_interfaces/environment/ament_prefix_path.dsv
[1.804s] -- Up-to-date symlink: /workspaces/ros2-coding/install/human_interfaces/share/human_interfaces/environment/path.sh
[1.804s] -- Up-to-date symlink: /workspaces/ros2-coding/install/human_interfaces/share/human_interfaces/environment/path.dsv
[1.804s] -- Up-to-date symlink: /workspaces/ros2-coding/install/human_interfaces/share/human_interfaces/local_setup.bash
[1.804s] -- Up-to-date symlink: /workspaces/ros2-coding/install/human_interfaces/share/human_interfaces/local_setup.sh
[1.804s] -- Up-to-date symlink: /workspaces/ros2-coding/install/human_interfaces/share/human_interfaces/local_setup.zsh
[1.805s] -- Up-to-date symlink: /workspaces/ros2-coding/install/human_interfaces/share/human_interfaces/local_setup.dsv
[1.805s] -- Symlinking: /workspaces/ros2-coding/install/human_interfaces/share/human_interfaces/package.dsv
[1.856s] -- Up-to-date symlink: /workspaces/ros2-coding/install/human_interfaces/share/ament_index/resource_index/packages/human_interfaces
[1.856s] -- Up-to-date symlink: /workspaces/ros2-coding/install/human_interfaces/share/human_interfaces/cmake/rosidl_cmake-extras.cmake
[1.856s] -- Up-to-date symlink: /workspaces/ros2-coding/install/human_interfaces/share/human_interfaces/cmake/ament_cmake_export_dependencies-extras.cmake
[1.858s] -- Up-to-date symlink: /workspaces/ros2-coding/install/human_interfaces/share/human_interfaces/cmake/ament_cmake_export_include_directories-extras.cmake
[1.858s] -- Up-to-date symlink: /workspaces/ros2-coding/install/human_interfaces/share/human_interfaces/cmake/ament_cmake_export_libraries-extras.cmake
[1.859s] -- Up-to-date symlink: /workspaces/ros2-coding/install/human_interfaces/share/human_interfaces/cmake/ament_cmake_export_targets-extras.cmake
[1.863s] -- Up-to-date symlink: /workspaces/ros2-coding/install/human_interfaces/share/human_interfaces/cmake/rosidl_cmake_export_typesupport_targets-extras.cmake
[1.864s] -- Up-to-date symlink: /workspaces/ros2-coding/install/human_interfaces/share/human_interfaces/cmake/rosidl_cmake_export_typesupport_libraries-extras.cmake
[1.864s] -- Up-to-date symlink: /workspaces/ros2-coding/install/human_interfaces/share/human_interfaces/cmake/human_interfacesConfig.cmake
[1.864s] -- Up-to-date symlink: /workspaces/ros2-coding/install/human_interfaces/share/human_interfaces/cmake/human_interfacesConfig-version.cmake
[1.865s] -- Up-to-date symlink: /workspaces/ros2-coding/install/human_interfaces/share/human_interfaces/package.xml
[1.865s] -- Up-to-date: /workspaces/ros2-coding/install/human_interfaces/lib/libhuman_interfaces__rosidl_generator_c.so
[1.866s] -- Up-to-date: /workspaces/ros2-coding/install/human_interfaces/lib/libhuman_interfaces__rosidl_typesupport_fastrtps_c.so
[1.868s] -- Up-to-date: /workspaces/ros2-coding/install/human_interfaces/lib/libhuman_interfaces__rosidl_typesupport_introspection_c.so
[1.868s] -- Up-to-date: /workspaces/ros2-coding/install/human_interfaces/lib/libhuman_interfaces__rosidl_typesupport_c.so
[1.869s] -- Up-to-date: /workspaces/ros2-coding/install/human_interfaces/lib/libhuman_interfaces__rosidl_typesupport_fastrtps_cpp.so
[1.869s] -- Up-to-date: /workspaces/ros2-coding/install/human_interfaces/lib/libhuman_interfaces__rosidl_typesupport_introspection_cpp.so
[1.869s] -- Up-to-date: /workspaces/ros2-coding/install/human_interfaces/lib/libhuman_interfaces__rosidl_typesupport_cpp.so
[1.964s] Listing '/workspaces/ros2-coding/install/human_interfaces/lib/python3.12/site-packages/human_interfaces'...
[1.964s] Listing '/workspaces/ros2-coding/install/human_interfaces/lib/python3.12/site-packages/human_interfaces/action'...
[1.964s] Listing '/workspaces/ros2-coding/install/human_interfaces/lib/python3.12/site-packages/human_interfaces/msg'...
[1.966s] Listing '/workspaces/ros2-coding/install/human_interfaces/lib/python3.12/site-packages/human_interfaces/srv'...
[1.977s] -- Up-to-date: /workspaces/ros2-coding/install/human_interfaces/lib/libhuman_interfaces__rosidl_generator_py.so
[1.978s] -- Up-to-date: /workspaces/ros2-coding/install/human_interfaces/share/human_interfaces/cmake/export_human_interfaces__rosidl_generator_cExport.cmake
[1.978s] -- Up-to-date: /workspaces/ros2-coding/install/human_interfaces/share/human_interfaces/cmake/export_human_interfaces__rosidl_generator_cExport-noconfig.cmake
[1.978s] -- Up-to-date: /workspaces/ros2-coding/install/human_interfaces/share/human_interfaces/cmake/export_human_interfaces__rosidl_typesupport_fastrtps_cExport.cmake
[1.979s] -- Up-to-date: /workspaces/ros2-coding/install/human_interfaces/share/human_interfaces/cmake/export_human_interfaces__rosidl_typesupport_fastrtps_cExport-noconfig.cmake
[1.979s] -- Up-to-date: /workspaces/ros2-coding/install/human_interfaces/share/human_interfaces/cmake/human_interfaces__rosidl_typesupport_introspection_cExport.cmake
[1.980s] -- Up-to-date: /workspaces/ros2-coding/install/human_interfaces/share/human_interfaces/cmake/human_interfaces__rosidl_typesupport_introspection_cExport-noconfig.cmake
[1.980s] -- Up-to-date: /workspaces/ros2-coding/install/human_interfaces/share/human_interfaces/cmake/human_interfaces__rosidl_typesupport_cExport.cmake
[1.981s] -- Up-to-date: /workspaces/ros2-coding/install/human_interfaces/share/human_interfaces/cmake/human_interfaces__rosidl_typesupport_cExport-noconfig.cmake
[1.981s] -- Up-to-date: /workspaces/ros2-coding/install/human_interfaces/share/human_interfaces/cmake/export_human_interfaces__rosidl_generator_cppExport.cmake
[1.987s] -- Up-to-date: /workspaces/ros2-coding/install/human_interfaces/share/human_interfaces/cmake/export_human_interfaces__rosidl_typesupport_fastrtps_cppExport.cmake
[1.987s] -- Up-to-date: /workspaces/ros2-coding/install/human_interfaces/share/human_interfaces/cmake/export_human_interfaces__rosidl_typesupport_fastrtps_cppExport-noconfig.cmake
[1.987s] -- Up-to-date: /workspaces/ros2-coding/install/human_interfaces/share/human_interfaces/cmake/human_interfaces__rosidl_typesupport_introspection_cppExport.cmake
[1.989s] -- Up-to-date: /workspaces/ros2-coding/install/human_interfaces/share/human_interfaces/cmake/human_interfaces__rosidl_typesupport_introspection_cppExport-noconfig.cmake
[1.989s] -- Up-to-date: /workspaces/ros2-coding/install/human_interfaces/share/human_interfaces/cmake/human_interfaces__rosidl_typesupport_cppExport.cmake
[1.991s] -- Up-to-date: /workspaces/ros2-coding/install/human_interfaces/share/human_interfaces/cmake/human_interfaces__rosidl_typesupport_cppExport-noconfig.cmake
[1.991s] -- Up-to-date: /workspaces/ros2-coding/install/human_interfaces/share/human_interfaces/cmake/export_human_interfaces__rosidl_generator_pyExport.cmake
[1.992s] -- Up-to-date: /workspaces/ros2-coding/install/human_interfaces/share/human_interfaces/cmake/export_human_interfaces__rosidl_generator_pyExport-noconfig.cmake
[2.541s] Invoked command in '/workspaces/ros2-coding/build/human_interfaces' returned '0': CMAKE_PREFIX_PATH=${CMAKE_PREFIX_PATH}:/workspaces/ros2-coding/install/rqt_joint_trajectory_controller:/workspaces/ros2-coding/install/rqt_controller_manager:/workspaces/ros2-coding/install/ros2controlcli:/workspaces/ros2-coding/install/ros2_controllers_test_nodes:/workspaces/ros2-coding/install/my_turtlesim:/workspaces/ros2-coding/install/issac_sim:/workspaces/ros2-coding/install/isaac_ros_navigation_goal:/workspaces/ros2-coding/install/human_controller:/opt/ros/jazzy /usr/bin/cmake --install /workspaces/ros2-coding/build/human_interfaces
