[0.137s] Invoking command in '/workspaces/ros2-coding/build/ros_gz_example_description': CMAKE_PREFIX_PATH=${CMAKE_PREFIX_PATH}:/workspaces/ros2-coding/install/rqt_joint_trajectory_controller:/workspaces/ros2-coding/install/rqt_controller_manager:/workspaces/ros2-coding/install/ros2controlcli:/workspaces/ros2-coding/install/ros2_controllers_test_nodes:/workspaces/ros2-coding/install/my_turtlesim:/workspaces/ros2-coding/install/issac_sim:/workspaces/ros2-coding/install/isaac_ros_navigation_goal:/opt/ros/jazzy /usr/bin/cmake --build /workspaces/ros2-coding/build/ros_gz_example_description -- -j4 -l4
[0.415s] Invoked command in '/workspaces/ros2-coding/build/ros_gz_example_description' returned '0': CMAKE_PREFIX_PATH=${CMAKE_PREFIX_PATH}:/workspaces/ros2-coding/install/rqt_joint_trajectory_controller:/workspaces/ros2-coding/install/rqt_controller_manager:/workspaces/ros2-coding/install/ros2controlcli:/workspaces/ros2-coding/install/ros2_controllers_test_nodes:/workspaces/ros2-coding/install/my_turtlesim:/workspaces/ros2-coding/install/issac_sim:/workspaces/ros2-coding/install/isaac_ros_navigation_goal:/opt/ros/jazzy /usr/bin/cmake --build /workspaces/ros2-coding/build/ros_gz_example_description -- -j4 -l4
[0.478s] Invoking command in '/workspaces/ros2-coding/build/ros_gz_example_description': CMAKE_PREFIX_PATH=${CMAKE_PREFIX_PATH}:/workspaces/ros2-coding/install/rqt_joint_trajectory_controller:/workspaces/ros2-coding/install/rqt_controller_manager:/workspaces/ros2-coding/install/ros2controlcli:/workspaces/ros2-coding/install/ros2_controllers_test_nodes:/workspaces/ros2-coding/install/my_turtlesim:/workspaces/ros2-coding/install/issac_sim:/workspaces/ros2-coding/install/isaac_ros_navigation_goal:/opt/ros/jazzy /usr/bin/cmake --install /workspaces/ros2-coding/build/ros_gz_example_description
[0.561s] -- Install configuration: ""
[0.562s] -- Execute custom install script
[0.564s] -- Up-to-date symlink: /workspaces/ros2-coding/install/ros_gz_example_description/share/ros_gz_example_description/models/diff_drive/model.config
[0.568s] -- Up-to-date symlink: /workspaces/ros2-coding/install/ros_gz_example_description/share/ros_gz_example_description/models/diff_drive/model.sdf
[0.569s] -- Up-to-date symlink: /workspaces/ros2-coding/install/ros_gz_example_description/share/ros_gz_example_description/models/rrbot/model.sdf
[0.572s] -- Up-to-date symlink: /workspaces/ros2-coding/install/ros_gz_example_description/share/ros_gz_example_description/environment/ros_gz_example_description.dsv
[0.576s] -- Up-to-date symlink: /workspaces/ros2-coding/install/ros_gz_example_description/share/ros_gz_example_description/environment/ros_gz_example_description.sh
[0.576s] -- Up-to-date symlink: /workspaces/ros2-coding/install/ros_gz_example_description/share/ament_index/resource_index/package_run_dependencies/ros_gz_example_description
[0.576s] -- Up-to-date symlink: /workspaces/ros2-coding/install/ros_gz_example_description/share/ament_index/resource_index/parent_prefix_path/ros_gz_example_description
[0.576s] -- Up-to-date symlink: /workspaces/ros2-coding/install/ros_gz_example_description/share/ros_gz_example_description/environment/ament_prefix_path.sh
[0.576s] -- Up-to-date symlink: /workspaces/ros2-coding/install/ros_gz_example_description/share/ros_gz_example_description/environment/ament_prefix_path.dsv
[0.577s] -- Up-to-date symlink: /workspaces/ros2-coding/install/ros_gz_example_description/share/ros_gz_example_description/environment/path.sh
[0.577s] -- Up-to-date symlink: /workspaces/ros2-coding/install/ros_gz_example_description/share/ros_gz_example_description/environment/path.dsv
[0.577s] -- Up-to-date symlink: /workspaces/ros2-coding/install/ros_gz_example_description/share/ros_gz_example_description/local_setup.bash
[0.577s] -- Up-to-date symlink: /workspaces/ros2-coding/install/ros_gz_example_description/share/ros_gz_example_description/local_setup.sh
[0.581s] -- Up-to-date symlink: /workspaces/ros2-coding/install/ros_gz_example_description/share/ros_gz_example_description/local_setup.zsh
[0.585s] -- Up-to-date symlink: /workspaces/ros2-coding/install/ros_gz_example_description/share/ros_gz_example_description/local_setup.dsv
[0.585s] -- Symlinking: /workspaces/ros2-coding/install/ros_gz_example_description/share/ros_gz_example_description/package.dsv
[0.719s] -- Up-to-date symlink: /workspaces/ros2-coding/install/ros_gz_example_description/share/ament_index/resource_index/packages/ros_gz_example_description
[0.720s] -- Up-to-date symlink: /workspaces/ros2-coding/install/ros_gz_example_description/share/ros_gz_example_description/cmake/ros_gz_example_descriptionConfig.cmake
[0.721s] -- Up-to-date symlink: /workspaces/ros2-coding/install/ros_gz_example_description/share/ros_gz_example_description/cmake/ros_gz_example_descriptionConfig-version.cmake
[0.724s] -- Up-to-date symlink: /workspaces/ros2-coding/install/ros_gz_example_description/share/ros_gz_example_description/package.xml
[0.801s] Invoked command in '/workspaces/ros2-coding/build/ros_gz_example_description' returned '0': CMAKE_PREFIX_PATH=${CMAKE_PREFIX_PATH}:/workspaces/ros2-coding/install/rqt_joint_trajectory_controller:/workspaces/ros2-coding/install/rqt_controller_manager:/workspaces/ros2-coding/install/ros2controlcli:/workspaces/ros2-coding/install/ros2_controllers_test_nodes:/workspaces/ros2-coding/install/my_turtlesim:/workspaces/ros2-coding/install/issac_sim:/workspaces/ros2-coding/install/isaac_ros_navigation_goal:/opt/ros/jazzy /usr/bin/cmake --install /workspaces/ros2-coding/build/ros_gz_example_description
