/workspaces/ros2-coding/install/my_turtlesim/lib/python3.12/site-packages/my_turtlesim/better_move.py
/workspaces/ros2-coding/install/my_turtlesim/lib/python3.12/site-packages/my_turtlesim/move_turtle.py
/workspaces/ros2-coding/install/my_turtlesim/lib/python3.12/site-packages/my_turtlesim/pose_math.py
/workspaces/ros2-coding/install/my_turtlesim/lib/python3.12/site-packages/my_turtlesim/__init__.py
/workspaces/ros2-coding/install/my_turtlesim/lib/python3.12/site-packages/my_turtlesim/launch.py
/workspaces/ros2-coding/install/my_turtlesim/lib/python3.12/site-packages/my_turtlesim/vector_math.py
/workspaces/ros2-coding/install/my_turtlesim/lib/python3.12/site-packages/my_turtlesim/__pycache__/better_move.cpython-312.pyc
/workspaces/ros2-coding/install/my_turtlesim/lib/python3.12/site-packages/my_turtlesim/__pycache__/move_turtle.cpython-312.pyc
/workspaces/ros2-coding/install/my_turtlesim/lib/python3.12/site-packages/my_turtlesim/__pycache__/pose_math.cpython-312.pyc
/workspaces/ros2-coding/install/my_turtlesim/lib/python3.12/site-packages/my_turtlesim/__pycache__/__init__.cpython-312.pyc
/workspaces/ros2-coding/install/my_turtlesim/lib/python3.12/site-packages/my_turtlesim/__pycache__/launch.cpython-312.pyc
/workspaces/ros2-coding/install/my_turtlesim/lib/python3.12/site-packages/my_turtlesim/__pycache__/vector_math.cpython-312.pyc
/workspaces/ros2-coding/install/my_turtlesim/share/ament_index/resource_index/packages/my_turtlesim
/workspaces/ros2-coding/install/my_turtlesim/share/my_turtlesim/package.xml
/workspaces/ros2-coding/install/my_turtlesim/share/my_turtlesim
/workspaces/ros2-coding/install/my_turtlesim/lib/python3.12/site-packages/my_turtlesim-0.0.0-py3.12.egg-info/SOURCES.txt
/workspaces/ros2-coding/install/my_turtlesim/lib/python3.12/site-packages/my_turtlesim-0.0.0-py3.12.egg-info/zip-safe
/workspaces/ros2-coding/install/my_turtlesim/lib/python3.12/site-packages/my_turtlesim-0.0.0-py3.12.egg-info/PKG-INFO
/workspaces/ros2-coding/install/my_turtlesim/lib/python3.12/site-packages/my_turtlesim-0.0.0-py3.12.egg-info/dependency_links.txt
/workspaces/ros2-coding/install/my_turtlesim/lib/python3.12/site-packages/my_turtlesim-0.0.0-py3.12.egg-info/entry_points.txt
/workspaces/ros2-coding/install/my_turtlesim/lib/python3.12/site-packages/my_turtlesim-0.0.0-py3.12.egg-info/requires.txt
/workspaces/ros2-coding/install/my_turtlesim/lib/python3.12/site-packages/my_turtlesim-0.0.0-py3.12.egg-info/top_level.txt
/workspaces/ros2-coding/install/my_turtlesim/lib/my_turtlesim/better_move
/workspaces/ros2-coding/install/my_turtlesim/lib/my_turtlesim/move_turtle
