[0.064s] Invoking command in '/workspaces/ros2-coding/build/moveit_resources_panda_description': CMAKE_PREFIX_PATH=${CMAKE_PREFIX_PATH}:/workspaces/ros2-coding/install/rqt_joint_trajectory_controller:/workspaces/ros2-coding/install/rqt_controller_manager:/workspaces/ros2-coding/install/ros2controlcli:/workspaces/ros2-coding/install/ros2_controllers_test_nodes:/workspaces/ros2-coding/install/my_turtlesim:/workspaces/ros2-coding/install/issac_sim:/workspaces/ros2-coding/install/isaac_ros_navigation_goal:/workspaces/ros2-coding/install/human_controller:/opt/ros/jazzy VIRTUAL_ENV_PROMPT=(.venv) /usr/bin/cmake /workspaces/ros2-coding/turtlesim_ws/src/panda_description -DAMENT_CMAKE_SYMLINK_INSTALL=1 -DCMAKE_INSTALL_PREFIX=/workspaces/ros2-coding/install/moveit_resources_panda_description
[0.253s] -- The C compiler identification is GNU 13.3.0
[0.382s] -- The CXX compiler identification is GNU 13.3.0
[0.421s] -- Detecting C compiler ABI info
[0.694s] -- Detecting C compiler ABI info - done
[0.722s] -- Check for working C compiler: /usr/bin/cc - skipped
[0.723s] -- Detecting C compile features
[0.724s] -- Detecting C compile features - done
[0.752s] -- Detecting CXX compiler ABI info
[1.061s] -- Detecting CXX compiler ABI info - done
[1.094s] -- Check for working CXX compiler: /usr/bin/c++ - skipped
[1.101s] -- Detecting CXX compile features
[1.101s] -- Detecting CXX compile features - done
[1.145s] -- Found ament_cmake: 2.5.4 (/opt/ros/jazzy/share/ament_cmake/cmake)
[1.564s] -- Found Python3: /workspaces/ros2-coding/.venv/bin/python3 (found version "3.12.3") found components: Interpreter 
[1.700s] -- Override CMake install command with custom implementation using symlinks instead of copying resources
[2.446s] -- Configuring done (2.3s)
[2.462s] -- Generating done (0.0s)
[2.467s] -- Build files have been written to: /workspaces/ros2-coding/build/moveit_resources_panda_description
[2.478s] Invoked command in '/workspaces/ros2-coding/build/moveit_resources_panda_description' returned '0': CMAKE_PREFIX_PATH=${CMAKE_PREFIX_PATH}:/workspaces/ros2-coding/install/rqt_joint_trajectory_controller:/workspaces/ros2-coding/install/rqt_controller_manager:/workspaces/ros2-coding/install/ros2controlcli:/workspaces/ros2-coding/install/ros2_controllers_test_nodes:/workspaces/ros2-coding/install/my_turtlesim:/workspaces/ros2-coding/install/issac_sim:/workspaces/ros2-coding/install/isaac_ros_navigation_goal:/workspaces/ros2-coding/install/human_controller:/opt/ros/jazzy VIRTUAL_ENV_PROMPT=(.venv) /usr/bin/cmake /workspaces/ros2-coding/turtlesim_ws/src/panda_description -DAMENT_CMAKE_SYMLINK_INSTALL=1 -DCMAKE_INSTALL_PREFIX=/workspaces/ros2-coding/install/moveit_resources_panda_description
[2.479s] Invoking command in '/workspaces/ros2-coding/build/moveit_resources_panda_description': CMAKE_PREFIX_PATH=${CMAKE_PREFIX_PATH}:/workspaces/ros2-coding/install/rqt_joint_trajectory_controller:/workspaces/ros2-coding/install/rqt_controller_manager:/workspaces/ros2-coding/install/ros2controlcli:/workspaces/ros2-coding/install/ros2_controllers_test_nodes:/workspaces/ros2-coding/install/my_turtlesim:/workspaces/ros2-coding/install/issac_sim:/workspaces/ros2-coding/install/isaac_ros_navigation_goal:/workspaces/ros2-coding/install/human_controller:/opt/ros/jazzy VIRTUAL_ENV_PROMPT=(.venv) /usr/bin/cmake --build /workspaces/ros2-coding/build/moveit_resources_panda_description -- -j4 -l4
[2.687s] Invoked command in '/workspaces/ros2-coding/build/moveit_resources_panda_description' returned '0': CMAKE_PREFIX_PATH=${CMAKE_PREFIX_PATH}:/workspaces/ros2-coding/install/rqt_joint_trajectory_controller:/workspaces/ros2-coding/install/rqt_controller_manager:/workspaces/ros2-coding/install/ros2controlcli:/workspaces/ros2-coding/install/ros2_controllers_test_nodes:/workspaces/ros2-coding/install/my_turtlesim:/workspaces/ros2-coding/install/issac_sim:/workspaces/ros2-coding/install/isaac_ros_navigation_goal:/workspaces/ros2-coding/install/human_controller:/opt/ros/jazzy VIRTUAL_ENV_PROMPT=(.venv) /usr/bin/cmake --build /workspaces/ros2-coding/build/moveit_resources_panda_description -- -j4 -l4
[2.688s] Invoking command in '/workspaces/ros2-coding/build/moveit_resources_panda_description': CMAKE_PREFIX_PATH=${CMAKE_PREFIX_PATH}:/workspaces/ros2-coding/install/rqt_joint_trajectory_controller:/workspaces/ros2-coding/install/rqt_controller_manager:/workspaces/ros2-coding/install/ros2controlcli:/workspaces/ros2-coding/install/ros2_controllers_test_nodes:/workspaces/ros2-coding/install/my_turtlesim:/workspaces/ros2-coding/install/issac_sim:/workspaces/ros2-coding/install/isaac_ros_navigation_goal:/workspaces/ros2-coding/install/human_controller:/opt/ros/jazzy VIRTUAL_ENV_PROMPT=(.venv) /usr/bin/cmake --install /workspaces/ros2-coding/build/moveit_resources_panda_description
[2.746s] -- Install configuration: ""
[2.748s] -- Execute custom install script
[2.749s] -- Up-to-date symlink: /workspaces/ros2-coding/install/moveit_resources_panda_description/share/ament_index/resource_index/package_run_dependencies/moveit_resources_panda_description
[2.749s] -- Up-to-date symlink: /workspaces/ros2-coding/install/moveit_resources_panda_description/share/ament_index/resource_index/parent_prefix_path/moveit_resources_panda_description
[2.753s] -- Up-to-date symlink: /workspaces/ros2-coding/install/moveit_resources_panda_description/share/moveit_resources_panda_description/environment/ament_prefix_path.sh
[2.754s] -- Up-to-date symlink: /workspaces/ros2-coding/install/moveit_resources_panda_description/share/moveit_resources_panda_description/environment/ament_prefix_path.dsv
[2.754s] -- Up-to-date symlink: /workspaces/ros2-coding/install/moveit_resources_panda_description/share/moveit_resources_panda_description/environment/path.sh
[2.754s] -- Up-to-date symlink: /workspaces/ros2-coding/install/moveit_resources_panda_description/share/moveit_resources_panda_description/environment/path.dsv
[2.754s] -- Up-to-date symlink: /workspaces/ros2-coding/install/moveit_resources_panda_description/share/moveit_resources_panda_description/local_setup.bash
[2.755s] -- Up-to-date symlink: /workspaces/ros2-coding/install/moveit_resources_panda_description/share/moveit_resources_panda_description/local_setup.sh
[2.755s] -- Up-to-date symlink: /workspaces/ros2-coding/install/moveit_resources_panda_description/share/moveit_resources_panda_description/local_setup.zsh
[2.755s] -- Up-to-date symlink: /workspaces/ros2-coding/install/moveit_resources_panda_description/share/moveit_resources_panda_description/local_setup.dsv
[2.755s] -- Symlinking: /workspaces/ros2-coding/install/moveit_resources_panda_description/share/moveit_resources_panda_description/package.dsv
[2.782s] -- Up-to-date symlink: /workspaces/ros2-coding/install/moveit_resources_panda_description/share/ament_index/resource_index/packages/moveit_resources_panda_description
[2.783s] -- Up-to-date symlink: /workspaces/ros2-coding/install/moveit_resources_panda_description/share/moveit_resources_panda_description/cmake/moveit_resources_panda_descriptionConfig.cmake
[2.783s] -- Up-to-date symlink: /workspaces/ros2-coding/install/moveit_resources_panda_description/share/moveit_resources_panda_description/cmake/moveit_resources_panda_descriptionConfig-version.cmake
[2.784s] -- Up-to-date symlink: /workspaces/ros2-coding/install/moveit_resources_panda_description/share/moveit_resources_panda_description/package.xml
[2.788s] -- Up-to-date symlink: /workspaces/ros2-coding/install/moveit_resources_panda_description/share/moveit_resources_panda_description/meshes/collision/finger.stl
[2.789s] -- Up-to-date symlink: /workspaces/ros2-coding/install/moveit_resources_panda_description/share/moveit_resources_panda_description/meshes/collision/hand.stl
[2.790s] -- Up-to-date symlink: /workspaces/ros2-coding/install/moveit_resources_panda_description/share/moveit_resources_panda_description/meshes/collision/link0.stl
[2.790s] -- Up-to-date symlink: /workspaces/ros2-coding/install/moveit_resources_panda_description/share/moveit_resources_panda_description/meshes/collision/link1.stl
[2.792s] -- Up-to-date symlink: /workspaces/ros2-coding/install/moveit_resources_panda_description/share/moveit_resources_panda_description/meshes/collision/link2.stl
[2.792s] -- Up-to-date symlink: /workspaces/ros2-coding/install/moveit_resources_panda_description/share/moveit_resources_panda_description/meshes/collision/link3.stl
[2.793s] -- Up-to-date symlink: /workspaces/ros2-coding/install/moveit_resources_panda_description/share/moveit_resources_panda_description/meshes/collision/link4.stl
[2.796s] -- Up-to-date symlink: /workspaces/ros2-coding/install/moveit_resources_panda_description/share/moveit_resources_panda_description/meshes/collision/link5.stl
[2.799s] -- Up-to-date symlink: /workspaces/ros2-coding/install/moveit_resources_panda_description/share/moveit_resources_panda_description/meshes/collision/link6.stl
[2.799s] -- Up-to-date symlink: /workspaces/ros2-coding/install/moveit_resources_panda_description/share/moveit_resources_panda_description/meshes/collision/link7.stl
[2.799s] -- Up-to-date symlink: /workspaces/ros2-coding/install/moveit_resources_panda_description/share/moveit_resources_panda_description/meshes/visual/finger.dae
[2.799s] -- Up-to-date symlink: /workspaces/ros2-coding/install/moveit_resources_panda_description/share/moveit_resources_panda_description/meshes/visual/hand.dae
[2.800s] -- Up-to-date symlink: /workspaces/ros2-coding/install/moveit_resources_panda_description/share/moveit_resources_panda_description/meshes/visual/link0.dae
[2.800s] -- Up-to-date symlink: /workspaces/ros2-coding/install/moveit_resources_panda_description/share/moveit_resources_panda_description/meshes/visual/link1.dae
[2.800s] -- Up-to-date symlink: /workspaces/ros2-coding/install/moveit_resources_panda_description/share/moveit_resources_panda_description/meshes/visual/link2.dae
[2.800s] -- Up-to-date symlink: /workspaces/ros2-coding/install/moveit_resources_panda_description/share/moveit_resources_panda_description/meshes/visual/link3.dae
[2.800s] -- Up-to-date symlink: /workspaces/ros2-coding/install/moveit_resources_panda_description/share/moveit_resources_panda_description/meshes/visual/link4.dae
[2.800s] -- Up-to-date symlink: /workspaces/ros2-coding/install/moveit_resources_panda_description/share/moveit_resources_panda_description/meshes/visual/link5.dae
[2.801s] -- Up-to-date symlink: /workspaces/ros2-coding/install/moveit_resources_panda_description/share/moveit_resources_panda_description/meshes/visual/link6.dae
[2.801s] -- Up-to-date symlink: /workspaces/ros2-coding/install/moveit_resources_panda_description/share/moveit_resources_panda_description/meshes/visual/link7.dae
[2.801s] -- Up-to-date symlink: /workspaces/ros2-coding/install/moveit_resources_panda_description/share/moveit_resources_panda_description/urdf/panda.urdf
[2.801s] -- Up-to-date symlink: /workspaces/ros2-coding/install/moveit_resources_panda_description/share/moveit_resources_panda_description/urdf/panda.urdf.xacro
[2.817s] Invoked command in '/workspaces/ros2-coding/build/moveit_resources_panda_description' returned '0': CMAKE_PREFIX_PATH=${CMAKE_PREFIX_PATH}:/workspaces/ros2-coding/install/rqt_joint_trajectory_controller:/workspaces/ros2-coding/install/rqt_controller_manager:/workspaces/ros2-coding/install/ros2controlcli:/workspaces/ros2-coding/install/ros2_controllers_test_nodes:/workspaces/ros2-coding/install/my_turtlesim:/workspaces/ros2-coding/install/issac_sim:/workspaces/ros2-coding/install/isaac_ros_navigation_goal:/workspaces/ros2-coding/install/human_controller:/opt/ros/jazzy VIRTUAL_ENV_PROMPT=(.venv) /usr/bin/cmake --install /workspaces/ros2-coding/build/moveit_resources_panda_description
