[ 50%] Built target BasicSystem
[100%] Built target FullSystem
-- Install configuration: ""
-- Execute custom install script
-- Symlinking: /workspaces/ros2-coding/install/ros_gz_example_gazebo/lib/ros_gz_example_gazebo/libBasicSystem.so
-- Symlinking: /workspaces/ros2-coding/install/ros_gz_example_gazebo/lib/ros_gz_example_gazebo/libFullSystem.so
-- Symlinking: /workspaces/ros2-coding/install/ros_gz_example_gazebo/share/ros_gz_example_gazebo/worlds/diff_drive.sdf
-- Symlinking: /workspaces/ros2-coding/install/ros_gz_example_gazebo/share/ros_gz_example_gazebo/environment/ros_gz_example_gazebo.dsv
-- Symlinking: /workspaces/ros2-coding/install/ros_gz_example_gazebo/share/ros_gz_example_gazebo/environment/ros_gz_example_gazebo.sh
-- Symlinking: /workspaces/ros2-coding/install/ros_gz_example_gazebo/share/ament_index/resource_index/package_run_dependencies/ros_gz_example_gazebo
-- Symlinking: /workspaces/ros2-coding/install/ros_gz_example_gazebo/share/ament_index/resource_index/parent_prefix_path/ros_gz_example_gazebo
-- Symlinking: /workspaces/ros2-coding/install/ros_gz_example_gazebo/share/ros_gz_example_gazebo/environment/ament_prefix_path.sh
-- Symlinking: /workspaces/ros2-coding/install/ros_gz_example_gazebo/share/ros_gz_example_gazebo/environment/ament_prefix_path.dsv
-- Symlinking: /workspaces/ros2-coding/install/ros_gz_example_gazebo/share/ros_gz_example_gazebo/environment/path.sh
-- Symlinking: /workspaces/ros2-coding/install/ros_gz_example_gazebo/share/ros_gz_example_gazebo/environment/path.dsv
-- Symlinking: /workspaces/ros2-coding/install/ros_gz_example_gazebo/share/ros_gz_example_gazebo/local_setup.bash
-- Symlinking: /workspaces/ros2-coding/install/ros_gz_example_gazebo/share/ros_gz_example_gazebo/local_setup.sh
-- Symlinking: /workspaces/ros2-coding/install/ros_gz_example_gazebo/share/ros_gz_example_gazebo/local_setup.zsh
-- Symlinking: /workspaces/ros2-coding/install/ros_gz_example_gazebo/share/ros_gz_example_gazebo/local_setup.dsv
-- Symlinking: /workspaces/ros2-coding/install/ros_gz_example_gazebo/share/ros_gz_example_gazebo/package.dsv
-- Symlinking: /workspaces/ros2-coding/install/ros_gz_example_gazebo/share/ament_index/resource_index/packages/ros_gz_example_gazebo
-- Symlinking: /workspaces/ros2-coding/install/ros_gz_example_gazebo/share/ros_gz_example_gazebo/cmake/ros_gz_example_gazeboConfig.cmake
-- Symlinking: /workspaces/ros2-coding/install/ros_gz_example_gazebo/share/ros_gz_example_gazebo/cmake/ros_gz_example_gazeboConfig-version.cmake
-- Symlinking: /workspaces/ros2-coding/install/ros_gz_example_gazebo/share/ros_gz_example_gazebo/package.xml
