[  0%] Built target ament_cmake_python_symlink_custom_message
[  2%] Built target custom_message__rosidl_generator_type_description
[  5%] Built target custom_message__cpp
[ 20%] Built target custom_message__rosidl_generator_c
[ 29%] Built target custom_message__rosidl_typesupport_fastrtps_cpp
[ 38%] Built target custom_message__rosidl_typesupport_introspection_c
[ 47%] Built target custom_message__rosidl_typesupport_fastrtps_c
[ 55%] Built target custom_message__rosidl_typesupport_c
[ 64%] Built target custom_message__rosidl_typesupport_introspection_cpp
[ 73%] Built target custom_message__rosidl_typesupport_cpp
[ 73%] Built target custom_message
[ 76%] Built target custom_message__py
[ 82%] Built target custom_message__rosidl_generator_py
running egg_info
[ 88%] Built target custom_message_s__rosidl_typesupport_fastrtps_c
writing custom_message.egg-info/PKG-INFO
writing dependency_links to custom_message.egg-info/dependency_links.txt
writing top-level names to custom_message.egg-info/top_level.txt
[ 94%] Built target custom_message_s__rosidl_typesupport_introspection_c
[100%] Built target custom_message_s__rosidl_typesupport_c
reading manifest file 'custom_message.egg-info/SOURCES.txt'
writing manifest file 'custom_message.egg-info/SOURCES.txt'
[100%] Built target ament_cmake_python_build_custom_message_egg
-- Install configuration: ""
-- Execute custom install script
-- Symlinking: /workspaces/ros2-coding/install/custom_message/share/ament_index/resource_index/rosidl_interfaces/custom_message
-- Symlinking: /workspaces/ros2-coding/install/custom_message/share/custom_message/msg/SampleMsg.json
-- Symlinking: /workspaces/ros2-coding/install/custom_message/include/custom_message/custom_message/msg/detail/sample_msg__functions.h
-- Symlinking: /workspaces/ros2-coding/install/custom_message/include/custom_message/custom_message/msg/detail/sample_msg__struct.h
-- Symlinking: /workspaces/ros2-coding/install/custom_message/include/custom_message/custom_message/msg/detail/sample_msg__type_support.h
-- Symlinking: /workspaces/ros2-coding/install/custom_message/include/custom_message/custom_message/msg/rosidl_generator_c__visibility_control.h
-- Symlinking: /workspaces/ros2-coding/install/custom_message/include/custom_message/custom_message/msg/sample_msg.h
-- Symlinking: /workspaces/ros2-coding/install/custom_message/share/custom_message/environment/library_path.sh
-- Symlinking: /workspaces/ros2-coding/install/custom_message/share/custom_message/environment/library_path.dsv
-- Symlinking: /workspaces/ros2-coding/install/custom_message/include/custom_message/custom_message/msg/detail/sample_msg__rosidl_typesupport_fastrtps_c.h
-- Symlinking: /workspaces/ros2-coding/install/custom_message/include/custom_message/custom_message/msg/rosidl_typesupport_fastrtps_c__visibility_control.h
-- Symlinking: /workspaces/ros2-coding/install/custom_message/include/custom_message/custom_message/msg/detail/sample_msg__builder.hpp
-- Symlinking: /workspaces/ros2-coding/install/custom_message/include/custom_message/custom_message/msg/detail/sample_msg__struct.hpp
-- Symlinking: /workspaces/ros2-coding/install/custom_message/include/custom_message/custom_message/msg/detail/sample_msg__traits.hpp
-- Symlinking: /workspaces/ros2-coding/install/custom_message/include/custom_message/custom_message/msg/detail/sample_msg__type_support.hpp
-- Symlinking: /workspaces/ros2-coding/install/custom_message/include/custom_message/custom_message/msg/rosidl_generator_cpp__visibility_control.hpp
-- Symlinking: /workspaces/ros2-coding/install/custom_message/include/custom_message/custom_message/msg/sample_msg.hpp
-- Symlinking: /workspaces/ros2-coding/install/custom_message/include/custom_message/custom_message/msg/detail/sample_msg__rosidl_typesupport_fastrtps_cpp.hpp
-- Symlinking: /workspaces/ros2-coding/install/custom_message/include/custom_message/custom_message/msg/rosidl_typesupport_fastrtps_cpp__visibility_control.h
-- Symlinking: /workspaces/ros2-coding/install/custom_message/include/custom_message/custom_message/msg/detail/sample_msg__rosidl_typesupport_introspection_c.h
-- Symlinking: /workspaces/ros2-coding/install/custom_message/include/custom_message/custom_message/msg/rosidl_typesupport_introspection_c__visibility_control.h
-- Symlinking: /workspaces/ros2-coding/install/custom_message/include/custom_message/custom_message/msg/detail/sample_msg__rosidl_typesupport_introspection_cpp.hpp
-- Symlinking: /workspaces/ros2-coding/install/custom_message/share/custom_message/environment/pythonpath.sh
-- Symlinking: /workspaces/ros2-coding/install/custom_message/share/custom_message/environment/pythonpath.dsv
-- Symlinking: /workspaces/ros2-coding/install/custom_message/lib/python3.12/site-packages/custom_message-0.0.0-py3.12.egg-info/PKG-INFO
-- Symlinking: /workspaces/ros2-coding/install/custom_message/lib/python3.12/site-packages/custom_message-0.0.0-py3.12.egg-info/SOURCES.txt
-- Symlinking: /workspaces/ros2-coding/install/custom_message/lib/python3.12/site-packages/custom_message-0.0.0-py3.12.egg-info/dependency_links.txt
-- Symlinking: /workspaces/ros2-coding/install/custom_message/lib/python3.12/site-packages/custom_message-0.0.0-py3.12.egg-info/top_level.txt
-- Symlinking: /workspaces/ros2-coding/install/custom_message/lib/python3.12/site-packages/custom_message/__init__.py
-- Symlinking: /workspaces/ros2-coding/install/custom_message/lib/python3.12/site-packages/custom_message/_custom_message_s.ep.rosidl_typesupport_c.c
-- Symlinking: /workspaces/ros2-coding/install/custom_message/lib/python3.12/site-packages/custom_message/_custom_message_s.ep.rosidl_typesupport_fastrtps_c.c
-- Symlinking: /workspaces/ros2-coding/install/custom_message/lib/python3.12/site-packages/custom_message/_custom_message_s.ep.rosidl_typesupport_introspection_c.c
-- Symlinking: /workspaces/ros2-coding/install/custom_message/lib/python3.12/site-packages/custom_message/custom_message_s__rosidl_typesupport_c.so
-- Symlinking: /workspaces/ros2-coding/install/custom_message/lib/python3.12/site-packages/custom_message/custom_message_s__rosidl_typesupport_fastrtps_c.so
-- Symlinking: /workspaces/ros2-coding/install/custom_message/lib/python3.12/site-packages/custom_message/custom_message_s__rosidl_typesupport_introspection_c.so
-- Symlinking: /workspaces/ros2-coding/install/custom_message/lib/python3.12/site-packages/custom_message/msg/__init__.py
-- Symlinking: /workspaces/ros2-coding/install/custom_message/lib/python3.12/site-packages/custom_message/msg/_sample_msg.py
-- Symlinking: /workspaces/ros2-coding/install/custom_message/lib/python3.12/site-packages/custom_message/msg/_sample_msg_s.c
-- Up-to-date symlink: /workspaces/ros2-coding/install/custom_message/lib/python3.12/site-packages/custom_message/custom_message_s__rosidl_typesupport_fastrtps_c.so
-- Up-to-date symlink: /workspaces/ros2-coding/install/custom_message/lib/python3.12/site-packages/custom_message/custom_message_s__rosidl_typesupport_introspection_c.so
-- Up-to-date symlink: /workspaces/ros2-coding/install/custom_message/lib/python3.12/site-packages/custom_message/custom_message_s__rosidl_typesupport_c.so
-- Symlinking: /workspaces/ros2-coding/install/custom_message/share/custom_message/msg/SampleMsg.idl
-- Symlinking: /workspaces/ros2-coding/install/custom_message/share/custom_message/msg/SampleMsg.msg
-- Symlinking: /workspaces/ros2-coding/install/custom_message/share/ament_index/resource_index/package_run_dependencies/custom_message
-- Symlinking: /workspaces/ros2-coding/install/custom_message/share/ament_index/resource_index/parent_prefix_path/custom_message
-- Symlinking: /workspaces/ros2-coding/install/custom_message/share/custom_message/environment/ament_prefix_path.sh
-- Symlinking: /workspaces/ros2-coding/install/custom_message/share/custom_message/environment/ament_prefix_path.dsv
-- Symlinking: /workspaces/ros2-coding/install/custom_message/share/custom_message/environment/path.sh
-- Symlinking: /workspaces/ros2-coding/install/custom_message/share/custom_message/environment/path.dsv
-- Symlinking: /workspaces/ros2-coding/install/custom_message/share/custom_message/local_setup.bash
-- Symlinking: /workspaces/ros2-coding/install/custom_message/share/custom_message/local_setup.sh
-- Symlinking: /workspaces/ros2-coding/install/custom_message/share/custom_message/local_setup.zsh
-- Symlinking: /workspaces/ros2-coding/install/custom_message/share/custom_message/local_setup.dsv
-- Symlinking: /workspaces/ros2-coding/install/custom_message/share/custom_message/package.dsv
-- Symlinking: /workspaces/ros2-coding/install/custom_message/share/ament_index/resource_index/packages/custom_message
-- Symlinking: /workspaces/ros2-coding/install/custom_message/share/custom_message/cmake/rosidl_cmake-extras.cmake
-- Symlinking: /workspaces/ros2-coding/install/custom_message/share/custom_message/cmake/ament_cmake_export_dependencies-extras.cmake
-- Symlinking: /workspaces/ros2-coding/install/custom_message/share/custom_message/cmake/ament_cmake_export_include_directories-extras.cmake
-- Symlinking: /workspaces/ros2-coding/install/custom_message/share/custom_message/cmake/ament_cmake_export_libraries-extras.cmake
-- Symlinking: /workspaces/ros2-coding/install/custom_message/share/custom_message/cmake/ament_cmake_export_targets-extras.cmake
-- Symlinking: /workspaces/ros2-coding/install/custom_message/share/custom_message/cmake/rosidl_cmake_export_typesupport_targets-extras.cmake
-- Symlinking: /workspaces/ros2-coding/install/custom_message/share/custom_message/cmake/rosidl_cmake_export_typesupport_libraries-extras.cmake
-- Symlinking: /workspaces/ros2-coding/install/custom_message/share/custom_message/cmake/custom_messageConfig.cmake
-- Symlinking: /workspaces/ros2-coding/install/custom_message/share/custom_message/cmake/custom_messageConfig-version.cmake
-- Symlinking: /workspaces/ros2-coding/install/custom_message/share/custom_message/package.xml
-- Installing: /workspaces/ros2-coding/install/custom_message/lib/libcustom_message__rosidl_generator_c.so
-- Set non-toolchain portion of runtime path of "/workspaces/ros2-coding/install/custom_message/lib/libcustom_message__rosidl_generator_c.so" to ""
-- Installing: /workspaces/ros2-coding/install/custom_message/lib/libcustom_message__rosidl_typesupport_fastrtps_c.so
-- Set non-toolchain portion of runtime path of "/workspaces/ros2-coding/install/custom_message/lib/libcustom_message__rosidl_typesupport_fastrtps_c.so" to ""
-- Installing: /workspaces/ros2-coding/install/custom_message/lib/libcustom_message__rosidl_typesupport_fastrtps_cpp.so
-- Set non-toolchain portion of runtime path of "/workspaces/ros2-coding/install/custom_message/lib/libcustom_message__rosidl_typesupport_fastrtps_cpp.so" to ""
-- Installing: /workspaces/ros2-coding/install/custom_message/lib/libcustom_message__rosidl_typesupport_introspection_c.so
-- Set non-toolchain portion of runtime path of "/workspaces/ros2-coding/install/custom_message/lib/libcustom_message__rosidl_typesupport_introspection_c.so" to ""
-- Installing: /workspaces/ros2-coding/install/custom_message/lib/libcustom_message__rosidl_typesupport_c.so
-- Set non-toolchain portion of runtime path of "/workspaces/ros2-coding/install/custom_message/lib/libcustom_message__rosidl_typesupport_c.so" to ""
-- Installing: /workspaces/ros2-coding/install/custom_message/lib/libcustom_message__rosidl_typesupport_introspection_cpp.so
-- Set non-toolchain portion of runtime path of "/workspaces/ros2-coding/install/custom_message/lib/libcustom_message__rosidl_typesupport_introspection_cpp.so" to ""
-- Installing: /workspaces/ros2-coding/install/custom_message/lib/libcustom_message__rosidl_typesupport_cpp.so
-- Set non-toolchain portion of runtime path of "/workspaces/ros2-coding/install/custom_message/lib/libcustom_message__rosidl_typesupport_cpp.so" to ""
Listing '/workspaces/ros2-coding/install/custom_message/lib/python3.12/site-packages/custom_message'...
Compiling '/workspaces/ros2-coding/install/custom_message/lib/python3.12/site-packages/custom_message/__init__.py'...
Listing '/workspaces/ros2-coding/install/custom_message/lib/python3.12/site-packages/custom_message/msg'...
Compiling '/workspaces/ros2-coding/install/custom_message/lib/python3.12/site-packages/custom_message/msg/__init__.py'...
Compiling '/workspaces/ros2-coding/install/custom_message/lib/python3.12/site-packages/custom_message/msg/_sample_msg.py'...
-- Installing: /workspaces/ros2-coding/install/custom_message/lib/libcustom_message__rosidl_generator_py.so
-- Set non-toolchain portion of runtime path of "/workspaces/ros2-coding/install/custom_message/lib/libcustom_message__rosidl_generator_py.so" to ""
-- Installing: /workspaces/ros2-coding/install/custom_message/share/custom_message/cmake/export_custom_message__rosidl_generator_cExport.cmake
-- Installing: /workspaces/ros2-coding/install/custom_message/share/custom_message/cmake/export_custom_message__rosidl_generator_cExport-noconfig.cmake
-- Installing: /workspaces/ros2-coding/install/custom_message/share/custom_message/cmake/export_custom_message__rosidl_typesupport_fastrtps_cExport.cmake
-- Installing: /workspaces/ros2-coding/install/custom_message/share/custom_message/cmake/export_custom_message__rosidl_typesupport_fastrtps_cExport-noconfig.cmake
-- Installing: /workspaces/ros2-coding/install/custom_message/share/custom_message/cmake/export_custom_message__rosidl_generator_cppExport.cmake
-- Installing: /workspaces/ros2-coding/install/custom_message/share/custom_message/cmake/export_custom_message__rosidl_typesupport_fastrtps_cppExport.cmake
-- Installing: /workspaces/ros2-coding/install/custom_message/share/custom_message/cmake/export_custom_message__rosidl_typesupport_fastrtps_cppExport-noconfig.cmake
-- Installing: /workspaces/ros2-coding/install/custom_message/share/custom_message/cmake/custom_message__rosidl_typesupport_introspection_cExport.cmake
-- Installing: /workspaces/ros2-coding/install/custom_message/share/custom_message/cmake/custom_message__rosidl_typesupport_introspection_cExport-noconfig.cmake
-- Installing: /workspaces/ros2-coding/install/custom_message/share/custom_message/cmake/custom_message__rosidl_typesupport_cExport.cmake
-- Installing: /workspaces/ros2-coding/install/custom_message/share/custom_message/cmake/custom_message__rosidl_typesupport_cExport-noconfig.cmake
-- Installing: /workspaces/ros2-coding/install/custom_message/share/custom_message/cmake/custom_message__rosidl_typesupport_introspection_cppExport.cmake
-- Installing: /workspaces/ros2-coding/install/custom_message/share/custom_message/cmake/custom_message__rosidl_typesupport_introspection_cppExport-noconfig.cmake
-- Installing: /workspaces/ros2-coding/install/custom_message/share/custom_message/cmake/custom_message__rosidl_typesupport_cppExport.cmake
-- Installing: /workspaces/ros2-coding/install/custom_message/share/custom_message/cmake/custom_message__rosidl_typesupport_cppExport-noconfig.cmake
-- Installing: /workspaces/ros2-coding/install/custom_message/share/custom_message/cmake/export_custom_message__rosidl_generator_pyExport.cmake
-- Installing: /workspaces/ros2-coding/install/custom_message/share/custom_message/cmake/export_custom_message__rosidl_generator_pyExport-noconfig.cmake
