[0.062s] Invoking command in '/workspaces/ros2-coding/build/ros_gz_example_description': CMAKE_PREFIX_PATH=${CMAKE_PREFIX_PATH}:/workspaces/ros2-coding/install/rqt_joint_trajectory_controller:/workspaces/ros2-coding/install/rqt_controller_manager:/workspaces/ros2-coding/install/ros2controlcli:/workspaces/ros2-coding/install/ros2_controllers_test_nodes:/workspaces/ros2-coding/install/my_turtlesim:/workspaces/ros2-coding/install/issac_sim:/workspaces/ros2-coding/install/isaac_ros_navigation_goal:/opt/ros/jazzy /usr/bin/cmake /workspaces/ros2-coding/turtlesim_ws/src/ros_gz_example_description -DAMENT_CMAKE_SYMLINK_INSTALL=1 -DCMAKE_INSTALL_PREFIX=/workspaces/ros2-coding/install/ros_gz_example_description
[0.214s] -- Found ament_cmake: 2.5.4 (/opt/ros/jazzy/share/ament_cmake/cmake)
[0.758s] -- Override CMake install command with custom implementation using symlinks instead of copying resources
[0.773s] -- Found ament_lint_auto: 0.17.3 (/opt/ros/jazzy/share/ament_lint_auto/cmake)
[0.992s] -- Configuring done (0.9s)
[1.009s] -- Generating done (0.0s)
[1.012s] -- Build files have been written to: /workspaces/ros2-coding/build/ros_gz_example_description
[1.021s] Invoked command in '/workspaces/ros2-coding/build/ros_gz_example_description' returned '0': CMAKE_PREFIX_PATH=${CMAKE_PREFIX_PATH}:/workspaces/ros2-coding/install/rqt_joint_trajectory_controller:/workspaces/ros2-coding/install/rqt_controller_manager:/workspaces/ros2-coding/install/ros2controlcli:/workspaces/ros2-coding/install/ros2_controllers_test_nodes:/workspaces/ros2-coding/install/my_turtlesim:/workspaces/ros2-coding/install/issac_sim:/workspaces/ros2-coding/install/isaac_ros_navigation_goal:/opt/ros/jazzy /usr/bin/cmake /workspaces/ros2-coding/turtlesim_ws/src/ros_gz_example_description -DAMENT_CMAKE_SYMLINK_INSTALL=1 -DCMAKE_INSTALL_PREFIX=/workspaces/ros2-coding/install/ros_gz_example_description
[1.023s] Invoking command in '/workspaces/ros2-coding/build/ros_gz_example_description': CMAKE_PREFIX_PATH=${CMAKE_PREFIX_PATH}:/workspaces/ros2-coding/install/rqt_joint_trajectory_controller:/workspaces/ros2-coding/install/rqt_controller_manager:/workspaces/ros2-coding/install/ros2controlcli:/workspaces/ros2-coding/install/ros2_controllers_test_nodes:/workspaces/ros2-coding/install/my_turtlesim:/workspaces/ros2-coding/install/issac_sim:/workspaces/ros2-coding/install/isaac_ros_navigation_goal:/opt/ros/jazzy /usr/bin/cmake --build /workspaces/ros2-coding/build/ros_gz_example_description -- -j4 -l4
[1.164s] Invoked command in '/workspaces/ros2-coding/build/ros_gz_example_description' returned '0': CMAKE_PREFIX_PATH=${CMAKE_PREFIX_PATH}:/workspaces/ros2-coding/install/rqt_joint_trajectory_controller:/workspaces/ros2-coding/install/rqt_controller_manager:/workspaces/ros2-coding/install/ros2controlcli:/workspaces/ros2-coding/install/ros2_controllers_test_nodes:/workspaces/ros2-coding/install/my_turtlesim:/workspaces/ros2-coding/install/issac_sim:/workspaces/ros2-coding/install/isaac_ros_navigation_goal:/opt/ros/jazzy /usr/bin/cmake --build /workspaces/ros2-coding/build/ros_gz_example_description -- -j4 -l4
[1.185s] Invoking command in '/workspaces/ros2-coding/build/ros_gz_example_description': CMAKE_PREFIX_PATH=${CMAKE_PREFIX_PATH}:/workspaces/ros2-coding/install/rqt_joint_trajectory_controller:/workspaces/ros2-coding/install/rqt_controller_manager:/workspaces/ros2-coding/install/ros2controlcli:/workspaces/ros2-coding/install/ros2_controllers_test_nodes:/workspaces/ros2-coding/install/my_turtlesim:/workspaces/ros2-coding/install/issac_sim:/workspaces/ros2-coding/install/isaac_ros_navigation_goal:/opt/ros/jazzy /usr/bin/cmake --install /workspaces/ros2-coding/build/ros_gz_example_description
[1.209s] -- Install configuration: ""
[1.210s] -- Execute custom install script
[1.211s] -- Up-to-date symlink: /workspaces/ros2-coding/install/ros_gz_example_description/share/ros_gz_example_description/models/diff_drive/model.config
[1.211s] -- Up-to-date symlink: /workspaces/ros2-coding/install/ros_gz_example_description/share/ros_gz_example_description/models/diff_drive/model.sdf
[1.211s] -- Up-to-date symlink: /workspaces/ros2-coding/install/ros_gz_example_description/share/ros_gz_example_description/models/rrbot/model.sdf
[1.212s] -- Up-to-date symlink: /workspaces/ros2-coding/install/ros_gz_example_description/share/ros_gz_example_description/environment/ros_gz_example_description.dsv
[1.212s] -- Up-to-date symlink: /workspaces/ros2-coding/install/ros_gz_example_description/share/ros_gz_example_description/environment/ros_gz_example_description.sh
[1.212s] -- Up-to-date symlink: /workspaces/ros2-coding/install/ros_gz_example_description/share/ament_index/resource_index/package_run_dependencies/ros_gz_example_description
[1.212s] -- Up-to-date symlink: /workspaces/ros2-coding/install/ros_gz_example_description/share/ament_index/resource_index/parent_prefix_path/ros_gz_example_description
[1.213s] -- Up-to-date symlink: /workspaces/ros2-coding/install/ros_gz_example_description/share/ros_gz_example_description/environment/ament_prefix_path.sh
[1.213s] -- Up-to-date symlink: /workspaces/ros2-coding/install/ros_gz_example_description/share/ros_gz_example_description/environment/ament_prefix_path.dsv
[1.213s] -- Up-to-date symlink: /workspaces/ros2-coding/install/ros_gz_example_description/share/ros_gz_example_description/environment/path.sh
[1.213s] -- Up-to-date symlink: /workspaces/ros2-coding/install/ros_gz_example_description/share/ros_gz_example_description/environment/path.dsv
[1.214s] -- Up-to-date symlink: /workspaces/ros2-coding/install/ros_gz_example_description/share/ros_gz_example_description/local_setup.bash
[1.214s] -- Up-to-date symlink: /workspaces/ros2-coding/install/ros_gz_example_description/share/ros_gz_example_description/local_setup.sh
[1.214s] -- Up-to-date symlink: /workspaces/ros2-coding/install/ros_gz_example_description/share/ros_gz_example_description/local_setup.zsh
[1.214s] -- Up-to-date symlink: /workspaces/ros2-coding/install/ros_gz_example_description/share/ros_gz_example_description/local_setup.dsv
[1.217s] -- Symlinking: /workspaces/ros2-coding/install/ros_gz_example_description/share/ros_gz_example_description/package.dsv
[1.260s] -- Up-to-date symlink: /workspaces/ros2-coding/install/ros_gz_example_description/share/ament_index/resource_index/packages/ros_gz_example_description
[1.260s] -- Up-to-date symlink: /workspaces/ros2-coding/install/ros_gz_example_description/share/ros_gz_example_description/cmake/ros_gz_example_descriptionConfig.cmake
[1.260s] -- Up-to-date symlink: /workspaces/ros2-coding/install/ros_gz_example_description/share/ros_gz_example_description/cmake/ros_gz_example_descriptionConfig-version.cmake
[1.260s] -- Up-to-date symlink: /workspaces/ros2-coding/install/ros_gz_example_description/share/ros_gz_example_description/package.xml
[1.267s] Invoked command in '/workspaces/ros2-coding/build/ros_gz_example_description' returned '0': CMAKE_PREFIX_PATH=${CMAKE_PREFIX_PATH}:/workspaces/ros2-coding/install/rqt_joint_trajectory_controller:/workspaces/ros2-coding/install/rqt_controller_manager:/workspaces/ros2-coding/install/ros2controlcli:/workspaces/ros2-coding/install/ros2_controllers_test_nodes:/workspaces/ros2-coding/install/my_turtlesim:/workspaces/ros2-coding/install/issac_sim:/workspaces/ros2-coding/install/isaac_ros_navigation_goal:/opt/ros/jazzy /usr/bin/cmake --install /workspaces/ros2-coding/build/ros_gz_example_description
