[0.826s] Invoking command in '/workspaces/ros2-coding/build/isaacsim': CMAKE_PREFIX_PATH=${CMAKE_PREFIX_PATH}:/workspaces/ros2-coding/install/my_turtlesim:/workspaces/ros2-coding/install/issac_sim:/workspaces/ros2-coding/install/isaac_ros_navigation_goal:/workspaces/ros2-coding/install/human_controller:/opt/ros/jazzy /usr/bin/cmake --build /workspaces/ros2-coding/build/isaacsim -- -j4 -l4
[1.586s] Invoked command in '/workspaces/ros2-coding/build/isaacsim' returned '0': CMAKE_PREFIX_PATH=${CMAKE_PREFIX_PATH}:/workspaces/ros2-coding/install/my_turtlesim:/workspaces/ros2-coding/install/issac_sim:/workspaces/ros2-coding/install/isaac_ros_navigation_goal:/workspaces/ros2-coding/install/human_controller:/opt/ros/jazzy /usr/bin/cmake --build /workspaces/ros2-coding/build/isaacsim -- -j4 -l4
[1.589s] Invoking command in '/workspaces/ros2-coding/build/isaacsim': CMAKE_PREFIX_PATH=${CMAKE_PREFIX_PATH}:/workspaces/ros2-coding/install/my_turtlesim:/workspaces/ros2-coding/install/issac_sim:/workspaces/ros2-coding/install/isaac_ros_navigation_goal:/workspaces/ros2-coding/install/human_controller:/opt/ros/jazzy /usr/bin/cmake --install /workspaces/ros2-coding/build/isaacsim
[1.605s] -- Install configuration: ""
[1.605s] -- Execute custom install script
[1.605s] -- Up-to-date symlink: /workspaces/ros2-coding/install/isaacsim/share/isaacsim/scripts/open_isaacsim_stage.py
[1.605s] -- Up-to-date symlink: /workspaces/ros2-coding/install/isaacsim/share/isaacsim/scripts/run_isaacsim.py
[1.606s] -- Up-to-date symlink: /workspaces/ros2-coding/install/isaacsim/share/isaacsim/launch/run_isaacsim.launch.py
[1.606s] -- Up-to-date symlink: /workspaces/ros2-coding/install/isaacsim/lib/isaacsim/run_isaacsim.py
[1.611s] -- Up-to-date symlink: /workspaces/ros2-coding/install/isaacsim/lib/isaacsim/open_isaacsim_stage.py
[1.611s] -- Up-to-date symlink: /workspaces/ros2-coding/install/isaacsim/share/ament_index/resource_index/package_run_dependencies/isaacsim
[1.611s] -- Up-to-date symlink: /workspaces/ros2-coding/install/isaacsim/share/ament_index/resource_index/parent_prefix_path/isaacsim
[1.616s] -- Up-to-date symlink: /workspaces/ros2-coding/install/isaacsim/share/isaacsim/environment/ament_prefix_path.sh
[1.616s] -- Up-to-date symlink: /workspaces/ros2-coding/install/isaacsim/share/isaacsim/environment/ament_prefix_path.dsv
[1.616s] -- Up-to-date symlink: /workspaces/ros2-coding/install/isaacsim/share/isaacsim/environment/path.sh
[1.616s] -- Up-to-date symlink: /workspaces/ros2-coding/install/isaacsim/share/isaacsim/environment/path.dsv
[1.616s] -- Up-to-date symlink: /workspaces/ros2-coding/install/isaacsim/share/isaacsim/local_setup.bash
[1.617s] -- Up-to-date symlink: /workspaces/ros2-coding/install/isaacsim/share/isaacsim/local_setup.sh
[1.617s] -- Up-to-date symlink: /workspaces/ros2-coding/install/isaacsim/share/isaacsim/local_setup.zsh
[1.617s] -- Up-to-date symlink: /workspaces/ros2-coding/install/isaacsim/share/isaacsim/local_setup.dsv
[1.617s] -- Symlinking: /workspaces/ros2-coding/install/isaacsim/share/isaacsim/package.dsv
[1.677s] -- Up-to-date symlink: /workspaces/ros2-coding/install/isaacsim/share/ament_index/resource_index/packages/isaacsim
[1.677s] -- Up-to-date symlink: /workspaces/ros2-coding/install/isaacsim/share/isaacsim/cmake/isaacsimConfig.cmake
[1.678s] -- Up-to-date symlink: /workspaces/ros2-coding/install/isaacsim/share/isaacsim/cmake/isaacsimConfig-version.cmake
[1.682s] -- Up-to-date symlink: /workspaces/ros2-coding/install/isaacsim/share/isaacsim/package.xml
[1.692s] Invoked command in '/workspaces/ros2-coding/build/isaacsim' returned '0': CMAKE_PREFIX_PATH=${CMAKE_PREFIX_PATH}:/workspaces/ros2-coding/install/my_turtlesim:/workspaces/ros2-coding/install/issac_sim:/workspaces/ros2-coding/install/isaac_ros_navigation_goal:/workspaces/ros2-coding/install/human_controller:/opt/ros/jazzy /usr/bin/cmake --install /workspaces/ros2-coding/build/isaacsim
