[0.098s] Invoking command in '/workspaces/ros2-coding/build/isaac_moveit': CMAKE_PREFIX_PATH=${CMAKE_PREFIX_PATH}:/opt/ros/jazzy /usr/bin/cmake --build /workspaces/ros2-coding/build/isaac_moveit -- -j4 -l4
[0.797s] Invoked command in '/workspaces/ros2-coding/build/isaac_moveit' returned '0': CMAKE_PREFIX_PATH=${CMAKE_PREFIX_PATH}:/opt/ros/jazzy /usr/bin/cmake --build /workspaces/ros2-coding/build/isaac_moveit -- -j4 -l4
[0.799s] Invoking command in '/workspaces/ros2-coding/build/isaac_moveit': CMAKE_PREFIX_PATH=${CMAKE_PREFIX_PATH}:/opt/ros/jazzy /usr/bin/cmake --install /workspaces/ros2-coding/build/isaac_moveit
[0.839s] -- Install configuration: ""
[0.841s] -- Execute custom install script
[0.841s] -- Up-to-date symlink: /workspaces/ros2-coding/install/isaac_moveit/share/isaac_moveit/rviz2/panda_moveit_config.rviz
[0.842s] -- Up-to-date symlink: /workspaces/ros2-coding/install/isaac_moveit/share/isaac_moveit/launch/isaac_moveit.launch.py
[0.843s] -- Up-to-date symlink: /workspaces/ros2-coding/install/isaac_moveit/share/ament_index/resource_index/package_run_dependencies/isaac_moveit
[0.844s] -- Up-to-date symlink: /workspaces/ros2-coding/install/isaac_moveit/share/ament_index/resource_index/parent_prefix_path/isaac_moveit
[0.844s] -- Up-to-date symlink: /workspaces/ros2-coding/install/isaac_moveit/share/isaac_moveit/environment/ament_prefix_path.sh
[0.848s] -- Up-to-date symlink: /workspaces/ros2-coding/install/isaac_moveit/share/isaac_moveit/environment/ament_prefix_path.dsv
[0.849s] -- Up-to-date symlink: /workspaces/ros2-coding/install/isaac_moveit/share/isaac_moveit/environment/path.sh
[0.849s] -- Up-to-date symlink: /workspaces/ros2-coding/install/isaac_moveit/share/isaac_moveit/environment/path.dsv
[0.849s] -- Up-to-date symlink: /workspaces/ros2-coding/install/isaac_moveit/share/isaac_moveit/local_setup.bash
[0.849s] -- Up-to-date symlink: /workspaces/ros2-coding/install/isaac_moveit/share/isaac_moveit/local_setup.sh
[0.850s] -- Up-to-date symlink: /workspaces/ros2-coding/install/isaac_moveit/share/isaac_moveit/local_setup.zsh
[0.851s] -- Up-to-date symlink: /workspaces/ros2-coding/install/isaac_moveit/share/isaac_moveit/local_setup.dsv
[0.851s] -- Symlinking: /workspaces/ros2-coding/install/isaac_moveit/share/isaac_moveit/package.dsv
[0.880s] -- Up-to-date symlink: /workspaces/ros2-coding/install/isaac_moveit/share/ament_index/resource_index/packages/isaac_moveit
[0.880s] -- Up-to-date symlink: /workspaces/ros2-coding/install/isaac_moveit/share/isaac_moveit/cmake/isaac_moveitConfig.cmake
[0.885s] -- Up-to-date symlink: /workspaces/ros2-coding/install/isaac_moveit/share/isaac_moveit/cmake/isaac_moveitConfig-version.cmake
[0.886s] -- Up-to-date symlink: /workspaces/ros2-coding/install/isaac_moveit/share/isaac_moveit/package.xml
[0.887s] Invoked command in '/workspaces/ros2-coding/build/isaac_moveit' returned '0': CMAKE_PREFIX_PATH=${CMAKE_PREFIX_PATH}:/opt/ros/jazzy /usr/bin/cmake --install /workspaces/ros2-coding/build/isaac_moveit
