[0.039s] Invoking command in '/workspaces/ros2-coding/build/ros_gz_example_gazebo': AMENT_PREFIX_PATH=/workspaces/ros2-coding/install/ros_gz_example_description:${AMENT_PREFIX_PATH} CMAKE_PREFIX_PATH=/workspaces/ros2-coding/install/ros_gz_example_description:/workspaces/ros2-coding/install/nao_gz_control:/workspaces/ros2-coding/install/ros2_controllers:/workspaces/ros2-coding/install/ros2_control_demos:/workspaces/ros2-coding/install/ros2_control_demo_example_3:/workspaces/ros2-coding/install/gz_ros2_control_demos:/workspaces/ros2-coding/install/velocity_controllers:/workspaces/ros2-coding/install/tricycle_steering_controller:/workspaces/ros2-coding/install/tricycle_controller:/workspaces/ros2-coding/install/ros2_control_demo_example_8:/workspaces/ros2-coding/install/ros2_control:/workspaces/ros2-coding/install/transmission_interface:/workspaces/ros2-coding/install/ros2_control_demo_example_11:/workspaces/ros2-coding/install/bicycle_steering_controller:/workspaces/ros2-coding/install/ackermann_steering_controller:/workspaces/ros2-coding/install/steering_controllers_library:/workspaces/ros2-coding/install/ros2_control_demo_example_17:/workspaces/ros2-coding/install/ros2_control_demo_example_15:/workspaces/ros2-coding/install/ros2_control_demo_example_1:/workspaces/ros2-coding/install/ros_gz_example_bringup:/workspaces/ros2-coding/install/ros_gz_example_gazebo:/workspaces/ros2-coding/install/ros_gz_example_application:/workspaces/ros2-coding/install/ros2_control_demo_example_9:/workspaces/ros2-coding/install/ros2_control_demo_example_7:/workspaces/ros2-coding/install/ros2_control_demo_example_6:/workspaces/ros2-coding/install/ros2_control_demo_example_13:/workspaces/ros2-coding/install/ros2_control_demo_example_5:/workspaces/ros2-coding/install/ros2_control_demo_example_4:/workspaces/ros2-coding/install/ros2_control_demo_example_2:/workspaces/ros2-coding/install/ros2_control_demo_example_16:/workspaces/ros2-coding/install/ros2_control_demo_example_14:/workspaces/ros2-coding/install/ros2_control_demo_example_12:/workspaces/ros2-coding/install/ros2_control_demo_example_10:/workspaces/ros2-coding/install/hardware_interface_testing:/workspaces/ros2-coding/install/gz_ros2_control:/workspaces/ros2-coding/install/controller_manager:/workspaces/ros2-coding/install/ros2_control_test_assets:/workspaces/ros2-coding/install/ros2_control_demo_description:/workspaces/ros2-coding/install/ros2_control_cmake:/workspaces/ros2-coding/install/range_sensor_broadcaster:/workspaces/ros2-coding/install/position_controllers:/workspaces/ros2-coding/install/pose_broadcaster:/workspaces/ros2-coding/install/pid_controller:/workspaces/ros2-coding/install/parallel_gripper_controller:/workspaces/ros2-coding/install/omni_wheel_drive_controller:/workspaces/ros2-coding/install/mecanum_drive_controller:/workspaces/ros2-coding/install/joint_trajectory_controller:/workspaces/ros2-coding/install/joint_state_topic_hardware_interface:/workspaces/ros2-coding/install/joint_state_broadcaster:/workspaces/ros2-coding/install/imu_sensor_broadcaster:/workspaces/ros2-coding/install/gripper_controllers:/workspaces/ros2-coding/install/gps_sensor_broadcaster:/workspaces/ros2-coding/install/gpio_controllers:/workspaces/ros2-coding/install/effort_controllers:/workspaces/ros2-coding/install/forward_command_controller:/workspaces/ros2-coding/install/force_torque_sensor_broadcaster:/workspaces/ros2-coding/install/diff_drive_controller:/workspaces/ros2-coding/install/chained_filter_controller:/workspaces/ros2-coding/install/admittance_controller:/workspaces/ros2-coding/install/controller_interface:/workspaces/ros2-coding/install/hardware_interface:/workspaces/ros2-coding/install/joint_limits:/workspaces/ros2-coding/install/control_toolbox:/workspaces/ros2-coding/install/realtime_tools:/workspaces/ros2-coding/install/moveit_resources_panda_description:/workspaces/ros2-coding/install/moveit_nao_config:/workspaces/ros2-coding/install/kinematics_interface_kdl:/workspaces/ros2-coding/install/kinematics_interface:/workspaces/ros2-coding/install/iw_hub_navigation:/workspaces/ros2-coding/install/isaacsim:/workspaces/ros2-coding/install/isaac_tutorials:/workspaces/ros2-coding/install/isaac_ros2_messages:/workspaces/ros2-coding/install/isaac_moveit:/workspaces/ros2-coding/install/human_interfaces:/workspaces/ros2-coding/install/h1_fullbody_controller:/workspaces/ros2-coding/install/gz_ros2_control_tests:/workspaces/ros2-coding/install/diff_drive_mover:/workspaces/ros2-coding/install/custom_message:/workspaces/ros2-coding/install/controller_manager_msgs:/workspaces/ros2-coding/install/control_msgs:/workspaces/ros2-coding/install/cmdvel_to_ackermann:/workspaces/ros2-coding/install/carter_navigation:/opt/ros/jazzy/opt/gz_sim_vendor:/opt/ros/jazzy/opt/gz_sensors_vendor:/opt/ros/jazzy/opt/gz_physics_vendor:/opt/ros/jazzy/opt/sdformat_vendor:/opt/ros/jazzy/opt/gz_gui_vendor:/opt/ros/jazzy/opt/gz_transport_vendor:/opt/ros/jazzy/opt/gz_rendering_vendor:/opt/ros/jazzy/opt/gz_plugin_vendor:/opt/ros/jazzy/opt/gz_fuel_tools_vendor:/opt/ros/jazzy/opt/gz_msgs_vendor:/opt/ros/jazzy/opt/gz_common_vendor:/opt/ros/jazzy/opt/gz_math_vendor:/opt/ros/jazzy/opt/gz_utils_vendor:/opt/ros/jazzy/opt/gz_tools_vendor:/opt/ros/jazzy/opt/gz_ogre_next_vendor:/opt/ros/jazzy/opt/gz_dartsim_vendor:/opt/ros/jazzy/opt/gz_cmake_vendor:/workspaces/ros2-coding/install/rqt_joint_trajectory_controller:/workspaces/ros2-coding/install/rqt_controller_manager:/workspaces/ros2-coding/install/ros2controlcli:/workspaces/ros2-coding/install/ros2_controllers_test_nodes:/workspaces/ros2-coding/install/my_turtlesim:/workspaces/ros2-coding/install/issac_sim:/workspaces/ros2-coding/install/isaac_ros_navigation_goal:/workspaces/ros2-coding/install/human_controller:/opt/ros/jazzy GZ_SIM_RESOURCE_PATH=/workspaces/ros2-coding/install/ros_gz_example_description/share/ros_gz_example_description/models:${GZ_SIM_RESOURCE_PATH} VIRTUAL_ENV_PROMPT=(.venv) /usr/bin/cmake /workspaces/ros2-coding/turtlesim_ws/src/ros_gz_example_gazebo -DAMENT_CMAKE_SYMLINK_INSTALL=1 -DCMAKE_INSTALL_PREFIX=/workspaces/ros2-coding/install/ros_gz_example_gazebo
[0.303s] -- The C compiler identification is GNU 13.3.0
[0.504s] -- The CXX compiler identification is GNU 13.3.0
[0.564s] -- Detecting C compiler ABI info
[1.013s] -- Detecting C compiler ABI info - done
[1.080s] -- Check for working C compiler: /usr/bin/cc - skipped
[1.080s] -- Detecting C compile features
[1.088s] -- Detecting C compile features - done
[1.131s] -- Detecting CXX compiler ABI info
[1.470s] -- Detecting CXX compiler ABI info - done
[1.517s] -- Check for working CXX compiler: /usr/bin/c++ - skipped
[1.521s] -- Detecting CXX compile features
[1.523s] -- Detecting CXX compile features - done
[1.607s] -- Found ament_cmake: 2.5.4 (/opt/ros/jazzy/share/ament_cmake/cmake)
[2.291s] -- Found Python3: /workspaces/ros2-coding/.venv/bin/python3 (found version "3.12.3") found components: Interpreter 
[2.555s] -- Override CMake install command with custom implementation using symlinks instead of copying resources
[3.180s] -- Found ros_gz_example_description: 0.0.0 (/workspaces/ros2-coding/install/ros_gz_example_description/share/ros_gz_example_description/cmake)
[3.224s] -- Looking for gz-plugin2 -- found version 2.0.4
[3.225s] -- Searching for dependencies of gz-plugin2
[3.244s] -- Looking for gz-utils2 -- found version 2.2.1
[3.244s] -- Searching for dependencies of gz-utils2
[3.245s] -- Searching for <gz-utils2> component [cli]
[3.261s] -- Looking for gz-utils2-cli -- found version 2.2.1
[3.262s] -- Searching for dependencies of gz-utils2-cli
[3.263s] -- Searching for <gz-plugin2> component [register]
[3.278s] -- Looking for gz-plugin2-register -- found version 2.0.4
[3.279s] -- Searching for dependencies of gz-plugin2-register
[3.296s] -- Looking for gz-common5 -- found version 5.7.1
[3.298s] -- Searching for dependencies of gz-common5
[3.298s] -- Looking for gz-utils2 -- found version 2.2.1
[3.299s] -- Looking for dlfcn.h - found
[3.315s] -- Looking for libdl - found
[3.317s] -- Found DL: TRUE  
[3.328s] -- Checking for module 'uuid'
[3.357s] --   Found uuid, version 2.39.3
[3.410s] -- Found UUID: TRUE  
[3.411s] -- Searching for <gz-common5> component [profiler]
[3.433s] -- Looking for gz-common5-profiler -- found version 5.7.1
[3.434s] -- Searching for dependencies of gz-common5-profiler
[3.452s] -- Looking for gz-sim8 -- found version 8.9.0
[3.453s] -- Searching for dependencies of gz-sim8
[3.467s] -- Looking for sdformat14 -- found version 14.8.0
[3.467s] -- Searching for dependencies of sdformat14
[3.474s] -- Checking for module 'tinyxml2'
[3.501s] --   Found tinyxml2, version 10.0.0
[3.585s] -- Looking for gz-math7 -- found version 7.5.2
[3.585s] -- Searching for dependencies of gz-math7
[3.587s] -- Looking for gz-utils2 -- found version 2.2.1
[3.589s] -- Looking for gz-utils2 -- found version 2.2.1
[3.593s] -- Looking for gz-plugin2 -- found version 2.0.4
[3.593s] -- Searching for dependencies of gz-plugin2
[3.594s] -- Looking for gz-utils2 -- found version 2.2.1
[3.594s] -- Searching for <gz-plugin2> component [loader]
[3.617s] -- Looking for gz-plugin2-loader -- found version 2.0.4
[3.617s] -- Searching for dependencies of gz-plugin2-loader
[3.618s] -- Searching for <gz-plugin2> component [register]
[3.637s] -- Looking for gz-transport13 -- found version 13.4.1
[3.638s] -- Searching for dependencies of gz-transport13
[3.903s] -- Found Protobuf: /usr/lib/x86_64-linux-gnu/libprotobuf.so (found version "3.21.12") 
[3.950s] -- Config-file not installed for ZeroMQ -- checking for pkg-config
[3.955s] -- Checking for module 'libzmq >= 4'
[3.983s] --   Found libzmq, version 4.3.5
[4.052s] -- Found ZeroMQ: TRUE (Required is at least version "4") 
[4.065s] -- Looking for gz-utils2 -- found version 2.2.1
[4.090s] -- Looking for gz-msgs10 -- found version 10.3.2
[4.090s] -- Searching for dependencies of gz-msgs10
[4.153s] -- Looking for gz-utils2 -- found version 2.2.1
[4.154s] -- Looking for gz-math7 -- found version 7.5.2
[4.163s] -- Searching for <gz-transport13> component [log]
[4.182s] -- Looking for gz-transport13-log -- found version 13.4.1
[4.182s] -- Searching for dependencies of gz-transport13-log
[4.183s] -- Searching for <gz-transport13> component [parameters]
[4.199s] -- Looking for gz-transport13-parameters -- found version 13.4.1
[4.200s] -- Searching for dependencies of gz-transport13-parameters
[4.201s] -- Looking for gz-msgs10 -- found version 10.3.2
[4.201s] -- Looking for gz-common5 -- found version 5.7.1
[4.202s] -- Searching for dependencies of gz-common5
[4.202s] -- Looking for gz-utils2 -- found version 2.2.1
[4.202s] -- Looking for dlfcn.h - found
[4.202s] -- Looking for libdl - found
[4.211s] -- Searching for <gz-common5> component [av]
[4.229s] -- Looking for gz-common5-av -- found version 5.7.1
[4.229s] -- Searching for dependencies of gz-common5-av
[4.236s] -- Checking for module 'libswscale'
[4.263s] --   Found libswscale, version 7.5.100
[4.316s] -- Found SWSCALE: TRUE  
[4.323s] -- Checking for module 'libavdevice >= 56.4.100'
[4.350s] --   Found libavdevice, version 60.3.100
[4.419s] -- Found AVDEVICE: TRUE (Required is at least version "56.4.100") 
[4.425s] -- Checking for module 'libavformat'
[4.457s] --   Found libavformat, version 60.16.100
[4.516s] -- Found AVFORMAT: TRUE  
[4.523s] -- Checking for module 'libavcodec'
[4.550s] --   Found libavcodec, version 60.31.102
[4.605s] -- Found AVCODEC: TRUE  
[4.611s] -- Checking for module 'libavutil'
[4.638s] --   Found libavutil, version 58.29.100
[4.689s] -- Found AVUTIL: TRUE  
[4.690s] -- Searching for <gz-common5> component [events]
[4.707s] -- Looking for gz-common5-events -- found version 5.7.1
[4.707s] -- Searching for dependencies of gz-common5-events
[4.708s] -- Looking for gz-math7 -- found version 7.5.2
[4.708s] -- Searching for <gz-common5> component [graphics]
[4.725s] -- Looking for gz-common5-graphics -- found version 5.7.1
[4.725s] -- Searching for dependencies of gz-common5-graphics
[4.726s] -- Looking for gz-math7 -- found version 7.5.2
[4.755s] -- Found GzAssimp: TRUE (found version "5.3.0") 
[4.756s] -- Searching for <gz-common5> component [io]
[4.773s] -- Looking for gz-common5-io -- found version 5.7.1
[4.774s] -- Searching for dependencies of gz-common5-io
[4.774s] -- Searching for <gz-common5> component [profiler]
[4.792s] -- Looking for gz-fuel_tools9 -- found version 9.1.1
[4.792s] -- Searching for dependencies of gz-fuel_tools9
[4.954s] -- Found CURL: /usr/lib/x86_64-linux-gnu/libcurl.so (found version "8.5.0")  
[4.987s] -- Checking for module 'jsoncpp'
[5.015s] --   Found jsoncpp, version 1.9.5
[5.068s] -- Found JSONCPP: TRUE  
[5.116s] -- Checking for module 'yaml-0.1'
[5.142s] --   Found yaml-0.1, version 0.2.5
[5.194s] -- Found YAML: TRUE  
[5.201s] -- Checking for module 'libzip'
[5.228s] --   Found libzip, version 1.7.3
[5.279s] -- Found ZIP: TRUE  
[5.279s] -- Looking for gz-utils2 -- found version 2.2.1
[5.280s] -- Looking for gz-common5 -- found version 5.7.1
[5.280s] -- Searching for dependencies of gz-common5
[5.281s] -- Looking for gz-utils2 -- found version 2.2.1
[5.281s] -- Looking for dlfcn.h - found
[5.281s] -- Looking for libdl - found
[5.290s] -- Searching for <gz-common5> component [testing]
[5.307s] -- Looking for gz-common5-testing -- found version 5.7.1
[5.307s] -- Searching for dependencies of gz-common5-testing
[5.309s] -- Looking for gz-math7 -- found version 7.5.2
[5.309s] -- Looking for gz-msgs10 -- found version 10.3.2
[5.328s] -- Looking for gz-gui8 -- found version 8.4.0
[5.328s] -- Searching for dependencies of gz-gui8
[5.400s] -- Looking for gz-utils2 -- found version 2.2.1
[5.401s] -- Looking for gz-math7 -- found version 7.5.2
[5.401s] -- Looking for gz-common5 -- found version 5.7.1
[5.402s] -- Looking for gz-plugin2 -- found version 2.0.4
[5.403s] -- Looking for gz-transport13 -- found version 13.4.1
[5.419s] -- Looking for gz-rendering8 -- found version 8.2.2
[5.420s] -- Searching for dependencies of gz-rendering8
[5.420s] -- Looking for gz-math7 -- found version 7.5.2
[5.421s] -- Searching for dependencies of gz-math7
[5.421s] -- Looking for gz-utils2 -- found version 2.2.1
[5.421s] -- Searching for <gz-math7> component [eigen3]
[5.439s] -- Looking for gz-math7-eigen3 -- found version 7.5.2
[5.440s] -- Searching for dependencies of gz-math7-eigen3
[5.476s] -- Looking for gz-common5 -- found version 5.7.1
[5.476s] -- Searching for dependencies of gz-common5
[5.476s] -- Looking for gz-utils2 -- found version 2.2.1
[5.477s] -- Looking for dlfcn.h - found
[5.477s] -- Looking for libdl - found
[5.486s] -- Searching for <gz-common5> component [graphics]
[5.486s] -- Searching for <gz-common5> component [events]
[5.487s] -- Searching for <gz-common5> component [geospatial]
[5.503s] -- Looking for gz-common5-geospatial -- found version 5.7.1
[5.503s] -- Searching for dependencies of gz-common5-geospatial
[5.503s] -- Looking for gz-math7 -- found version 7.5.2
[5.504s] -- Looking for gz-common5 -- found version 5.7.1
[5.505s] -- Looking for gz-plugin2 -- found version 2.0.4
[5.506s] -- Searching for dependencies of gz-plugin2
[5.507s] -- Looking for gz-utils2 -- found version 2.2.1
[5.507s] -- Searching for <gz-plugin2> component [all]
[5.523s] -- Looking for all libraries of gz-plugin2 -- found version 2.0.4
[5.523s] -- Looking for gz-plugin2 -- found version 2.0.4
[5.524s] -- Looking for gz-utils2 -- found version 2.2.1
[5.554s] -- Found OpenGL: /usr/lib/x86_64-linux-gnu/libOpenGL.so  found components: OpenGL 
[5.555s] -- Looking for gz-msgs10 -- found version 10.3.2
[5.619s] -- Looking for gz-physics7 -- found version 7.5.0
[5.619s] -- Searching for dependencies of gz-physics7
[5.620s] -- Looking for gz-common5 -- found version 5.7.1
[5.621s] -- Looking for gz-math7 -- found version 7.5.2
[5.621s] -- Looking for gz-plugin2 -- found version 2.0.4
[5.622s] -- Looking for gz-utils2 -- found version 2.2.1
[5.623s] -- Searching for <gz-physics7> component [heightmap]
[5.637s] -- Looking for gz-physics7-heightmap -- found version 7.5.0
[5.638s] -- Searching for dependencies of gz-physics7-heightmap
[5.638s] -- Looking for gz-common5 -- found version 5.7.1
[5.639s] -- Searching for <gz-physics7> component [mesh]
[5.652s] -- Looking for gz-physics7-mesh -- found version 7.5.0
[5.653s] -- Searching for dependencies of gz-physics7-mesh
[5.653s] -- Looking for gz-common5 -- found version 5.7.1
[5.654s] -- Searching for <gz-physics7> component [sdf]
[5.667s] -- Looking for gz-physics7-sdf -- found version 7.5.0
[5.668s] -- Searching for dependencies of gz-physics7-sdf
[5.668s] -- Looking for sdformat14 -- found version 14.8.0
[5.683s] -- Looking for gz-sensors8 -- found version 8.2.2
[5.683s] -- Searching for dependencies of gz-sensors8
[5.738s] -- Looking for gz-math7 -- found version 7.5.2
[5.739s] -- Looking for gz-common5 -- found version 5.7.1
[5.740s] -- Looking for gz-transport13 -- found version 13.4.1
[5.740s] -- Looking for gz-rendering8 -- found version 8.2.2
[5.741s] -- Looking for gz-msgs10 -- found version 10.3.2
[5.741s] -- Looking for sdformat14 -- found version 14.8.0
[5.742s] -- Searching for <gz-sensors8> component [air_pressure]
[5.757s] -- Looking for gz-sensors8-air_pressure -- found version 8.2.2
[5.758s] -- Searching for dependencies of gz-sensors8-air_pressure
[5.758s] -- Searching for <gz-sensors8> component [air_speed]
[5.774s] -- Looking for gz-sensors8-air_speed -- found version 8.2.2
[5.774s] -- Searching for dependencies of gz-sensors8-air_speed
[5.775s] -- Searching for <gz-sensors8> component [altimeter]
[5.792s] -- Looking for gz-sensors8-altimeter -- found version 8.2.2
[5.792s] -- Searching for dependencies of gz-sensors8-altimeter
[5.792s] -- Searching for <gz-sensors8> component [imu]
[5.807s] -- Looking for gz-sensors8-imu -- found version 8.2.2
[5.808s] -- Searching for dependencies of gz-sensors8-imu
[5.808s] -- Searching for <gz-sensors8> component [force_torque]
[5.822s] -- Looking for gz-sensors8-force_torque -- found version 8.2.2
[5.822s] -- Searching for dependencies of gz-sensors8-force_torque
[5.823s] -- Searching for <gz-sensors8> component [logical_camera]
[5.837s] -- Looking for gz-sensors8-logical_camera -- found version 8.2.2
[5.837s] -- Searching for dependencies of gz-sensors8-logical_camera
[5.838s] -- Searching for <gz-sensors8> component [magnetometer]
[5.851s] -- Looking for gz-sensors8-magnetometer -- found version 8.2.2
[5.852s] -- Searching for dependencies of gz-sensors8-magnetometer
[5.852s] -- Searching for <gz-sensors8> component [navsat]
[5.866s] -- Looking for gz-sensors8-navsat -- found version 8.2.2
[5.866s] -- Searching for dependencies of gz-sensors8-navsat
[5.867s] -- Searching for <gz-sensors8> component [dvl]
[5.880s] -- Looking for gz-sensors8-dvl -- found version 8.2.2
[5.880s] -- Searching for dependencies of gz-sensors8-dvl
[5.881s] -- Looking for gz-sensors8 -- found version 8.2.2
[5.881s] -- Searching for dependencies of gz-sensors8
[5.934s] -- Looking for gz-math7 -- found version 7.5.2
[5.935s] -- Looking for gz-common5 -- found version 5.7.1
[5.936s] -- Looking for gz-transport13 -- found version 13.4.1
[5.936s] -- Looking for gz-rendering8 -- found version 8.2.2
[5.937s] -- Looking for gz-msgs10 -- found version 10.3.2
[5.937s] -- Looking for sdformat14 -- found version 14.8.0
[5.938s] -- Searching for <gz-sensors8> component [rendering]
[5.951s] -- Looking for gz-sensors8-rendering -- found version 8.2.2
[5.951s] -- Searching for dependencies of gz-sensors8-rendering
[5.953s] -- Searching for <gz-sensors8> component [rendering]
[5.953s] -- Searching for <gz-sensors8> component [lidar]
[5.967s] -- Looking for gz-sensors8-lidar -- found version 8.2.2
[5.967s] -- Searching for dependencies of gz-sensors8-lidar
[5.967s] -- Looking for gz-sensors8 -- found version 8.2.2
[5.968s] -- Searching for <gz-sensors8> component [gpu_lidar]
[5.983s] -- Looking for gz-sensors8-gpu_lidar -- found version 8.2.2
[5.983s] -- Searching for dependencies of gz-sensors8-gpu_lidar
[5.983s] -- Looking for gz-sensors8 -- found version 8.2.2
[5.985s] -- Searching for <gz-sensors8> component [camera]
[5.998s] -- Looking for gz-sensors8-camera -- found version 8.2.2
[5.998s] -- Searching for dependencies of gz-sensors8-camera
[5.998s] -- Looking for gz-sensors8 -- found version 8.2.2
[5.999s] -- Searching for <gz-sensors8> component [boundingbox_camera]
[6.014s] -- Looking for gz-sensors8-boundingbox_camera -- found version 8.2.2
[6.014s] -- Searching for dependencies of gz-sensors8-boundingbox_camera
[6.015s] -- Searching for <gz-sensors8> component [segmentation_camera]
[6.029s] -- Looking for gz-sensors8-segmentation_camera -- found version 8.2.2
[6.029s] -- Searching for dependencies of gz-sensors8-segmentation_camera
[6.030s] -- Searching for <gz-sensors8> component [depth_camera]
[6.043s] -- Looking for gz-sensors8-depth_camera -- found version 8.2.2
[6.043s] -- Searching for dependencies of gz-sensors8-depth_camera
[6.044s] -- Looking for gz-sensors8 -- found version 8.2.2
[6.044s] -- Searching for <gz-sensors8> component [rgbd_camera]
[6.058s] -- Looking for gz-sensors8-rgbd_camera -- found version 8.2.2
[6.058s] -- Searching for dependencies of gz-sensors8-rgbd_camera
[6.059s] -- Looking for gz-sensors8 -- found version 8.2.2
[6.060s] -- Searching for <gz-sensors8> component [thermal_camera]
[6.073s] -- Looking for gz-sensors8-thermal_camera -- found version 8.2.2
[6.073s] -- Searching for dependencies of gz-sensors8-thermal_camera
[6.074s] -- Looking for gz-sensors8 -- found version 8.2.2
[6.074s] -- Searching for <gz-sensors8> component [wide_angle_camera]
[6.089s] -- Looking for gz-sensors8-wide_angle_camera -- found version 8.2.2
[6.089s] -- Searching for dependencies of gz-sensors8-wide_angle_camera
[6.090s] -- Looking for gz-rendering8 -- found version 8.2.2
[6.091s] -- Looking for gz-math7 -- found version 7.5.2
[6.091s] -- Looking for gz-utils2 -- found version 2.2.1
[6.145s] -- Compiling against Gazebo Harmonic
[6.170s] -- Found ament_lint_auto: 0.17.3 (/opt/ros/jazzy/share/ament_lint_auto/cmake)
[6.279s] -- Configuring done (6.2s)
[6.311s] -- Generating done (0.0s)
[6.316s] -- Build files have been written to: /workspaces/ros2-coding/build/ros_gz_example_gazebo
