[0.035s] Invoking command in '/workspaces/ros2-coding/build/moveit_nao_config': CMAKE_PREFIX_PATH=${CMAKE_PREFIX_PATH}:/workspaces/ros2-coding/install/rqt_joint_trajectory_controller:/workspaces/ros2-coding/install/rqt_controller_manager:/workspaces/ros2-coding/install/ros2controlcli:/workspaces/ros2-coding/install/ros2_controllers_test_nodes:/workspaces/ros2-coding/install/my_turtlesim:/workspaces/ros2-coding/install/issac_sim:/workspaces/ros2-coding/install/isaac_ros_navigation_goal:/workspaces/ros2-coding/install/human_controller:/opt/ros/jazzy VIRTUAL_ENV_PROMPT=(.venv) /usr/bin/cmake /workspaces/ros2-coding/moveit_nao_config -DCMAKE_INSTALL_PREFIX=/workspaces/ros2-coding/install/moveit_nao_config
[1.368s] -- The C compiler identification is GNU 13.3.0
[2.273s] -- The CXX compiler identification is GNU 13.3.0
[2.302s] -- Detecting C compiler ABI info
[2.575s] -- Detecting C compiler ABI info - done
[2.587s] -- Check for working C compiler: /usr/bin/cc - skipped
[2.587s] -- Detecting C compile features
[2.589s] -- Detecting C compile features - done
[2.603s] -- Detecting CXX compiler ABI info
[2.833s] -- Detecting CXX compiler ABI info - done
[2.845s] -- Check for working CXX compiler: /usr/bin/c++ - skipped
[2.845s] -- Detecting CXX compile features
[2.846s] -- Detecting CXX compile features - done
[2.925s] -- Found ament_cmake: 2.5.4 (/opt/ros/jazzy/share/ament_cmake/cmake)
[3.159s] -- Found Python3: /workspaces/ros2-coding/.venv/bin/python3 (found version "3.12.3") found components: Interpreter 
[3.624s] Traceback (most recent call last):
[3.624s]   File "/opt/ros/jazzy/share/ament_cmake_core/cmake/core/package_xml_2_cmake.py", line 22, in <module>
[3.624s]     from catkin_pkg.package import parse_package_string
[3.625s] ModuleNotFoundError: No module named 'catkin_pkg'
[3.628s] [31mCMake Error at /opt/ros/jazzy/share/ament_cmake_core/cmake/core/ament_package_xml.cmake:95 (message):
[3.628s]   execute_process(/workspaces/ros2-coding/.venv/bin/python3
[3.628s]   /opt/ros/jazzy/share/ament_cmake_core/cmake/core/package_xml_2_cmake.py
[3.628s]   /workspaces/ros2-coding/moveit_nao_config/package.xml
[3.628s]   /workspaces/ros2-coding/build/moveit_nao_config/ament_cmake_core/package.cmake)
[3.628s]   returned error code 1
[3.628s] Call Stack (most recent call first):
[3.629s]   /opt/ros/jazzy/share/ament_cmake_core/cmake/core/ament_package_xml.cmake:49 (_ament_package_xml)
[3.629s]   /opt/ros/jazzy/share/ament_cmake_core/cmake/core/ament_package.cmake:63 (ament_package_xml)
[3.629s]   CMakeLists.txt:9 (ament_package)
[3.629s] 
[3.629s] [0m
[3.629s] -- Configuring incomplete, errors occurred!
[3.634s] Invoked command in '/workspaces/ros2-coding/build/moveit_nao_config' returned '1': CMAKE_PREFIX_PATH=${CMAKE_PREFIX_PATH}:/workspaces/ros2-coding/install/rqt_joint_trajectory_controller:/workspaces/ros2-coding/install/rqt_controller_manager:/workspaces/ros2-coding/install/ros2controlcli:/workspaces/ros2-coding/install/ros2_controllers_test_nodes:/workspaces/ros2-coding/install/my_turtlesim:/workspaces/ros2-coding/install/issac_sim:/workspaces/ros2-coding/install/isaac_ros_navigation_goal:/workspaces/ros2-coding/install/human_controller:/opt/ros/jazzy VIRTUAL_ENV_PROMPT=(.venv) /usr/bin/cmake /workspaces/ros2-coding/moveit_nao_config -DCMAKE_INSTALL_PREFIX=/workspaces/ros2-coding/install/moveit_nao_config
