[0.114s] Invoking command in '/workspaces/ros2-coding/build/ros_gz_example_application': CMAKE_PREFIX_PATH=${CMAKE_PREFIX_PATH}:/workspaces/ros2-coding/install/rqt_joint_trajectory_controller:/workspaces/ros2-coding/install/rqt_controller_manager:/workspaces/ros2-coding/install/ros2controlcli:/workspaces/ros2-coding/install/ros2_controllers_test_nodes:/workspaces/ros2-coding/install/my_turtlesim:/workspaces/ros2-coding/install/issac_sim:/workspaces/ros2-coding/install/isaac_ros_navigation_goal:/opt/ros/jazzy /usr/bin/cmake /workspaces/ros2-coding/turtlesim_ws/src/ros_gz_example_application -DBUILD_TESTING=ON -DAMENT_CMAKE_SYMLINK_INSTALL=1 -DCMAKE_INSTALL_PREFIX=/workspaces/ros2-coding/install/ros_gz_example_application
[0.198s] -- Found ament_cmake: 2.5.4 (/opt/ros/jazzy/share/ament_cmake/cmake)
[1.678s] -- Override CMake install command with custom implementation using symlinks instead of copying resources
[2.016s] -- Configuring done (1.8s)
[2.025s] -- Generating done (0.0s)
[2.037s] -- Build files have been written to: /workspaces/ros2-coding/build/ros_gz_example_application
[2.053s] Invoked command in '/workspaces/ros2-coding/build/ros_gz_example_application' returned '0': CMAKE_PREFIX_PATH=${CMAKE_PREFIX_PATH}:/workspaces/ros2-coding/install/rqt_joint_trajectory_controller:/workspaces/ros2-coding/install/rqt_controller_manager:/workspaces/ros2-coding/install/ros2controlcli:/workspaces/ros2-coding/install/ros2_controllers_test_nodes:/workspaces/ros2-coding/install/my_turtlesim:/workspaces/ros2-coding/install/issac_sim:/workspaces/ros2-coding/install/isaac_ros_navigation_goal:/opt/ros/jazzy /usr/bin/cmake /workspaces/ros2-coding/turtlesim_ws/src/ros_gz_example_application -DBUILD_TESTING=ON -DAMENT_CMAKE_SYMLINK_INSTALL=1 -DCMAKE_INSTALL_PREFIX=/workspaces/ros2-coding/install/ros_gz_example_application
[2.054s] Invoking command in '/workspaces/ros2-coding/build/ros_gz_example_application': CMAKE_PREFIX_PATH=${CMAKE_PREFIX_PATH}:/workspaces/ros2-coding/install/rqt_joint_trajectory_controller:/workspaces/ros2-coding/install/rqt_controller_manager:/workspaces/ros2-coding/install/ros2controlcli:/workspaces/ros2-coding/install/ros2_controllers_test_nodes:/workspaces/ros2-coding/install/my_turtlesim:/workspaces/ros2-coding/install/issac_sim:/workspaces/ros2-coding/install/isaac_ros_navigation_goal:/opt/ros/jazzy /usr/bin/cmake --build /workspaces/ros2-coding/build/ros_gz_example_application -- -j4 -l4
[2.298s] Invoked command in '/workspaces/ros2-coding/build/ros_gz_example_application' returned '0': CMAKE_PREFIX_PATH=${CMAKE_PREFIX_PATH}:/workspaces/ros2-coding/install/rqt_joint_trajectory_controller:/workspaces/ros2-coding/install/rqt_controller_manager:/workspaces/ros2-coding/install/ros2controlcli:/workspaces/ros2-coding/install/ros2_controllers_test_nodes:/workspaces/ros2-coding/install/my_turtlesim:/workspaces/ros2-coding/install/issac_sim:/workspaces/ros2-coding/install/isaac_ros_navigation_goal:/opt/ros/jazzy /usr/bin/cmake --build /workspaces/ros2-coding/build/ros_gz_example_application -- -j4 -l4
[2.298s] Invoking command in '/workspaces/ros2-coding/build/ros_gz_example_application': CMAKE_PREFIX_PATH=${CMAKE_PREFIX_PATH}:/workspaces/ros2-coding/install/rqt_joint_trajectory_controller:/workspaces/ros2-coding/install/rqt_controller_manager:/workspaces/ros2-coding/install/ros2controlcli:/workspaces/ros2-coding/install/ros2_controllers_test_nodes:/workspaces/ros2-coding/install/my_turtlesim:/workspaces/ros2-coding/install/issac_sim:/workspaces/ros2-coding/install/isaac_ros_navigation_goal:/opt/ros/jazzy /usr/bin/cmake --install /workspaces/ros2-coding/build/ros_gz_example_application
[2.339s] -- Install configuration: ""
[2.344s] -- Execute custom install script
[2.347s] -- Up-to-date symlink: /workspaces/ros2-coding/install/ros_gz_example_application/share/ament_index/resource_index/package_run_dependencies/ros_gz_example_application
[2.348s] -- Up-to-date symlink: /workspaces/ros2-coding/install/ros_gz_example_application/share/ament_index/resource_index/parent_prefix_path/ros_gz_example_application
[2.349s] -- Up-to-date symlink: /workspaces/ros2-coding/install/ros_gz_example_application/share/ros_gz_example_application/environment/ament_prefix_path.sh
[2.349s] -- Up-to-date symlink: /workspaces/ros2-coding/install/ros_gz_example_application/share/ros_gz_example_application/environment/ament_prefix_path.dsv
[2.349s] -- Up-to-date symlink: /workspaces/ros2-coding/install/ros_gz_example_application/share/ros_gz_example_application/environment/path.sh
[2.350s] -- Up-to-date symlink: /workspaces/ros2-coding/install/ros_gz_example_application/share/ros_gz_example_application/environment/path.dsv
[2.350s] -- Up-to-date symlink: /workspaces/ros2-coding/install/ros_gz_example_application/share/ros_gz_example_application/local_setup.bash
[2.350s] -- Up-to-date symlink: /workspaces/ros2-coding/install/ros_gz_example_application/share/ros_gz_example_application/local_setup.sh
[2.354s] -- Up-to-date symlink: /workspaces/ros2-coding/install/ros_gz_example_application/share/ros_gz_example_application/local_setup.zsh
[2.355s] -- Up-to-date symlink: /workspaces/ros2-coding/install/ros_gz_example_application/share/ros_gz_example_application/local_setup.dsv
[2.355s] -- Symlinking: /workspaces/ros2-coding/install/ros_gz_example_application/share/ros_gz_example_application/package.dsv
[2.451s] -- Up-to-date symlink: /workspaces/ros2-coding/install/ros_gz_example_application/share/ament_index/resource_index/packages/ros_gz_example_application
[2.451s] -- Up-to-date symlink: /workspaces/ros2-coding/install/ros_gz_example_application/share/ros_gz_example_application/cmake/ros_gz_example_applicationConfig.cmake
[2.452s] -- Up-to-date symlink: /workspaces/ros2-coding/install/ros_gz_example_application/share/ros_gz_example_application/cmake/ros_gz_example_applicationConfig-version.cmake
[2.452s] -- Up-to-date symlink: /workspaces/ros2-coding/install/ros_gz_example_application/share/ros_gz_example_application/package.xml
[2.486s] Invoked command in '/workspaces/ros2-coding/build/ros_gz_example_application' returned '0': CMAKE_PREFIX_PATH=${CMAKE_PREFIX_PATH}:/workspaces/ros2-coding/install/rqt_joint_trajectory_controller:/workspaces/ros2-coding/install/rqt_controller_manager:/workspaces/ros2-coding/install/ros2controlcli:/workspaces/ros2-coding/install/ros2_controllers_test_nodes:/workspaces/ros2-coding/install/my_turtlesim:/workspaces/ros2-coding/install/issac_sim:/workspaces/ros2-coding/install/isaac_ros_navigation_goal:/opt/ros/jazzy /usr/bin/cmake --install /workspaces/ros2-coding/build/ros_gz_example_application
