[0.111s] Invoking command in '/workspaces/ros2-coding/build/isaac_moveit': CMAKE_PREFIX_PATH=${CMAKE_PREFIX_PATH}:/opt/ros/jazzy /usr/bin/cmake --build /workspaces/ros2-coding/build/isaac_moveit -- -j4 -l4
[0.760s] Invoked command in '/workspaces/ros2-coding/build/isaac_moveit' returned '0': CMAKE_PREFIX_PATH=${CMAKE_PREFIX_PATH}:/opt/ros/jazzy /usr/bin/cmake --build /workspaces/ros2-coding/build/isaac_moveit -- -j4 -l4
[0.764s] Invoking command in '/workspaces/ros2-coding/build/isaac_moveit': CMAKE_PREFIX_PATH=${CMAKE_PREFIX_PATH}:/opt/ros/jazzy /usr/bin/cmake --install /workspaces/ros2-coding/build/isaac_moveit
[0.786s] -- Install configuration: ""
[0.835s] -- Execute custom install script
[0.838s] -- Up-to-date symlink: /workspaces/ros2-coding/install/isaac_moveit/share/isaac_moveit/rviz2/panda_moveit_config.rviz
[0.842s] -- Up-to-date symlink: /workspaces/ros2-coding/install/isaac_moveit/share/isaac_moveit/launch/isaac_moveit.launch.py
[0.842s] -- Up-to-date symlink: /workspaces/ros2-coding/install/isaac_moveit/share/ament_index/resource_index/package_run_dependencies/isaac_moveit
[0.842s] -- Up-to-date symlink: /workspaces/ros2-coding/install/isaac_moveit/share/ament_index/resource_index/parent_prefix_path/isaac_moveit
[0.842s] -- Up-to-date symlink: /workspaces/ros2-coding/install/isaac_moveit/share/isaac_moveit/environment/ament_prefix_path.sh
[0.843s] -- Up-to-date symlink: /workspaces/ros2-coding/install/isaac_moveit/share/isaac_moveit/environment/ament_prefix_path.dsv
[0.843s] -- Up-to-date symlink: /workspaces/ros2-coding/install/isaac_moveit/share/isaac_moveit/environment/path.sh
[0.843s] -- Up-to-date symlink: /workspaces/ros2-coding/install/isaac_moveit/share/isaac_moveit/environment/path.dsv
[0.844s] -- Up-to-date symlink: /workspaces/ros2-coding/install/isaac_moveit/share/isaac_moveit/local_setup.bash
[0.844s] -- Up-to-date symlink: /workspaces/ros2-coding/install/isaac_moveit/share/isaac_moveit/local_setup.sh
[0.844s] -- Up-to-date symlink: /workspaces/ros2-coding/install/isaac_moveit/share/isaac_moveit/local_setup.zsh
[0.844s] -- Up-to-date symlink: /workspaces/ros2-coding/install/isaac_moveit/share/isaac_moveit/local_setup.dsv
[0.844s] -- Symlinking: /workspaces/ros2-coding/install/isaac_moveit/share/isaac_moveit/package.dsv
[0.888s] -- Up-to-date symlink: /workspaces/ros2-coding/install/isaac_moveit/share/ament_index/resource_index/packages/isaac_moveit
[0.888s] -- Up-to-date symlink: /workspaces/ros2-coding/install/isaac_moveit/share/isaac_moveit/cmake/isaac_moveitConfig.cmake
[0.888s] -- Up-to-date symlink: /workspaces/ros2-coding/install/isaac_moveit/share/isaac_moveit/cmake/isaac_moveitConfig-version.cmake
[0.889s] -- Up-to-date symlink: /workspaces/ros2-coding/install/isaac_moveit/share/isaac_moveit/package.xml
[0.895s] Invoked command in '/workspaces/ros2-coding/build/isaac_moveit' returned '0': CMAKE_PREFIX_PATH=${CMAKE_PREFIX_PATH}:/opt/ros/jazzy /usr/bin/cmake --install /workspaces/ros2-coding/build/isaac_moveit
