[0.046s] Invoking command in '/workspaces/ros2-coding/build/isaacsim': CMAKE_PREFIX_PATH=${CMAKE_PREFIX_PATH}:/workspaces/ros2-coding/install/rqt_joint_trajectory_controller:/workspaces/ros2-coding/install/rqt_controller_manager:/workspaces/ros2-coding/install/ros2controlcli:/workspaces/ros2-coding/install/ros2_controllers_test_nodes:/workspaces/ros2-coding/install/my_turtlesim:/workspaces/ros2-coding/install/issac_sim:/workspaces/ros2-coding/install/isaac_ros_navigation_goal:/opt/ros/jazzy /usr/bin/cmake /workspaces/ros2-coding/turtlesim_ws/src/isaacsim -DBUILD_TESTING=ON -DAMENT_CMAKE_SYMLINK_INSTALL=1 -DCMAKE_INSTALL_PREFIX=/workspaces/ros2-coding/install/isaacsim
[0.189s] -- Found ament_cmake: 2.5.4 (/opt/ros/jazzy/share/ament_cmake/cmake)
[0.981s] -- Override CMake install command with custom implementation using symlinks instead of copying resources
[1.020s] -- Found rclpy: 7.1.5 (/opt/ros/jazzy/share/rclpy/cmake)
[1.320s] -- Configuring done (1.2s)
[1.341s] -- Generating done (0.0s)
[1.354s] -- Build files have been written to: /workspaces/ros2-coding/build/isaacsim
[1.368s] Invoked command in '/workspaces/ros2-coding/build/isaacsim' returned '0': CMAKE_PREFIX_PATH=${CMAKE_PREFIX_PATH}:/workspaces/ros2-coding/install/rqt_joint_trajectory_controller:/workspaces/ros2-coding/install/rqt_controller_manager:/workspaces/ros2-coding/install/ros2controlcli:/workspaces/ros2-coding/install/ros2_controllers_test_nodes:/workspaces/ros2-coding/install/my_turtlesim:/workspaces/ros2-coding/install/issac_sim:/workspaces/ros2-coding/install/isaac_ros_navigation_goal:/opt/ros/jazzy /usr/bin/cmake /workspaces/ros2-coding/turtlesim_ws/src/isaacsim -DBUILD_TESTING=ON -DAMENT_CMAKE_SYMLINK_INSTALL=1 -DCMAKE_INSTALL_PREFIX=/workspaces/ros2-coding/install/isaacsim
[1.368s] Invoking command in '/workspaces/ros2-coding/build/isaacsim': CMAKE_PREFIX_PATH=${CMAKE_PREFIX_PATH}:/workspaces/ros2-coding/install/rqt_joint_trajectory_controller:/workspaces/ros2-coding/install/rqt_controller_manager:/workspaces/ros2-coding/install/ros2controlcli:/workspaces/ros2-coding/install/ros2_controllers_test_nodes:/workspaces/ros2-coding/install/my_turtlesim:/workspaces/ros2-coding/install/issac_sim:/workspaces/ros2-coding/install/isaac_ros_navigation_goal:/opt/ros/jazzy /usr/bin/cmake --build /workspaces/ros2-coding/build/isaacsim -- -j4 -l4
[1.666s] Invoked command in '/workspaces/ros2-coding/build/isaacsim' returned '0': CMAKE_PREFIX_PATH=${CMAKE_PREFIX_PATH}:/workspaces/ros2-coding/install/rqt_joint_trajectory_controller:/workspaces/ros2-coding/install/rqt_controller_manager:/workspaces/ros2-coding/install/ros2controlcli:/workspaces/ros2-coding/install/ros2_controllers_test_nodes:/workspaces/ros2-coding/install/my_turtlesim:/workspaces/ros2-coding/install/issac_sim:/workspaces/ros2-coding/install/isaac_ros_navigation_goal:/opt/ros/jazzy /usr/bin/cmake --build /workspaces/ros2-coding/build/isaacsim -- -j4 -l4
[1.667s] Invoking command in '/workspaces/ros2-coding/build/isaacsim': CMAKE_PREFIX_PATH=${CMAKE_PREFIX_PATH}:/workspaces/ros2-coding/install/rqt_joint_trajectory_controller:/workspaces/ros2-coding/install/rqt_controller_manager:/workspaces/ros2-coding/install/ros2controlcli:/workspaces/ros2-coding/install/ros2_controllers_test_nodes:/workspaces/ros2-coding/install/my_turtlesim:/workspaces/ros2-coding/install/issac_sim:/workspaces/ros2-coding/install/isaac_ros_navigation_goal:/opt/ros/jazzy /usr/bin/cmake --install /workspaces/ros2-coding/build/isaacsim
[1.742s] -- Install configuration: ""
[1.746s] -- Execute custom install script
[1.749s] -- Up-to-date symlink: /workspaces/ros2-coding/install/isaacsim/share/isaacsim/scripts/open_isaacsim_stage.py
[1.750s] -- Up-to-date symlink: /workspaces/ros2-coding/install/isaacsim/share/isaacsim/scripts/run_isaacsim.py
[1.750s] -- Up-to-date symlink: /workspaces/ros2-coding/install/isaacsim/share/isaacsim/launch/run_isaacsim.launch.py
[1.750s] -- Up-to-date symlink: /workspaces/ros2-coding/install/isaacsim/lib/isaacsim/run_isaacsim.py
[1.750s] -- Up-to-date symlink: /workspaces/ros2-coding/install/isaacsim/lib/isaacsim/open_isaacsim_stage.py
[1.750s] -- Up-to-date symlink: /workspaces/ros2-coding/install/isaacsim/share/ament_index/resource_index/package_run_dependencies/isaacsim
[1.753s] -- Up-to-date symlink: /workspaces/ros2-coding/install/isaacsim/share/ament_index/resource_index/parent_prefix_path/isaacsim
[1.753s] -- Up-to-date symlink: /workspaces/ros2-coding/install/isaacsim/share/isaacsim/environment/ament_prefix_path.sh
[1.754s] -- Up-to-date symlink: /workspaces/ros2-coding/install/isaacsim/share/isaacsim/environment/ament_prefix_path.dsv
[1.754s] -- Up-to-date symlink: /workspaces/ros2-coding/install/isaacsim/share/isaacsim/environment/path.sh
[1.754s] -- Up-to-date symlink: /workspaces/ros2-coding/install/isaacsim/share/isaacsim/environment/path.dsv
[1.759s] -- Up-to-date symlink: /workspaces/ros2-coding/install/isaacsim/share/isaacsim/local_setup.bash
[1.759s] -- Up-to-date symlink: /workspaces/ros2-coding/install/isaacsim/share/isaacsim/local_setup.sh
[1.759s] -- Up-to-date symlink: /workspaces/ros2-coding/install/isaacsim/share/isaacsim/local_setup.zsh
[1.760s] -- Up-to-date symlink: /workspaces/ros2-coding/install/isaacsim/share/isaacsim/local_setup.dsv
[1.761s] -- Symlinking: /workspaces/ros2-coding/install/isaacsim/share/isaacsim/package.dsv
[1.848s] -- Up-to-date symlink: /workspaces/ros2-coding/install/isaacsim/share/ament_index/resource_index/packages/isaacsim
[1.848s] -- Up-to-date symlink: /workspaces/ros2-coding/install/isaacsim/share/isaacsim/cmake/isaacsimConfig.cmake
[1.849s] -- Up-to-date symlink: /workspaces/ros2-coding/install/isaacsim/share/isaacsim/cmake/isaacsimConfig-version.cmake
[1.849s] -- Up-to-date symlink: /workspaces/ros2-coding/install/isaacsim/share/isaacsim/package.xml
[1.871s] Invoked command in '/workspaces/ros2-coding/build/isaacsim' returned '0': CMAKE_PREFIX_PATH=${CMAKE_PREFIX_PATH}:/workspaces/ros2-coding/install/rqt_joint_trajectory_controller:/workspaces/ros2-coding/install/rqt_controller_manager:/workspaces/ros2-coding/install/ros2controlcli:/workspaces/ros2-coding/install/ros2_controllers_test_nodes:/workspaces/ros2-coding/install/my_turtlesim:/workspaces/ros2-coding/install/issac_sim:/workspaces/ros2-coding/install/isaac_ros_navigation_goal:/opt/ros/jazzy /usr/bin/cmake --install /workspaces/ros2-coding/build/isaacsim
