[0.015s] Invoking command in '/workspaces/ros2-coding/build/isaac_tutorials': CMAKE_PREFIX_PATH=${CMAKE_PREFIX_PATH}:/opt/ros/jazzy /usr/bin/cmake --build /workspaces/ros2-coding/build/isaac_tutorials -- -j4 -l4
[0.154s] Invoked command in '/workspaces/ros2-coding/build/isaac_tutorials' returned '0': CMAKE_PREFIX_PATH=${CMAKE_PREFIX_PATH}:/opt/ros/jazzy /usr/bin/cmake --build /workspaces/ros2-coding/build/isaac_tutorials -- -j4 -l4
[0.155s] Invoking command in '/workspaces/ros2-coding/build/isaac_tutorials': CMAKE_PREFIX_PATH=${CMAKE_PREFIX_PATH}:/opt/ros/jazzy /usr/bin/cmake --install /workspaces/ros2-coding/build/isaac_tutorials
[0.197s] -- Install configuration: ""
[0.197s] -- Execute custom install script
[0.200s] -- Up-to-date symlink: /workspaces/ros2-coding/install/isaac_tutorials/share/isaac_tutorials/rviz2/camera_lidar.rviz
[0.201s] -- Up-to-date symlink: /workspaces/ros2-coding/install/isaac_tutorials/share/isaac_tutorials/rviz2/camera_manual.rviz
[0.202s] -- Up-to-date symlink: /workspaces/ros2-coding/install/isaac_tutorials/share/isaac_tutorials/rviz2/carter_stereo.rviz
[0.202s] -- Up-to-date symlink: /workspaces/ros2-coding/install/isaac_tutorials/share/isaac_tutorials/rviz2/rtx_lidar.rviz
[0.203s] -- Up-to-date symlink: /workspaces/ros2-coding/install/isaac_tutorials/share/isaac_tutorials/rviz2/turtle_stereo.rviz
[0.204s] -- Up-to-date symlink: /workspaces/ros2-coding/install/isaac_tutorials/share/isaac_tutorials/scripts/ros2_ackermann_publisher.py
[0.204s] -- Up-to-date symlink: /workspaces/ros2-coding/install/isaac_tutorials/share/isaac_tutorials/scripts/ros2_publisher.py
[0.204s] -- Up-to-date symlink: /workspaces/ros2-coding/install/isaac_tutorials/share/isaac_tutorials/scripts/ros2_publisher_multi_mode.py
[0.204s] -- Up-to-date symlink: /workspaces/ros2-coding/install/isaac_tutorials/share/isaac_tutorials/scripts/ros2_publisher_test.py
[0.205s] -- Up-to-date symlink: /workspaces/ros2-coding/install/isaac_tutorials/lib/isaac_tutorials/ros2_publisher.py
[0.208s] -- Up-to-date symlink: /workspaces/ros2-coding/install/isaac_tutorials/lib/isaac_tutorials/ros2_ackermann_publisher.py
[0.208s] -- Up-to-date symlink: /workspaces/ros2-coding/install/isaac_tutorials/share/ament_index/resource_index/package_run_dependencies/isaac_tutorials
[0.208s] -- Up-to-date symlink: /workspaces/ros2-coding/install/isaac_tutorials/share/ament_index/resource_index/parent_prefix_path/isaac_tutorials
[0.208s] -- Up-to-date symlink: /workspaces/ros2-coding/install/isaac_tutorials/share/isaac_tutorials/environment/ament_prefix_path.sh
[0.208s] -- Up-to-date symlink: /workspaces/ros2-coding/install/isaac_tutorials/share/isaac_tutorials/environment/ament_prefix_path.dsv
[0.208s] -- Up-to-date symlink: /workspaces/ros2-coding/install/isaac_tutorials/share/isaac_tutorials/environment/path.sh
[0.209s] -- Up-to-date symlink: /workspaces/ros2-coding/install/isaac_tutorials/share/isaac_tutorials/environment/path.dsv
[0.209s] -- Up-to-date symlink: /workspaces/ros2-coding/install/isaac_tutorials/share/isaac_tutorials/local_setup.bash
[0.209s] -- Up-to-date symlink: /workspaces/ros2-coding/install/isaac_tutorials/share/isaac_tutorials/local_setup.sh
[0.209s] -- Up-to-date symlink: /workspaces/ros2-coding/install/isaac_tutorials/share/isaac_tutorials/local_setup.zsh
[0.209s] -- Up-to-date symlink: /workspaces/ros2-coding/install/isaac_tutorials/share/isaac_tutorials/local_setup.dsv
[0.209s] -- Symlinking: /workspaces/ros2-coding/install/isaac_tutorials/share/isaac_tutorials/package.dsv
[0.224s] -- Up-to-date symlink: /workspaces/ros2-coding/install/isaac_tutorials/share/ament_index/resource_index/packages/isaac_tutorials
[0.225s] -- Up-to-date symlink: /workspaces/ros2-coding/install/isaac_tutorials/share/isaac_tutorials/cmake/isaac_tutorialsConfig.cmake
[0.225s] -- Up-to-date symlink: /workspaces/ros2-coding/install/isaac_tutorials/share/isaac_tutorials/cmake/isaac_tutorialsConfig-version.cmake
[0.225s] -- Up-to-date symlink: /workspaces/ros2-coding/install/isaac_tutorials/share/isaac_tutorials/package.xml
[0.255s] Invoked command in '/workspaces/ros2-coding/build/isaac_tutorials' returned '0': CMAKE_PREFIX_PATH=${CMAKE_PREFIX_PATH}:/opt/ros/jazzy /usr/bin/cmake --install /workspaces/ros2-coding/build/isaac_tutorials
