[0.079s] Invoking command in '/workspaces/ros2-coding/build/isaac_ros2_messages': CMAKE_PREFIX_PATH=${CMAKE_PREFIX_PATH}:/opt/ros/jazzy /usr/bin/cmake --build /workspaces/ros2-coding/build/isaac_ros2_messages -- -j4 -l4
[0.252s] [  1%] Built target isaac_ros2_messages__rosidl_generator_type_description
[0.315s] [  1%] Built target ament_cmake_python_symlink_isaac_ros2_messages
[0.376s] [  2%] Built target isaac_ros2_messages__cpp
[0.420s] [ 25%] Built target isaac_ros2_messages__rosidl_generator_c
[0.609s] [ 35%] Built target isaac_ros2_messages__rosidl_typesupport_cpp
[0.609s] [ 44%] Built target isaac_ros2_messages__rosidl_typesupport_fastrtps_c
[0.628s] [ 54%] Built target isaac_ros2_messages__rosidl_typesupport_fastrtps_cpp
[0.704s] [ 63%] Built target isaac_ros2_messages__rosidl_typesupport_introspection_c
[0.729s] [ 72%] Built target isaac_ros2_messages__rosidl_typesupport_c
[0.748s] [ 82%] Built target isaac_ros2_messages__rosidl_typesupport_introspection_cpp
[0.827s] [ 82%] Built target isaac_ros2_messages
[0.925s] [ 83%] Built target isaac_ros2_messages__py
[1.003s] [ 91%] Built target isaac_ros2_messages__rosidl_generator_py
[1.047s] running egg_info
[1.055s] [ 94%] Built target isaac_ros2_messages_s__rosidl_typesupport_c
[1.106s] writing isaac_ros2_messages.egg-info/PKG-INFO
[1.110s] writing dependency_links to isaac_ros2_messages.egg-info/dependency_links.txt
[1.114s] [ 97%] Built target isaac_ros2_messages_s__rosidl_typesupport_fastrtps_c
[1.117s] writing top-level names to isaac_ros2_messages.egg-info/top_level.txt
[1.136s] [100%] Built target isaac_ros2_messages_s__rosidl_typesupport_introspection_c
[1.280s] reading manifest file 'isaac_ros2_messages.egg-info/SOURCES.txt'
[1.283s] writing manifest file 'isaac_ros2_messages.egg-info/SOURCES.txt'
[1.416s] [100%] Built target ament_cmake_python_build_isaac_ros2_messages_egg
[1.460s] Invoked command in '/workspaces/ros2-coding/build/isaac_ros2_messages' returned '0': CMAKE_PREFIX_PATH=${CMAKE_PREFIX_PATH}:/opt/ros/jazzy /usr/bin/cmake --build /workspaces/ros2-coding/build/isaac_ros2_messages -- -j4 -l4
[1.461s] Invoking command in '/workspaces/ros2-coding/build/isaac_ros2_messages': CMAKE_PREFIX_PATH=${CMAKE_PREFIX_PATH}:/opt/ros/jazzy /usr/bin/cmake --install /workspaces/ros2-coding/build/isaac_ros2_messages
[1.496s] -- Install configuration: ""
[1.501s] -- Execute custom install script
[1.502s] -- Up-to-date symlink: /workspaces/ros2-coding/install/isaac_ros2_messages/share/ament_index/resource_index/rosidl_interfaces/isaac_ros2_messages
[1.506s] -- Up-to-date symlink: /workspaces/ros2-coding/install/isaac_ros2_messages/share/isaac_ros2_messages/srv/IsaacPose.json
[1.509s] -- Up-to-date symlink: /workspaces/ros2-coding/install/isaac_ros2_messages/share/isaac_ros2_messages/srv/GetPrims.json
[1.510s] -- Up-to-date symlink: /workspaces/ros2-coding/install/isaac_ros2_messages/share/isaac_ros2_messages/srv/GetPrimAttributes.json
[1.511s] -- Up-to-date symlink: /workspaces/ros2-coding/install/isaac_ros2_messages/share/isaac_ros2_messages/srv/GetPrimAttribute.json
[1.511s] -- Up-to-date symlink: /workspaces/ros2-coding/install/isaac_ros2_messages/share/isaac_ros2_messages/srv/SetPrimAttribute.json
[1.512s] -- Up-to-date symlink: /workspaces/ros2-coding/install/isaac_ros2_messages/include/isaac_ros2_messages/isaac_ros2_messages/msg/rosidl_generator_c__visibility_control.h
[1.512s] -- Up-to-date symlink: /workspaces/ros2-coding/install/isaac_ros2_messages/include/isaac_ros2_messages/isaac_ros2_messages/srv/detail/get_prim_attribute__functions.h
[1.513s] -- Up-to-date symlink: /workspaces/ros2-coding/install/isaac_ros2_messages/include/isaac_ros2_messages/isaac_ros2_messages/srv/detail/get_prim_attribute__struct.h
[1.513s] -- Up-to-date symlink: /workspaces/ros2-coding/install/isaac_ros2_messages/include/isaac_ros2_messages/isaac_ros2_messages/srv/detail/get_prim_attribute__type_support.h
[1.518s] -- Up-to-date symlink: /workspaces/ros2-coding/install/isaac_ros2_messages/include/isaac_ros2_messages/isaac_ros2_messages/srv/detail/get_prim_attributes__functions.h
[1.519s] -- Up-to-date symlink: /workspaces/ros2-coding/install/isaac_ros2_messages/include/isaac_ros2_messages/isaac_ros2_messages/srv/detail/get_prim_attributes__struct.h
[1.520s] -- Up-to-date symlink: /workspaces/ros2-coding/install/isaac_ros2_messages/include/isaac_ros2_messages/isaac_ros2_messages/srv/detail/get_prim_attributes__type_support.h
[1.522s] -- Up-to-date symlink: /workspaces/ros2-coding/install/isaac_ros2_messages/include/isaac_ros2_messages/isaac_ros2_messages/srv/detail/get_prims__functions.h
[1.524s] -- Up-to-date symlink: /workspaces/ros2-coding/install/isaac_ros2_messages/include/isaac_ros2_messages/isaac_ros2_messages/srv/detail/get_prims__struct.h
[1.525s] -- Up-to-date symlink: /workspaces/ros2-coding/install/isaac_ros2_messages/include/isaac_ros2_messages/isaac_ros2_messages/srv/detail/get_prims__type_support.h
[1.526s] -- Up-to-date symlink: /workspaces/ros2-coding/install/isaac_ros2_messages/include/isaac_ros2_messages/isaac_ros2_messages/srv/detail/isaac_pose__functions.h
[1.527s] -- Up-to-date symlink: /workspaces/ros2-coding/install/isaac_ros2_messages/include/isaac_ros2_messages/isaac_ros2_messages/srv/detail/isaac_pose__struct.h
[1.531s] -- Up-to-date symlink: /workspaces/ros2-coding/install/isaac_ros2_messages/include/isaac_ros2_messages/isaac_ros2_messages/srv/detail/isaac_pose__type_support.h
[1.531s] -- Up-to-date symlink: /workspaces/ros2-coding/install/isaac_ros2_messages/include/isaac_ros2_messages/isaac_ros2_messages/srv/detail/set_prim_attribute__functions.h
[1.532s] -- Up-to-date symlink: /workspaces/ros2-coding/install/isaac_ros2_messages/include/isaac_ros2_messages/isaac_ros2_messages/srv/detail/set_prim_attribute__struct.h
[1.532s] -- Up-to-date symlink: /workspaces/ros2-coding/install/isaac_ros2_messages/include/isaac_ros2_messages/isaac_ros2_messages/srv/detail/set_prim_attribute__type_support.h
[1.533s] -- Up-to-date symlink: /workspaces/ros2-coding/install/isaac_ros2_messages/include/isaac_ros2_messages/isaac_ros2_messages/srv/get_prim_attribute.h
[1.533s] -- Up-to-date symlink: /workspaces/ros2-coding/install/isaac_ros2_messages/include/isaac_ros2_messages/isaac_ros2_messages/srv/get_prim_attributes.h
[1.533s] -- Up-to-date symlink: /workspaces/ros2-coding/install/isaac_ros2_messages/include/isaac_ros2_messages/isaac_ros2_messages/srv/get_prims.h
[1.533s] -- Up-to-date symlink: /workspaces/ros2-coding/install/isaac_ros2_messages/include/isaac_ros2_messages/isaac_ros2_messages/srv/isaac_pose.h
[1.534s] -- Up-to-date symlink: /workspaces/ros2-coding/install/isaac_ros2_messages/include/isaac_ros2_messages/isaac_ros2_messages/srv/set_prim_attribute.h
[1.536s] -- Up-to-date symlink: /workspaces/ros2-coding/install/isaac_ros2_messages/share/isaac_ros2_messages/environment/library_path.sh
[1.536s] -- Up-to-date symlink: /workspaces/ros2-coding/install/isaac_ros2_messages/share/isaac_ros2_messages/environment/library_path.dsv
[1.537s] -- Up-to-date symlink: /workspaces/ros2-coding/install/isaac_ros2_messages/include/isaac_ros2_messages/isaac_ros2_messages/msg/rosidl_typesupport_fastrtps_c__visibility_control.h
[1.537s] -- Up-to-date symlink: /workspaces/ros2-coding/install/isaac_ros2_messages/include/isaac_ros2_messages/isaac_ros2_messages/srv/detail/get_prim_attribute__rosidl_typesupport_fastrtps_c.h
[1.538s] -- Up-to-date symlink: /workspaces/ros2-coding/install/isaac_ros2_messages/include/isaac_ros2_messages/isaac_ros2_messages/srv/detail/get_prim_attributes__rosidl_typesupport_fastrtps_c.h
[1.538s] -- Up-to-date symlink: /workspaces/ros2-coding/install/isaac_ros2_messages/include/isaac_ros2_messages/isaac_ros2_messages/srv/detail/get_prims__rosidl_typesupport_fastrtps_c.h
[1.539s] -- Up-to-date symlink: /workspaces/ros2-coding/install/isaac_ros2_messages/include/isaac_ros2_messages/isaac_ros2_messages/srv/detail/isaac_pose__rosidl_typesupport_fastrtps_c.h
[1.541s] -- Up-to-date symlink: /workspaces/ros2-coding/install/isaac_ros2_messages/include/isaac_ros2_messages/isaac_ros2_messages/srv/detail/set_prim_attribute__rosidl_typesupport_fastrtps_c.h
[1.541s] -- Up-to-date symlink: /workspaces/ros2-coding/install/isaac_ros2_messages/include/isaac_ros2_messages/isaac_ros2_messages/msg/rosidl_generator_cpp__visibility_control.hpp
[1.542s] -- Up-to-date symlink: /workspaces/ros2-coding/install/isaac_ros2_messages/include/isaac_ros2_messages/isaac_ros2_messages/srv/detail/get_prim_attribute__builder.hpp
[1.543s] -- Up-to-date symlink: /workspaces/ros2-coding/install/isaac_ros2_messages/include/isaac_ros2_messages/isaac_ros2_messages/srv/detail/get_prim_attribute__struct.hpp
[1.543s] -- Up-to-date symlink: /workspaces/ros2-coding/install/isaac_ros2_messages/include/isaac_ros2_messages/isaac_ros2_messages/srv/detail/get_prim_attribute__traits.hpp
[1.544s] -- Up-to-date symlink: /workspaces/ros2-coding/install/isaac_ros2_messages/include/isaac_ros2_messages/isaac_ros2_messages/srv/detail/get_prim_attribute__type_support.hpp
[1.544s] -- Up-to-date symlink: /workspaces/ros2-coding/install/isaac_ros2_messages/include/isaac_ros2_messages/isaac_ros2_messages/srv/detail/get_prim_attributes__builder.hpp
[1.545s] -- Up-to-date symlink: /workspaces/ros2-coding/install/isaac_ros2_messages/include/isaac_ros2_messages/isaac_ros2_messages/srv/detail/get_prim_attributes__struct.hpp
[1.546s] -- Up-to-date symlink: /workspaces/ros2-coding/install/isaac_ros2_messages/include/isaac_ros2_messages/isaac_ros2_messages/srv/detail/get_prim_attributes__traits.hpp
[1.546s] -- Up-to-date symlink: /workspaces/ros2-coding/install/isaac_ros2_messages/include/isaac_ros2_messages/isaac_ros2_messages/srv/detail/get_prim_attributes__type_support.hpp
[1.547s] -- Up-to-date symlink: /workspaces/ros2-coding/install/isaac_ros2_messages/include/isaac_ros2_messages/isaac_ros2_messages/srv/detail/get_prims__builder.hpp
[1.547s] -- Up-to-date symlink: /workspaces/ros2-coding/install/isaac_ros2_messages/include/isaac_ros2_messages/isaac_ros2_messages/srv/detail/get_prims__struct.hpp
[1.548s] -- Up-to-date symlink: /workspaces/ros2-coding/install/isaac_ros2_messages/include/isaac_ros2_messages/isaac_ros2_messages/srv/detail/get_prims__traits.hpp
[1.549s] -- Up-to-date symlink: /workspaces/ros2-coding/install/isaac_ros2_messages/include/isaac_ros2_messages/isaac_ros2_messages/srv/detail/get_prims__type_support.hpp
[1.550s] -- Up-to-date symlink: /workspaces/ros2-coding/install/isaac_ros2_messages/include/isaac_ros2_messages/isaac_ros2_messages/srv/detail/isaac_pose__builder.hpp
[1.551s] -- Up-to-date symlink: /workspaces/ros2-coding/install/isaac_ros2_messages/include/isaac_ros2_messages/isaac_ros2_messages/srv/detail/isaac_pose__struct.hpp
[1.552s] -- Up-to-date symlink: /workspaces/ros2-coding/install/isaac_ros2_messages/include/isaac_ros2_messages/isaac_ros2_messages/srv/detail/isaac_pose__traits.hpp
[1.552s] -- Up-to-date symlink: /workspaces/ros2-coding/install/isaac_ros2_messages/include/isaac_ros2_messages/isaac_ros2_messages/srv/detail/isaac_pose__type_support.hpp
[1.553s] -- Up-to-date symlink: /workspaces/ros2-coding/install/isaac_ros2_messages/include/isaac_ros2_messages/isaac_ros2_messages/srv/detail/set_prim_attribute__builder.hpp
[1.553s] -- Up-to-date symlink: /workspaces/ros2-coding/install/isaac_ros2_messages/include/isaac_ros2_messages/isaac_ros2_messages/srv/detail/set_prim_attribute__struct.hpp
[1.554s] -- Up-to-date symlink: /workspaces/ros2-coding/install/isaac_ros2_messages/include/isaac_ros2_messages/isaac_ros2_messages/srv/detail/set_prim_attribute__traits.hpp
[1.555s] -- Up-to-date symlink: /workspaces/ros2-coding/install/isaac_ros2_messages/include/isaac_ros2_messages/isaac_ros2_messages/srv/detail/set_prim_attribute__type_support.hpp
[1.563s] -- Up-to-date symlink: /workspaces/ros2-coding/install/isaac_ros2_messages/include/isaac_ros2_messages/isaac_ros2_messages/srv/get_prim_attribute.hpp
[1.563s] -- Up-to-date symlink: /workspaces/ros2-coding/install/isaac_ros2_messages/include/isaac_ros2_messages/isaac_ros2_messages/srv/get_prim_attributes.hpp
[1.563s] -- Up-to-date symlink: /workspaces/ros2-coding/install/isaac_ros2_messages/include/isaac_ros2_messages/isaac_ros2_messages/srv/get_prims.hpp
[1.564s] -- Up-to-date symlink: /workspaces/ros2-coding/install/isaac_ros2_messages/include/isaac_ros2_messages/isaac_ros2_messages/srv/isaac_pose.hpp
[1.565s] -- Up-to-date symlink: /workspaces/ros2-coding/install/isaac_ros2_messages/include/isaac_ros2_messages/isaac_ros2_messages/srv/set_prim_attribute.hpp
[1.565s] -- Up-to-date symlink: /workspaces/ros2-coding/install/isaac_ros2_messages/include/isaac_ros2_messages/isaac_ros2_messages/msg/rosidl_typesupport_fastrtps_cpp__visibility_control.h
[1.565s] -- Up-to-date symlink: /workspaces/ros2-coding/install/isaac_ros2_messages/include/isaac_ros2_messages/isaac_ros2_messages/srv/detail/get_prim_attribute__rosidl_typesupport_fastrtps_cpp.hpp
[1.565s] -- Up-to-date symlink: /workspaces/ros2-coding/install/isaac_ros2_messages/include/isaac_ros2_messages/isaac_ros2_messages/srv/detail/get_prim_attributes__rosidl_typesupport_fastrtps_cpp.hpp
[1.565s] -- Up-to-date symlink: /workspaces/ros2-coding/install/isaac_ros2_messages/include/isaac_ros2_messages/isaac_ros2_messages/srv/detail/get_prims__rosidl_typesupport_fastrtps_cpp.hpp
[1.566s] -- Up-to-date symlink: /workspaces/ros2-coding/install/isaac_ros2_messages/include/isaac_ros2_messages/isaac_ros2_messages/srv/detail/isaac_pose__rosidl_typesupport_fastrtps_cpp.hpp
[1.566s] -- Up-to-date symlink: /workspaces/ros2-coding/install/isaac_ros2_messages/include/isaac_ros2_messages/isaac_ros2_messages/srv/detail/set_prim_attribute__rosidl_typesupport_fastrtps_cpp.hpp
[1.566s] -- Up-to-date symlink: /workspaces/ros2-coding/install/isaac_ros2_messages/include/isaac_ros2_messages/isaac_ros2_messages/msg/rosidl_typesupport_introspection_c__visibility_control.h
[1.566s] -- Up-to-date symlink: /workspaces/ros2-coding/install/isaac_ros2_messages/include/isaac_ros2_messages/isaac_ros2_messages/srv/detail/get_prim_attribute__rosidl_typesupport_introspection_c.h
[1.566s] -- Up-to-date symlink: /workspaces/ros2-coding/install/isaac_ros2_messages/include/isaac_ros2_messages/isaac_ros2_messages/srv/detail/get_prim_attributes__rosidl_typesupport_introspection_c.h
[1.566s] -- Up-to-date symlink: /workspaces/ros2-coding/install/isaac_ros2_messages/include/isaac_ros2_messages/isaac_ros2_messages/srv/detail/get_prims__rosidl_typesupport_introspection_c.h
[1.566s] -- Up-to-date symlink: /workspaces/ros2-coding/install/isaac_ros2_messages/include/isaac_ros2_messages/isaac_ros2_messages/srv/detail/isaac_pose__rosidl_typesupport_introspection_c.h
[1.566s] -- Up-to-date symlink: /workspaces/ros2-coding/install/isaac_ros2_messages/include/isaac_ros2_messages/isaac_ros2_messages/srv/detail/set_prim_attribute__rosidl_typesupport_introspection_c.h
[1.569s] -- Up-to-date symlink: /workspaces/ros2-coding/install/isaac_ros2_messages/include/isaac_ros2_messages/isaac_ros2_messages/srv/detail/get_prim_attribute__rosidl_typesupport_introspection_cpp.hpp
[1.569s] -- Up-to-date symlink: /workspaces/ros2-coding/install/isaac_ros2_messages/include/isaac_ros2_messages/isaac_ros2_messages/srv/detail/get_prim_attributes__rosidl_typesupport_introspection_cpp.hpp
[1.570s] -- Up-to-date symlink: /workspaces/ros2-coding/install/isaac_ros2_messages/include/isaac_ros2_messages/isaac_ros2_messages/srv/detail/get_prims__rosidl_typesupport_introspection_cpp.hpp
[1.570s] -- Up-to-date symlink: /workspaces/ros2-coding/install/isaac_ros2_messages/include/isaac_ros2_messages/isaac_ros2_messages/srv/detail/isaac_pose__rosidl_typesupport_introspection_cpp.hpp
[1.570s] -- Up-to-date symlink: /workspaces/ros2-coding/install/isaac_ros2_messages/include/isaac_ros2_messages/isaac_ros2_messages/srv/detail/set_prim_attribute__rosidl_typesupport_introspection_cpp.hpp
[1.570s] -- Up-to-date symlink: /workspaces/ros2-coding/install/isaac_ros2_messages/share/isaac_ros2_messages/environment/pythonpath.sh
[1.571s] -- Up-to-date symlink: /workspaces/ros2-coding/install/isaac_ros2_messages/share/isaac_ros2_messages/environment/pythonpath.dsv
[1.571s] -- Up-to-date symlink: /workspaces/ros2-coding/install/isaac_ros2_messages/lib/python3.12/site-packages/isaac_ros2_messages-0.2.0-py3.12.egg-info/PKG-INFO
[1.572s] -- Up-to-date symlink: /workspaces/ros2-coding/install/isaac_ros2_messages/lib/python3.12/site-packages/isaac_ros2_messages-0.2.0-py3.12.egg-info/SOURCES.txt
[1.572s] -- Up-to-date symlink: /workspaces/ros2-coding/install/isaac_ros2_messages/lib/python3.12/site-packages/isaac_ros2_messages-0.2.0-py3.12.egg-info/dependency_links.txt
[1.573s] -- Up-to-date symlink: /workspaces/ros2-coding/install/isaac_ros2_messages/lib/python3.12/site-packages/isaac_ros2_messages-0.2.0-py3.12.egg-info/top_level.txt
[1.574s] -- Up-to-date symlink: /workspaces/ros2-coding/install/isaac_ros2_messages/lib/python3.12/site-packages/isaac_ros2_messages/__init__.py
[1.574s] -- Up-to-date symlink: /workspaces/ros2-coding/install/isaac_ros2_messages/lib/python3.12/site-packages/isaac_ros2_messages/_isaac_ros2_messages_s.ep.rosidl_typesupport_c.c
[1.575s] -- Up-to-date symlink: /workspaces/ros2-coding/install/isaac_ros2_messages/lib/python3.12/site-packages/isaac_ros2_messages/_isaac_ros2_messages_s.ep.rosidl_typesupport_fastrtps_c.c
[1.575s] -- Up-to-date symlink: /workspaces/ros2-coding/install/isaac_ros2_messages/lib/python3.12/site-packages/isaac_ros2_messages/_isaac_ros2_messages_s.ep.rosidl_typesupport_introspection_c.c
[1.575s] -- Up-to-date symlink: /workspaces/ros2-coding/install/isaac_ros2_messages/lib/python3.12/site-packages/isaac_ros2_messages/isaac_ros2_messages_s__rosidl_typesupport_c.so
[1.576s] -- Up-to-date symlink: /workspaces/ros2-coding/install/isaac_ros2_messages/lib/python3.12/site-packages/isaac_ros2_messages/isaac_ros2_messages_s__rosidl_typesupport_fastrtps_c.so
[1.577s] -- Up-to-date symlink: /workspaces/ros2-coding/install/isaac_ros2_messages/lib/python3.12/site-packages/isaac_ros2_messages/isaac_ros2_messages_s__rosidl_typesupport_introspection_c.so
[1.580s] -- Up-to-date symlink: /workspaces/ros2-coding/install/isaac_ros2_messages/lib/python3.12/site-packages/isaac_ros2_messages/srv/__init__.py
[1.580s] -- Up-to-date symlink: /workspaces/ros2-coding/install/isaac_ros2_messages/lib/python3.12/site-packages/isaac_ros2_messages/srv/_get_prim_attribute.py
[1.580s] -- Up-to-date symlink: /workspaces/ros2-coding/install/isaac_ros2_messages/lib/python3.12/site-packages/isaac_ros2_messages/srv/_get_prim_attribute_s.c
[1.580s] -- Up-to-date symlink: /workspaces/ros2-coding/install/isaac_ros2_messages/lib/python3.12/site-packages/isaac_ros2_messages/srv/_get_prim_attributes.py
[1.581s] -- Up-to-date symlink: /workspaces/ros2-coding/install/isaac_ros2_messages/lib/python3.12/site-packages/isaac_ros2_messages/srv/_get_prim_attributes_s.c
[1.582s] -- Up-to-date symlink: /workspaces/ros2-coding/install/isaac_ros2_messages/lib/python3.12/site-packages/isaac_ros2_messages/srv/_get_prims.py
[1.582s] -- Up-to-date symlink: /workspaces/ros2-coding/install/isaac_ros2_messages/lib/python3.12/site-packages/isaac_ros2_messages/srv/_get_prims_s.c
[1.583s] -- Up-to-date symlink: /workspaces/ros2-coding/install/isaac_ros2_messages/lib/python3.12/site-packages/isaac_ros2_messages/srv/_isaac_pose.py
[1.584s] -- Up-to-date symlink: /workspaces/ros2-coding/install/isaac_ros2_messages/lib/python3.12/site-packages/isaac_ros2_messages/srv/_isaac_pose_s.c
[1.584s] -- Up-to-date symlink: /workspaces/ros2-coding/install/isaac_ros2_messages/lib/python3.12/site-packages/isaac_ros2_messages/srv/_set_prim_attribute.py
[1.591s] -- Up-to-date symlink: /workspaces/ros2-coding/install/isaac_ros2_messages/lib/python3.12/site-packages/isaac_ros2_messages/srv/_set_prim_attribute_s.c
[1.593s] -- Up-to-date symlink: /workspaces/ros2-coding/install/isaac_ros2_messages/lib/python3.12/site-packages/isaac_ros2_messages/isaac_ros2_messages_s__rosidl_typesupport_fastrtps_c.so
[1.594s] -- Up-to-date symlink: /workspaces/ros2-coding/install/isaac_ros2_messages/lib/python3.12/site-packages/isaac_ros2_messages/isaac_ros2_messages_s__rosidl_typesupport_introspection_c.so
[1.594s] -- Up-to-date symlink: /workspaces/ros2-coding/install/isaac_ros2_messages/lib/python3.12/site-packages/isaac_ros2_messages/isaac_ros2_messages_s__rosidl_typesupport_c.so
[1.595s] -- Up-to-date symlink: /workspaces/ros2-coding/install/isaac_ros2_messages/share/isaac_ros2_messages/srv/IsaacPose.idl
[1.599s] -- Up-to-date symlink: /workspaces/ros2-coding/install/isaac_ros2_messages/share/isaac_ros2_messages/srv/GetPrims.idl
[1.599s] -- Up-to-date symlink: /workspaces/ros2-coding/install/isaac_ros2_messages/share/isaac_ros2_messages/srv/GetPrimAttributes.idl
[1.603s] -- Up-to-date symlink: /workspaces/ros2-coding/install/isaac_ros2_messages/share/isaac_ros2_messages/srv/GetPrimAttribute.idl
[1.604s] -- Up-to-date symlink: /workspaces/ros2-coding/install/isaac_ros2_messages/share/isaac_ros2_messages/srv/SetPrimAttribute.idl
[1.605s] -- Up-to-date symlink: /workspaces/ros2-coding/install/isaac_ros2_messages/share/isaac_ros2_messages/srv/IsaacPose.srv
[1.608s] -- Up-to-date symlink: /workspaces/ros2-coding/install/isaac_ros2_messages/share/isaac_ros2_messages/srv/GetPrims.srv
[1.608s] -- Up-to-date symlink: /workspaces/ros2-coding/install/isaac_ros2_messages/share/isaac_ros2_messages/srv/GetPrimAttributes.srv
[1.609s] -- Up-to-date symlink: /workspaces/ros2-coding/install/isaac_ros2_messages/share/isaac_ros2_messages/srv/GetPrimAttribute.srv
[1.612s] -- Up-to-date symlink: /workspaces/ros2-coding/install/isaac_ros2_messages/share/isaac_ros2_messages/srv/SetPrimAttribute.srv
[1.614s] -- Up-to-date symlink: /workspaces/ros2-coding/install/isaac_ros2_messages/share/ament_index/resource_index/package_run_dependencies/isaac_ros2_messages
[1.617s] -- Up-to-date symlink: /workspaces/ros2-coding/install/isaac_ros2_messages/share/ament_index/resource_index/parent_prefix_path/isaac_ros2_messages
[1.618s] -- Up-to-date symlink: /workspaces/ros2-coding/install/isaac_ros2_messages/share/isaac_ros2_messages/environment/ament_prefix_path.sh
[1.618s] -- Up-to-date symlink: /workspaces/ros2-coding/install/isaac_ros2_messages/share/isaac_ros2_messages/environment/ament_prefix_path.dsv
[1.618s] -- Up-to-date symlink: /workspaces/ros2-coding/install/isaac_ros2_messages/share/isaac_ros2_messages/environment/path.sh
[1.619s] -- Up-to-date symlink: /workspaces/ros2-coding/install/isaac_ros2_messages/share/isaac_ros2_messages/environment/path.dsv
[1.620s] -- Up-to-date symlink: /workspaces/ros2-coding/install/isaac_ros2_messages/share/isaac_ros2_messages/local_setup.bash
[1.620s] -- Up-to-date symlink: /workspaces/ros2-coding/install/isaac_ros2_messages/share/isaac_ros2_messages/local_setup.sh
[1.621s] -- Up-to-date symlink: /workspaces/ros2-coding/install/isaac_ros2_messages/share/isaac_ros2_messages/local_setup.zsh
[1.623s] -- Up-to-date symlink: /workspaces/ros2-coding/install/isaac_ros2_messages/share/isaac_ros2_messages/local_setup.dsv
[1.625s] -- Symlinking: /workspaces/ros2-coding/install/isaac_ros2_messages/share/isaac_ros2_messages/package.dsv
[1.673s] -- Up-to-date symlink: /workspaces/ros2-coding/install/isaac_ros2_messages/share/ament_index/resource_index/packages/isaac_ros2_messages
[1.677s] -- Up-to-date symlink: /workspaces/ros2-coding/install/isaac_ros2_messages/share/isaac_ros2_messages/cmake/rosidl_cmake-extras.cmake
[1.677s] -- Up-to-date symlink: /workspaces/ros2-coding/install/isaac_ros2_messages/share/isaac_ros2_messages/cmake/ament_cmake_export_dependencies-extras.cmake
[1.677s] -- Up-to-date symlink: /workspaces/ros2-coding/install/isaac_ros2_messages/share/isaac_ros2_messages/cmake/ament_cmake_export_include_directories-extras.cmake
[1.678s] -- Up-to-date symlink: /workspaces/ros2-coding/install/isaac_ros2_messages/share/isaac_ros2_messages/cmake/ament_cmake_export_libraries-extras.cmake
[1.680s] -- Up-to-date symlink: /workspaces/ros2-coding/install/isaac_ros2_messages/share/isaac_ros2_messages/cmake/ament_cmake_export_targets-extras.cmake
[1.681s] -- Up-to-date symlink: /workspaces/ros2-coding/install/isaac_ros2_messages/share/isaac_ros2_messages/cmake/rosidl_cmake_export_typesupport_targets-extras.cmake
[1.681s] -- Up-to-date symlink: /workspaces/ros2-coding/install/isaac_ros2_messages/share/isaac_ros2_messages/cmake/rosidl_cmake_export_typesupport_libraries-extras.cmake
[1.682s] -- Up-to-date symlink: /workspaces/ros2-coding/install/isaac_ros2_messages/share/isaac_ros2_messages/cmake/isaac_ros2_messagesConfig.cmake
[1.686s] -- Up-to-date symlink: /workspaces/ros2-coding/install/isaac_ros2_messages/share/isaac_ros2_messages/cmake/isaac_ros2_messagesConfig-version.cmake
[1.686s] -- Up-to-date symlink: /workspaces/ros2-coding/install/isaac_ros2_messages/share/isaac_ros2_messages/package.xml
[1.688s] -- Up-to-date: /workspaces/ros2-coding/install/isaac_ros2_messages/lib/libisaac_ros2_messages__rosidl_generator_c.so
[1.689s] -- Up-to-date: /workspaces/ros2-coding/install/isaac_ros2_messages/lib/libisaac_ros2_messages__rosidl_typesupport_fastrtps_c.so
[1.691s] -- Up-to-date: /workspaces/ros2-coding/install/isaac_ros2_messages/lib/libisaac_ros2_messages__rosidl_typesupport_fastrtps_cpp.so
[1.693s] -- Up-to-date: /workspaces/ros2-coding/install/isaac_ros2_messages/lib/libisaac_ros2_messages__rosidl_typesupport_introspection_c.so
[1.695s] -- Up-to-date: /workspaces/ros2-coding/install/isaac_ros2_messages/lib/libisaac_ros2_messages__rosidl_typesupport_c.so
[1.697s] -- Up-to-date: /workspaces/ros2-coding/install/isaac_ros2_messages/lib/libisaac_ros2_messages__rosidl_typesupport_introspection_cpp.so
[1.700s] -- Up-to-date: /workspaces/ros2-coding/install/isaac_ros2_messages/lib/libisaac_ros2_messages__rosidl_typesupport_cpp.so
[1.774s] Listing '/workspaces/ros2-coding/install/isaac_ros2_messages/lib/python3.12/site-packages/isaac_ros2_messages'...
[1.775s] Listing '/workspaces/ros2-coding/install/isaac_ros2_messages/lib/python3.12/site-packages/isaac_ros2_messages/srv'...
[1.785s] -- Up-to-date: /workspaces/ros2-coding/install/isaac_ros2_messages/lib/libisaac_ros2_messages__rosidl_generator_py.so
[1.787s] -- Up-to-date: /workspaces/ros2-coding/install/isaac_ros2_messages/share/isaac_ros2_messages/cmake/export_isaac_ros2_messages__rosidl_generator_cExport.cmake
[1.788s] -- Up-to-date: /workspaces/ros2-coding/install/isaac_ros2_messages/share/isaac_ros2_messages/cmake/export_isaac_ros2_messages__rosidl_generator_cExport-noconfig.cmake
[1.790s] -- Up-to-date: /workspaces/ros2-coding/install/isaac_ros2_messages/share/isaac_ros2_messages/cmake/export_isaac_ros2_messages__rosidl_typesupport_fastrtps_cExport.cmake
[1.790s] -- Up-to-date: /workspaces/ros2-coding/install/isaac_ros2_messages/share/isaac_ros2_messages/cmake/export_isaac_ros2_messages__rosidl_typesupport_fastrtps_cExport-noconfig.cmake
[1.792s] -- Up-to-date: /workspaces/ros2-coding/install/isaac_ros2_messages/share/isaac_ros2_messages/cmake/export_isaac_ros2_messages__rosidl_generator_cppExport.cmake
[1.792s] -- Up-to-date: /workspaces/ros2-coding/install/isaac_ros2_messages/share/isaac_ros2_messages/cmake/export_isaac_ros2_messages__rosidl_typesupport_fastrtps_cppExport.cmake
[1.793s] -- Up-to-date: /workspaces/ros2-coding/install/isaac_ros2_messages/share/isaac_ros2_messages/cmake/export_isaac_ros2_messages__rosidl_typesupport_fastrtps_cppExport-noconfig.cmake
[1.793s] -- Up-to-date: /workspaces/ros2-coding/install/isaac_ros2_messages/share/isaac_ros2_messages/cmake/isaac_ros2_messages__rosidl_typesupport_introspection_cExport.cmake
[1.795s] -- Up-to-date: /workspaces/ros2-coding/install/isaac_ros2_messages/share/isaac_ros2_messages/cmake/isaac_ros2_messages__rosidl_typesupport_introspection_cExport-noconfig.cmake
[1.795s] -- Up-to-date: /workspaces/ros2-coding/install/isaac_ros2_messages/share/isaac_ros2_messages/cmake/isaac_ros2_messages__rosidl_typesupport_cExport.cmake
[1.796s] -- Up-to-date: /workspaces/ros2-coding/install/isaac_ros2_messages/share/isaac_ros2_messages/cmake/isaac_ros2_messages__rosidl_typesupport_cExport-noconfig.cmake
[1.796s] -- Up-to-date: /workspaces/ros2-coding/install/isaac_ros2_messages/share/isaac_ros2_messages/cmake/isaac_ros2_messages__rosidl_typesupport_introspection_cppExport.cmake
[1.800s] -- Up-to-date: /workspaces/ros2-coding/install/isaac_ros2_messages/share/isaac_ros2_messages/cmake/isaac_ros2_messages__rosidl_typesupport_introspection_cppExport-noconfig.cmake
[1.804s] -- Up-to-date: /workspaces/ros2-coding/install/isaac_ros2_messages/share/isaac_ros2_messages/cmake/isaac_ros2_messages__rosidl_typesupport_cppExport.cmake
[1.804s] -- Up-to-date: /workspaces/ros2-coding/install/isaac_ros2_messages/share/isaac_ros2_messages/cmake/isaac_ros2_messages__rosidl_typesupport_cppExport-noconfig.cmake
[1.804s] -- Up-to-date: /workspaces/ros2-coding/install/isaac_ros2_messages/share/isaac_ros2_messages/cmake/export_isaac_ros2_messages__rosidl_generator_pyExport.cmake
[1.805s] -- Up-to-date: /workspaces/ros2-coding/install/isaac_ros2_messages/share/isaac_ros2_messages/cmake/export_isaac_ros2_messages__rosidl_generator_pyExport-noconfig.cmake
[2.209s] Invoked command in '/workspaces/ros2-coding/build/isaac_ros2_messages' returned '0': CMAKE_PREFIX_PATH=${CMAKE_PREFIX_PATH}:/opt/ros/jazzy /usr/bin/cmake --install /workspaces/ros2-coding/build/isaac_ros2_messages
