-- Found ament_cmake: 2.5.4 (/opt/ros/jazzy/share/ament_cmake/cmake)
-- Override CMake install command with custom implementation using symlinks instead of copying resources
-- Found ament_lint_auto: 0.17.3 (/opt/ros/jazzy/share/ament_lint_auto/cmake)
-- Added test 'cppcheck' to perform static code analysis on C / C++ code
-- Configured cppcheck include dirs: 
-- Configured cppcheck exclude dirs and/or files: 
-- Added test 'flake8' to check Python code syntax and style conventions
-- Configured 'flake8' exclude dirs and/or files: 
-- Added test 'lint_cmake' to check CMake code style
-- Added test 'pep257' to check Python code against some of the docstring style conventions in PEP 257
-- Added test 'uncrustify' to check C / C++ code style
-- Configured uncrustify additional arguments: 
-- Added test 'xmllint' to check XML markup files
-- Configuring done (1.9s)
-- Generating done (0.0s)
-- Build files have been written to: /workspaces/ros2-coding/build/diff_drive_mover
-- Install configuration: ""
-- Execute custom install script
-- Up-to-date symlink: /workspaces/ros2-coding/install/diff_drive_mover/share/diff_drive_mover/urdf/h1_2_simplified.urdf
-- Symlinking: /workspaces/ros2-coding/install/diff_drive_mover/share/diff_drive_mover/urdf/humanoid.sdf
-- Up-to-date symlink: /workspaces/ros2-coding/install/diff_drive_mover/share/diff_drive_mover/launch/__pycache__/spawn_model.cpython-312.pyc
-- Up-to-date symlink: /workspaces/ros2-coding/install/diff_drive_mover/share/diff_drive_mover/launch/__pycache__/view_h1.launch.cpython-312.pyc
-- Up-to-date symlink: /workspaces/ros2-coding/install/diff_drive_mover/share/diff_drive_mover/launch/spawn_model.py
-- Up-to-date symlink: /workspaces/ros2-coding/install/diff_drive_mover/share/diff_drive_mover/launch/view_h1.launch.py
-- Up-to-date symlink: /workspaces/ros2-coding/install/diff_drive_mover/share/ament_index/resource_index/package_run_dependencies/diff_drive_mover
-- Up-to-date symlink: /workspaces/ros2-coding/install/diff_drive_mover/share/ament_index/resource_index/parent_prefix_path/diff_drive_mover
-- Up-to-date symlink: /workspaces/ros2-coding/install/diff_drive_mover/share/diff_drive_mover/environment/ament_prefix_path.sh
-- Up-to-date symlink: /workspaces/ros2-coding/install/diff_drive_mover/share/diff_drive_mover/environment/ament_prefix_path.dsv
-- Up-to-date symlink: /workspaces/ros2-coding/install/diff_drive_mover/share/diff_drive_mover/environment/path.sh
-- Up-to-date symlink: /workspaces/ros2-coding/install/diff_drive_mover/share/diff_drive_mover/environment/path.dsv
-- Up-to-date symlink: /workspaces/ros2-coding/install/diff_drive_mover/share/diff_drive_mover/local_setup.bash
-- Up-to-date symlink: /workspaces/ros2-coding/install/diff_drive_mover/share/diff_drive_mover/local_setup.sh
-- Up-to-date symlink: /workspaces/ros2-coding/install/diff_drive_mover/share/diff_drive_mover/local_setup.zsh
-- Up-to-date symlink: /workspaces/ros2-coding/install/diff_drive_mover/share/diff_drive_mover/local_setup.dsv
-- Symlinking: /workspaces/ros2-coding/install/diff_drive_mover/share/diff_drive_mover/package.dsv
-- Up-to-date symlink: /workspaces/ros2-coding/install/diff_drive_mover/share/ament_index/resource_index/packages/diff_drive_mover
-- Up-to-date symlink: /workspaces/ros2-coding/install/diff_drive_mover/share/diff_drive_mover/cmake/diff_drive_moverConfig.cmake
-- Up-to-date symlink: /workspaces/ros2-coding/install/diff_drive_mover/share/diff_drive_mover/cmake/diff_drive_moverConfig-version.cmake
-- Up-to-date symlink: /workspaces/ros2-coding/install/diff_drive_mover/share/diff_drive_mover/package.xml
