[0.031s] Invoking command in '/workspaces/ros2-coding/build/isaac_ros2_messages': CMAKE_PREFIX_PATH=${CMAKE_PREFIX_PATH}:/workspaces/ros2-coding/install/rqt_joint_trajectory_controller:/workspaces/ros2-coding/install/rqt_controller_manager:/workspaces/ros2-coding/install/ros2controlcli:/workspaces/ros2-coding/install/ros2_controllers_test_nodes:/workspaces/ros2-coding/install/my_turtlesim:/workspaces/ros2-coding/install/issac_sim:/workspaces/ros2-coding/install/isaac_ros_navigation_goal:/opt/ros/jazzy /usr/bin/cmake --build /workspaces/ros2-coding/build/isaac_ros2_messages -- -j4 -l4
[0.374s] [  1%] Built target isaac_ros2_messages__rosidl_generator_type_description
[0.413s] [  1%] Built target ament_cmake_python_symlink_isaac_ros2_messages
[0.492s] [  2%] Built target isaac_ros2_messages__cpp
[0.506s] [ 25%] Built target isaac_ros2_messages__rosidl_generator_c
[0.682s] [ 35%] Built target isaac_ros2_messages__rosidl_typesupport_cpp
[0.701s] [ 44%] Built target isaac_ros2_messages__rosidl_typesupport_fastrtps_c
[0.714s] [ 54%] Built target isaac_ros2_messages__rosidl_typesupport_fastrtps_cpp
[0.857s] [ 63%] Built target isaac_ros2_messages__rosidl_typesupport_introspection_cpp
[0.858s] [ 72%] Built target isaac_ros2_messages__rosidl_typesupport_c
[0.882s] [ 82%] Built target isaac_ros2_messages__rosidl_typesupport_introspection_c
[1.028s] [ 82%] Built target isaac_ros2_messages
[1.097s] [ 83%] Built target isaac_ros2_messages__py
[1.108s] running egg_info
[1.185s] writing isaac_ros2_messages.egg-info/PKG-INFO
[1.189s] writing dependency_links to isaac_ros2_messages.egg-info/dependency_links.txt
[1.189s] writing top-level names to isaac_ros2_messages.egg-info/top_level.txt
[1.289s] [ 91%] Built target isaac_ros2_messages__rosidl_generator_py
[1.421s] [ 94%] Built target isaac_ros2_messages_s__rosidl_typesupport_fastrtps_c
[1.447s] reading manifest file 'isaac_ros2_messages.egg-info/SOURCES.txt'
[1.448s] [ 97%] Built target isaac_ros2_messages_s__rosidl_typesupport_c
[1.452s] writing manifest file 'isaac_ros2_messages.egg-info/SOURCES.txt'
[1.454s] [100%] Built target isaac_ros2_messages_s__rosidl_typesupport_introspection_c
[1.504s] [100%] Built target ament_cmake_python_build_isaac_ros2_messages_egg
