[0.049s] Invoking command in '/workspaces/ros2-coding/build/cmdvel_to_ackermann': CMAKE_PREFIX_PATH=${CMAKE_PREFIX_PATH}:/workspaces/ros2-coding/install/my_turtlesim:/workspaces/ros2-coding/install/issac_sim:/workspaces/ros2-coding/install/isaac_ros_navigation_goal:/workspaces/ros2-coding/install/human_controller:/opt/ros/jazzy /usr/bin/cmake --build /workspaces/ros2-coding/build/cmdvel_to_ackermann -- -j4 -l4
[0.132s] Invoked command in '/workspaces/ros2-coding/build/cmdvel_to_ackermann' returned '0': CMAKE_PREFIX_PATH=${CMAKE_PREFIX_PATH}:/workspaces/ros2-coding/install/my_turtlesim:/workspaces/ros2-coding/install/issac_sim:/workspaces/ros2-coding/install/isaac_ros_navigation_goal:/workspaces/ros2-coding/install/human_controller:/opt/ros/jazzy /usr/bin/cmake --build /workspaces/ros2-coding/build/cmdvel_to_ackermann -- -j4 -l4
[0.133s] Invoking command in '/workspaces/ros2-coding/build/cmdvel_to_ackermann': CMAKE_PREFIX_PATH=${CMAKE_PREFIX_PATH}:/workspaces/ros2-coding/install/my_turtlesim:/workspaces/ros2-coding/install/issac_sim:/workspaces/ros2-coding/install/isaac_ros_navigation_goal:/workspaces/ros2-coding/install/human_controller:/opt/ros/jazzy /usr/bin/cmake --install /workspaces/ros2-coding/build/cmdvel_to_ackermann
[0.160s] -- Install configuration: ""
[0.162s] -- Execute custom install script
[0.162s] -- Up-to-date symlink: /workspaces/ros2-coding/install/cmdvel_to_ackermann/share/cmdvel_to_ackermann/scripts/__init__.py
[0.163s] -- Up-to-date symlink: /workspaces/ros2-coding/install/cmdvel_to_ackermann/share/cmdvel_to_ackermann/scripts/cmdvel_to_ackermann.py
[0.163s] -- Up-to-date symlink: /workspaces/ros2-coding/install/cmdvel_to_ackermann/share/cmdvel_to_ackermann/launch/cmdvel_to_ackermann.launch.py
[0.164s] -- Up-to-date symlink: /workspaces/ros2-coding/install/cmdvel_to_ackermann/lib/cmdvel_to_ackermann/cmdvel_to_ackermann.py
[0.164s] -- Up-to-date symlink: /workspaces/ros2-coding/install/cmdvel_to_ackermann/share/ament_index/resource_index/package_run_dependencies/cmdvel_to_ackermann
[0.164s] -- Up-to-date symlink: /workspaces/ros2-coding/install/cmdvel_to_ackermann/share/ament_index/resource_index/parent_prefix_path/cmdvel_to_ackermann
[0.165s] -- Up-to-date symlink: /workspaces/ros2-coding/install/cmdvel_to_ackermann/share/cmdvel_to_ackermann/environment/ament_prefix_path.sh
[0.165s] -- Up-to-date symlink: /workspaces/ros2-coding/install/cmdvel_to_ackermann/share/cmdvel_to_ackermann/environment/ament_prefix_path.dsv
[0.165s] -- Up-to-date symlink: /workspaces/ros2-coding/install/cmdvel_to_ackermann/share/cmdvel_to_ackermann/environment/path.sh
[0.166s] -- Up-to-date symlink: /workspaces/ros2-coding/install/cmdvel_to_ackermann/share/cmdvel_to_ackermann/environment/path.dsv
[0.166s] -- Up-to-date symlink: /workspaces/ros2-coding/install/cmdvel_to_ackermann/share/cmdvel_to_ackermann/local_setup.bash
[0.166s] -- Up-to-date symlink: /workspaces/ros2-coding/install/cmdvel_to_ackermann/share/cmdvel_to_ackermann/local_setup.sh
[0.167s] -- Up-to-date symlink: /workspaces/ros2-coding/install/cmdvel_to_ackermann/share/cmdvel_to_ackermann/local_setup.zsh
[0.167s] -- Up-to-date symlink: /workspaces/ros2-coding/install/cmdvel_to_ackermann/share/cmdvel_to_ackermann/local_setup.dsv
[0.168s] -- Symlinking: /workspaces/ros2-coding/install/cmdvel_to_ackermann/share/cmdvel_to_ackermann/package.dsv
[0.204s] -- Up-to-date symlink: /workspaces/ros2-coding/install/cmdvel_to_ackermann/share/ament_index/resource_index/packages/cmdvel_to_ackermann
[0.205s] -- Up-to-date symlink: /workspaces/ros2-coding/install/cmdvel_to_ackermann/share/cmdvel_to_ackermann/cmake/cmdvel_to_ackermannConfig.cmake
[0.205s] -- Up-to-date symlink: /workspaces/ros2-coding/install/cmdvel_to_ackermann/share/cmdvel_to_ackermann/cmake/cmdvel_to_ackermannConfig-version.cmake
[0.206s] -- Up-to-date symlink: /workspaces/ros2-coding/install/cmdvel_to_ackermann/share/cmdvel_to_ackermann/package.xml
[0.219s] Invoked command in '/workspaces/ros2-coding/build/cmdvel_to_ackermann' returned '0': CMAKE_PREFIX_PATH=${CMAKE_PREFIX_PATH}:/workspaces/ros2-coding/install/my_turtlesim:/workspaces/ros2-coding/install/issac_sim:/workspaces/ros2-coding/install/isaac_ros_navigation_goal:/workspaces/ros2-coding/install/human_controller:/opt/ros/jazzy /usr/bin/cmake --install /workspaces/ros2-coding/build/cmdvel_to_ackermann
