[0.017s] Invoking command in '/workspaces/ros2-coding/build/isaac_tutorials': CMAKE_PREFIX_PATH=${CMAKE_PREFIX_PATH}:/workspaces/ros2-coding/install/rqt_joint_trajectory_controller:/workspaces/ros2-coding/install/rqt_controller_manager:/workspaces/ros2-coding/install/ros2controlcli:/workspaces/ros2-coding/install/ros2_controllers_test_nodes:/workspaces/ros2-coding/install/my_turtlesim:/workspaces/ros2-coding/install/issac_sim:/workspaces/ros2-coding/install/isaac_ros_navigation_goal:/workspaces/ros2-coding/install/human_controller:/opt/ros/jazzy VIRTUAL_ENV_PROMPT=(.venv) /usr/bin/cmake /workspaces/ros2-coding/turtlesim_ws/src/isaac_tutorials -DAMENT_CMAKE_SYMLINK_INSTALL=1 -DCMAKE_INSTALL_PREFIX=/workspaces/ros2-coding/install/isaac_tutorials
[0.106s] -- The C compiler identification is GNU 13.3.0
[0.178s] -- The CXX compiler identification is GNU 13.3.0
[0.216s] -- Detecting C compiler ABI info
[0.539s] -- Detecting C compiler ABI info - done
[0.563s] -- Check for working C compiler: /usr/bin/cc - skipped
[0.563s] -- Detecting C compile features
[0.566s] -- Detecting C compile features - done
[0.602s] -- Detecting CXX compiler ABI info
[0.907s] -- Detecting CXX compiler ABI info - done
[0.963s] -- Check for working CXX compiler: /usr/bin/c++ - skipped
[0.964s] -- Detecting CXX compile features
[0.964s] -- Detecting CXX compile features - done
[1.011s] -- Found ament_cmake: 2.5.4 (/opt/ros/jazzy/share/ament_cmake/cmake)
[1.766s] -- Found Python3: /workspaces/ros2-coding/.venv/bin/python3 (found version "3.12.3") found components: Interpreter 
[1.988s] -- Override CMake install command with custom implementation using symlinks instead of copying resources
[3.312s] -- Found rclpy: 7.1.5 (/opt/ros/jazzy/share/rclpy/cmake)
[3.641s] -- Configuring done (3.6s)
[3.672s] -- Generating done (0.0s)
[3.680s] -- Build files have been written to: /workspaces/ros2-coding/build/isaac_tutorials
[3.703s] Invoked command in '/workspaces/ros2-coding/build/isaac_tutorials' returned '0': CMAKE_PREFIX_PATH=${CMAKE_PREFIX_PATH}:/workspaces/ros2-coding/install/rqt_joint_trajectory_controller:/workspaces/ros2-coding/install/rqt_controller_manager:/workspaces/ros2-coding/install/ros2controlcli:/workspaces/ros2-coding/install/ros2_controllers_test_nodes:/workspaces/ros2-coding/install/my_turtlesim:/workspaces/ros2-coding/install/issac_sim:/workspaces/ros2-coding/install/isaac_ros_navigation_goal:/workspaces/ros2-coding/install/human_controller:/opt/ros/jazzy VIRTUAL_ENV_PROMPT=(.venv) /usr/bin/cmake /workspaces/ros2-coding/turtlesim_ws/src/isaac_tutorials -DAMENT_CMAKE_SYMLINK_INSTALL=1 -DCMAKE_INSTALL_PREFIX=/workspaces/ros2-coding/install/isaac_tutorials
[3.706s] Invoking command in '/workspaces/ros2-coding/build/isaac_tutorials': CMAKE_PREFIX_PATH=${CMAKE_PREFIX_PATH}:/workspaces/ros2-coding/install/rqt_joint_trajectory_controller:/workspaces/ros2-coding/install/rqt_controller_manager:/workspaces/ros2-coding/install/ros2controlcli:/workspaces/ros2-coding/install/ros2_controllers_test_nodes:/workspaces/ros2-coding/install/my_turtlesim:/workspaces/ros2-coding/install/issac_sim:/workspaces/ros2-coding/install/isaac_ros_navigation_goal:/workspaces/ros2-coding/install/human_controller:/opt/ros/jazzy VIRTUAL_ENV_PROMPT=(.venv) /usr/bin/cmake --build /workspaces/ros2-coding/build/isaac_tutorials -- -j4 -l4
[3.969s] Invoked command in '/workspaces/ros2-coding/build/isaac_tutorials' returned '0': CMAKE_PREFIX_PATH=${CMAKE_PREFIX_PATH}:/workspaces/ros2-coding/install/rqt_joint_trajectory_controller:/workspaces/ros2-coding/install/rqt_controller_manager:/workspaces/ros2-coding/install/ros2controlcli:/workspaces/ros2-coding/install/ros2_controllers_test_nodes:/workspaces/ros2-coding/install/my_turtlesim:/workspaces/ros2-coding/install/issac_sim:/workspaces/ros2-coding/install/isaac_ros_navigation_goal:/workspaces/ros2-coding/install/human_controller:/opt/ros/jazzy VIRTUAL_ENV_PROMPT=(.venv) /usr/bin/cmake --build /workspaces/ros2-coding/build/isaac_tutorials -- -j4 -l4
[3.969s] Invoking command in '/workspaces/ros2-coding/build/isaac_tutorials': CMAKE_PREFIX_PATH=${CMAKE_PREFIX_PATH}:/workspaces/ros2-coding/install/rqt_joint_trajectory_controller:/workspaces/ros2-coding/install/rqt_controller_manager:/workspaces/ros2-coding/install/ros2controlcli:/workspaces/ros2-coding/install/ros2_controllers_test_nodes:/workspaces/ros2-coding/install/my_turtlesim:/workspaces/ros2-coding/install/issac_sim:/workspaces/ros2-coding/install/isaac_ros_navigation_goal:/workspaces/ros2-coding/install/human_controller:/opt/ros/jazzy VIRTUAL_ENV_PROMPT=(.venv) /usr/bin/cmake --install /workspaces/ros2-coding/build/isaac_tutorials
[4.038s] -- Install configuration: ""
[4.039s] -- Execute custom install script
[4.041s] -- Up-to-date symlink: /workspaces/ros2-coding/install/isaac_tutorials/share/isaac_tutorials/rviz2/camera_lidar.rviz
[4.042s] -- Up-to-date symlink: /workspaces/ros2-coding/install/isaac_tutorials/share/isaac_tutorials/rviz2/camera_manual.rviz
[4.042s] -- Up-to-date symlink: /workspaces/ros2-coding/install/isaac_tutorials/share/isaac_tutorials/rviz2/carter_stereo.rviz
[4.043s] -- Up-to-date symlink: /workspaces/ros2-coding/install/isaac_tutorials/share/isaac_tutorials/rviz2/rtx_lidar.rviz
[4.045s] -- Up-to-date symlink: /workspaces/ros2-coding/install/isaac_tutorials/share/isaac_tutorials/rviz2/turtle_stereo.rviz
[4.047s] -- Up-to-date symlink: /workspaces/ros2-coding/install/isaac_tutorials/share/isaac_tutorials/scripts/ros2_ackermann_publisher.py
[4.047s] -- Up-to-date symlink: /workspaces/ros2-coding/install/isaac_tutorials/share/isaac_tutorials/scripts/ros2_publisher.py
[4.047s] -- Up-to-date symlink: /workspaces/ros2-coding/install/isaac_tutorials/share/isaac_tutorials/scripts/ros2_publisher_multi_mode.py
[4.047s] -- Up-to-date symlink: /workspaces/ros2-coding/install/isaac_tutorials/share/isaac_tutorials/scripts/ros2_publisher_test.py
[4.047s] -- Up-to-date symlink: /workspaces/ros2-coding/install/isaac_tutorials/lib/isaac_tutorials/ros2_publisher.py
[4.047s] -- Up-to-date symlink: /workspaces/ros2-coding/install/isaac_tutorials/lib/isaac_tutorials/ros2_ackermann_publisher.py
[4.054s] -- Up-to-date symlink: /workspaces/ros2-coding/install/isaac_tutorials/share/ament_index/resource_index/package_run_dependencies/isaac_tutorials
[4.054s] -- Up-to-date symlink: /workspaces/ros2-coding/install/isaac_tutorials/share/ament_index/resource_index/parent_prefix_path/isaac_tutorials
[4.054s] -- Up-to-date symlink: /workspaces/ros2-coding/install/isaac_tutorials/share/isaac_tutorials/environment/ament_prefix_path.sh
[4.054s] -- Up-to-date symlink: /workspaces/ros2-coding/install/isaac_tutorials/share/isaac_tutorials/environment/ament_prefix_path.dsv
[4.060s] -- Up-to-date symlink: /workspaces/ros2-coding/install/isaac_tutorials/share/isaac_tutorials/environment/path.sh
[4.061s] -- Up-to-date symlink: /workspaces/ros2-coding/install/isaac_tutorials/share/isaac_tutorials/environment/path.dsv
[4.061s] -- Up-to-date symlink: /workspaces/ros2-coding/install/isaac_tutorials/share/isaac_tutorials/local_setup.bash
[4.061s] -- Up-to-date symlink: /workspaces/ros2-coding/install/isaac_tutorials/share/isaac_tutorials/local_setup.sh
[4.061s] -- Up-to-date symlink: /workspaces/ros2-coding/install/isaac_tutorials/share/isaac_tutorials/local_setup.zsh
[4.061s] -- Up-to-date symlink: /workspaces/ros2-coding/install/isaac_tutorials/share/isaac_tutorials/local_setup.dsv
[4.062s] -- Symlinking: /workspaces/ros2-coding/install/isaac_tutorials/share/isaac_tutorials/package.dsv
[4.093s] -- Up-to-date symlink: /workspaces/ros2-coding/install/isaac_tutorials/share/ament_index/resource_index/packages/isaac_tutorials
[4.093s] -- Up-to-date symlink: /workspaces/ros2-coding/install/isaac_tutorials/share/isaac_tutorials/cmake/isaac_tutorialsConfig.cmake
[4.093s] -- Up-to-date symlink: /workspaces/ros2-coding/install/isaac_tutorials/share/isaac_tutorials/cmake/isaac_tutorialsConfig-version.cmake
[4.093s] -- Up-to-date symlink: /workspaces/ros2-coding/install/isaac_tutorials/share/isaac_tutorials/package.xml
[4.107s] Invoked command in '/workspaces/ros2-coding/build/isaac_tutorials' returned '0': CMAKE_PREFIX_PATH=${CMAKE_PREFIX_PATH}:/workspaces/ros2-coding/install/rqt_joint_trajectory_controller:/workspaces/ros2-coding/install/rqt_controller_manager:/workspaces/ros2-coding/install/ros2controlcli:/workspaces/ros2-coding/install/ros2_controllers_test_nodes:/workspaces/ros2-coding/install/my_turtlesim:/workspaces/ros2-coding/install/issac_sim:/workspaces/ros2-coding/install/isaac_ros_navigation_goal:/workspaces/ros2-coding/install/human_controller:/opt/ros/jazzy VIRTUAL_ENV_PROMPT=(.venv) /usr/bin/cmake --install /workspaces/ros2-coding/build/isaac_tutorials
