-- The C compiler identification is GNU 13.3.0
-- The CXX compiler identification is GNU 13.3.0
-- Detecting C compiler ABI info
-- Detecting C compiler ABI info - done
-- Check for working C compiler: /usr/bin/cc - skipped
-- Detecting C compile features
-- Detecting C compile features - done
-- Detecting CXX compiler ABI info
-- Detecting CXX compiler ABI info - done
-- Check for working CXX compiler: /usr/bin/c++ - skipped
-- Detecting CXX compile features
-- Detecting CXX compile features - done
-- Found ament_cmake: 2.5.4 (/opt/ros/jazzy/share/ament_cmake/cmake)
-- Found Python3: /usr/bin/python3 (found version "3.12.3") found components: Interpreter 
-- Override CMake install command with custom implementation using symlinks instead of copying resources
-- Found rosidl_default_generators: 1.6.0 (/opt/ros/jazzy/share/rosidl_default_generators/cmake)
-- Using all available rosidl_typesupport_c: rosidl_typesupport_fastrtps_c;rosidl_typesupport_introspection_c
-- Using all available rosidl_typesupport_cpp: rosidl_typesupport_fastrtps_cpp;rosidl_typesupport_introspection_cpp
-- Found rosidl_adapter: 4.6.6 (/opt/ros/jazzy/share/rosidl_adapter/cmake)
-- Found std_msgs: 5.3.6 (/opt/ros/jazzy/share/std_msgs/cmake)
-- Found ament_cmake_ros: 0.12.0 (/opt/ros/jazzy/share/ament_cmake_ros/cmake)
-- Using all available rosidl_typesupport_c: rosidl_typesupport_fastrtps_c;rosidl_typesupport_introspection_c
-- Using all available rosidl_typesupport_cpp: rosidl_typesupport_fastrtps_cpp;rosidl_typesupport_introspection_cpp
-- Found python_cmake_module: 0.11.1 (/opt/ros/jazzy/share/python_cmake_module/cmake)
-- Found PythonExtra: /usr/bin/python3  
-- Found Python3: /usr/bin/python3 (found version "3.12.3") found components: Interpreter Development NumPy Development.Module Development.Embed 
-- Found ament_lint_auto: 0.17.3 (/opt/ros/jazzy/share/ament_lint_auto/cmake)
-- Added test 'lint_cmake' to check CMake code style
-- Added test 'xmllint' to check XML markup files
-- Configuring done (21.8s)
-- Generating done (0.1s)
-- Build files have been written to: /workspaces/ros2-coding/build/human_interfaces
[  2%] [34m[1mGenerating type hashes for ROS interfaces[0m
[  2%] Built target human_interfaces__rosidl_generator_type_description
[  2%] Built target ament_cmake_python_symlink_human_interfaces
[  5%] [34m[1mGenerating C code for ROS interfaces[0m
[  8%] [32mBuilding C object CMakeFiles/human_interfaces__rosidl_generator_c.dir/rosidl_generator_c/human_interfaces/msg/detail/kick_command__description.c.o[0m
[ 11%] [32mBuilding C object CMakeFiles/human_interfaces__rosidl_generator_c.dir/rosidl_generator_c/human_interfaces/msg/detail/kick_command__functions.c.o[0m
[ 14%] [32mBuilding C object CMakeFiles/human_interfaces__rosidl_generator_c.dir/rosidl_generator_c/human_interfaces/msg/detail/kick_command__type_support.c.o[0m
[ 17%] [32m[1mLinking C shared library libhuman_interfaces__rosidl_generator_c.so[0m
[ 17%] Built target human_interfaces__rosidl_generator_c
running egg_info
creating human_interfaces.egg-info
writing human_interfaces.egg-info/PKG-INFO
writing dependency_links to human_interfaces.egg-info/dependency_links.txt
writing top-level names to human_interfaces.egg-info/top_level.txt
writing manifest file 'human_interfaces.egg-info/SOURCES.txt'
reading manifest file 'human_interfaces.egg-info/SOURCES.txt'
writing manifest file 'human_interfaces.egg-info/SOURCES.txt'
[ 17%] Built target ament_cmake_python_build_human_interfaces_egg
[ 20%] [34m[1mGenerating C introspection for ROS interfaces[0m
[ 23%] [32mBuilding C object CMakeFiles/human_interfaces__rosidl_typesupport_introspection_c.dir/rosidl_typesupport_introspection_c/human_interfaces/msg/detail/kick_command__type_support.c.o[0m
[ 26%] [32m[1mLinking C shared library libhuman_interfaces__rosidl_typesupport_introspection_c.so[0m
[ 26%] Built target human_interfaces__rosidl_typesupport_introspection_c
[ 29%] [34m[1mGenerating C type support dispatch for ROS interfaces[0m
[ 32%] [32mBuilding CXX object CMakeFiles/human_interfaces__rosidl_typesupport_c.dir/rosidl_typesupport_c/human_interfaces/msg/kick_command__type_support.cpp.o[0m
[ 35%] [32m[1mLinking CXX shared library libhuman_interfaces__rosidl_typesupport_c.so[0m
[ 35%] Built target human_interfaces__rosidl_typesupport_c
[ 38%] [34m[1mGenerating C type support for eProsima Fast-RTPS[0m
[ 41%] [32mBuilding CXX object CMakeFiles/human_interfaces__rosidl_typesupport_fastrtps_c.dir/rosidl_typesupport_fastrtps_c/human_interfaces/msg/detail/kick_command__type_support_c.cpp.o[0m
[ 44%] [32m[1mLinking CXX shared library libhuman_interfaces__rosidl_typesupport_fastrtps_c.so[0m
[ 44%] Built target human_interfaces__rosidl_typesupport_fastrtps_c
[ 47%] [34m[1mGenerating C++ code for ROS interfaces[0m
[ 47%] Built target human_interfaces__cpp
[ 50%] [34m[1mGenerating C++ type support dispatch for ROS interfaces[0m
[ 52%] [32mBuilding CXX object CMakeFiles/human_interfaces__rosidl_typesupport_cpp.dir/rosidl_typesupport_cpp/human_interfaces/msg/kick_command__type_support.cpp.o[0m
[ 55%] [32m[1mLinking CXX shared library libhuman_interfaces__rosidl_typesupport_cpp.so[0m
[ 55%] Built target human_interfaces__rosidl_typesupport_cpp
[ 58%] [34m[1mGenerating C++ introspection for ROS interfaces[0m
[ 61%] [32mBuilding CXX object CMakeFiles/human_interfaces__rosidl_typesupport_introspection_cpp.dir/rosidl_typesupport_introspection_cpp/human_interfaces/msg/detail/kick_command__type_support.cpp.o[0m
[ 64%] [32m[1mLinking CXX shared library libhuman_interfaces__rosidl_typesupport_introspection_cpp.so[0m
[ 64%] Built target human_interfaces__rosidl_typesupport_introspection_cpp
[ 67%] [34m[1mGenerating C++ type support for eProsima Fast-RTPS[0m
[ 70%] [32mBuilding CXX object CMakeFiles/human_interfaces__rosidl_typesupport_fastrtps_cpp.dir/rosidl_typesupport_fastrtps_cpp/human_interfaces/msg/detail/dds_fastrtps/kick_command__type_support.cpp.o[0m
[ 73%] [32m[1mLinking CXX shared library libhuman_interfaces__rosidl_typesupport_fastrtps_cpp.so[0m
[ 73%] Built target human_interfaces__rosidl_typesupport_fastrtps_cpp
[ 73%] Built target human_interfaces
[ 76%] [34m[1mGenerating Python code for ROS interfaces[0m
[ 76%] Built target human_interfaces__py
[ 79%] [32mBuilding C object CMakeFiles/human_interfaces__rosidl_generator_py.dir/rosidl_generator_py/human_interfaces/msg/_kick_command_s.c.o[0m
[ 82%] [32m[1mLinking C shared library libhuman_interfaces__rosidl_generator_py.so[0m
[ 82%] Built target human_interfaces__rosidl_generator_py
[ 85%] [32mBuilding C object CMakeFiles/human_interfaces_s__rosidl_typesupport_fastrtps_c.dir/rosidl_generator_py/human_interfaces/_human_interfaces_s.ep.rosidl_typesupport_fastrtps_c.c.o[0m
[ 88%] [32m[1mLinking C shared module rosidl_generator_py/human_interfaces/human_interfaces_s__rosidl_typesupport_fastrtps_c.so[0m
[ 88%] Built target human_interfaces_s__rosidl_typesupport_fastrtps_c
[ 91%] [32mBuilding C object CMakeFiles/human_interfaces_s__rosidl_typesupport_c.dir/rosidl_generator_py/human_interfaces/_human_interfaces_s.ep.rosidl_typesupport_c.c.o[0m
[ 94%] [32m[1mLinking C shared module rosidl_generator_py/human_interfaces/human_interfaces_s__rosidl_typesupport_c.so[0m
[ 94%] Built target human_interfaces_s__rosidl_typesupport_c
[ 97%] [32mBuilding C object CMakeFiles/human_interfaces_s__rosidl_typesupport_introspection_c.dir/rosidl_generator_py/human_interfaces/_human_interfaces_s.ep.rosidl_typesupport_introspection_c.c.o[0m
[100%] [32m[1mLinking C shared module rosidl_generator_py/human_interfaces/human_interfaces_s__rosidl_typesupport_introspection_c.so[0m
[100%] Built target human_interfaces_s__rosidl_typesupport_introspection_c
-- Install configuration: ""
-- Execute custom install script
-- Symlinking: /workspaces/ros2-coding/install/human_interfaces/share/ament_index/resource_index/rosidl_interfaces/human_interfaces
-- Symlinking: /workspaces/ros2-coding/install/human_interfaces/share/human_interfaces/msg/KickCommand.json
-- Symlinking: /workspaces/ros2-coding/install/human_interfaces/include/human_interfaces/human_interfaces/msg/detail/kick_command__functions.h
-- Symlinking: /workspaces/ros2-coding/install/human_interfaces/include/human_interfaces/human_interfaces/msg/detail/kick_command__struct.h
-- Symlinking: /workspaces/ros2-coding/install/human_interfaces/include/human_interfaces/human_interfaces/msg/detail/kick_command__type_support.h
-- Symlinking: /workspaces/ros2-coding/install/human_interfaces/include/human_interfaces/human_interfaces/msg/kick_command.h
-- Symlinking: /workspaces/ros2-coding/install/human_interfaces/include/human_interfaces/human_interfaces/msg/rosidl_generator_c__visibility_control.h
-- Symlinking: /workspaces/ros2-coding/install/human_interfaces/share/human_interfaces/environment/library_path.sh
-- Symlinking: /workspaces/ros2-coding/install/human_interfaces/share/human_interfaces/environment/library_path.dsv
-- Symlinking: /workspaces/ros2-coding/install/human_interfaces/include/human_interfaces/human_interfaces/msg/detail/kick_command__rosidl_typesupport_fastrtps_c.h
-- Symlinking: /workspaces/ros2-coding/install/human_interfaces/include/human_interfaces/human_interfaces/msg/rosidl_typesupport_fastrtps_c__visibility_control.h
-- Symlinking: /workspaces/ros2-coding/install/human_interfaces/include/human_interfaces/human_interfaces/msg/detail/kick_command__rosidl_typesupport_introspection_c.h
-- Symlinking: /workspaces/ros2-coding/install/human_interfaces/include/human_interfaces/human_interfaces/msg/rosidl_typesupport_introspection_c__visibility_control.h
-- Symlinking: /workspaces/ros2-coding/install/human_interfaces/include/human_interfaces/human_interfaces/msg/detail/kick_command__builder.hpp
-- Symlinking: /workspaces/ros2-coding/install/human_interfaces/include/human_interfaces/human_interfaces/msg/detail/kick_command__struct.hpp
-- Symlinking: /workspaces/ros2-coding/install/human_interfaces/include/human_interfaces/human_interfaces/msg/detail/kick_command__traits.hpp
-- Symlinking: /workspaces/ros2-coding/install/human_interfaces/include/human_interfaces/human_interfaces/msg/detail/kick_command__type_support.hpp
-- Symlinking: /workspaces/ros2-coding/install/human_interfaces/include/human_interfaces/human_interfaces/msg/kick_command.hpp
-- Symlinking: /workspaces/ros2-coding/install/human_interfaces/include/human_interfaces/human_interfaces/msg/rosidl_generator_cpp__visibility_control.hpp
-- Symlinking: /workspaces/ros2-coding/install/human_interfaces/include/human_interfaces/human_interfaces/msg/detail/kick_command__rosidl_typesupport_fastrtps_cpp.hpp
-- Symlinking: /workspaces/ros2-coding/install/human_interfaces/include/human_interfaces/human_interfaces/msg/rosidl_typesupport_fastrtps_cpp__visibility_control.h
-- Symlinking: /workspaces/ros2-coding/install/human_interfaces/include/human_interfaces/human_interfaces/msg/detail/kick_command__rosidl_typesupport_introspection_cpp.hpp
-- Symlinking: /workspaces/ros2-coding/install/human_interfaces/share/human_interfaces/environment/pythonpath.sh
-- Symlinking: /workspaces/ros2-coding/install/human_interfaces/share/human_interfaces/environment/pythonpath.dsv
-- Symlinking: /workspaces/ros2-coding/install/human_interfaces/lib/python3.12/site-packages/human_interfaces-0.0.0-py3.12.egg-info/PKG-INFO
-- Symlinking: /workspaces/ros2-coding/install/human_interfaces/lib/python3.12/site-packages/human_interfaces-0.0.0-py3.12.egg-info/SOURCES.txt
-- Symlinking: /workspaces/ros2-coding/install/human_interfaces/lib/python3.12/site-packages/human_interfaces-0.0.0-py3.12.egg-info/dependency_links.txt
-- Symlinking: /workspaces/ros2-coding/install/human_interfaces/lib/python3.12/site-packages/human_interfaces-0.0.0-py3.12.egg-info/top_level.txt
-- Symlinking: /workspaces/ros2-coding/install/human_interfaces/lib/python3.12/site-packages/human_interfaces/__init__.py
-- Symlinking: /workspaces/ros2-coding/install/human_interfaces/lib/python3.12/site-packages/human_interfaces/_human_interfaces_s.ep.rosidl_typesupport_c.c
-- Symlinking: /workspaces/ros2-coding/install/human_interfaces/lib/python3.12/site-packages/human_interfaces/_human_interfaces_s.ep.rosidl_typesupport_fastrtps_c.c
-- Symlinking: /workspaces/ros2-coding/install/human_interfaces/lib/python3.12/site-packages/human_interfaces/_human_interfaces_s.ep.rosidl_typesupport_introspection_c.c
-- Symlinking: /workspaces/ros2-coding/install/human_interfaces/lib/python3.12/site-packages/human_interfaces/human_interfaces_s__rosidl_typesupport_c.so
-- Symlinking: /workspaces/ros2-coding/install/human_interfaces/lib/python3.12/site-packages/human_interfaces/human_interfaces_s__rosidl_typesupport_fastrtps_c.so
-- Symlinking: /workspaces/ros2-coding/install/human_interfaces/lib/python3.12/site-packages/human_interfaces/human_interfaces_s__rosidl_typesupport_introspection_c.so
-- Symlinking: /workspaces/ros2-coding/install/human_interfaces/lib/python3.12/site-packages/human_interfaces/msg/__init__.py
-- Symlinking: /workspaces/ros2-coding/install/human_interfaces/lib/python3.12/site-packages/human_interfaces/msg/_kick_command.py
-- Symlinking: /workspaces/ros2-coding/install/human_interfaces/lib/python3.12/site-packages/human_interfaces/msg/_kick_command_s.c
-- Up-to-date symlink: /workspaces/ros2-coding/install/human_interfaces/lib/python3.12/site-packages/human_interfaces/human_interfaces_s__rosidl_typesupport_fastrtps_c.so
-- Up-to-date symlink: /workspaces/ros2-coding/install/human_interfaces/lib/python3.12/site-packages/human_interfaces/human_interfaces_s__rosidl_typesupport_introspection_c.so
-- Up-to-date symlink: /workspaces/ros2-coding/install/human_interfaces/lib/python3.12/site-packages/human_interfaces/human_interfaces_s__rosidl_typesupport_c.so
-- Symlinking: /workspaces/ros2-coding/install/human_interfaces/share/human_interfaces/msg/KickCommand.idl
-- Symlinking: /workspaces/ros2-coding/install/human_interfaces/share/human_interfaces/msg/KickCommand.msg
-- Symlinking: /workspaces/ros2-coding/install/human_interfaces/share/ament_index/resource_index/package_run_dependencies/human_interfaces
-- Symlinking: /workspaces/ros2-coding/install/human_interfaces/share/ament_index/resource_index/parent_prefix_path/human_interfaces
-- Symlinking: /workspaces/ros2-coding/install/human_interfaces/share/human_interfaces/environment/ament_prefix_path.sh
-- Symlinking: /workspaces/ros2-coding/install/human_interfaces/share/human_interfaces/environment/ament_prefix_path.dsv
-- Symlinking: /workspaces/ros2-coding/install/human_interfaces/share/human_interfaces/environment/path.sh
-- Symlinking: /workspaces/ros2-coding/install/human_interfaces/share/human_interfaces/environment/path.dsv
-- Symlinking: /workspaces/ros2-coding/install/human_interfaces/share/human_interfaces/local_setup.bash
-- Symlinking: /workspaces/ros2-coding/install/human_interfaces/share/human_interfaces/local_setup.sh
-- Symlinking: /workspaces/ros2-coding/install/human_interfaces/share/human_interfaces/local_setup.zsh
-- Symlinking: /workspaces/ros2-coding/install/human_interfaces/share/human_interfaces/local_setup.dsv
-- Symlinking: /workspaces/ros2-coding/install/human_interfaces/share/human_interfaces/package.dsv
-- Symlinking: /workspaces/ros2-coding/install/human_interfaces/share/ament_index/resource_index/packages/human_interfaces
-- Symlinking: /workspaces/ros2-coding/install/human_interfaces/share/human_interfaces/cmake/rosidl_cmake-extras.cmake
-- Symlinking: /workspaces/ros2-coding/install/human_interfaces/share/human_interfaces/cmake/ament_cmake_export_dependencies-extras.cmake
-- Symlinking: /workspaces/ros2-coding/install/human_interfaces/share/human_interfaces/cmake/ament_cmake_export_include_directories-extras.cmake
-- Symlinking: /workspaces/ros2-coding/install/human_interfaces/share/human_interfaces/cmake/ament_cmake_export_libraries-extras.cmake
-- Symlinking: /workspaces/ros2-coding/install/human_interfaces/share/human_interfaces/cmake/ament_cmake_export_targets-extras.cmake
-- Symlinking: /workspaces/ros2-coding/install/human_interfaces/share/human_interfaces/cmake/rosidl_cmake_export_typesupport_targets-extras.cmake
-- Symlinking: /workspaces/ros2-coding/install/human_interfaces/share/human_interfaces/cmake/rosidl_cmake_export_typesupport_libraries-extras.cmake
-- Symlinking: /workspaces/ros2-coding/install/human_interfaces/share/human_interfaces/cmake/human_interfacesConfig.cmake
-- Symlinking: /workspaces/ros2-coding/install/human_interfaces/share/human_interfaces/cmake/human_interfacesConfig-version.cmake
-- Symlinking: /workspaces/ros2-coding/install/human_interfaces/share/human_interfaces/package.xml
-- Installing: /workspaces/ros2-coding/install/human_interfaces/lib/libhuman_interfaces__rosidl_generator_c.so
-- Set non-toolchain portion of runtime path of "/workspaces/ros2-coding/install/human_interfaces/lib/libhuman_interfaces__rosidl_generator_c.so" to ""
-- Installing: /workspaces/ros2-coding/install/human_interfaces/lib/libhuman_interfaces__rosidl_typesupport_fastrtps_c.so
-- Set non-toolchain portion of runtime path of "/workspaces/ros2-coding/install/human_interfaces/lib/libhuman_interfaces__rosidl_typesupport_fastrtps_c.so" to ""
-- Installing: /workspaces/ros2-coding/install/human_interfaces/lib/libhuman_interfaces__rosidl_typesupport_introspection_c.so
-- Set non-toolchain portion of runtime path of "/workspaces/ros2-coding/install/human_interfaces/lib/libhuman_interfaces__rosidl_typesupport_introspection_c.so" to ""
-- Installing: /workspaces/ros2-coding/install/human_interfaces/lib/libhuman_interfaces__rosidl_typesupport_c.so
-- Set non-toolchain portion of runtime path of "/workspaces/ros2-coding/install/human_interfaces/lib/libhuman_interfaces__rosidl_typesupport_c.so" to ""
-- Installing: /workspaces/ros2-coding/install/human_interfaces/lib/libhuman_interfaces__rosidl_typesupport_fastrtps_cpp.so
-- Set non-toolchain portion of runtime path of "/workspaces/ros2-coding/install/human_interfaces/lib/libhuman_interfaces__rosidl_typesupport_fastrtps_cpp.so" to ""
-- Installing: /workspaces/ros2-coding/install/human_interfaces/lib/libhuman_interfaces__rosidl_typesupport_introspection_cpp.so
-- Set non-toolchain portion of runtime path of "/workspaces/ros2-coding/install/human_interfaces/lib/libhuman_interfaces__rosidl_typesupport_introspection_cpp.so" to ""
-- Installing: /workspaces/ros2-coding/install/human_interfaces/lib/libhuman_interfaces__rosidl_typesupport_cpp.so
-- Set non-toolchain portion of runtime path of "/workspaces/ros2-coding/install/human_interfaces/lib/libhuman_interfaces__rosidl_typesupport_cpp.so" to ""
Listing '/workspaces/ros2-coding/install/human_interfaces/lib/python3.12/site-packages/human_interfaces'...
Compiling '/workspaces/ros2-coding/install/human_interfaces/lib/python3.12/site-packages/human_interfaces/__init__.py'...
Listing '/workspaces/ros2-coding/install/human_interfaces/lib/python3.12/site-packages/human_interfaces/msg'...
Compiling '/workspaces/ros2-coding/install/human_interfaces/lib/python3.12/site-packages/human_interfaces/msg/__init__.py'...
Compiling '/workspaces/ros2-coding/install/human_interfaces/lib/python3.12/site-packages/human_interfaces/msg/_kick_command.py'...
-- Installing: /workspaces/ros2-coding/install/human_interfaces/lib/libhuman_interfaces__rosidl_generator_py.so
-- Set non-toolchain portion of runtime path of "/workspaces/ros2-coding/install/human_interfaces/lib/libhuman_interfaces__rosidl_generator_py.so" to ""
-- Installing: /workspaces/ros2-coding/install/human_interfaces/share/human_interfaces/cmake/export_human_interfaces__rosidl_generator_cExport.cmake
-- Installing: /workspaces/ros2-coding/install/human_interfaces/share/human_interfaces/cmake/export_human_interfaces__rosidl_generator_cExport-noconfig.cmake
-- Installing: /workspaces/ros2-coding/install/human_interfaces/share/human_interfaces/cmake/export_human_interfaces__rosidl_typesupport_fastrtps_cExport.cmake
-- Installing: /workspaces/ros2-coding/install/human_interfaces/share/human_interfaces/cmake/export_human_interfaces__rosidl_typesupport_fastrtps_cExport-noconfig.cmake
-- Installing: /workspaces/ros2-coding/install/human_interfaces/share/human_interfaces/cmake/human_interfaces__rosidl_typesupport_introspection_cExport.cmake
-- Installing: /workspaces/ros2-coding/install/human_interfaces/share/human_interfaces/cmake/human_interfaces__rosidl_typesupport_introspection_cExport-noconfig.cmake
-- Installing: /workspaces/ros2-coding/install/human_interfaces/share/human_interfaces/cmake/human_interfaces__rosidl_typesupport_cExport.cmake
-- Installing: /workspaces/ros2-coding/install/human_interfaces/share/human_interfaces/cmake/human_interfaces__rosidl_typesupport_cExport-noconfig.cmake
-- Installing: /workspaces/ros2-coding/install/human_interfaces/share/human_interfaces/cmake/export_human_interfaces__rosidl_generator_cppExport.cmake
-- Installing: /workspaces/ros2-coding/install/human_interfaces/share/human_interfaces/cmake/export_human_interfaces__rosidl_typesupport_fastrtps_cppExport.cmake
-- Installing: /workspaces/ros2-coding/install/human_interfaces/share/human_interfaces/cmake/export_human_interfaces__rosidl_typesupport_fastrtps_cppExport-noconfig.cmake
-- Installing: /workspaces/ros2-coding/install/human_interfaces/share/human_interfaces/cmake/human_interfaces__rosidl_typesupport_introspection_cppExport.cmake
-- Installing: /workspaces/ros2-coding/install/human_interfaces/share/human_interfaces/cmake/human_interfaces__rosidl_typesupport_introspection_cppExport-noconfig.cmake
-- Installing: /workspaces/ros2-coding/install/human_interfaces/share/human_interfaces/cmake/human_interfaces__rosidl_typesupport_cppExport.cmake
-- Installing: /workspaces/ros2-coding/install/human_interfaces/share/human_interfaces/cmake/human_interfaces__rosidl_typesupport_cppExport-noconfig.cmake
-- Installing: /workspaces/ros2-coding/install/human_interfaces/share/human_interfaces/cmake/export_human_interfaces__rosidl_generator_pyExport.cmake
-- Installing: /workspaces/ros2-coding/install/human_interfaces/share/human_interfaces/cmake/export_human_interfaces__rosidl_generator_pyExport-noconfig.cmake
