[0.093s] Invoking command in '/workspaces/ros2-coding/build/carter_navigation': CMAKE_PREFIX_PATH=${CMAKE_PREFIX_PATH}:/workspaces/ros2-coding/install/rqt_joint_trajectory_controller:/workspaces/ros2-coding/install/rqt_controller_manager:/workspaces/ros2-coding/install/ros2controlcli:/workspaces/ros2-coding/install/ros2_controllers_test_nodes:/workspaces/ros2-coding/install/my_turtlesim:/workspaces/ros2-coding/install/issac_sim:/workspaces/ros2-coding/install/isaac_ros_navigation_goal:/opt/ros/jazzy /usr/bin/cmake /workspaces/ros2-coding/turtlesim_ws/src/navigation/carter_navigation -DBUILD_TESTING=ON -DAMENT_CMAKE_SYMLINK_INSTALL=1 -DCMAKE_INSTALL_PREFIX=/workspaces/ros2-coding/install/carter_navigation
[0.158s] -- Found ament_cmake: 2.5.4 (/opt/ros/jazzy/share/ament_cmake/cmake)
[0.971s] -- Override CMake install command with custom implementation using symlinks instead of copying resources
[2.341s] -- Configuring done (2.2s)
[2.350s] -- Generating done (0.0s)
[2.359s] -- Build files have been written to: /workspaces/ros2-coding/build/carter_navigation
[2.369s] Invoked command in '/workspaces/ros2-coding/build/carter_navigation' returned '0': CMAKE_PREFIX_PATH=${CMAKE_PREFIX_PATH}:/workspaces/ros2-coding/install/rqt_joint_trajectory_controller:/workspaces/ros2-coding/install/rqt_controller_manager:/workspaces/ros2-coding/install/ros2controlcli:/workspaces/ros2-coding/install/ros2_controllers_test_nodes:/workspaces/ros2-coding/install/my_turtlesim:/workspaces/ros2-coding/install/issac_sim:/workspaces/ros2-coding/install/isaac_ros_navigation_goal:/opt/ros/jazzy /usr/bin/cmake /workspaces/ros2-coding/turtlesim_ws/src/navigation/carter_navigation -DBUILD_TESTING=ON -DAMENT_CMAKE_SYMLINK_INSTALL=1 -DCMAKE_INSTALL_PREFIX=/workspaces/ros2-coding/install/carter_navigation
[2.370s] Invoking command in '/workspaces/ros2-coding/build/carter_navigation': CMAKE_PREFIX_PATH=${CMAKE_PREFIX_PATH}:/workspaces/ros2-coding/install/rqt_joint_trajectory_controller:/workspaces/ros2-coding/install/rqt_controller_manager:/workspaces/ros2-coding/install/ros2controlcli:/workspaces/ros2-coding/install/ros2_controllers_test_nodes:/workspaces/ros2-coding/install/my_turtlesim:/workspaces/ros2-coding/install/issac_sim:/workspaces/ros2-coding/install/isaac_ros_navigation_goal:/opt/ros/jazzy /usr/bin/cmake --build /workspaces/ros2-coding/build/carter_navigation -- -j4 -l4
[2.524s] Invoked command in '/workspaces/ros2-coding/build/carter_navigation' returned '0': CMAKE_PREFIX_PATH=${CMAKE_PREFIX_PATH}:/workspaces/ros2-coding/install/rqt_joint_trajectory_controller:/workspaces/ros2-coding/install/rqt_controller_manager:/workspaces/ros2-coding/install/ros2controlcli:/workspaces/ros2-coding/install/ros2_controllers_test_nodes:/workspaces/ros2-coding/install/my_turtlesim:/workspaces/ros2-coding/install/issac_sim:/workspaces/ros2-coding/install/isaac_ros_navigation_goal:/opt/ros/jazzy /usr/bin/cmake --build /workspaces/ros2-coding/build/carter_navigation -- -j4 -l4
[2.526s] Invoking command in '/workspaces/ros2-coding/build/carter_navigation': CMAKE_PREFIX_PATH=${CMAKE_PREFIX_PATH}:/workspaces/ros2-coding/install/rqt_joint_trajectory_controller:/workspaces/ros2-coding/install/rqt_controller_manager:/workspaces/ros2-coding/install/ros2controlcli:/workspaces/ros2-coding/install/ros2_controllers_test_nodes:/workspaces/ros2-coding/install/my_turtlesim:/workspaces/ros2-coding/install/issac_sim:/workspaces/ros2-coding/install/isaac_ros_navigation_goal:/opt/ros/jazzy /usr/bin/cmake --install /workspaces/ros2-coding/build/carter_navigation
[2.572s] -- Install configuration: ""
[2.574s] -- Execute custom install script
[2.575s] -- Up-to-date symlink: /workspaces/ros2-coding/install/carter_navigation/share/carter_navigation/launch/carter_navigation.launch.py
[2.577s] -- Up-to-date symlink: /workspaces/ros2-coding/install/carter_navigation/share/carter_navigation/launch/carter_navigation_individual.launch.py
[2.578s] -- Up-to-date symlink: /workspaces/ros2-coding/install/carter_navigation/share/carter_navigation/launch/carter_navigation_isaacsim.launch.py
[2.579s] -- Up-to-date symlink: /workspaces/ros2-coding/install/carter_navigation/share/carter_navigation/launch/multiple_robot_carter_navigation_hospital.launch.py
[2.580s] -- Up-to-date symlink: /workspaces/ros2-coding/install/carter_navigation/share/carter_navigation/launch/multiple_robot_carter_navigation_office.launch.py
[2.582s] -- Up-to-date symlink: /workspaces/ros2-coding/install/carter_navigation/share/carter_navigation/launch/nova_carter_description_isaac_sim.launch.py
[2.583s] -- Up-to-date symlink: /workspaces/ros2-coding/install/carter_navigation/share/carter_navigation/params/carter_navigation_params.yaml
[2.584s] -- Up-to-date symlink: /workspaces/ros2-coding/install/carter_navigation/share/carter_navigation/params/hospital/multi_robot_carter_navigation_params_1.yaml
[2.586s] -- Up-to-date symlink: /workspaces/ros2-coding/install/carter_navigation/share/carter_navigation/params/hospital/multi_robot_carter_navigation_params_2.yaml
[2.586s] -- Up-to-date symlink: /workspaces/ros2-coding/install/carter_navigation/share/carter_navigation/params/hospital/multi_robot_carter_navigation_params_3.yaml
[2.590s] -- Up-to-date symlink: /workspaces/ros2-coding/install/carter_navigation/share/carter_navigation/params/office/multi_robot_carter_navigation_params_1.yaml
[2.591s] -- Up-to-date symlink: /workspaces/ros2-coding/install/carter_navigation/share/carter_navigation/params/office/multi_robot_carter_navigation_params_2.yaml
[2.591s] -- Up-to-date symlink: /workspaces/ros2-coding/install/carter_navigation/share/carter_navigation/params/office/multi_robot_carter_navigation_params_3.yaml
[2.591s] -- Up-to-date symlink: /workspaces/ros2-coding/install/carter_navigation/share/carter_navigation/maps/carter_hospital_navigation.png
[2.593s] -- Up-to-date symlink: /workspaces/ros2-coding/install/carter_navigation/share/carter_navigation/maps/carter_hospital_navigation.yaml
[2.597s] -- Up-to-date symlink: /workspaces/ros2-coding/install/carter_navigation/share/carter_navigation/maps/carter_office_navigation.png
[2.597s] -- Up-to-date symlink: /workspaces/ros2-coding/install/carter_navigation/share/carter_navigation/maps/carter_office_navigation.yaml
[2.598s] -- Up-to-date symlink: /workspaces/ros2-coding/install/carter_navigation/share/carter_navigation/maps/carter_warehouse_navigation.png
[2.600s] -- Up-to-date symlink: /workspaces/ros2-coding/install/carter_navigation/share/carter_navigation/maps/carter_warehouse_navigation.yaml
[2.604s] -- Up-to-date symlink: /workspaces/ros2-coding/install/carter_navigation/share/carter_navigation/rviz2/carter_navigation.rviz
[2.605s] -- Up-to-date symlink: /workspaces/ros2-coding/install/carter_navigation/share/carter_navigation/rviz2/carter_navigation_namespaced.rviz
[2.606s] -- Up-to-date symlink: /workspaces/ros2-coding/install/carter_navigation/share/ament_index/resource_index/package_run_dependencies/carter_navigation
[2.607s] -- Up-to-date symlink: /workspaces/ros2-coding/install/carter_navigation/share/ament_index/resource_index/parent_prefix_path/carter_navigation
[2.609s] -- Up-to-date symlink: /workspaces/ros2-coding/install/carter_navigation/share/carter_navigation/environment/ament_prefix_path.sh
[2.609s] -- Up-to-date symlink: /workspaces/ros2-coding/install/carter_navigation/share/carter_navigation/environment/ament_prefix_path.dsv
[2.610s] -- Up-to-date symlink: /workspaces/ros2-coding/install/carter_navigation/share/carter_navigation/environment/path.sh
[2.611s] -- Up-to-date symlink: /workspaces/ros2-coding/install/carter_navigation/share/carter_navigation/environment/path.dsv
[2.612s] -- Up-to-date symlink: /workspaces/ros2-coding/install/carter_navigation/share/carter_navigation/local_setup.bash
[2.614s] -- Up-to-date symlink: /workspaces/ros2-coding/install/carter_navigation/share/carter_navigation/local_setup.sh
[2.614s] -- Up-to-date symlink: /workspaces/ros2-coding/install/carter_navigation/share/carter_navigation/local_setup.zsh
[2.615s] -- Up-to-date symlink: /workspaces/ros2-coding/install/carter_navigation/share/carter_navigation/local_setup.dsv
[2.616s] -- Symlinking: /workspaces/ros2-coding/install/carter_navigation/share/carter_navigation/package.dsv
[2.673s] -- Up-to-date symlink: /workspaces/ros2-coding/install/carter_navigation/share/ament_index/resource_index/packages/carter_navigation
[2.673s] -- Up-to-date symlink: /workspaces/ros2-coding/install/carter_navigation/share/carter_navigation/cmake/carter_navigationConfig.cmake
[2.673s] -- Up-to-date symlink: /workspaces/ros2-coding/install/carter_navigation/share/carter_navigation/cmake/carter_navigationConfig-version.cmake
[2.673s] -- Up-to-date symlink: /workspaces/ros2-coding/install/carter_navigation/share/carter_navigation/package.xml
[2.680s] Invoked command in '/workspaces/ros2-coding/build/carter_navigation' returned '0': CMAKE_PREFIX_PATH=${CMAKE_PREFIX_PATH}:/workspaces/ros2-coding/install/rqt_joint_trajectory_controller:/workspaces/ros2-coding/install/rqt_controller_manager:/workspaces/ros2-coding/install/ros2controlcli:/workspaces/ros2-coding/install/ros2_controllers_test_nodes:/workspaces/ros2-coding/install/my_turtlesim:/workspaces/ros2-coding/install/issac_sim:/workspaces/ros2-coding/install/isaac_ros_navigation_goal:/opt/ros/jazzy /usr/bin/cmake --install /workspaces/ros2-coding/build/carter_navigation
