[0.199s] Invoking command in '/workspaces/ros2-coding/build/iw_hub_navigation': CMAKE_PREFIX_PATH=${CMAKE_PREFIX_PATH}:/workspaces/ros2-coding/install/my_turtlesim:/workspaces/ros2-coding/install/issac_sim:/workspaces/ros2-coding/install/isaac_ros_navigation_goal:/workspaces/ros2-coding/install/human_controller:/opt/ros/jazzy /usr/bin/cmake --build /workspaces/ros2-coding/build/iw_hub_navigation -- -j4 -l4
[0.577s] Invoked command in '/workspaces/ros2-coding/build/iw_hub_navigation' returned '0': CMAKE_PREFIX_PATH=${CMAKE_PREFIX_PATH}:/workspaces/ros2-coding/install/my_turtlesim:/workspaces/ros2-coding/install/issac_sim:/workspaces/ros2-coding/install/isaac_ros_navigation_goal:/workspaces/ros2-coding/install/human_controller:/opt/ros/jazzy /usr/bin/cmake --build /workspaces/ros2-coding/build/iw_hub_navigation -- -j4 -l4
[0.578s] Invoking command in '/workspaces/ros2-coding/build/iw_hub_navigation': CMAKE_PREFIX_PATH=${CMAKE_PREFIX_PATH}:/workspaces/ros2-coding/install/my_turtlesim:/workspaces/ros2-coding/install/issac_sim:/workspaces/ros2-coding/install/isaac_ros_navigation_goal:/workspaces/ros2-coding/install/human_controller:/opt/ros/jazzy /usr/bin/cmake --install /workspaces/ros2-coding/build/iw_hub_navigation
[0.618s] -- Install configuration: ""
[0.619s] -- Execute custom install script
[0.619s] -- Up-to-date symlink: /workspaces/ros2-coding/install/iw_hub_navigation/share/iw_hub_navigation/launch/iw_hub_navigation.launch.py
[0.626s] -- Up-to-date symlink: /workspaces/ros2-coding/install/iw_hub_navigation/share/iw_hub_navigation/launch/iw_hub_navigation_isaacsim.launch.py
[0.627s] -- Up-to-date symlink: /workspaces/ros2-coding/install/iw_hub_navigation/share/iw_hub_navigation/params/iw_hub_navigation_params.yaml
[0.627s] -- Up-to-date symlink: /workspaces/ros2-coding/install/iw_hub_navigation/share/iw_hub_navigation/maps/iw_hub_warehouse_navigation.png
[0.627s] -- Up-to-date symlink: /workspaces/ros2-coding/install/iw_hub_navigation/share/iw_hub_navigation/maps/iw_hub_warehouse_navigation.yaml
[0.627s] -- Up-to-date symlink: /workspaces/ros2-coding/install/iw_hub_navigation/share/iw_hub_navigation/rviz2/iw_hub_navigation.rviz
[0.628s] -- Up-to-date symlink: /workspaces/ros2-coding/install/iw_hub_navigation/share/ament_index/resource_index/package_run_dependencies/iw_hub_navigation
[0.628s] -- Up-to-date symlink: /workspaces/ros2-coding/install/iw_hub_navigation/share/ament_index/resource_index/parent_prefix_path/iw_hub_navigation
[0.635s] -- Up-to-date symlink: /workspaces/ros2-coding/install/iw_hub_navigation/share/iw_hub_navigation/environment/ament_prefix_path.sh
[0.635s] -- Up-to-date symlink: /workspaces/ros2-coding/install/iw_hub_navigation/share/iw_hub_navigation/environment/ament_prefix_path.dsv
[0.635s] -- Up-to-date symlink: /workspaces/ros2-coding/install/iw_hub_navigation/share/iw_hub_navigation/environment/path.sh
[0.637s] -- Up-to-date symlink: /workspaces/ros2-coding/install/iw_hub_navigation/share/iw_hub_navigation/environment/path.dsv
[0.638s] -- Up-to-date symlink: /workspaces/ros2-coding/install/iw_hub_navigation/share/iw_hub_navigation/local_setup.bash
[0.638s] -- Up-to-date symlink: /workspaces/ros2-coding/install/iw_hub_navigation/share/iw_hub_navigation/local_setup.sh
[0.641s] -- Up-to-date symlink: /workspaces/ros2-coding/install/iw_hub_navigation/share/iw_hub_navigation/local_setup.zsh
[0.641s] -- Up-to-date symlink: /workspaces/ros2-coding/install/iw_hub_navigation/share/iw_hub_navigation/local_setup.dsv
[0.643s] -- Symlinking: /workspaces/ros2-coding/install/iw_hub_navigation/share/iw_hub_navigation/package.dsv
[0.677s] -- Up-to-date symlink: /workspaces/ros2-coding/install/iw_hub_navigation/share/ament_index/resource_index/packages/iw_hub_navigation
[0.679s] -- Up-to-date symlink: /workspaces/ros2-coding/install/iw_hub_navigation/share/iw_hub_navigation/cmake/iw_hub_navigationConfig.cmake
[0.679s] -- Up-to-date symlink: /workspaces/ros2-coding/install/iw_hub_navigation/share/iw_hub_navigation/cmake/iw_hub_navigationConfig-version.cmake
[0.680s] -- Up-to-date symlink: /workspaces/ros2-coding/install/iw_hub_navigation/share/iw_hub_navigation/package.xml
[0.684s] Invoked command in '/workspaces/ros2-coding/build/iw_hub_navigation' returned '0': CMAKE_PREFIX_PATH=${CMAKE_PREFIX_PATH}:/workspaces/ros2-coding/install/my_turtlesim:/workspaces/ros2-coding/install/issac_sim:/workspaces/ros2-coding/install/isaac_ros_navigation_goal:/workspaces/ros2-coding/install/human_controller:/opt/ros/jazzy /usr/bin/cmake --install /workspaces/ros2-coding/build/iw_hub_navigation
