[0.027s] Invoking command in '/workspaces/ros2-coding/build/carter_navigation': CMAKE_PREFIX_PATH=${CMAKE_PREFIX_PATH}:/opt/ros/jazzy /usr/bin/cmake --build /workspaces/ros2-coding/build/carter_navigation -- -j4 -l4
[0.102s] Invoked command in '/workspaces/ros2-coding/build/carter_navigation' returned '0': CMAKE_PREFIX_PATH=${CMAKE_PREFIX_PATH}:/opt/ros/jazzy /usr/bin/cmake --build /workspaces/ros2-coding/build/carter_navigation -- -j4 -l4
[0.121s] Invoking command in '/workspaces/ros2-coding/build/carter_navigation': CMAKE_PREFIX_PATH=${CMAKE_PREFIX_PATH}:/opt/ros/jazzy /usr/bin/cmake --install /workspaces/ros2-coding/build/carter_navigation
[0.139s] -- Install configuration: ""
[0.139s] -- Execute custom install script
[0.139s] -- Up-to-date symlink: /workspaces/ros2-coding/install/carter_navigation/share/carter_navigation/launch/carter_navigation.launch.py
[0.139s] -- Up-to-date symlink: /workspaces/ros2-coding/install/carter_navigation/share/carter_navigation/launch/carter_navigation_individual.launch.py
[0.140s] -- Up-to-date symlink: /workspaces/ros2-coding/install/carter_navigation/share/carter_navigation/launch/carter_navigation_isaacsim.launch.py
[0.141s] -- Up-to-date symlink: /workspaces/ros2-coding/install/carter_navigation/share/carter_navigation/launch/multiple_robot_carter_navigation_hospital.launch.py
[0.141s] -- Up-to-date symlink: /workspaces/ros2-coding/install/carter_navigation/share/carter_navigation/launch/multiple_robot_carter_navigation_office.launch.py
[0.141s] -- Up-to-date symlink: /workspaces/ros2-coding/install/carter_navigation/share/carter_navigation/launch/nova_carter_description_isaac_sim.launch.py
[0.141s] -- Up-to-date symlink: /workspaces/ros2-coding/install/carter_navigation/share/carter_navigation/params/carter_navigation_params.yaml
[0.141s] -- Up-to-date symlink: /workspaces/ros2-coding/install/carter_navigation/share/carter_navigation/params/hospital/multi_robot_carter_navigation_params_1.yaml
[0.142s] -- Up-to-date symlink: /workspaces/ros2-coding/install/carter_navigation/share/carter_navigation/params/hospital/multi_robot_carter_navigation_params_2.yaml
[0.142s] -- Up-to-date symlink: /workspaces/ros2-coding/install/carter_navigation/share/carter_navigation/params/hospital/multi_robot_carter_navigation_params_3.yaml
[0.142s] -- Up-to-date symlink: /workspaces/ros2-coding/install/carter_navigation/share/carter_navigation/params/office/multi_robot_carter_navigation_params_1.yaml
[0.142s] -- Up-to-date symlink: /workspaces/ros2-coding/install/carter_navigation/share/carter_navigation/params/office/multi_robot_carter_navigation_params_2.yaml
[0.142s] -- Up-to-date symlink: /workspaces/ros2-coding/install/carter_navigation/share/carter_navigation/params/office/multi_robot_carter_navigation_params_3.yaml
[0.149s] -- Up-to-date symlink: /workspaces/ros2-coding/install/carter_navigation/share/carter_navigation/maps/carter_hospital_navigation.png
[0.150s] -- Up-to-date symlink: /workspaces/ros2-coding/install/carter_navigation/share/carter_navigation/maps/carter_hospital_navigation.yaml
[0.150s] -- Up-to-date symlink: /workspaces/ros2-coding/install/carter_navigation/share/carter_navigation/maps/carter_office_navigation.png
[0.151s] -- Up-to-date symlink: /workspaces/ros2-coding/install/carter_navigation/share/carter_navigation/maps/carter_office_navigation.yaml
[0.155s] -- Up-to-date symlink: /workspaces/ros2-coding/install/carter_navigation/share/carter_navigation/maps/carter_warehouse_navigation.png
[0.156s] -- Up-to-date symlink: /workspaces/ros2-coding/install/carter_navigation/share/carter_navigation/maps/carter_warehouse_navigation.yaml
[0.159s] -- Up-to-date symlink: /workspaces/ros2-coding/install/carter_navigation/share/carter_navigation/rviz2/carter_navigation.rviz
[0.159s] -- Up-to-date symlink: /workspaces/ros2-coding/install/carter_navigation/share/carter_navigation/rviz2/carter_navigation_namespaced.rviz
[0.160s] -- Up-to-date symlink: /workspaces/ros2-coding/install/carter_navigation/share/ament_index/resource_index/package_run_dependencies/carter_navigation
[0.161s] -- Up-to-date symlink: /workspaces/ros2-coding/install/carter_navigation/share/ament_index/resource_index/parent_prefix_path/carter_navigation
[0.161s] -- Up-to-date symlink: /workspaces/ros2-coding/install/carter_navigation/share/carter_navigation/environment/ament_prefix_path.sh
[0.161s] -- Up-to-date symlink: /workspaces/ros2-coding/install/carter_navigation/share/carter_navigation/environment/ament_prefix_path.dsv
[0.161s] -- Up-to-date symlink: /workspaces/ros2-coding/install/carter_navigation/share/carter_navigation/environment/path.sh
[0.162s] -- Up-to-date symlink: /workspaces/ros2-coding/install/carter_navigation/share/carter_navigation/environment/path.dsv
[0.162s] -- Up-to-date symlink: /workspaces/ros2-coding/install/carter_navigation/share/carter_navigation/local_setup.bash
[0.165s] -- Up-to-date symlink: /workspaces/ros2-coding/install/carter_navigation/share/carter_navigation/local_setup.sh
[0.166s] -- Up-to-date symlink: /workspaces/ros2-coding/install/carter_navigation/share/carter_navigation/local_setup.zsh
[0.166s] -- Up-to-date symlink: /workspaces/ros2-coding/install/carter_navigation/share/carter_navigation/local_setup.dsv
[0.166s] -- Symlinking: /workspaces/ros2-coding/install/carter_navigation/share/carter_navigation/package.dsv
[0.191s] -- Up-to-date symlink: /workspaces/ros2-coding/install/carter_navigation/share/ament_index/resource_index/packages/carter_navigation
[0.191s] -- Up-to-date symlink: /workspaces/ros2-coding/install/carter_navigation/share/carter_navigation/cmake/carter_navigationConfig.cmake
[0.191s] -- Up-to-date symlink: /workspaces/ros2-coding/install/carter_navigation/share/carter_navigation/cmake/carter_navigationConfig-version.cmake
[0.192s] -- Up-to-date symlink: /workspaces/ros2-coding/install/carter_navigation/share/carter_navigation/package.xml
[0.283s] Invoked command in '/workspaces/ros2-coding/build/carter_navigation' returned '0': CMAKE_PREFIX_PATH=${CMAKE_PREFIX_PATH}:/opt/ros/jazzy /usr/bin/cmake --install /workspaces/ros2-coding/build/carter_navigation
