[0.048s] Invoking command in '/workspaces/ros2-coding/build/ros_gz_example_application': CMAKE_PREFIX_PATH=${CMAKE_PREFIX_PATH}:/workspaces/ros2-coding/install/rqt_joint_trajectory_controller:/workspaces/ros2-coding/install/rqt_controller_manager:/workspaces/ros2-coding/install/ros2controlcli:/workspaces/ros2-coding/install/ros2_controllers_test_nodes:/workspaces/ros2-coding/install/my_turtlesim:/workspaces/ros2-coding/install/issac_sim:/workspaces/ros2-coding/install/isaac_ros_navigation_goal:/workspaces/ros2-coding/install/human_controller:/opt/ros/jazzy VIRTUAL_ENV_PROMPT=(.venv) /usr/bin/cmake /workspaces/ros2-coding/turtlesim_ws/src/ros_gz_example_application -DAMENT_CMAKE_SYMLINK_INSTALL=1 -DCMAKE_INSTALL_PREFIX=/workspaces/ros2-coding/install/ros_gz_example_application
[0.307s] -- The C compiler identification is GNU 13.3.0
[0.474s] -- The CXX compiler identification is GNU 13.3.0
[0.531s] -- Detecting C compiler ABI info
[1.067s] -- Detecting C compiler ABI info - done
[1.116s] -- Check for working C compiler: /usr/bin/cc - skipped
[1.118s] -- Detecting C compile features
[1.128s] -- Detecting C compile features - done
[1.159s] -- Detecting CXX compiler ABI info
[1.673s] -- Detecting CXX compiler ABI info - done
[1.692s] -- Check for working CXX compiler: /usr/bin/c++ - skipped
[1.692s] -- Detecting CXX compile features
[1.699s] -- Detecting CXX compile features - done
[1.731s] -- Found ament_cmake: 2.5.4 (/opt/ros/jazzy/share/ament_cmake/cmake)
[2.309s] -- Found Python3: /workspaces/ros2-coding/.venv/bin/python3 (found version "3.12.3") found components: Interpreter 
[2.614s] -- Override CMake install command with custom implementation using symlinks instead of copying resources
[3.702s] -- Configuring done (3.6s)
[3.720s] -- Generating done (0.0s)
[3.730s] -- Build files have been written to: /workspaces/ros2-coding/build/ros_gz_example_application
[3.741s] Invoked command in '/workspaces/ros2-coding/build/ros_gz_example_application' returned '0': CMAKE_PREFIX_PATH=${CMAKE_PREFIX_PATH}:/workspaces/ros2-coding/install/rqt_joint_trajectory_controller:/workspaces/ros2-coding/install/rqt_controller_manager:/workspaces/ros2-coding/install/ros2controlcli:/workspaces/ros2-coding/install/ros2_controllers_test_nodes:/workspaces/ros2-coding/install/my_turtlesim:/workspaces/ros2-coding/install/issac_sim:/workspaces/ros2-coding/install/isaac_ros_navigation_goal:/workspaces/ros2-coding/install/human_controller:/opt/ros/jazzy VIRTUAL_ENV_PROMPT=(.venv) /usr/bin/cmake /workspaces/ros2-coding/turtlesim_ws/src/ros_gz_example_application -DAMENT_CMAKE_SYMLINK_INSTALL=1 -DCMAKE_INSTALL_PREFIX=/workspaces/ros2-coding/install/ros_gz_example_application
[3.742s] Invoking command in '/workspaces/ros2-coding/build/ros_gz_example_application': CMAKE_PREFIX_PATH=${CMAKE_PREFIX_PATH}:/workspaces/ros2-coding/install/rqt_joint_trajectory_controller:/workspaces/ros2-coding/install/rqt_controller_manager:/workspaces/ros2-coding/install/ros2controlcli:/workspaces/ros2-coding/install/ros2_controllers_test_nodes:/workspaces/ros2-coding/install/my_turtlesim:/workspaces/ros2-coding/install/issac_sim:/workspaces/ros2-coding/install/isaac_ros_navigation_goal:/workspaces/ros2-coding/install/human_controller:/opt/ros/jazzy VIRTUAL_ENV_PROMPT=(.venv) /usr/bin/cmake --build /workspaces/ros2-coding/build/ros_gz_example_application -- -j4 -l4
[3.899s] Invoked command in '/workspaces/ros2-coding/build/ros_gz_example_application' returned '0': CMAKE_PREFIX_PATH=${CMAKE_PREFIX_PATH}:/workspaces/ros2-coding/install/rqt_joint_trajectory_controller:/workspaces/ros2-coding/install/rqt_controller_manager:/workspaces/ros2-coding/install/ros2controlcli:/workspaces/ros2-coding/install/ros2_controllers_test_nodes:/workspaces/ros2-coding/install/my_turtlesim:/workspaces/ros2-coding/install/issac_sim:/workspaces/ros2-coding/install/isaac_ros_navigation_goal:/workspaces/ros2-coding/install/human_controller:/opt/ros/jazzy VIRTUAL_ENV_PROMPT=(.venv) /usr/bin/cmake --build /workspaces/ros2-coding/build/ros_gz_example_application -- -j4 -l4
[3.901s] Invoking command in '/workspaces/ros2-coding/build/ros_gz_example_application': CMAKE_PREFIX_PATH=${CMAKE_PREFIX_PATH}:/workspaces/ros2-coding/install/rqt_joint_trajectory_controller:/workspaces/ros2-coding/install/rqt_controller_manager:/workspaces/ros2-coding/install/ros2controlcli:/workspaces/ros2-coding/install/ros2_controllers_test_nodes:/workspaces/ros2-coding/install/my_turtlesim:/workspaces/ros2-coding/install/issac_sim:/workspaces/ros2-coding/install/isaac_ros_navigation_goal:/workspaces/ros2-coding/install/human_controller:/opt/ros/jazzy VIRTUAL_ENV_PROMPT=(.venv) /usr/bin/cmake --install /workspaces/ros2-coding/build/ros_gz_example_application
[3.955s] -- Install configuration: ""
[3.956s] -- Execute custom install script
[3.957s] -- Up-to-date symlink: /workspaces/ros2-coding/install/ros_gz_example_application/share/ament_index/resource_index/package_run_dependencies/ros_gz_example_application
[3.957s] -- Up-to-date symlink: /workspaces/ros2-coding/install/ros_gz_example_application/share/ament_index/resource_index/parent_prefix_path/ros_gz_example_application
[3.959s] -- Up-to-date symlink: /workspaces/ros2-coding/install/ros_gz_example_application/share/ros_gz_example_application/environment/ament_prefix_path.sh
[3.959s] -- Up-to-date symlink: /workspaces/ros2-coding/install/ros_gz_example_application/share/ros_gz_example_application/environment/ament_prefix_path.dsv
[3.960s] -- Up-to-date symlink: /workspaces/ros2-coding/install/ros_gz_example_application/share/ros_gz_example_application/environment/path.sh
[3.963s] -- Up-to-date symlink: /workspaces/ros2-coding/install/ros_gz_example_application/share/ros_gz_example_application/environment/path.dsv
[3.964s] -- Up-to-date symlink: /workspaces/ros2-coding/install/ros_gz_example_application/share/ros_gz_example_application/local_setup.bash
[3.964s] -- Up-to-date symlink: /workspaces/ros2-coding/install/ros_gz_example_application/share/ros_gz_example_application/local_setup.sh
[3.965s] -- Up-to-date symlink: /workspaces/ros2-coding/install/ros_gz_example_application/share/ros_gz_example_application/local_setup.zsh
[3.967s] -- Up-to-date symlink: /workspaces/ros2-coding/install/ros_gz_example_application/share/ros_gz_example_application/local_setup.dsv
[3.967s] -- Symlinking: /workspaces/ros2-coding/install/ros_gz_example_application/share/ros_gz_example_application/package.dsv
[4.025s] -- Up-to-date symlink: /workspaces/ros2-coding/install/ros_gz_example_application/share/ament_index/resource_index/packages/ros_gz_example_application
[4.026s] -- Up-to-date symlink: /workspaces/ros2-coding/install/ros_gz_example_application/share/ros_gz_example_application/cmake/ros_gz_example_applicationConfig.cmake
[4.026s] -- Up-to-date symlink: /workspaces/ros2-coding/install/ros_gz_example_application/share/ros_gz_example_application/cmake/ros_gz_example_applicationConfig-version.cmake
[4.026s] -- Up-to-date symlink: /workspaces/ros2-coding/install/ros_gz_example_application/share/ros_gz_example_application/package.xml
[4.030s] Invoked command in '/workspaces/ros2-coding/build/ros_gz_example_application' returned '0': CMAKE_PREFIX_PATH=${CMAKE_PREFIX_PATH}:/workspaces/ros2-coding/install/rqt_joint_trajectory_controller:/workspaces/ros2-coding/install/rqt_controller_manager:/workspaces/ros2-coding/install/ros2controlcli:/workspaces/ros2-coding/install/ros2_controllers_test_nodes:/workspaces/ros2-coding/install/my_turtlesim:/workspaces/ros2-coding/install/issac_sim:/workspaces/ros2-coding/install/isaac_ros_navigation_goal:/workspaces/ros2-coding/install/human_controller:/opt/ros/jazzy VIRTUAL_ENV_PROMPT=(.venv) /usr/bin/cmake --install /workspaces/ros2-coding/build/ros_gz_example_application
