[0.084s] Invoking command in '/workspaces/ros2-coding/build/diff_drive_mover': CMAKE_PREFIX_PATH=${CMAKE_PREFIX_PATH}:/workspaces/ros2-coding/install/rqt_joint_trajectory_controller:/workspaces/ros2-coding/install/rqt_controller_manager:/workspaces/ros2-coding/install/ros2controlcli:/workspaces/ros2-coding/install/ros2_controllers_test_nodes:/workspaces/ros2-coding/install/my_turtlesim:/workspaces/ros2-coding/install/issac_sim:/workspaces/ros2-coding/install/isaac_ros_navigation_goal:/workspaces/ros2-coding/install/human_controller:/opt/ros/jazzy /usr/bin/cmake --build /workspaces/ros2-coding/build/diff_drive_mover -- -j4 -l4
[0.295s] Invoked command in '/workspaces/ros2-coding/build/diff_drive_mover' returned '0': CMAKE_PREFIX_PATH=${CMAKE_PREFIX_PATH}:/workspaces/ros2-coding/install/rqt_joint_trajectory_controller:/workspaces/ros2-coding/install/rqt_controller_manager:/workspaces/ros2-coding/install/ros2controlcli:/workspaces/ros2-coding/install/ros2_controllers_test_nodes:/workspaces/ros2-coding/install/my_turtlesim:/workspaces/ros2-coding/install/issac_sim:/workspaces/ros2-coding/install/isaac_ros_navigation_goal:/workspaces/ros2-coding/install/human_controller:/opt/ros/jazzy /usr/bin/cmake --build /workspaces/ros2-coding/build/diff_drive_mover -- -j4 -l4
[0.296s] Invoking command in '/workspaces/ros2-coding/build/diff_drive_mover': CMAKE_PREFIX_PATH=${CMAKE_PREFIX_PATH}:/workspaces/ros2-coding/install/rqt_joint_trajectory_controller:/workspaces/ros2-coding/install/rqt_controller_manager:/workspaces/ros2-coding/install/ros2controlcli:/workspaces/ros2-coding/install/ros2_controllers_test_nodes:/workspaces/ros2-coding/install/my_turtlesim:/workspaces/ros2-coding/install/issac_sim:/workspaces/ros2-coding/install/isaac_ros_navigation_goal:/workspaces/ros2-coding/install/human_controller:/opt/ros/jazzy /usr/bin/cmake --install /workspaces/ros2-coding/build/diff_drive_mover
[0.353s] -- Install configuration: ""
[0.354s] -- Execute custom install script
[0.355s] -- Up-to-date symlink: /workspaces/ros2-coding/install/diff_drive_mover/share/diff_drive_mover/urdf/nao_world.sdf
[0.356s] -- Up-to-date symlink: /workspaces/ros2-coding/install/diff_drive_mover/share/diff_drive_mover/launch/__pycache__/spawn_model.cpython-312.pyc
[0.362s] -- Up-to-date symlink: /workspaces/ros2-coding/install/diff_drive_mover/share/diff_drive_mover/launch/__pycache__/view_h1.launch.cpython-312.pyc
[0.362s] -- Up-to-date symlink: /workspaces/ros2-coding/install/diff_drive_mover/share/diff_drive_mover/launch/model_spawn.py
[0.362s] -- Up-to-date symlink: /workspaces/ros2-coding/install/diff_drive_mover/share/diff_drive_mover/launch/spawn_model.py
[0.362s] -- Up-to-date symlink: /workspaces/ros2-coding/install/diff_drive_mover/share/diff_drive_mover/launch/view_h1.launch.py
[0.365s] -- Up-to-date symlink: /workspaces/ros2-coding/install/diff_drive_mover/share/ament_index/resource_index/package_run_dependencies/diff_drive_mover
[0.365s] -- Up-to-date symlink: /workspaces/ros2-coding/install/diff_drive_mover/share/ament_index/resource_index/parent_prefix_path/diff_drive_mover
[0.366s] -- Up-to-date symlink: /workspaces/ros2-coding/install/diff_drive_mover/share/diff_drive_mover/environment/ament_prefix_path.sh
[0.369s] -- Up-to-date symlink: /workspaces/ros2-coding/install/diff_drive_mover/share/diff_drive_mover/environment/ament_prefix_path.dsv
[0.370s] -- Up-to-date symlink: /workspaces/ros2-coding/install/diff_drive_mover/share/diff_drive_mover/environment/path.sh
[0.371s] -- Up-to-date symlink: /workspaces/ros2-coding/install/diff_drive_mover/share/diff_drive_mover/environment/path.dsv
[0.377s] -- Up-to-date symlink: /workspaces/ros2-coding/install/diff_drive_mover/share/diff_drive_mover/local_setup.bash
[0.377s] -- Up-to-date symlink: /workspaces/ros2-coding/install/diff_drive_mover/share/diff_drive_mover/local_setup.sh
[0.377s] -- Up-to-date symlink: /workspaces/ros2-coding/install/diff_drive_mover/share/diff_drive_mover/local_setup.zsh
[0.377s] -- Up-to-date symlink: /workspaces/ros2-coding/install/diff_drive_mover/share/diff_drive_mover/local_setup.dsv
[0.385s] -- Symlinking: /workspaces/ros2-coding/install/diff_drive_mover/share/diff_drive_mover/package.dsv
[0.437s] -- Up-to-date symlink: /workspaces/ros2-coding/install/diff_drive_mover/share/ament_index/resource_index/packages/diff_drive_mover
[0.439s] -- Up-to-date symlink: /workspaces/ros2-coding/install/diff_drive_mover/share/diff_drive_mover/cmake/diff_drive_moverConfig.cmake
[0.439s] -- Up-to-date symlink: /workspaces/ros2-coding/install/diff_drive_mover/share/diff_drive_mover/cmake/diff_drive_moverConfig-version.cmake
[0.440s] -- Up-to-date symlink: /workspaces/ros2-coding/install/diff_drive_mover/share/diff_drive_mover/package.xml
[0.514s] Invoked command in '/workspaces/ros2-coding/build/diff_drive_mover' returned '0': CMAKE_PREFIX_PATH=${CMAKE_PREFIX_PATH}:/workspaces/ros2-coding/install/rqt_joint_trajectory_controller:/workspaces/ros2-coding/install/rqt_controller_manager:/workspaces/ros2-coding/install/ros2controlcli:/workspaces/ros2-coding/install/ros2_controllers_test_nodes:/workspaces/ros2-coding/install/my_turtlesim:/workspaces/ros2-coding/install/issac_sim:/workspaces/ros2-coding/install/isaac_ros_navigation_goal:/workspaces/ros2-coding/install/human_controller:/opt/ros/jazzy /usr/bin/cmake --install /workspaces/ros2-coding/build/diff_drive_mover
