[0.035s] Invoking command in '/workspaces/ros2-coding/build/moveit_nao_config': CMAKE_PREFIX_PATH=${CMAKE_PREFIX_PATH}:/workspaces/ros2-coding/install/my_turtlesim:/workspaces/ros2-coding/install/issac_sim:/workspaces/ros2-coding/install/isaac_ros_navigation_goal:/workspaces/ros2-coding/install/human_controller:/opt/ros/jazzy /usr/bin/cmake --build /workspaces/ros2-coding/build/moveit_nao_config -- -j4 -l4
[1.205s] Invoked command in '/workspaces/ros2-coding/build/moveit_nao_config' returned '0': CMAKE_PREFIX_PATH=${CMAKE_PREFIX_PATH}:/workspaces/ros2-coding/install/my_turtlesim:/workspaces/ros2-coding/install/issac_sim:/workspaces/ros2-coding/install/isaac_ros_navigation_goal:/workspaces/ros2-coding/install/human_controller:/opt/ros/jazzy /usr/bin/cmake --build /workspaces/ros2-coding/build/moveit_nao_config -- -j4 -l4
[1.211s] Invoking command in '/workspaces/ros2-coding/build/moveit_nao_config': CMAKE_PREFIX_PATH=${CMAKE_PREFIX_PATH}:/workspaces/ros2-coding/install/my_turtlesim:/workspaces/ros2-coding/install/issac_sim:/workspaces/ros2-coding/install/isaac_ros_navigation_goal:/workspaces/ros2-coding/install/human_controller:/opt/ros/jazzy /usr/bin/cmake --install /workspaces/ros2-coding/build/moveit_nao_config
[1.259s] -- Install configuration: ""
[1.261s] -- Execute custom install script
[1.262s] -- Up-to-date symlink: /workspaces/ros2-coding/install/moveit_nao_config/share/moveit_nao_config/config/kinematics.yaml
[1.265s] -- Up-to-date symlink: /workspaces/ros2-coding/install/moveit_nao_config/share/moveit_nao_config/launch/move_group.launch.py
[1.267s] -- Up-to-date symlink: /workspaces/ros2-coding/install/moveit_nao_config/share/moveit_nao_config/srdf/nao.srdf
[1.267s] -- Up-to-date symlink: /workspaces/ros2-coding/install/moveit_nao_config/share/ament_index/resource_index/package_run_dependencies/moveit_nao_config
[1.270s] -- Up-to-date symlink: /workspaces/ros2-coding/install/moveit_nao_config/share/ament_index/resource_index/parent_prefix_path/moveit_nao_config
[1.270s] -- Up-to-date symlink: /workspaces/ros2-coding/install/moveit_nao_config/share/moveit_nao_config/environment/ament_prefix_path.sh
[1.271s] -- Up-to-date symlink: /workspaces/ros2-coding/install/moveit_nao_config/share/moveit_nao_config/environment/ament_prefix_path.dsv
[1.271s] -- Up-to-date symlink: /workspaces/ros2-coding/install/moveit_nao_config/share/moveit_nao_config/environment/path.sh
[1.271s] -- Up-to-date symlink: /workspaces/ros2-coding/install/moveit_nao_config/share/moveit_nao_config/environment/path.dsv
[1.271s] -- Up-to-date symlink: /workspaces/ros2-coding/install/moveit_nao_config/share/moveit_nao_config/local_setup.bash
[1.271s] -- Up-to-date symlink: /workspaces/ros2-coding/install/moveit_nao_config/share/moveit_nao_config/local_setup.sh
[1.282s] -- Up-to-date symlink: /workspaces/ros2-coding/install/moveit_nao_config/share/moveit_nao_config/local_setup.zsh
[1.282s] -- Up-to-date symlink: /workspaces/ros2-coding/install/moveit_nao_config/share/moveit_nao_config/local_setup.dsv
[1.283s] -- Symlinking: /workspaces/ros2-coding/install/moveit_nao_config/share/moveit_nao_config/package.dsv
[1.325s] -- Up-to-date symlink: /workspaces/ros2-coding/install/moveit_nao_config/share/ament_index/resource_index/packages/moveit_nao_config
[1.325s] -- Up-to-date symlink: /workspaces/ros2-coding/install/moveit_nao_config/share/moveit_nao_config/cmake/moveit_nao_configConfig.cmake
[1.327s] -- Up-to-date symlink: /workspaces/ros2-coding/install/moveit_nao_config/share/moveit_nao_config/cmake/moveit_nao_configConfig-version.cmake
[1.327s] -- Up-to-date symlink: /workspaces/ros2-coding/install/moveit_nao_config/share/moveit_nao_config/package.xml
[1.330s] Invoked command in '/workspaces/ros2-coding/build/moveit_nao_config' returned '0': CMAKE_PREFIX_PATH=${CMAKE_PREFIX_PATH}:/workspaces/ros2-coding/install/my_turtlesim:/workspaces/ros2-coding/install/issac_sim:/workspaces/ros2-coding/install/isaac_ros_navigation_goal:/workspaces/ros2-coding/install/human_controller:/opt/ros/jazzy /usr/bin/cmake --install /workspaces/ros2-coding/build/moveit_nao_config
