[0.081s] Invoking command in '/workspaces/ros2-coding/build/isaac_ros2_messages': CMAKE_PREFIX_PATH=${CMAKE_PREFIX_PATH}:/workspaces/ros2-coding/install/rqt_joint_trajectory_controller:/workspaces/ros2-coding/install/rqt_controller_manager:/workspaces/ros2-coding/install/ros2controlcli:/workspaces/ros2-coding/install/ros2_controllers_test_nodes:/workspaces/ros2-coding/install/my_turtlesim:/workspaces/ros2-coding/install/issac_sim:/workspaces/ros2-coding/install/isaac_ros_navigation_goal:/opt/ros/jazzy /usr/bin/cmake --build /workspaces/ros2-coding/build/isaac_ros2_messages -- -j4 -l4
[0.473s] [  1%] Built target isaac_ros2_messages__rosidl_generator_type_description
[0.551s] [  1%] Built target ament_cmake_python_symlink_isaac_ros2_messages
[0.603s] [  2%] Built target isaac_ros2_messages__cpp
[0.701s] [ 25%] Built target isaac_ros2_messages__rosidl_generator_c
[0.869s] [ 35%] Built target isaac_ros2_messages__rosidl_typesupport_cpp
[1.096s] [ 44%] Built target isaac_ros2_messages__rosidl_typesupport_fastrtps_cpp
[1.376s] [ 54%] Built target isaac_ros2_messages__rosidl_typesupport_introspection_c
[1.620s] [ 63%] Built target isaac_ros2_messages__rosidl_typesupport_c
[1.633s] running egg_info
[1.778s] writing isaac_ros2_messages.egg-info/PKG-INFO
[1.781s] writing dependency_links to isaac_ros2_messages.egg-info/dependency_links.txt
[1.785s] writing top-level names to isaac_ros2_messages.egg-info/top_level.txt
[1.900s] [ 72%] Built target isaac_ros2_messages__rosidl_typesupport_introspection_cpp
[2.166s] reading manifest file 'isaac_ros2_messages.egg-info/SOURCES.txt'
[2.173s] writing manifest file 'isaac_ros2_messages.egg-info/SOURCES.txt'
[2.185s] [ 82%] Built target isaac_ros2_messages__rosidl_typesupport_fastrtps_c
[2.397s] [ 82%] Built target ament_cmake_python_build_isaac_ros2_messages_egg
[2.607s] [ 82%] Built target isaac_ros2_messages
[2.821s] [ 83%] Built target isaac_ros2_messages__py
[3.102s] [ 91%] Built target isaac_ros2_messages__rosidl_generator_py
[3.255s] [ 94%] Built target isaac_ros2_messages_s__rosidl_typesupport_fastrtps_c
[3.559s] [ 97%] Built target isaac_ros2_messages_s__rosidl_typesupport_c
[3.733s] [100%] Built target isaac_ros2_messages_s__rosidl_typesupport_introspection_c
[3.893s] Invoked command in '/workspaces/ros2-coding/build/isaac_ros2_messages' returned '0': CMAKE_PREFIX_PATH=${CMAKE_PREFIX_PATH}:/workspaces/ros2-coding/install/rqt_joint_trajectory_controller:/workspaces/ros2-coding/install/rqt_controller_manager:/workspaces/ros2-coding/install/ros2controlcli:/workspaces/ros2-coding/install/ros2_controllers_test_nodes:/workspaces/ros2-coding/install/my_turtlesim:/workspaces/ros2-coding/install/issac_sim:/workspaces/ros2-coding/install/isaac_ros_navigation_goal:/opt/ros/jazzy /usr/bin/cmake --build /workspaces/ros2-coding/build/isaac_ros2_messages -- -j4 -l4
[3.894s] Invoking command in '/workspaces/ros2-coding/build/isaac_ros2_messages': CMAKE_PREFIX_PATH=${CMAKE_PREFIX_PATH}:/workspaces/ros2-coding/install/rqt_joint_trajectory_controller:/workspaces/ros2-coding/install/rqt_controller_manager:/workspaces/ros2-coding/install/ros2controlcli:/workspaces/ros2-coding/install/ros2_controllers_test_nodes:/workspaces/ros2-coding/install/my_turtlesim:/workspaces/ros2-coding/install/issac_sim:/workspaces/ros2-coding/install/isaac_ros_navigation_goal:/opt/ros/jazzy /usr/bin/cmake --install /workspaces/ros2-coding/build/isaac_ros2_messages
[4.004s] -- Install configuration: ""
[4.021s] -- Execute custom install script
[4.021s] -- Up-to-date symlink: /workspaces/ros2-coding/install/isaac_ros2_messages/share/ament_index/resource_index/rosidl_interfaces/isaac_ros2_messages
[4.021s] -- Up-to-date symlink: /workspaces/ros2-coding/install/isaac_ros2_messages/share/isaac_ros2_messages/srv/IsaacPose.json
[4.021s] -- Up-to-date symlink: /workspaces/ros2-coding/install/isaac_ros2_messages/share/isaac_ros2_messages/srv/GetPrims.json
[4.025s] -- Up-to-date symlink: /workspaces/ros2-coding/install/isaac_ros2_messages/share/isaac_ros2_messages/srv/GetPrimAttributes.json
[4.026s] -- Up-to-date symlink: /workspaces/ros2-coding/install/isaac_ros2_messages/share/isaac_ros2_messages/srv/GetPrimAttribute.json
[4.030s] -- Up-to-date symlink: /workspaces/ros2-coding/install/isaac_ros2_messages/share/isaac_ros2_messages/srv/SetPrimAttribute.json
[4.052s] -- Up-to-date symlink: /workspaces/ros2-coding/install/isaac_ros2_messages/include/isaac_ros2_messages/isaac_ros2_messages/msg/rosidl_generator_c__visibility_control.h
[4.052s] -- Up-to-date symlink: /workspaces/ros2-coding/install/isaac_ros2_messages/include/isaac_ros2_messages/isaac_ros2_messages/srv/detail/get_prim_attribute__functions.h
[4.053s] -- Up-to-date symlink: /workspaces/ros2-coding/install/isaac_ros2_messages/include/isaac_ros2_messages/isaac_ros2_messages/srv/detail/get_prim_attribute__struct.h
[4.053s] -- Up-to-date symlink: /workspaces/ros2-coding/install/isaac_ros2_messages/include/isaac_ros2_messages/isaac_ros2_messages/srv/detail/get_prim_attribute__type_support.h
[4.053s] -- Up-to-date symlink: /workspaces/ros2-coding/install/isaac_ros2_messages/include/isaac_ros2_messages/isaac_ros2_messages/srv/detail/get_prim_attributes__functions.h
[4.054s] -- Up-to-date symlink: /workspaces/ros2-coding/install/isaac_ros2_messages/include/isaac_ros2_messages/isaac_ros2_messages/srv/detail/get_prim_attributes__struct.h
[4.056s] -- Up-to-date symlink: /workspaces/ros2-coding/install/isaac_ros2_messages/include/isaac_ros2_messages/isaac_ros2_messages/srv/detail/get_prim_attributes__type_support.h
[4.056s] -- Up-to-date symlink: /workspaces/ros2-coding/install/isaac_ros2_messages/include/isaac_ros2_messages/isaac_ros2_messages/srv/detail/get_prims__functions.h
[4.059s] -- Up-to-date symlink: /workspaces/ros2-coding/install/isaac_ros2_messages/include/isaac_ros2_messages/isaac_ros2_messages/srv/detail/get_prims__struct.h
[4.059s] -- Up-to-date symlink: /workspaces/ros2-coding/install/isaac_ros2_messages/include/isaac_ros2_messages/isaac_ros2_messages/srv/detail/get_prims__type_support.h
[4.060s] -- Up-to-date symlink: /workspaces/ros2-coding/install/isaac_ros2_messages/include/isaac_ros2_messages/isaac_ros2_messages/srv/detail/isaac_pose__functions.h
[4.070s] -- Up-to-date symlink: /workspaces/ros2-coding/install/isaac_ros2_messages/include/isaac_ros2_messages/isaac_ros2_messages/srv/detail/isaac_pose__struct.h
[4.070s] -- Up-to-date symlink: /workspaces/ros2-coding/install/isaac_ros2_messages/include/isaac_ros2_messages/isaac_ros2_messages/srv/detail/isaac_pose__type_support.h
[4.070s] -- Up-to-date symlink: /workspaces/ros2-coding/install/isaac_ros2_messages/include/isaac_ros2_messages/isaac_ros2_messages/srv/detail/set_prim_attribute__functions.h
[4.070s] -- Up-to-date symlink: /workspaces/ros2-coding/install/isaac_ros2_messages/include/isaac_ros2_messages/isaac_ros2_messages/srv/detail/set_prim_attribute__struct.h
[4.071s] -- Up-to-date symlink: /workspaces/ros2-coding/install/isaac_ros2_messages/include/isaac_ros2_messages/isaac_ros2_messages/srv/detail/set_prim_attribute__type_support.h
[4.071s] -- Up-to-date symlink: /workspaces/ros2-coding/install/isaac_ros2_messages/include/isaac_ros2_messages/isaac_ros2_messages/srv/get_prim_attribute.h
[4.071s] -- Up-to-date symlink: /workspaces/ros2-coding/install/isaac_ros2_messages/include/isaac_ros2_messages/isaac_ros2_messages/srv/get_prim_attributes.h
[4.077s] -- Up-to-date symlink: /workspaces/ros2-coding/install/isaac_ros2_messages/include/isaac_ros2_messages/isaac_ros2_messages/srv/get_prims.h
[4.077s] -- Up-to-date symlink: /workspaces/ros2-coding/install/isaac_ros2_messages/include/isaac_ros2_messages/isaac_ros2_messages/srv/isaac_pose.h
[4.078s] -- Up-to-date symlink: /workspaces/ros2-coding/install/isaac_ros2_messages/include/isaac_ros2_messages/isaac_ros2_messages/srv/set_prim_attribute.h
[4.085s] -- Up-to-date symlink: /workspaces/ros2-coding/install/isaac_ros2_messages/share/isaac_ros2_messages/environment/library_path.sh
[4.086s] -- Up-to-date symlink: /workspaces/ros2-coding/install/isaac_ros2_messages/share/isaac_ros2_messages/environment/library_path.dsv
[4.087s] -- Up-to-date symlink: /workspaces/ros2-coding/install/isaac_ros2_messages/include/isaac_ros2_messages/isaac_ros2_messages/msg/rosidl_typesupport_fastrtps_c__visibility_control.h
[4.087s] -- Up-to-date symlink: /workspaces/ros2-coding/install/isaac_ros2_messages/include/isaac_ros2_messages/isaac_ros2_messages/srv/detail/get_prim_attribute__rosidl_typesupport_fastrtps_c.h
[4.109s] -- Up-to-date symlink: /workspaces/ros2-coding/install/isaac_ros2_messages/include/isaac_ros2_messages/isaac_ros2_messages/srv/detail/get_prim_attributes__rosidl_typesupport_fastrtps_c.h
[4.109s] -- Up-to-date symlink: /workspaces/ros2-coding/install/isaac_ros2_messages/include/isaac_ros2_messages/isaac_ros2_messages/srv/detail/get_prims__rosidl_typesupport_fastrtps_c.h
[4.109s] -- Up-to-date symlink: /workspaces/ros2-coding/install/isaac_ros2_messages/include/isaac_ros2_messages/isaac_ros2_messages/srv/detail/isaac_pose__rosidl_typesupport_fastrtps_c.h
[4.109s] -- Up-to-date symlink: /workspaces/ros2-coding/install/isaac_ros2_messages/include/isaac_ros2_messages/isaac_ros2_messages/srv/detail/set_prim_attribute__rosidl_typesupport_fastrtps_c.h
[4.109s] -- Up-to-date symlink: /workspaces/ros2-coding/install/isaac_ros2_messages/include/isaac_ros2_messages/isaac_ros2_messages/msg/rosidl_generator_cpp__visibility_control.hpp
[4.109s] -- Up-to-date symlink: /workspaces/ros2-coding/install/isaac_ros2_messages/include/isaac_ros2_messages/isaac_ros2_messages/srv/detail/get_prim_attribute__builder.hpp
[4.122s] -- Up-to-date symlink: /workspaces/ros2-coding/install/isaac_ros2_messages/include/isaac_ros2_messages/isaac_ros2_messages/srv/detail/get_prim_attribute__struct.hpp
[4.123s] -- Up-to-date symlink: /workspaces/ros2-coding/install/isaac_ros2_messages/include/isaac_ros2_messages/isaac_ros2_messages/srv/detail/get_prim_attribute__traits.hpp
[4.123s] -- Up-to-date symlink: /workspaces/ros2-coding/install/isaac_ros2_messages/include/isaac_ros2_messages/isaac_ros2_messages/srv/detail/get_prim_attribute__type_support.hpp
[4.123s] -- Up-to-date symlink: /workspaces/ros2-coding/install/isaac_ros2_messages/include/isaac_ros2_messages/isaac_ros2_messages/srv/detail/get_prim_attributes__builder.hpp
[4.123s] -- Up-to-date symlink: /workspaces/ros2-coding/install/isaac_ros2_messages/include/isaac_ros2_messages/isaac_ros2_messages/srv/detail/get_prim_attributes__struct.hpp
[4.130s] -- Up-to-date symlink: /workspaces/ros2-coding/install/isaac_ros2_messages/include/isaac_ros2_messages/isaac_ros2_messages/srv/detail/get_prim_attributes__traits.hpp
[4.130s] -- Up-to-date symlink: /workspaces/ros2-coding/install/isaac_ros2_messages/include/isaac_ros2_messages/isaac_ros2_messages/srv/detail/get_prim_attributes__type_support.hpp
[4.131s] -- Up-to-date symlink: /workspaces/ros2-coding/install/isaac_ros2_messages/include/isaac_ros2_messages/isaac_ros2_messages/srv/detail/get_prims__builder.hpp
[4.133s] -- Up-to-date symlink: /workspaces/ros2-coding/install/isaac_ros2_messages/include/isaac_ros2_messages/isaac_ros2_messages/srv/detail/get_prims__struct.hpp
[4.133s] -- Up-to-date symlink: /workspaces/ros2-coding/install/isaac_ros2_messages/include/isaac_ros2_messages/isaac_ros2_messages/srv/detail/get_prims__traits.hpp
[4.133s] -- Up-to-date symlink: /workspaces/ros2-coding/install/isaac_ros2_messages/include/isaac_ros2_messages/isaac_ros2_messages/srv/detail/get_prims__type_support.hpp
[4.134s] -- Up-to-date symlink: /workspaces/ros2-coding/install/isaac_ros2_messages/include/isaac_ros2_messages/isaac_ros2_messages/srv/detail/isaac_pose__builder.hpp
[4.137s] -- Up-to-date symlink: /workspaces/ros2-coding/install/isaac_ros2_messages/include/isaac_ros2_messages/isaac_ros2_messages/srv/detail/isaac_pose__struct.hpp
[4.139s] -- Up-to-date symlink: /workspaces/ros2-coding/install/isaac_ros2_messages/include/isaac_ros2_messages/isaac_ros2_messages/srv/detail/isaac_pose__traits.hpp
[4.140s] -- Up-to-date symlink: /workspaces/ros2-coding/install/isaac_ros2_messages/include/isaac_ros2_messages/isaac_ros2_messages/srv/detail/isaac_pose__type_support.hpp
[4.146s] -- Up-to-date symlink: /workspaces/ros2-coding/install/isaac_ros2_messages/include/isaac_ros2_messages/isaac_ros2_messages/srv/detail/set_prim_attribute__builder.hpp
[4.146s] -- Up-to-date symlink: /workspaces/ros2-coding/install/isaac_ros2_messages/include/isaac_ros2_messages/isaac_ros2_messages/srv/detail/set_prim_attribute__struct.hpp
[4.151s] -- Up-to-date symlink: /workspaces/ros2-coding/install/isaac_ros2_messages/include/isaac_ros2_messages/isaac_ros2_messages/srv/detail/set_prim_attribute__traits.hpp
[4.151s] -- Up-to-date symlink: /workspaces/ros2-coding/install/isaac_ros2_messages/include/isaac_ros2_messages/isaac_ros2_messages/srv/detail/set_prim_attribute__type_support.hpp
[4.152s] -- Up-to-date symlink: /workspaces/ros2-coding/install/isaac_ros2_messages/include/isaac_ros2_messages/isaac_ros2_messages/srv/get_prim_attribute.hpp
[4.152s] -- Up-to-date symlink: /workspaces/ros2-coding/install/isaac_ros2_messages/include/isaac_ros2_messages/isaac_ros2_messages/srv/get_prim_attributes.hpp
[4.155s] -- Up-to-date symlink: /workspaces/ros2-coding/install/isaac_ros2_messages/include/isaac_ros2_messages/isaac_ros2_messages/srv/get_prims.hpp
[4.160s] -- Up-to-date symlink: /workspaces/ros2-coding/install/isaac_ros2_messages/include/isaac_ros2_messages/isaac_ros2_messages/srv/isaac_pose.hpp
[4.160s] -- Up-to-date symlink: /workspaces/ros2-coding/install/isaac_ros2_messages/include/isaac_ros2_messages/isaac_ros2_messages/srv/set_prim_attribute.hpp
[4.171s] -- Up-to-date symlink: /workspaces/ros2-coding/install/isaac_ros2_messages/include/isaac_ros2_messages/isaac_ros2_messages/msg/rosidl_typesupport_fastrtps_cpp__visibility_control.h
[4.171s] -- Up-to-date symlink: /workspaces/ros2-coding/install/isaac_ros2_messages/include/isaac_ros2_messages/isaac_ros2_messages/srv/detail/get_prim_attribute__rosidl_typesupport_fastrtps_cpp.hpp
[4.171s] -- Up-to-date symlink: /workspaces/ros2-coding/install/isaac_ros2_messages/include/isaac_ros2_messages/isaac_ros2_messages/srv/detail/get_prim_attributes__rosidl_typesupport_fastrtps_cpp.hpp
[4.176s] -- Up-to-date symlink: /workspaces/ros2-coding/install/isaac_ros2_messages/include/isaac_ros2_messages/isaac_ros2_messages/srv/detail/get_prims__rosidl_typesupport_fastrtps_cpp.hpp
[4.176s] -- Up-to-date symlink: /workspaces/ros2-coding/install/isaac_ros2_messages/include/isaac_ros2_messages/isaac_ros2_messages/srv/detail/isaac_pose__rosidl_typesupport_fastrtps_cpp.hpp
[4.177s] -- Up-to-date symlink: /workspaces/ros2-coding/install/isaac_ros2_messages/include/isaac_ros2_messages/isaac_ros2_messages/srv/detail/set_prim_attribute__rosidl_typesupport_fastrtps_cpp.hpp
[4.192s] -- Up-to-date symlink: /workspaces/ros2-coding/install/isaac_ros2_messages/include/isaac_ros2_messages/isaac_ros2_messages/msg/rosidl_typesupport_introspection_c__visibility_control.h
[4.192s] -- Up-to-date symlink: /workspaces/ros2-coding/install/isaac_ros2_messages/include/isaac_ros2_messages/isaac_ros2_messages/srv/detail/get_prim_attribute__rosidl_typesupport_introspection_c.h
[4.192s] -- Up-to-date symlink: /workspaces/ros2-coding/install/isaac_ros2_messages/include/isaac_ros2_messages/isaac_ros2_messages/srv/detail/get_prim_attributes__rosidl_typesupport_introspection_c.h
[4.193s] -- Up-to-date symlink: /workspaces/ros2-coding/install/isaac_ros2_messages/include/isaac_ros2_messages/isaac_ros2_messages/srv/detail/get_prims__rosidl_typesupport_introspection_c.h
[4.193s] -- Up-to-date symlink: /workspaces/ros2-coding/install/isaac_ros2_messages/include/isaac_ros2_messages/isaac_ros2_messages/srv/detail/isaac_pose__rosidl_typesupport_introspection_c.h
[4.196s] -- Up-to-date symlink: /workspaces/ros2-coding/install/isaac_ros2_messages/include/isaac_ros2_messages/isaac_ros2_messages/srv/detail/set_prim_attribute__rosidl_typesupport_introspection_c.h
[4.199s] -- Up-to-date symlink: /workspaces/ros2-coding/install/isaac_ros2_messages/include/isaac_ros2_messages/isaac_ros2_messages/srv/detail/get_prim_attribute__rosidl_typesupport_introspection_cpp.hpp
[4.207s] -- Up-to-date symlink: /workspaces/ros2-coding/install/isaac_ros2_messages/include/isaac_ros2_messages/isaac_ros2_messages/srv/detail/get_prim_attributes__rosidl_typesupport_introspection_cpp.hpp
[4.209s] -- Up-to-date symlink: /workspaces/ros2-coding/install/isaac_ros2_messages/include/isaac_ros2_messages/isaac_ros2_messages/srv/detail/get_prims__rosidl_typesupport_introspection_cpp.hpp
[4.210s] -- Up-to-date symlink: /workspaces/ros2-coding/install/isaac_ros2_messages/include/isaac_ros2_messages/isaac_ros2_messages/srv/detail/isaac_pose__rosidl_typesupport_introspection_cpp.hpp
[4.217s] -- Up-to-date symlink: /workspaces/ros2-coding/install/isaac_ros2_messages/include/isaac_ros2_messages/isaac_ros2_messages/srv/detail/set_prim_attribute__rosidl_typesupport_introspection_cpp.hpp
[4.222s] -- Up-to-date symlink: /workspaces/ros2-coding/install/isaac_ros2_messages/share/isaac_ros2_messages/environment/pythonpath.sh
[4.222s] -- Up-to-date symlink: /workspaces/ros2-coding/install/isaac_ros2_messages/share/isaac_ros2_messages/environment/pythonpath.dsv
[4.222s] -- Up-to-date symlink: /workspaces/ros2-coding/install/isaac_ros2_messages/lib/python3.12/site-packages/isaac_ros2_messages-0.2.0-py3.12.egg-info/PKG-INFO
[4.229s] -- Up-to-date symlink: /workspaces/ros2-coding/install/isaac_ros2_messages/lib/python3.12/site-packages/isaac_ros2_messages-0.2.0-py3.12.egg-info/SOURCES.txt
[4.230s] -- Up-to-date symlink: /workspaces/ros2-coding/install/isaac_ros2_messages/lib/python3.12/site-packages/isaac_ros2_messages-0.2.0-py3.12.egg-info/dependency_links.txt
[4.230s] -- Up-to-date symlink: /workspaces/ros2-coding/install/isaac_ros2_messages/lib/python3.12/site-packages/isaac_ros2_messages-0.2.0-py3.12.egg-info/top_level.txt
[4.230s] -- Up-to-date symlink: /workspaces/ros2-coding/install/isaac_ros2_messages/lib/python3.12/site-packages/isaac_ros2_messages/__init__.py
[4.230s] -- Up-to-date symlink: /workspaces/ros2-coding/install/isaac_ros2_messages/lib/python3.12/site-packages/isaac_ros2_messages/_isaac_ros2_messages_s.ep.rosidl_typesupport_c.c
[4.230s] -- Up-to-date symlink: /workspaces/ros2-coding/install/isaac_ros2_messages/lib/python3.12/site-packages/isaac_ros2_messages/_isaac_ros2_messages_s.ep.rosidl_typesupport_fastrtps_c.c
[4.231s] -- Up-to-date symlink: /workspaces/ros2-coding/install/isaac_ros2_messages/lib/python3.12/site-packages/isaac_ros2_messages/_isaac_ros2_messages_s.ep.rosidl_typesupport_introspection_c.c
[4.231s] -- Up-to-date symlink: /workspaces/ros2-coding/install/isaac_ros2_messages/lib/python3.12/site-packages/isaac_ros2_messages/isaac_ros2_messages_s__rosidl_typesupport_c.so
[4.231s] -- Up-to-date symlink: /workspaces/ros2-coding/install/isaac_ros2_messages/lib/python3.12/site-packages/isaac_ros2_messages/isaac_ros2_messages_s__rosidl_typesupport_fastrtps_c.so
[4.233s] -- Up-to-date symlink: /workspaces/ros2-coding/install/isaac_ros2_messages/lib/python3.12/site-packages/isaac_ros2_messages/isaac_ros2_messages_s__rosidl_typesupport_introspection_c.so
[4.234s] -- Up-to-date symlink: /workspaces/ros2-coding/install/isaac_ros2_messages/lib/python3.12/site-packages/isaac_ros2_messages/srv/__init__.py
[4.236s] -- Up-to-date symlink: /workspaces/ros2-coding/install/isaac_ros2_messages/lib/python3.12/site-packages/isaac_ros2_messages/srv/_get_prim_attribute.py
[4.238s] -- Up-to-date symlink: /workspaces/ros2-coding/install/isaac_ros2_messages/lib/python3.12/site-packages/isaac_ros2_messages/srv/_get_prim_attribute_s.c
[4.238s] -- Up-to-date symlink: /workspaces/ros2-coding/install/isaac_ros2_messages/lib/python3.12/site-packages/isaac_ros2_messages/srv/_get_prim_attributes.py
[4.239s] -- Up-to-date symlink: /workspaces/ros2-coding/install/isaac_ros2_messages/lib/python3.12/site-packages/isaac_ros2_messages/srv/_get_prim_attributes_s.c
[4.239s] -- Up-to-date symlink: /workspaces/ros2-coding/install/isaac_ros2_messages/lib/python3.12/site-packages/isaac_ros2_messages/srv/_get_prims.py
[4.239s] -- Up-to-date symlink: /workspaces/ros2-coding/install/isaac_ros2_messages/lib/python3.12/site-packages/isaac_ros2_messages/srv/_get_prims_s.c
[4.239s] -- Up-to-date symlink: /workspaces/ros2-coding/install/isaac_ros2_messages/lib/python3.12/site-packages/isaac_ros2_messages/srv/_isaac_pose.py
[4.240s] -- Up-to-date symlink: /workspaces/ros2-coding/install/isaac_ros2_messages/lib/python3.12/site-packages/isaac_ros2_messages/srv/_isaac_pose_s.c
[4.247s] -- Up-to-date symlink: /workspaces/ros2-coding/install/isaac_ros2_messages/lib/python3.12/site-packages/isaac_ros2_messages/srv/_set_prim_attribute.py
[4.247s] -- Up-to-date symlink: /workspaces/ros2-coding/install/isaac_ros2_messages/lib/python3.12/site-packages/isaac_ros2_messages/srv/_set_prim_attribute_s.c
[4.248s] -- Up-to-date symlink: /workspaces/ros2-coding/install/isaac_ros2_messages/lib/python3.12/site-packages/isaac_ros2_messages/isaac_ros2_messages_s__rosidl_typesupport_fastrtps_c.so
[4.249s] -- Up-to-date symlink: /workspaces/ros2-coding/install/isaac_ros2_messages/lib/python3.12/site-packages/isaac_ros2_messages/isaac_ros2_messages_s__rosidl_typesupport_introspection_c.so
[4.250s] -- Up-to-date symlink: /workspaces/ros2-coding/install/isaac_ros2_messages/lib/python3.12/site-packages/isaac_ros2_messages/isaac_ros2_messages_s__rosidl_typesupport_c.so
[4.258s] -- Up-to-date symlink: /workspaces/ros2-coding/install/isaac_ros2_messages/share/isaac_ros2_messages/srv/IsaacPose.idl
[4.258s] -- Up-to-date symlink: /workspaces/ros2-coding/install/isaac_ros2_messages/share/isaac_ros2_messages/srv/GetPrims.idl
[4.258s] -- Up-to-date symlink: /workspaces/ros2-coding/install/isaac_ros2_messages/share/isaac_ros2_messages/srv/GetPrimAttributes.idl
[4.262s] -- Up-to-date symlink: /workspaces/ros2-coding/install/isaac_ros2_messages/share/isaac_ros2_messages/srv/GetPrimAttribute.idl
[4.265s] -- Up-to-date symlink: /workspaces/ros2-coding/install/isaac_ros2_messages/share/isaac_ros2_messages/srv/SetPrimAttribute.idl
[4.266s] -- Up-to-date symlink: /workspaces/ros2-coding/install/isaac_ros2_messages/share/isaac_ros2_messages/srv/IsaacPose.srv
[4.267s] -- Up-to-date symlink: /workspaces/ros2-coding/install/isaac_ros2_messages/share/isaac_ros2_messages/srv/GetPrims.srv
[4.270s] -- Up-to-date symlink: /workspaces/ros2-coding/install/isaac_ros2_messages/share/isaac_ros2_messages/srv/GetPrimAttributes.srv
[4.277s] -- Up-to-date symlink: /workspaces/ros2-coding/install/isaac_ros2_messages/share/isaac_ros2_messages/srv/GetPrimAttribute.srv
[4.277s] -- Up-to-date symlink: /workspaces/ros2-coding/install/isaac_ros2_messages/share/isaac_ros2_messages/srv/SetPrimAttribute.srv
[4.280s] -- Up-to-date symlink: /workspaces/ros2-coding/install/isaac_ros2_messages/share/ament_index/resource_index/package_run_dependencies/isaac_ros2_messages
[4.284s] -- Up-to-date symlink: /workspaces/ros2-coding/install/isaac_ros2_messages/share/ament_index/resource_index/parent_prefix_path/isaac_ros2_messages
[4.284s] -- Up-to-date symlink: /workspaces/ros2-coding/install/isaac_ros2_messages/share/isaac_ros2_messages/environment/ament_prefix_path.sh
[4.284s] -- Up-to-date symlink: /workspaces/ros2-coding/install/isaac_ros2_messages/share/isaac_ros2_messages/environment/ament_prefix_path.dsv
[4.284s] -- Up-to-date symlink: /workspaces/ros2-coding/install/isaac_ros2_messages/share/isaac_ros2_messages/environment/path.sh
[4.295s] -- Up-to-date symlink: /workspaces/ros2-coding/install/isaac_ros2_messages/share/isaac_ros2_messages/environment/path.dsv
[4.296s] -- Up-to-date symlink: /workspaces/ros2-coding/install/isaac_ros2_messages/share/isaac_ros2_messages/local_setup.bash
[4.296s] -- Up-to-date symlink: /workspaces/ros2-coding/install/isaac_ros2_messages/share/isaac_ros2_messages/local_setup.sh
[4.296s] -- Up-to-date symlink: /workspaces/ros2-coding/install/isaac_ros2_messages/share/isaac_ros2_messages/local_setup.zsh
[4.297s] -- Up-to-date symlink: /workspaces/ros2-coding/install/isaac_ros2_messages/share/isaac_ros2_messages/local_setup.dsv
[4.300s] -- Symlinking: /workspaces/ros2-coding/install/isaac_ros2_messages/share/isaac_ros2_messages/package.dsv
[4.474s] -- Up-to-date symlink: /workspaces/ros2-coding/install/isaac_ros2_messages/share/ament_index/resource_index/packages/isaac_ros2_messages
[4.474s] -- Up-to-date symlink: /workspaces/ros2-coding/install/isaac_ros2_messages/share/isaac_ros2_messages/cmake/rosidl_cmake-extras.cmake
[4.474s] -- Up-to-date symlink: /workspaces/ros2-coding/install/isaac_ros2_messages/share/isaac_ros2_messages/cmake/ament_cmake_export_dependencies-extras.cmake
[4.475s] -- Up-to-date symlink: /workspaces/ros2-coding/install/isaac_ros2_messages/share/isaac_ros2_messages/cmake/ament_cmake_export_include_directories-extras.cmake
[4.475s] -- Up-to-date symlink: /workspaces/ros2-coding/install/isaac_ros2_messages/share/isaac_ros2_messages/cmake/ament_cmake_export_libraries-extras.cmake
[4.475s] -- Up-to-date symlink: /workspaces/ros2-coding/install/isaac_ros2_messages/share/isaac_ros2_messages/cmake/ament_cmake_export_targets-extras.cmake
[4.498s] -- Up-to-date symlink: /workspaces/ros2-coding/install/isaac_ros2_messages/share/isaac_ros2_messages/cmake/rosidl_cmake_export_typesupport_targets-extras.cmake
[4.499s] -- Up-to-date symlink: /workspaces/ros2-coding/install/isaac_ros2_messages/share/isaac_ros2_messages/cmake/rosidl_cmake_export_typesupport_libraries-extras.cmake
[4.499s] -- Up-to-date symlink: /workspaces/ros2-coding/install/isaac_ros2_messages/share/isaac_ros2_messages/cmake/isaac_ros2_messagesConfig.cmake
[4.499s] -- Up-to-date symlink: /workspaces/ros2-coding/install/isaac_ros2_messages/share/isaac_ros2_messages/cmake/isaac_ros2_messagesConfig-version.cmake
[4.499s] -- Up-to-date symlink: /workspaces/ros2-coding/install/isaac_ros2_messages/share/isaac_ros2_messages/package.xml
[4.499s] -- Up-to-date: /workspaces/ros2-coding/install/isaac_ros2_messages/lib/libisaac_ros2_messages__rosidl_generator_c.so
[4.500s] -- Up-to-date: /workspaces/ros2-coding/install/isaac_ros2_messages/lib/libisaac_ros2_messages__rosidl_typesupport_fastrtps_c.so
[4.509s] -- Up-to-date: /workspaces/ros2-coding/install/isaac_ros2_messages/lib/libisaac_ros2_messages__rosidl_typesupport_fastrtps_cpp.so
[4.509s] -- Up-to-date: /workspaces/ros2-coding/install/isaac_ros2_messages/lib/libisaac_ros2_messages__rosidl_typesupport_introspection_c.so
[4.510s] -- Up-to-date: /workspaces/ros2-coding/install/isaac_ros2_messages/lib/libisaac_ros2_messages__rosidl_typesupport_c.so
[4.515s] -- Up-to-date: /workspaces/ros2-coding/install/isaac_ros2_messages/lib/libisaac_ros2_messages__rosidl_typesupport_introspection_cpp.so
[4.518s] -- Up-to-date: /workspaces/ros2-coding/install/isaac_ros2_messages/lib/libisaac_ros2_messages__rosidl_typesupport_cpp.so
[4.677s] Listing '/workspaces/ros2-coding/install/isaac_ros2_messages/lib/python3.12/site-packages/isaac_ros2_messages'...
[4.677s] Listing '/workspaces/ros2-coding/install/isaac_ros2_messages/lib/python3.12/site-packages/isaac_ros2_messages/srv'...
[4.701s] -- Up-to-date: /workspaces/ros2-coding/install/isaac_ros2_messages/lib/libisaac_ros2_messages__rosidl_generator_py.so
[4.705s] -- Up-to-date: /workspaces/ros2-coding/install/isaac_ros2_messages/share/isaac_ros2_messages/cmake/export_isaac_ros2_messages__rosidl_generator_cExport.cmake
[4.705s] -- Up-to-date: /workspaces/ros2-coding/install/isaac_ros2_messages/share/isaac_ros2_messages/cmake/export_isaac_ros2_messages__rosidl_generator_cExport-noconfig.cmake
[4.708s] -- Up-to-date: /workspaces/ros2-coding/install/isaac_ros2_messages/share/isaac_ros2_messages/cmake/export_isaac_ros2_messages__rosidl_typesupport_fastrtps_cExport.cmake
[4.708s] -- Up-to-date: /workspaces/ros2-coding/install/isaac_ros2_messages/share/isaac_ros2_messages/cmake/export_isaac_ros2_messages__rosidl_typesupport_fastrtps_cExport-noconfig.cmake
[4.709s] -- Up-to-date: /workspaces/ros2-coding/install/isaac_ros2_messages/share/isaac_ros2_messages/cmake/export_isaac_ros2_messages__rosidl_generator_cppExport.cmake
[4.709s] -- Up-to-date: /workspaces/ros2-coding/install/isaac_ros2_messages/share/isaac_ros2_messages/cmake/export_isaac_ros2_messages__rosidl_typesupport_fastrtps_cppExport.cmake
[4.709s] -- Up-to-date: /workspaces/ros2-coding/install/isaac_ros2_messages/share/isaac_ros2_messages/cmake/export_isaac_ros2_messages__rosidl_typesupport_fastrtps_cppExport-noconfig.cmake
[4.709s] -- Up-to-date: /workspaces/ros2-coding/install/isaac_ros2_messages/share/isaac_ros2_messages/cmake/isaac_ros2_messages__rosidl_typesupport_introspection_cExport.cmake
[4.709s] -- Up-to-date: /workspaces/ros2-coding/install/isaac_ros2_messages/share/isaac_ros2_messages/cmake/isaac_ros2_messages__rosidl_typesupport_introspection_cExport-noconfig.cmake
[4.710s] -- Up-to-date: /workspaces/ros2-coding/install/isaac_ros2_messages/share/isaac_ros2_messages/cmake/isaac_ros2_messages__rosidl_typesupport_cExport.cmake
[4.710s] -- Up-to-date: /workspaces/ros2-coding/install/isaac_ros2_messages/share/isaac_ros2_messages/cmake/isaac_ros2_messages__rosidl_typesupport_cExport-noconfig.cmake
[4.710s] -- Up-to-date: /workspaces/ros2-coding/install/isaac_ros2_messages/share/isaac_ros2_messages/cmake/isaac_ros2_messages__rosidl_typesupport_introspection_cppExport.cmake
[4.710s] -- Up-to-date: /workspaces/ros2-coding/install/isaac_ros2_messages/share/isaac_ros2_messages/cmake/isaac_ros2_messages__rosidl_typesupport_introspection_cppExport-noconfig.cmake
[4.710s] -- Up-to-date: /workspaces/ros2-coding/install/isaac_ros2_messages/share/isaac_ros2_messages/cmake/isaac_ros2_messages__rosidl_typesupport_cppExport.cmake
[4.710s] -- Up-to-date: /workspaces/ros2-coding/install/isaac_ros2_messages/share/isaac_ros2_messages/cmake/isaac_ros2_messages__rosidl_typesupport_cppExport-noconfig.cmake
[4.711s] -- Up-to-date: /workspaces/ros2-coding/install/isaac_ros2_messages/share/isaac_ros2_messages/cmake/export_isaac_ros2_messages__rosidl_generator_pyExport.cmake
[4.711s] -- Up-to-date: /workspaces/ros2-coding/install/isaac_ros2_messages/share/isaac_ros2_messages/cmake/export_isaac_ros2_messages__rosidl_generator_pyExport-noconfig.cmake
[4.724s] Invoked command in '/workspaces/ros2-coding/build/isaac_ros2_messages' returned '0': CMAKE_PREFIX_PATH=${CMAKE_PREFIX_PATH}:/workspaces/ros2-coding/install/rqt_joint_trajectory_controller:/workspaces/ros2-coding/install/rqt_controller_manager:/workspaces/ros2-coding/install/ros2controlcli:/workspaces/ros2-coding/install/ros2_controllers_test_nodes:/workspaces/ros2-coding/install/my_turtlesim:/workspaces/ros2-coding/install/issac_sim:/workspaces/ros2-coding/install/isaac_ros_navigation_goal:/opt/ros/jazzy /usr/bin/cmake --install /workspaces/ros2-coding/build/isaac_ros2_messages
