[0.788s] Invoking command in '/workspaces/ros2-coding/build/nao_gz_control': CMAKE_PREFIX_PATH=${CMAKE_PREFIX_PATH}:/workspaces/ros2-coding/install/rqt_joint_trajectory_controller:/workspaces/ros2-coding/install/rqt_controller_manager:/workspaces/ros2-coding/install/ros2controlcli:/workspaces/ros2-coding/install/ros2_controllers_test_nodes:/workspaces/ros2-coding/install/my_turtlesim:/workspaces/ros2-coding/install/issac_sim:/workspaces/ros2-coding/install/isaac_ros_navigation_goal:/opt/ros/jazzy /usr/bin/cmake --build /workspaces/ros2-coding/build/nao_gz_control -- -j4 -l4
[1.056s] Invoked command in '/workspaces/ros2-coding/build/nao_gz_control' returned '0': CMAKE_PREFIX_PATH=${CMAKE_PREFIX_PATH}:/workspaces/ros2-coding/install/rqt_joint_trajectory_controller:/workspaces/ros2-coding/install/rqt_controller_manager:/workspaces/ros2-coding/install/ros2controlcli:/workspaces/ros2-coding/install/ros2_controllers_test_nodes:/workspaces/ros2-coding/install/my_turtlesim:/workspaces/ros2-coding/install/issac_sim:/workspaces/ros2-coding/install/isaac_ros_navigation_goal:/opt/ros/jazzy /usr/bin/cmake --build /workspaces/ros2-coding/build/nao_gz_control -- -j4 -l4
[1.057s] Invoking command in '/workspaces/ros2-coding/build/nao_gz_control': CMAKE_PREFIX_PATH=${CMAKE_PREFIX_PATH}:/workspaces/ros2-coding/install/rqt_joint_trajectory_controller:/workspaces/ros2-coding/install/rqt_controller_manager:/workspaces/ros2-coding/install/ros2controlcli:/workspaces/ros2-coding/install/ros2_controllers_test_nodes:/workspaces/ros2-coding/install/my_turtlesim:/workspaces/ros2-coding/install/issac_sim:/workspaces/ros2-coding/install/isaac_ros_navigation_goal:/opt/ros/jazzy /usr/bin/cmake --install /workspaces/ros2-coding/build/nao_gz_control
[1.139s] -- Install configuration: ""
[1.139s] -- Execute custom install script
[1.139s] -- Up-to-date symlink: /workspaces/ros2-coding/install/nao_gz_control/share/nao_gz_control/launch/bringup.launch.py
[1.144s] -- Up-to-date symlink: /workspaces/ros2-coding/install/nao_gz_control/share/nao_gz_control/config/controllers.yaml
[1.145s] -- Up-to-date symlink: /workspaces/ros2-coding/install/nao_gz_control/share/ament_index/resource_index/package_run_dependencies/nao_gz_control
[1.150s] -- Up-to-date symlink: /workspaces/ros2-coding/install/nao_gz_control/share/ament_index/resource_index/parent_prefix_path/nao_gz_control
[1.150s] -- Up-to-date symlink: /workspaces/ros2-coding/install/nao_gz_control/share/nao_gz_control/environment/ament_prefix_path.sh
[1.150s] -- Up-to-date symlink: /workspaces/ros2-coding/install/nao_gz_control/share/nao_gz_control/environment/ament_prefix_path.dsv
[1.150s] -- Up-to-date symlink: /workspaces/ros2-coding/install/nao_gz_control/share/nao_gz_control/environment/path.sh
[1.150s] -- Up-to-date symlink: /workspaces/ros2-coding/install/nao_gz_control/share/nao_gz_control/environment/path.dsv
[1.151s] -- Up-to-date symlink: /workspaces/ros2-coding/install/nao_gz_control/share/nao_gz_control/local_setup.bash
[1.151s] -- Up-to-date symlink: /workspaces/ros2-coding/install/nao_gz_control/share/nao_gz_control/local_setup.sh
[1.154s] -- Up-to-date symlink: /workspaces/ros2-coding/install/nao_gz_control/share/nao_gz_control/local_setup.zsh
[1.154s] -- Up-to-date symlink: /workspaces/ros2-coding/install/nao_gz_control/share/nao_gz_control/local_setup.dsv
[1.155s] -- Symlinking: /workspaces/ros2-coding/install/nao_gz_control/share/nao_gz_control/package.dsv
[1.201s] -- Up-to-date symlink: /workspaces/ros2-coding/install/nao_gz_control/share/ament_index/resource_index/packages/nao_gz_control
[1.202s] -- Up-to-date symlink: /workspaces/ros2-coding/install/nao_gz_control/share/nao_gz_control/cmake/nao_gz_controlConfig.cmake
[1.203s] -- Up-to-date symlink: /workspaces/ros2-coding/install/nao_gz_control/share/nao_gz_control/cmake/nao_gz_controlConfig-version.cmake
[1.206s] -- Up-to-date symlink: /workspaces/ros2-coding/install/nao_gz_control/share/nao_gz_control/package.xml
[1.213s] Invoked command in '/workspaces/ros2-coding/build/nao_gz_control' returned '0': CMAKE_PREFIX_PATH=${CMAKE_PREFIX_PATH}:/workspaces/ros2-coding/install/rqt_joint_trajectory_controller:/workspaces/ros2-coding/install/rqt_controller_manager:/workspaces/ros2-coding/install/ros2controlcli:/workspaces/ros2-coding/install/ros2_controllers_test_nodes:/workspaces/ros2-coding/install/my_turtlesim:/workspaces/ros2-coding/install/issac_sim:/workspaces/ros2-coding/install/isaac_ros_navigation_goal:/opt/ros/jazzy /usr/bin/cmake --install /workspaces/ros2-coding/build/nao_gz_control
