[0.064s] Invoking command in '/workspaces/ros2-coding/build/custom_message': CMAKE_PREFIX_PATH=${CMAKE_PREFIX_PATH}:/workspaces/ros2-coding/install/rqt_joint_trajectory_controller:/workspaces/ros2-coding/install/rqt_controller_manager:/workspaces/ros2-coding/install/ros2controlcli:/workspaces/ros2-coding/install/ros2_controllers_test_nodes:/workspaces/ros2-coding/install/my_turtlesim:/workspaces/ros2-coding/install/issac_sim:/workspaces/ros2-coding/install/isaac_ros_navigation_goal:/opt/ros/jazzy /usr/bin/cmake --build /workspaces/ros2-coding/build/custom_message -- -j4 -l4
[0.296s] [  2%] Built target custom_message__rosidl_generator_type_description
[0.417s] [  2%] Built target ament_cmake_python_symlink_custom_message
[0.524s] [  5%] Built target custom_message__cpp
[1.227s] running egg_info
[1.281s] writing custom_message.egg-info/PKG-INFO
[1.281s] writing dependency_links to custom_message.egg-info/dependency_links.txt
[1.282s] writing top-level names to custom_message.egg-info/top_level.txt
[1.411s] reading manifest file 'custom_message.egg-info/SOURCES.txt'
[1.411s] writing manifest file 'custom_message.egg-info/SOURCES.txt'
[1.508s] [  5%] Built target ament_cmake_python_build_custom_message_egg
[1.634s] [ 20%] Built target custom_message__rosidl_generator_c
[1.752s] [ 29%] Built target custom_message__rosidl_typesupport_c
[1.963s] [ 38%] Built target custom_message__rosidl_typesupport_fastrtps_c
[2.092s] [ 47%] Built target custom_message__rosidl_typesupport_fastrtps_cpp
[2.267s] [ 55%] Built target custom_message__rosidl_typesupport_introspection_c
[2.396s] [ 64%] Built target custom_message__rosidl_typesupport_cpp
[2.581s] [ 73%] Built target custom_message__rosidl_typesupport_introspection_cpp
[2.717s] [ 73%] Built target custom_message
[2.800s] [ 76%] Built target custom_message__py
[2.957s] [ 82%] Built target custom_message__rosidl_generator_py
[3.172s] [ 88%] Built target custom_message_s__rosidl_typesupport_fastrtps_c
[3.351s] [ 94%] Built target custom_message_s__rosidl_typesupport_c
[3.561s] [100%] Built target custom_message_s__rosidl_typesupport_introspection_c
[3.679s] Invoked command in '/workspaces/ros2-coding/build/custom_message' returned '0': CMAKE_PREFIX_PATH=${CMAKE_PREFIX_PATH}:/workspaces/ros2-coding/install/rqt_joint_trajectory_controller:/workspaces/ros2-coding/install/rqt_controller_manager:/workspaces/ros2-coding/install/ros2controlcli:/workspaces/ros2-coding/install/ros2_controllers_test_nodes:/workspaces/ros2-coding/install/my_turtlesim:/workspaces/ros2-coding/install/issac_sim:/workspaces/ros2-coding/install/isaac_ros_navigation_goal:/opt/ros/jazzy /usr/bin/cmake --build /workspaces/ros2-coding/build/custom_message -- -j4 -l4
[3.679s] Invoking command in '/workspaces/ros2-coding/build/custom_message': CMAKE_PREFIX_PATH=${CMAKE_PREFIX_PATH}:/workspaces/ros2-coding/install/rqt_joint_trajectory_controller:/workspaces/ros2-coding/install/rqt_controller_manager:/workspaces/ros2-coding/install/ros2controlcli:/workspaces/ros2-coding/install/ros2_controllers_test_nodes:/workspaces/ros2-coding/install/my_turtlesim:/workspaces/ros2-coding/install/issac_sim:/workspaces/ros2-coding/install/isaac_ros_navigation_goal:/opt/ros/jazzy /usr/bin/cmake --install /workspaces/ros2-coding/build/custom_message
[3.755s] -- Install configuration: ""
[3.755s] -- Execute custom install script
[3.756s] -- Up-to-date symlink: /workspaces/ros2-coding/install/custom_message/share/ament_index/resource_index/rosidl_interfaces/custom_message
[3.757s] -- Up-to-date symlink: /workspaces/ros2-coding/install/custom_message/share/custom_message/msg/SampleMsg.json
[3.760s] -- Up-to-date symlink: /workspaces/ros2-coding/install/custom_message/include/custom_message/custom_message/msg/detail/sample_msg__functions.h
[3.760s] -- Up-to-date symlink: /workspaces/ros2-coding/install/custom_message/include/custom_message/custom_message/msg/detail/sample_msg__struct.h
[3.767s] -- Up-to-date symlink: /workspaces/ros2-coding/install/custom_message/include/custom_message/custom_message/msg/detail/sample_msg__type_support.h
[3.768s] -- Up-to-date symlink: /workspaces/ros2-coding/install/custom_message/include/custom_message/custom_message/msg/rosidl_generator_c__visibility_control.h
[3.768s] -- Up-to-date symlink: /workspaces/ros2-coding/install/custom_message/include/custom_message/custom_message/msg/sample_msg.h
[3.768s] -- Up-to-date symlink: /workspaces/ros2-coding/install/custom_message/share/custom_message/environment/library_path.sh
[3.769s] -- Up-to-date symlink: /workspaces/ros2-coding/install/custom_message/share/custom_message/environment/library_path.dsv
[3.769s] -- Up-to-date symlink: /workspaces/ros2-coding/install/custom_message/include/custom_message/custom_message/msg/detail/sample_msg__rosidl_typesupport_fastrtps_c.h
[3.775s] -- Up-to-date symlink: /workspaces/ros2-coding/install/custom_message/include/custom_message/custom_message/msg/rosidl_typesupport_fastrtps_c__visibility_control.h
[3.776s] -- Up-to-date symlink: /workspaces/ros2-coding/install/custom_message/include/custom_message/custom_message/msg/detail/sample_msg__builder.hpp
[3.776s] -- Up-to-date symlink: /workspaces/ros2-coding/install/custom_message/include/custom_message/custom_message/msg/detail/sample_msg__struct.hpp
[3.776s] -- Up-to-date symlink: /workspaces/ros2-coding/install/custom_message/include/custom_message/custom_message/msg/detail/sample_msg__traits.hpp
[3.776s] -- Up-to-date symlink: /workspaces/ros2-coding/install/custom_message/include/custom_message/custom_message/msg/detail/sample_msg__type_support.hpp
[3.781s] -- Up-to-date symlink: /workspaces/ros2-coding/install/custom_message/include/custom_message/custom_message/msg/rosidl_generator_cpp__visibility_control.hpp
[3.782s] -- Up-to-date symlink: /workspaces/ros2-coding/install/custom_message/include/custom_message/custom_message/msg/sample_msg.hpp
[3.782s] -- Up-to-date symlink: /workspaces/ros2-coding/install/custom_message/include/custom_message/custom_message/msg/detail/sample_msg__rosidl_typesupport_fastrtps_cpp.hpp
[3.782s] -- Up-to-date symlink: /workspaces/ros2-coding/install/custom_message/include/custom_message/custom_message/msg/rosidl_typesupport_fastrtps_cpp__visibility_control.h
[3.782s] -- Up-to-date symlink: /workspaces/ros2-coding/install/custom_message/include/custom_message/custom_message/msg/detail/sample_msg__rosidl_typesupport_introspection_c.h
[3.782s] -- Up-to-date symlink: /workspaces/ros2-coding/install/custom_message/include/custom_message/custom_message/msg/rosidl_typesupport_introspection_c__visibility_control.h
[3.782s] -- Up-to-date symlink: /workspaces/ros2-coding/install/custom_message/include/custom_message/custom_message/msg/detail/sample_msg__rosidl_typesupport_introspection_cpp.hpp
[3.782s] -- Up-to-date symlink: /workspaces/ros2-coding/install/custom_message/share/custom_message/environment/pythonpath.sh
[3.786s] -- Up-to-date symlink: /workspaces/ros2-coding/install/custom_message/share/custom_message/environment/pythonpath.dsv
[3.786s] -- Up-to-date symlink: /workspaces/ros2-coding/install/custom_message/lib/python3.12/site-packages/custom_message-0.0.0-py3.12.egg-info/PKG-INFO
[3.787s] -- Up-to-date symlink: /workspaces/ros2-coding/install/custom_message/lib/python3.12/site-packages/custom_message-0.0.0-py3.12.egg-info/SOURCES.txt
[3.788s] -- Up-to-date symlink: /workspaces/ros2-coding/install/custom_message/lib/python3.12/site-packages/custom_message-0.0.0-py3.12.egg-info/dependency_links.txt
[3.788s] -- Up-to-date symlink: /workspaces/ros2-coding/install/custom_message/lib/python3.12/site-packages/custom_message-0.0.0-py3.12.egg-info/top_level.txt
[3.788s] -- Up-to-date symlink: /workspaces/ros2-coding/install/custom_message/lib/python3.12/site-packages/custom_message/__init__.py
[3.788s] -- Up-to-date symlink: /workspaces/ros2-coding/install/custom_message/lib/python3.12/site-packages/custom_message/_custom_message_s.ep.rosidl_typesupport_c.c
[3.793s] -- Up-to-date symlink: /workspaces/ros2-coding/install/custom_message/lib/python3.12/site-packages/custom_message/_custom_message_s.ep.rosidl_typesupport_fastrtps_c.c
[3.793s] -- Up-to-date symlink: /workspaces/ros2-coding/install/custom_message/lib/python3.12/site-packages/custom_message/_custom_message_s.ep.rosidl_typesupport_introspection_c.c
[3.797s] -- Up-to-date symlink: /workspaces/ros2-coding/install/custom_message/lib/python3.12/site-packages/custom_message/custom_message_s__rosidl_typesupport_c.so
[3.797s] -- Up-to-date symlink: /workspaces/ros2-coding/install/custom_message/lib/python3.12/site-packages/custom_message/custom_message_s__rosidl_typesupport_fastrtps_c.so
[3.800s] -- Up-to-date symlink: /workspaces/ros2-coding/install/custom_message/lib/python3.12/site-packages/custom_message/custom_message_s__rosidl_typesupport_introspection_c.so
[3.807s] -- Up-to-date symlink: /workspaces/ros2-coding/install/custom_message/lib/python3.12/site-packages/custom_message/msg/__init__.py
[3.808s] -- Up-to-date symlink: /workspaces/ros2-coding/install/custom_message/lib/python3.12/site-packages/custom_message/msg/_sample_msg.py
[3.808s] -- Up-to-date symlink: /workspaces/ros2-coding/install/custom_message/lib/python3.12/site-packages/custom_message/msg/_sample_msg_s.c
[3.808s] -- Up-to-date symlink: /workspaces/ros2-coding/install/custom_message/lib/python3.12/site-packages/custom_message/custom_message_s__rosidl_typesupport_fastrtps_c.so
[3.808s] -- Up-to-date symlink: /workspaces/ros2-coding/install/custom_message/lib/python3.12/site-packages/custom_message/custom_message_s__rosidl_typesupport_introspection_c.so
[3.808s] -- Up-to-date symlink: /workspaces/ros2-coding/install/custom_message/lib/python3.12/site-packages/custom_message/custom_message_s__rosidl_typesupport_c.so
[3.809s] -- Up-to-date symlink: /workspaces/ros2-coding/install/custom_message/share/custom_message/msg/SampleMsg.idl
[3.809s] -- Up-to-date symlink: /workspaces/ros2-coding/install/custom_message/share/custom_message/msg/SampleMsg.msg
[3.809s] -- Up-to-date symlink: /workspaces/ros2-coding/install/custom_message/share/ament_index/resource_index/package_run_dependencies/custom_message
[3.809s] -- Up-to-date symlink: /workspaces/ros2-coding/install/custom_message/share/ament_index/resource_index/parent_prefix_path/custom_message
[3.809s] -- Up-to-date symlink: /workspaces/ros2-coding/install/custom_message/share/custom_message/environment/ament_prefix_path.sh
[3.809s] -- Up-to-date symlink: /workspaces/ros2-coding/install/custom_message/share/custom_message/environment/ament_prefix_path.dsv
[3.810s] -- Up-to-date symlink: /workspaces/ros2-coding/install/custom_message/share/custom_message/environment/path.sh
[3.810s] -- Up-to-date symlink: /workspaces/ros2-coding/install/custom_message/share/custom_message/environment/path.dsv
[3.810s] -- Up-to-date symlink: /workspaces/ros2-coding/install/custom_message/share/custom_message/local_setup.bash
[3.810s] -- Up-to-date symlink: /workspaces/ros2-coding/install/custom_message/share/custom_message/local_setup.sh
[3.822s] -- Up-to-date symlink: /workspaces/ros2-coding/install/custom_message/share/custom_message/local_setup.zsh
[3.822s] -- Up-to-date symlink: /workspaces/ros2-coding/install/custom_message/share/custom_message/local_setup.dsv
[3.822s] -- Symlinking: /workspaces/ros2-coding/install/custom_message/share/custom_message/package.dsv
[3.860s] -- Up-to-date symlink: /workspaces/ros2-coding/install/custom_message/share/ament_index/resource_index/packages/custom_message
[3.861s] -- Up-to-date symlink: /workspaces/ros2-coding/install/custom_message/share/custom_message/cmake/rosidl_cmake-extras.cmake
[3.862s] -- Up-to-date symlink: /workspaces/ros2-coding/install/custom_message/share/custom_message/cmake/ament_cmake_export_dependencies-extras.cmake
[3.863s] -- Up-to-date symlink: /workspaces/ros2-coding/install/custom_message/share/custom_message/cmake/ament_cmake_export_include_directories-extras.cmake
[3.863s] -- Up-to-date symlink: /workspaces/ros2-coding/install/custom_message/share/custom_message/cmake/ament_cmake_export_libraries-extras.cmake
[3.863s] -- Up-to-date symlink: /workspaces/ros2-coding/install/custom_message/share/custom_message/cmake/ament_cmake_export_targets-extras.cmake
[3.863s] -- Up-to-date symlink: /workspaces/ros2-coding/install/custom_message/share/custom_message/cmake/rosidl_cmake_export_typesupport_targets-extras.cmake
[3.868s] -- Up-to-date symlink: /workspaces/ros2-coding/install/custom_message/share/custom_message/cmake/rosidl_cmake_export_typesupport_libraries-extras.cmake
[3.868s] -- Up-to-date symlink: /workspaces/ros2-coding/install/custom_message/share/custom_message/cmake/custom_messageConfig.cmake
[3.869s] -- Up-to-date symlink: /workspaces/ros2-coding/install/custom_message/share/custom_message/cmake/custom_messageConfig-version.cmake
[3.869s] -- Up-to-date symlink: /workspaces/ros2-coding/install/custom_message/share/custom_message/package.xml
[3.869s] -- Up-to-date: /workspaces/ros2-coding/install/custom_message/lib/libcustom_message__rosidl_generator_c.so
[3.877s] -- Up-to-date: /workspaces/ros2-coding/install/custom_message/lib/libcustom_message__rosidl_typesupport_fastrtps_c.so
[3.877s] -- Up-to-date: /workspaces/ros2-coding/install/custom_message/lib/libcustom_message__rosidl_typesupport_fastrtps_cpp.so
[3.878s] -- Up-to-date: /workspaces/ros2-coding/install/custom_message/lib/libcustom_message__rosidl_typesupport_introspection_c.so
[3.878s] -- Up-to-date: /workspaces/ros2-coding/install/custom_message/lib/libcustom_message__rosidl_typesupport_c.so
[3.882s] -- Up-to-date: /workspaces/ros2-coding/install/custom_message/lib/libcustom_message__rosidl_typesupport_introspection_cpp.so
[3.883s] -- Up-to-date: /workspaces/ros2-coding/install/custom_message/lib/libcustom_message__rosidl_typesupport_cpp.so
[4.070s] Listing '/workspaces/ros2-coding/install/custom_message/lib/python3.12/site-packages/custom_message'...
[4.070s] Listing '/workspaces/ros2-coding/install/custom_message/lib/python3.12/site-packages/custom_message/msg'...
[4.079s] -- Up-to-date: /workspaces/ros2-coding/install/custom_message/lib/libcustom_message__rosidl_generator_py.so
[4.081s] -- Up-to-date: /workspaces/ros2-coding/install/custom_message/share/custom_message/cmake/export_custom_message__rosidl_generator_cExport.cmake
[4.081s] -- Up-to-date: /workspaces/ros2-coding/install/custom_message/share/custom_message/cmake/export_custom_message__rosidl_generator_cExport-noconfig.cmake
[4.083s] -- Up-to-date: /workspaces/ros2-coding/install/custom_message/share/custom_message/cmake/export_custom_message__rosidl_typesupport_fastrtps_cExport.cmake
[4.084s] -- Up-to-date: /workspaces/ros2-coding/install/custom_message/share/custom_message/cmake/export_custom_message__rosidl_typesupport_fastrtps_cExport-noconfig.cmake
[4.084s] -- Up-to-date: /workspaces/ros2-coding/install/custom_message/share/custom_message/cmake/export_custom_message__rosidl_generator_cppExport.cmake
[4.084s] -- Up-to-date: /workspaces/ros2-coding/install/custom_message/share/custom_message/cmake/export_custom_message__rosidl_typesupport_fastrtps_cppExport.cmake
[4.084s] -- Up-to-date: /workspaces/ros2-coding/install/custom_message/share/custom_message/cmake/export_custom_message__rosidl_typesupport_fastrtps_cppExport-noconfig.cmake
[4.084s] -- Up-to-date: /workspaces/ros2-coding/install/custom_message/share/custom_message/cmake/custom_message__rosidl_typesupport_introspection_cExport.cmake
[4.085s] -- Up-to-date: /workspaces/ros2-coding/install/custom_message/share/custom_message/cmake/custom_message__rosidl_typesupport_introspection_cExport-noconfig.cmake
[4.085s] -- Up-to-date: /workspaces/ros2-coding/install/custom_message/share/custom_message/cmake/custom_message__rosidl_typesupport_cExport.cmake
[4.085s] -- Up-to-date: /workspaces/ros2-coding/install/custom_message/share/custom_message/cmake/custom_message__rosidl_typesupport_cExport-noconfig.cmake
[4.085s] -- Up-to-date: /workspaces/ros2-coding/install/custom_message/share/custom_message/cmake/custom_message__rosidl_typesupport_introspection_cppExport.cmake
[4.086s] -- Up-to-date: /workspaces/ros2-coding/install/custom_message/share/custom_message/cmake/custom_message__rosidl_typesupport_introspection_cppExport-noconfig.cmake
[4.086s] -- Up-to-date: /workspaces/ros2-coding/install/custom_message/share/custom_message/cmake/custom_message__rosidl_typesupport_cppExport.cmake
[4.086s] -- Up-to-date: /workspaces/ros2-coding/install/custom_message/share/custom_message/cmake/custom_message__rosidl_typesupport_cppExport-noconfig.cmake
[4.086s] -- Up-to-date: /workspaces/ros2-coding/install/custom_message/share/custom_message/cmake/export_custom_message__rosidl_generator_pyExport.cmake
[4.086s] -- Up-to-date: /workspaces/ros2-coding/install/custom_message/share/custom_message/cmake/export_custom_message__rosidl_generator_pyExport-noconfig.cmake
[4.094s] Invoked command in '/workspaces/ros2-coding/build/custom_message' returned '0': CMAKE_PREFIX_PATH=${CMAKE_PREFIX_PATH}:/workspaces/ros2-coding/install/rqt_joint_trajectory_controller:/workspaces/ros2-coding/install/rqt_controller_manager:/workspaces/ros2-coding/install/ros2controlcli:/workspaces/ros2-coding/install/ros2_controllers_test_nodes:/workspaces/ros2-coding/install/my_turtlesim:/workspaces/ros2-coding/install/issac_sim:/workspaces/ros2-coding/install/isaac_ros_navigation_goal:/opt/ros/jazzy /usr/bin/cmake --install /workspaces/ros2-coding/build/custom_message
