[0.090s] Invoking command in '/workspaces/ros2-coding/build/isaac_tutorials': CMAKE_PREFIX_PATH=${CMAKE_PREFIX_PATH}:/workspaces/ros2-coding/install/rqt_joint_trajectory_controller:/workspaces/ros2-coding/install/rqt_controller_manager:/workspaces/ros2-coding/install/ros2controlcli:/workspaces/ros2-coding/install/ros2_controllers_test_nodes:/workspaces/ros2-coding/install/my_turtlesim:/workspaces/ros2-coding/install/issac_sim:/workspaces/ros2-coding/install/isaac_ros_navigation_goal:/workspaces/ros2-coding/install/human_controller:/opt/ros/jazzy /usr/bin/cmake --build /workspaces/ros2-coding/build/isaac_tutorials -- -j4 -l4
[0.908s] -- Found ament_cmake: 2.5.4 (/opt/ros/jazzy/share/ament_cmake/cmake)
[1.632s] -- Override CMake install command with custom implementation using symlinks instead of copying resources
[1.787s] -- Found rclpy: 7.1.5 (/opt/ros/jazzy/share/rclpy/cmake)
[2.283s] -- Configuring done (1.7s)
[2.308s] -- Generating done (0.0s)
[2.317s] -- Build files have been written to: /workspaces/ros2-coding/build/isaac_tutorials
[2.483s] Invoked command in '/workspaces/ros2-coding/build/isaac_tutorials' returned '0': CMAKE_PREFIX_PATH=${CMAKE_PREFIX_PATH}:/workspaces/ros2-coding/install/rqt_joint_trajectory_controller:/workspaces/ros2-coding/install/rqt_controller_manager:/workspaces/ros2-coding/install/ros2controlcli:/workspaces/ros2-coding/install/ros2_controllers_test_nodes:/workspaces/ros2-coding/install/my_turtlesim:/workspaces/ros2-coding/install/issac_sim:/workspaces/ros2-coding/install/isaac_ros_navigation_goal:/workspaces/ros2-coding/install/human_controller:/opt/ros/jazzy /usr/bin/cmake --build /workspaces/ros2-coding/build/isaac_tutorials -- -j4 -l4
[2.486s] Invoking command in '/workspaces/ros2-coding/build/isaac_tutorials': CMAKE_PREFIX_PATH=${CMAKE_PREFIX_PATH}:/workspaces/ros2-coding/install/rqt_joint_trajectory_controller:/workspaces/ros2-coding/install/rqt_controller_manager:/workspaces/ros2-coding/install/ros2controlcli:/workspaces/ros2-coding/install/ros2_controllers_test_nodes:/workspaces/ros2-coding/install/my_turtlesim:/workspaces/ros2-coding/install/issac_sim:/workspaces/ros2-coding/install/isaac_ros_navigation_goal:/workspaces/ros2-coding/install/human_controller:/opt/ros/jazzy /usr/bin/cmake --install /workspaces/ros2-coding/build/isaac_tutorials
[2.557s] -- Install configuration: ""
[2.561s] -- Execute custom install script
[2.562s] -- Up-to-date symlink: /workspaces/ros2-coding/install/isaac_tutorials/share/isaac_tutorials/rviz2/camera_lidar.rviz
[2.566s] -- Up-to-date symlink: /workspaces/ros2-coding/install/isaac_tutorials/share/isaac_tutorials/rviz2/camera_manual.rviz
[2.566s] -- Up-to-date symlink: /workspaces/ros2-coding/install/isaac_tutorials/share/isaac_tutorials/rviz2/carter_stereo.rviz
[2.566s] -- Up-to-date symlink: /workspaces/ros2-coding/install/isaac_tutorials/share/isaac_tutorials/rviz2/rtx_lidar.rviz
[2.566s] -- Up-to-date symlink: /workspaces/ros2-coding/install/isaac_tutorials/share/isaac_tutorials/rviz2/turtle_stereo.rviz
[2.574s] -- Up-to-date symlink: /workspaces/ros2-coding/install/isaac_tutorials/share/isaac_tutorials/scripts/ros2_ackermann_publisher.py
[2.578s] -- Up-to-date symlink: /workspaces/ros2-coding/install/isaac_tutorials/share/isaac_tutorials/scripts/ros2_publisher.py
[2.578s] -- Up-to-date symlink: /workspaces/ros2-coding/install/isaac_tutorials/share/isaac_tutorials/scripts/ros2_publisher_multi_mode.py
[2.579s] -- Up-to-date symlink: /workspaces/ros2-coding/install/isaac_tutorials/share/isaac_tutorials/scripts/ros2_publisher_test.py
[2.579s] -- Up-to-date symlink: /workspaces/ros2-coding/install/isaac_tutorials/lib/isaac_tutorials/ros2_publisher.py
[2.579s] -- Up-to-date symlink: /workspaces/ros2-coding/install/isaac_tutorials/lib/isaac_tutorials/ros2_ackermann_publisher.py
[2.579s] -- Up-to-date symlink: /workspaces/ros2-coding/install/isaac_tutorials/share/ament_index/resource_index/package_run_dependencies/isaac_tutorials
[2.580s] -- Up-to-date symlink: /workspaces/ros2-coding/install/isaac_tutorials/share/ament_index/resource_index/parent_prefix_path/isaac_tutorials
[2.580s] -- Up-to-date symlink: /workspaces/ros2-coding/install/isaac_tutorials/share/isaac_tutorials/environment/ament_prefix_path.sh
[2.580s] -- Up-to-date symlink: /workspaces/ros2-coding/install/isaac_tutorials/share/isaac_tutorials/environment/ament_prefix_path.dsv
[2.581s] -- Up-to-date symlink: /workspaces/ros2-coding/install/isaac_tutorials/share/isaac_tutorials/environment/path.sh
[2.584s] -- Up-to-date symlink: /workspaces/ros2-coding/install/isaac_tutorials/share/isaac_tutorials/environment/path.dsv
[2.584s] -- Up-to-date symlink: /workspaces/ros2-coding/install/isaac_tutorials/share/isaac_tutorials/local_setup.bash
[2.585s] -- Up-to-date symlink: /workspaces/ros2-coding/install/isaac_tutorials/share/isaac_tutorials/local_setup.sh
[2.585s] -- Up-to-date symlink: /workspaces/ros2-coding/install/isaac_tutorials/share/isaac_tutorials/local_setup.zsh
[2.585s] -- Up-to-date symlink: /workspaces/ros2-coding/install/isaac_tutorials/share/isaac_tutorials/local_setup.dsv
[2.585s] -- Symlinking: /workspaces/ros2-coding/install/isaac_tutorials/share/isaac_tutorials/package.dsv
[2.662s] -- Up-to-date symlink: /workspaces/ros2-coding/install/isaac_tutorials/share/ament_index/resource_index/packages/isaac_tutorials
[2.663s] -- Up-to-date symlink: /workspaces/ros2-coding/install/isaac_tutorials/share/isaac_tutorials/cmake/isaac_tutorialsConfig.cmake
[2.663s] -- Up-to-date symlink: /workspaces/ros2-coding/install/isaac_tutorials/share/isaac_tutorials/cmake/isaac_tutorialsConfig-version.cmake
[2.665s] -- Up-to-date symlink: /workspaces/ros2-coding/install/isaac_tutorials/share/isaac_tutorials/package.xml
[2.676s] Invoked command in '/workspaces/ros2-coding/build/isaac_tutorials' returned '0': CMAKE_PREFIX_PATH=${CMAKE_PREFIX_PATH}:/workspaces/ros2-coding/install/rqt_joint_trajectory_controller:/workspaces/ros2-coding/install/rqt_controller_manager:/workspaces/ros2-coding/install/ros2controlcli:/workspaces/ros2-coding/install/ros2_controllers_test_nodes:/workspaces/ros2-coding/install/my_turtlesim:/workspaces/ros2-coding/install/issac_sim:/workspaces/ros2-coding/install/isaac_ros_navigation_goal:/workspaces/ros2-coding/install/human_controller:/opt/ros/jazzy /usr/bin/cmake --install /workspaces/ros2-coding/build/isaac_tutorials
