[0.138s] Invoking command in '/workspaces/ros2-coding/build/diff_drive_mover': CMAKE_PREFIX_PATH=${CMAKE_PREFIX_PATH}:/workspaces/ros2-coding/install/rqt_joint_trajectory_controller:/workspaces/ros2-coding/install/rqt_controller_manager:/workspaces/ros2-coding/install/ros2controlcli:/workspaces/ros2-coding/install/ros2_controllers_test_nodes:/workspaces/ros2-coding/install/my_turtlesim:/workspaces/ros2-coding/install/issac_sim:/workspaces/ros2-coding/install/isaac_ros_navigation_goal:/opt/ros/jazzy /usr/bin/cmake --build /workspaces/ros2-coding/build/diff_drive_mover -- -j4 -l4
[0.351s] Invoked command in '/workspaces/ros2-coding/build/diff_drive_mover' returned '0': CMAKE_PREFIX_PATH=${CMAKE_PREFIX_PATH}:/workspaces/ros2-coding/install/rqt_joint_trajectory_controller:/workspaces/ros2-coding/install/rqt_controller_manager:/workspaces/ros2-coding/install/ros2controlcli:/workspaces/ros2-coding/install/ros2_controllers_test_nodes:/workspaces/ros2-coding/install/my_turtlesim:/workspaces/ros2-coding/install/issac_sim:/workspaces/ros2-coding/install/isaac_ros_navigation_goal:/opt/ros/jazzy /usr/bin/cmake --build /workspaces/ros2-coding/build/diff_drive_mover -- -j4 -l4
[0.351s] Invoking command in '/workspaces/ros2-coding/build/diff_drive_mover': CMAKE_PREFIX_PATH=${CMAKE_PREFIX_PATH}:/workspaces/ros2-coding/install/rqt_joint_trajectory_controller:/workspaces/ros2-coding/install/rqt_controller_manager:/workspaces/ros2-coding/install/ros2controlcli:/workspaces/ros2-coding/install/ros2_controllers_test_nodes:/workspaces/ros2-coding/install/my_turtlesim:/workspaces/ros2-coding/install/issac_sim:/workspaces/ros2-coding/install/isaac_ros_navigation_goal:/opt/ros/jazzy /usr/bin/cmake --install /workspaces/ros2-coding/build/diff_drive_mover
[0.398s] -- Install configuration: ""
[0.398s] -- Execute custom install script
[0.399s] -- Up-to-date symlink: /workspaces/ros2-coding/install/diff_drive_mover/share/diff_drive_mover/urdf/h1_2_simplified.urdf
[0.405s] -- Up-to-date symlink: /workspaces/ros2-coding/install/diff_drive_mover/share/diff_drive_mover/launch/__pycache__/view_h1.launch.cpython-312.pyc
[0.405s] -- Up-to-date symlink: /workspaces/ros2-coding/install/diff_drive_mover/share/diff_drive_mover/launch/view_h1.launch.py
[0.405s] -- Up-to-date symlink: /workspaces/ros2-coding/install/diff_drive_mover/share/ament_index/resource_index/package_run_dependencies/diff_drive_mover
[0.405s] -- Up-to-date symlink: /workspaces/ros2-coding/install/diff_drive_mover/share/ament_index/resource_index/parent_prefix_path/diff_drive_mover
[0.405s] -- Up-to-date symlink: /workspaces/ros2-coding/install/diff_drive_mover/share/diff_drive_mover/environment/ament_prefix_path.sh
[0.406s] -- Up-to-date symlink: /workspaces/ros2-coding/install/diff_drive_mover/share/diff_drive_mover/environment/ament_prefix_path.dsv
[0.411s] -- Up-to-date symlink: /workspaces/ros2-coding/install/diff_drive_mover/share/diff_drive_mover/environment/path.sh
[0.414s] -- Up-to-date symlink: /workspaces/ros2-coding/install/diff_drive_mover/share/diff_drive_mover/environment/path.dsv
[0.416s] -- Up-to-date symlink: /workspaces/ros2-coding/install/diff_drive_mover/share/diff_drive_mover/local_setup.bash
[0.417s] -- Up-to-date symlink: /workspaces/ros2-coding/install/diff_drive_mover/share/diff_drive_mover/local_setup.sh
[0.417s] -- Up-to-date symlink: /workspaces/ros2-coding/install/diff_drive_mover/share/diff_drive_mover/local_setup.zsh
[0.420s] -- Up-to-date symlink: /workspaces/ros2-coding/install/diff_drive_mover/share/diff_drive_mover/local_setup.dsv
[0.423s] -- Symlinking: /workspaces/ros2-coding/install/diff_drive_mover/share/diff_drive_mover/package.dsv
[0.468s] -- Up-to-date symlink: /workspaces/ros2-coding/install/diff_drive_mover/share/ament_index/resource_index/packages/diff_drive_mover
[0.468s] -- Up-to-date symlink: /workspaces/ros2-coding/install/diff_drive_mover/share/diff_drive_mover/cmake/diff_drive_moverConfig.cmake
[0.473s] -- Up-to-date symlink: /workspaces/ros2-coding/install/diff_drive_mover/share/diff_drive_mover/cmake/diff_drive_moverConfig-version.cmake
[0.473s] -- Up-to-date symlink: /workspaces/ros2-coding/install/diff_drive_mover/share/diff_drive_mover/package.xml
[0.474s] Invoked command in '/workspaces/ros2-coding/build/diff_drive_mover' returned '0': CMAKE_PREFIX_PATH=${CMAKE_PREFIX_PATH}:/workspaces/ros2-coding/install/rqt_joint_trajectory_controller:/workspaces/ros2-coding/install/rqt_controller_manager:/workspaces/ros2-coding/install/ros2controlcli:/workspaces/ros2-coding/install/ros2_controllers_test_nodes:/workspaces/ros2-coding/install/my_turtlesim:/workspaces/ros2-coding/install/issac_sim:/workspaces/ros2-coding/install/isaac_ros_navigation_goal:/opt/ros/jazzy /usr/bin/cmake --install /workspaces/ros2-coding/build/diff_drive_mover
