[0.143s] Invoking command in '/workspaces/ros2-coding/build/custom_message': CMAKE_PREFIX_PATH=${CMAKE_PREFIX_PATH}:/workspaces/ros2-coding/install/rqt_joint_trajectory_controller:/workspaces/ros2-coding/install/rqt_controller_manager:/workspaces/ros2-coding/install/ros2controlcli:/workspaces/ros2-coding/install/ros2_controllers_test_nodes:/workspaces/ros2-coding/install/my_turtlesim:/workspaces/ros2-coding/install/issac_sim:/workspaces/ros2-coding/install/isaac_ros_navigation_goal:/workspaces/ros2-coding/install/human_controller:/opt/ros/jazzy /usr/bin/cmake --build /workspaces/ros2-coding/build/custom_message -- -j4 -l4
[0.556s] [  2%] Built target custom_message__rosidl_generator_type_description
[0.693s] [  2%] Built target ament_cmake_python_symlink_custom_message
[0.779s] [  5%] Built target custom_message__cpp
[1.564s] running egg_info
[1.661s] writing custom_message.egg-info/PKG-INFO
[1.667s] writing dependency_links to custom_message.egg-info/dependency_links.txt
[1.667s] writing top-level names to custom_message.egg-info/top_level.txt
[1.836s] reading manifest file 'custom_message.egg-info/SOURCES.txt'
[1.867s] writing manifest file 'custom_message.egg-info/SOURCES.txt'
[1.966s] [  5%] Built target ament_cmake_python_build_custom_message_egg
[2.253s] [ 20%] Built target custom_message__rosidl_generator_c
[2.354s] [ 29%] Built target custom_message__rosidl_typesupport_c
[2.550s] [ 38%] Built target custom_message__rosidl_typesupport_fastrtps_c
[2.770s] [ 47%] Built target custom_message__rosidl_typesupport_fastrtps_cpp
[2.982s] [ 55%] Built target custom_message__rosidl_typesupport_introspection_c
[3.135s] [ 64%] Built target custom_message__rosidl_typesupport_cpp
[3.303s] [ 73%] Built target custom_message__rosidl_typesupport_introspection_cpp
[3.425s] [ 73%] Built target custom_message
[3.735s] [ 76%] Built target custom_message__py
[3.958s] [ 82%] Built target custom_message__rosidl_generator_py
[4.182s] [ 88%] Built target custom_message_s__rosidl_typesupport_fastrtps_c
[4.545s] [ 94%] Built target custom_message_s__rosidl_typesupport_c
[4.830s] [100%] Built target custom_message_s__rosidl_typesupport_introspection_c
[4.964s] Invoked command in '/workspaces/ros2-coding/build/custom_message' returned '0': CMAKE_PREFIX_PATH=${CMAKE_PREFIX_PATH}:/workspaces/ros2-coding/install/rqt_joint_trajectory_controller:/workspaces/ros2-coding/install/rqt_controller_manager:/workspaces/ros2-coding/install/ros2controlcli:/workspaces/ros2-coding/install/ros2_controllers_test_nodes:/workspaces/ros2-coding/install/my_turtlesim:/workspaces/ros2-coding/install/issac_sim:/workspaces/ros2-coding/install/isaac_ros_navigation_goal:/workspaces/ros2-coding/install/human_controller:/opt/ros/jazzy /usr/bin/cmake --build /workspaces/ros2-coding/build/custom_message -- -j4 -l4
[4.977s] Invoking command in '/workspaces/ros2-coding/build/custom_message': CMAKE_PREFIX_PATH=${CMAKE_PREFIX_PATH}:/workspaces/ros2-coding/install/rqt_joint_trajectory_controller:/workspaces/ros2-coding/install/rqt_controller_manager:/workspaces/ros2-coding/install/ros2controlcli:/workspaces/ros2-coding/install/ros2_controllers_test_nodes:/workspaces/ros2-coding/install/my_turtlesim:/workspaces/ros2-coding/install/issac_sim:/workspaces/ros2-coding/install/isaac_ros_navigation_goal:/workspaces/ros2-coding/install/human_controller:/opt/ros/jazzy /usr/bin/cmake --install /workspaces/ros2-coding/build/custom_message
[5.085s] -- Install configuration: ""
[5.089s] -- Execute custom install script
[5.092s] -- Up-to-date symlink: /workspaces/ros2-coding/install/custom_message/share/ament_index/resource_index/rosidl_interfaces/custom_message
[5.093s] -- Up-to-date symlink: /workspaces/ros2-coding/install/custom_message/share/custom_message/msg/SampleMsg.json
[5.100s] -- Up-to-date symlink: /workspaces/ros2-coding/install/custom_message/include/custom_message/custom_message/msg/detail/sample_msg__functions.h
[5.101s] -- Up-to-date symlink: /workspaces/ros2-coding/install/custom_message/include/custom_message/custom_message/msg/detail/sample_msg__struct.h
[5.101s] -- Up-to-date symlink: /workspaces/ros2-coding/install/custom_message/include/custom_message/custom_message/msg/detail/sample_msg__type_support.h
[5.102s] -- Up-to-date symlink: /workspaces/ros2-coding/install/custom_message/include/custom_message/custom_message/msg/rosidl_generator_c__visibility_control.h
[5.104s] -- Up-to-date symlink: /workspaces/ros2-coding/install/custom_message/include/custom_message/custom_message/msg/sample_msg.h
[5.104s] -- Up-to-date symlink: /workspaces/ros2-coding/install/custom_message/share/custom_message/environment/library_path.sh
[5.105s] -- Up-to-date symlink: /workspaces/ros2-coding/install/custom_message/share/custom_message/environment/library_path.dsv
[5.107s] -- Up-to-date symlink: /workspaces/ros2-coding/install/custom_message/include/custom_message/custom_message/msg/detail/sample_msg__rosidl_typesupport_fastrtps_c.h
[5.109s] -- Up-to-date symlink: /workspaces/ros2-coding/install/custom_message/include/custom_message/custom_message/msg/rosidl_typesupport_fastrtps_c__visibility_control.h
[5.112s] -- Up-to-date symlink: /workspaces/ros2-coding/install/custom_message/include/custom_message/custom_message/msg/detail/sample_msg__builder.hpp
[5.114s] -- Up-to-date symlink: /workspaces/ros2-coding/install/custom_message/include/custom_message/custom_message/msg/detail/sample_msg__struct.hpp
[5.116s] -- Up-to-date symlink: /workspaces/ros2-coding/install/custom_message/include/custom_message/custom_message/msg/detail/sample_msg__traits.hpp
[5.118s] -- Up-to-date symlink: /workspaces/ros2-coding/install/custom_message/include/custom_message/custom_message/msg/detail/sample_msg__type_support.hpp
[5.119s] -- Up-to-date symlink: /workspaces/ros2-coding/install/custom_message/include/custom_message/custom_message/msg/rosidl_generator_cpp__visibility_control.hpp
[5.120s] -- Up-to-date symlink: /workspaces/ros2-coding/install/custom_message/include/custom_message/custom_message/msg/sample_msg.hpp
[5.124s] -- Up-to-date symlink: /workspaces/ros2-coding/install/custom_message/include/custom_message/custom_message/msg/detail/sample_msg__rosidl_typesupport_fastrtps_cpp.hpp
[5.126s] -- Up-to-date symlink: /workspaces/ros2-coding/install/custom_message/include/custom_message/custom_message/msg/rosidl_typesupport_fastrtps_cpp__visibility_control.h
[5.127s] -- Up-to-date symlink: /workspaces/ros2-coding/install/custom_message/include/custom_message/custom_message/msg/detail/sample_msg__rosidl_typesupport_introspection_c.h
[5.128s] -- Up-to-date symlink: /workspaces/ros2-coding/install/custom_message/include/custom_message/custom_message/msg/rosidl_typesupport_introspection_c__visibility_control.h
[5.131s] -- Up-to-date symlink: /workspaces/ros2-coding/install/custom_message/include/custom_message/custom_message/msg/detail/sample_msg__rosidl_typesupport_introspection_cpp.hpp
[5.132s] -- Up-to-date symlink: /workspaces/ros2-coding/install/custom_message/share/custom_message/environment/pythonpath.sh
[5.133s] -- Up-to-date symlink: /workspaces/ros2-coding/install/custom_message/share/custom_message/environment/pythonpath.dsv
[5.145s] -- Up-to-date symlink: /workspaces/ros2-coding/install/custom_message/lib/python3.12/site-packages/custom_message-0.0.0-py3.12.egg-info/PKG-INFO
[5.147s] -- Up-to-date symlink: /workspaces/ros2-coding/install/custom_message/lib/python3.12/site-packages/custom_message-0.0.0-py3.12.egg-info/SOURCES.txt
[5.149s] -- Up-to-date symlink: /workspaces/ros2-coding/install/custom_message/lib/python3.12/site-packages/custom_message-0.0.0-py3.12.egg-info/dependency_links.txt
[5.149s] -- Up-to-date symlink: /workspaces/ros2-coding/install/custom_message/lib/python3.12/site-packages/custom_message-0.0.0-py3.12.egg-info/top_level.txt
[5.153s] -- Up-to-date symlink: /workspaces/ros2-coding/install/custom_message/lib/python3.12/site-packages/custom_message/__init__.py
[5.154s] -- Up-to-date symlink: /workspaces/ros2-coding/install/custom_message/lib/python3.12/site-packages/custom_message/_custom_message_s.ep.rosidl_typesupport_c.c
[5.155s] -- Up-to-date symlink: /workspaces/ros2-coding/install/custom_message/lib/python3.12/site-packages/custom_message/_custom_message_s.ep.rosidl_typesupport_fastrtps_c.c
[5.155s] -- Up-to-date symlink: /workspaces/ros2-coding/install/custom_message/lib/python3.12/site-packages/custom_message/_custom_message_s.ep.rosidl_typesupport_introspection_c.c
[5.156s] -- Up-to-date symlink: /workspaces/ros2-coding/install/custom_message/lib/python3.12/site-packages/custom_message/custom_message_s__rosidl_typesupport_c.so
[5.156s] -- Up-to-date symlink: /workspaces/ros2-coding/install/custom_message/lib/python3.12/site-packages/custom_message/custom_message_s__rosidl_typesupport_fastrtps_c.so
[5.157s] -- Up-to-date symlink: /workspaces/ros2-coding/install/custom_message/lib/python3.12/site-packages/custom_message/custom_message_s__rosidl_typesupport_introspection_c.so
[5.160s] -- Up-to-date symlink: /workspaces/ros2-coding/install/custom_message/lib/python3.12/site-packages/custom_message/msg/__init__.py
[5.160s] -- Up-to-date symlink: /workspaces/ros2-coding/install/custom_message/lib/python3.12/site-packages/custom_message/msg/_sample_msg.py
[5.160s] -- Up-to-date symlink: /workspaces/ros2-coding/install/custom_message/lib/python3.12/site-packages/custom_message/msg/_sample_msg_s.c
[5.219s] -- Up-to-date symlink: /workspaces/ros2-coding/install/custom_message/lib/python3.12/site-packages/custom_message/custom_message_s__rosidl_typesupport_fastrtps_c.so
[5.222s] -- Up-to-date symlink: /workspaces/ros2-coding/install/custom_message/lib/python3.12/site-packages/custom_message/custom_message_s__rosidl_typesupport_introspection_c.so
[5.227s] -- Up-to-date symlink: /workspaces/ros2-coding/install/custom_message/lib/python3.12/site-packages/custom_message/custom_message_s__rosidl_typesupport_c.so
[5.227s] -- Up-to-date symlink: /workspaces/ros2-coding/install/custom_message/share/custom_message/msg/SampleMsg.idl
[5.229s] -- Up-to-date symlink: /workspaces/ros2-coding/install/custom_message/share/custom_message/msg/SampleMsg.msg
[5.230s] -- Up-to-date symlink: /workspaces/ros2-coding/install/custom_message/share/ament_index/resource_index/package_run_dependencies/custom_message
[5.231s] -- Up-to-date symlink: /workspaces/ros2-coding/install/custom_message/share/ament_index/resource_index/parent_prefix_path/custom_message
[5.233s] -- Up-to-date symlink: /workspaces/ros2-coding/install/custom_message/share/custom_message/environment/ament_prefix_path.sh
[5.233s] -- Up-to-date symlink: /workspaces/ros2-coding/install/custom_message/share/custom_message/environment/ament_prefix_path.dsv
[5.234s] -- Up-to-date symlink: /workspaces/ros2-coding/install/custom_message/share/custom_message/environment/path.sh
[5.236s] -- Up-to-date symlink: /workspaces/ros2-coding/install/custom_message/share/custom_message/environment/path.dsv
[5.236s] -- Up-to-date symlink: /workspaces/ros2-coding/install/custom_message/share/custom_message/local_setup.bash
[5.239s] -- Up-to-date symlink: /workspaces/ros2-coding/install/custom_message/share/custom_message/local_setup.sh
[5.239s] -- Up-to-date symlink: /workspaces/ros2-coding/install/custom_message/share/custom_message/local_setup.zsh
[5.241s] -- Up-to-date symlink: /workspaces/ros2-coding/install/custom_message/share/custom_message/local_setup.dsv
[5.242s] -- Symlinking: /workspaces/ros2-coding/install/custom_message/share/custom_message/package.dsv
[5.291s] -- Up-to-date symlink: /workspaces/ros2-coding/install/custom_message/share/ament_index/resource_index/packages/custom_message
[5.292s] -- Up-to-date symlink: /workspaces/ros2-coding/install/custom_message/share/custom_message/cmake/rosidl_cmake-extras.cmake
[5.292s] -- Up-to-date symlink: /workspaces/ros2-coding/install/custom_message/share/custom_message/cmake/ament_cmake_export_dependencies-extras.cmake
[5.293s] -- Up-to-date symlink: /workspaces/ros2-coding/install/custom_message/share/custom_message/cmake/ament_cmake_export_include_directories-extras.cmake
[5.293s] -- Up-to-date symlink: /workspaces/ros2-coding/install/custom_message/share/custom_message/cmake/ament_cmake_export_libraries-extras.cmake
[5.294s] -- Up-to-date symlink: /workspaces/ros2-coding/install/custom_message/share/custom_message/cmake/ament_cmake_export_targets-extras.cmake
[5.294s] -- Up-to-date symlink: /workspaces/ros2-coding/install/custom_message/share/custom_message/cmake/rosidl_cmake_export_typesupport_targets-extras.cmake
[5.294s] -- Up-to-date symlink: /workspaces/ros2-coding/install/custom_message/share/custom_message/cmake/rosidl_cmake_export_typesupport_libraries-extras.cmake
[5.295s] -- Up-to-date symlink: /workspaces/ros2-coding/install/custom_message/share/custom_message/cmake/custom_messageConfig.cmake
[5.296s] -- Up-to-date symlink: /workspaces/ros2-coding/install/custom_message/share/custom_message/cmake/custom_messageConfig-version.cmake
[5.296s] -- Up-to-date symlink: /workspaces/ros2-coding/install/custom_message/share/custom_message/package.xml
[5.311s] -- Up-to-date: /workspaces/ros2-coding/install/custom_message/lib/libcustom_message__rosidl_generator_c.so
[5.319s] -- Up-to-date: /workspaces/ros2-coding/install/custom_message/lib/libcustom_message__rosidl_typesupport_fastrtps_c.so
[5.320s] -- Up-to-date: /workspaces/ros2-coding/install/custom_message/lib/libcustom_message__rosidl_typesupport_fastrtps_cpp.so
[5.324s] -- Up-to-date: /workspaces/ros2-coding/install/custom_message/lib/libcustom_message__rosidl_typesupport_introspection_c.so
[5.365s] -- Up-to-date: /workspaces/ros2-coding/install/custom_message/lib/libcustom_message__rosidl_typesupport_c.so
[5.366s] -- Up-to-date: /workspaces/ros2-coding/install/custom_message/lib/libcustom_message__rosidl_typesupport_introspection_cpp.so
[5.376s] -- Up-to-date: /workspaces/ros2-coding/install/custom_message/lib/libcustom_message__rosidl_typesupport_cpp.so
[5.552s] Listing '/workspaces/ros2-coding/install/custom_message/lib/python3.12/site-packages/custom_message'...
[5.557s] Listing '/workspaces/ros2-coding/install/custom_message/lib/python3.12/site-packages/custom_message/msg'...
[5.579s] -- Up-to-date: /workspaces/ros2-coding/install/custom_message/lib/libcustom_message__rosidl_generator_py.so
[5.581s] -- Up-to-date: /workspaces/ros2-coding/install/custom_message/share/custom_message/cmake/export_custom_message__rosidl_generator_cExport.cmake
[5.582s] -- Up-to-date: /workspaces/ros2-coding/install/custom_message/share/custom_message/cmake/export_custom_message__rosidl_generator_cExport-noconfig.cmake
[5.586s] -- Up-to-date: /workspaces/ros2-coding/install/custom_message/share/custom_message/cmake/export_custom_message__rosidl_typesupport_fastrtps_cExport.cmake
[5.586s] -- Up-to-date: /workspaces/ros2-coding/install/custom_message/share/custom_message/cmake/export_custom_message__rosidl_typesupport_fastrtps_cExport-noconfig.cmake
[5.588s] -- Up-to-date: /workspaces/ros2-coding/install/custom_message/share/custom_message/cmake/export_custom_message__rosidl_generator_cppExport.cmake
[5.588s] -- Up-to-date: /workspaces/ros2-coding/install/custom_message/share/custom_message/cmake/export_custom_message__rosidl_typesupport_fastrtps_cppExport.cmake
[5.591s] -- Up-to-date: /workspaces/ros2-coding/install/custom_message/share/custom_message/cmake/export_custom_message__rosidl_typesupport_fastrtps_cppExport-noconfig.cmake
[5.592s] -- Up-to-date: /workspaces/ros2-coding/install/custom_message/share/custom_message/cmake/custom_message__rosidl_typesupport_introspection_cExport.cmake
[5.592s] -- Up-to-date: /workspaces/ros2-coding/install/custom_message/share/custom_message/cmake/custom_message__rosidl_typesupport_introspection_cExport-noconfig.cmake
[5.595s] -- Up-to-date: /workspaces/ros2-coding/install/custom_message/share/custom_message/cmake/custom_message__rosidl_typesupport_cExport.cmake
[5.597s] -- Up-to-date: /workspaces/ros2-coding/install/custom_message/share/custom_message/cmake/custom_message__rosidl_typesupport_cExport-noconfig.cmake
[5.599s] -- Up-to-date: /workspaces/ros2-coding/install/custom_message/share/custom_message/cmake/custom_message__rosidl_typesupport_introspection_cppExport.cmake
[5.601s] -- Up-to-date: /workspaces/ros2-coding/install/custom_message/share/custom_message/cmake/custom_message__rosidl_typesupport_introspection_cppExport-noconfig.cmake
[5.602s] -- Up-to-date: /workspaces/ros2-coding/install/custom_message/share/custom_message/cmake/custom_message__rosidl_typesupport_cppExport.cmake
[5.604s] -- Up-to-date: /workspaces/ros2-coding/install/custom_message/share/custom_message/cmake/custom_message__rosidl_typesupport_cppExport-noconfig.cmake
[5.604s] -- Up-to-date: /workspaces/ros2-coding/install/custom_message/share/custom_message/cmake/export_custom_message__rosidl_generator_pyExport.cmake
[5.606s] -- Up-to-date: /workspaces/ros2-coding/install/custom_message/share/custom_message/cmake/export_custom_message__rosidl_generator_pyExport-noconfig.cmake
[5.614s] Invoked command in '/workspaces/ros2-coding/build/custom_message' returned '0': CMAKE_PREFIX_PATH=${CMAKE_PREFIX_PATH}:/workspaces/ros2-coding/install/rqt_joint_trajectory_controller:/workspaces/ros2-coding/install/rqt_controller_manager:/workspaces/ros2-coding/install/ros2controlcli:/workspaces/ros2-coding/install/ros2_controllers_test_nodes:/workspaces/ros2-coding/install/my_turtlesim:/workspaces/ros2-coding/install/issac_sim:/workspaces/ros2-coding/install/isaac_ros_navigation_goal:/workspaces/ros2-coding/install/human_controller:/opt/ros/jazzy /usr/bin/cmake --install /workspaces/ros2-coding/build/custom_message
