[0.121s] Invoking command in '/workspaces/ros2-coding/build/human_interfaces': CMAKE_PREFIX_PATH=${CMAKE_PREFIX_PATH}:/workspaces/ros2-coding/install/rqt_joint_trajectory_controller:/workspaces/ros2-coding/install/rqt_controller_manager:/workspaces/ros2-coding/install/ros2controlcli:/workspaces/ros2-coding/install/ros2_controllers_test_nodes:/workspaces/ros2-coding/install/my_turtlesim:/workspaces/ros2-coding/install/issac_sim:/workspaces/ros2-coding/install/isaac_ros_navigation_goal:/workspaces/ros2-coding/install/human_controller:/opt/ros/jazzy VIRTUAL_ENV_PROMPT=(.venv) /usr/bin/cmake --build /workspaces/ros2-coding/build/human_interfaces -- -j4 -l4
[0.695s] -- Found ament_cmake: 2.5.4 (/opt/ros/jazzy/share/ament_cmake/cmake)
[0.874s] -- Found Python3: /usr/bin/python3 (found version "3.12.3") found components: Interpreter 
[1.165s] -- Override CMake install command with custom implementation using symlinks instead of copying resources
[1.617s] -- Found rosidl_default_generators: 1.6.0 (/opt/ros/jazzy/share/rosidl_default_generators/cmake)
[1.776s] -- Using all available rosidl_typesupport_c: rosidl_typesupport_fastrtps_c;rosidl_typesupport_introspection_c
[2.899s] -- Using all available rosidl_typesupport_cpp: rosidl_typesupport_fastrtps_cpp;rosidl_typesupport_introspection_cpp
[3.871s] -- Found rosidl_adapter: 4.6.6 (/opt/ros/jazzy/share/rosidl_adapter/cmake)
[3.945s] -- Found std_msgs: 5.3.6 (/opt/ros/jazzy/share/std_msgs/cmake)
[8.311s] -- Found ament_cmake_ros: 0.12.0 (/opt/ros/jazzy/share/ament_cmake_ros/cmake)
[9.253s] -- Using all available rosidl_typesupport_c: rosidl_typesupport_fastrtps_c;rosidl_typesupport_introspection_c
[9.834s] -- Using all available rosidl_typesupport_cpp: rosidl_typesupport_fastrtps_cpp;rosidl_typesupport_introspection_cpp
[10.065s] -- Found python_cmake_module: 0.11.1 (/opt/ros/jazzy/share/python_cmake_module/cmake)
[12.521s] -- Found Python3: /usr/bin/python3 (found version "3.12.3") found components: Interpreter Development NumPy Development.Module Development.Embed 
[12.731s] -- Found ament_lint_auto: 0.17.3 (/opt/ros/jazzy/share/ament_lint_auto/cmake)
[12.909s] -- Added test 'lint_cmake' to check CMake code style
[12.916s] -- Added test 'xmllint' to check XML markup files
[12.924s] -- Configuring done (12.4s)
[13.629s] -- Generating done (0.6s)
[13.707s] -- Build files have been written to: /workspaces/ros2-coding/build/human_interfaces
[13.976s] [  1%] [34m[1mGenerating type hashes for ROS interfaces[0m
[14.014s] [  1%] Built target ament_cmake_python_symlink_human_interfaces
[14.561s] running egg_info
[14.598s] writing human_interfaces.egg-info/PKG-INFO
[14.598s] writing dependency_links to human_interfaces.egg-info/dependency_links.txt
[14.598s] writing top-level names to human_interfaces.egg-info/top_level.txt
[14.732s] reading manifest file 'human_interfaces.egg-info/SOURCES.txt'
[14.738s] writing manifest file 'human_interfaces.egg-info/SOURCES.txt'
[14.842s] [  1%] Built target ament_cmake_python_build_human_interfaces_egg
[15.278s] Traceback (most recent call last):
[15.279s]   File "/opt/ros/jazzy/lib/rosidl_generator_type_description/rosidl_generator_type_description", line 50, in <module>
[15.279s]     sys.exit(main())
[15.279s]              ^^^^^^
[15.280s]   File "/opt/ros/jazzy/lib/rosidl_generator_type_description/rosidl_generator_type_description", line 46, in main
[15.280s]     generate_type_hash(args.generator_arguments_file)
[15.280s]   File "/opt/ros/jazzy/lib/python3.12/site-packages/rosidl_generator_type_description/__init__.py", line 162, in generate_type_hash
[15.280s]     with include_path.open('r') as include_file:
[15.280s]          ^^^^^^^^^^^^^^^^^^^^^^
[15.281s]   File "/usr/lib/python3.12/pathlib.py", line 1015, in open
[15.283s]     return io.open(self, mode, buffering, encoding, errors, newline)
[15.284s]            ^^^^^^^^^^^^^^^^^^^^^^^^^^^^^^^^^^^^^^^^^^^^^^^^^^^^^^^^^
[15.284s] FileNotFoundError: [Errno 2] No such file or directory: '/workspaces/ros2-coding/build/human_interfaces/rosidl_generator_type_description/human_interfaces/msg/Float64MultiArray.json'
[15.318s] gmake[2]: *** [CMakeFiles/human_interfaces__rosidl_generator_type_description.dir/build.make:81: rosidl_generator_type_description/human_interfaces/msg/KickCommand.json] Error 1
[15.318s] gmake[1]: *** [CMakeFiles/Makefile2:215: CMakeFiles/human_interfaces__rosidl_generator_type_description.dir/all] Error 2
[15.319s] gmake: *** [Makefile:146: all] Error 2
[15.319s] Invoked command in '/workspaces/ros2-coding/build/human_interfaces' returned '2': CMAKE_PREFIX_PATH=${CMAKE_PREFIX_PATH}:/workspaces/ros2-coding/install/rqt_joint_trajectory_controller:/workspaces/ros2-coding/install/rqt_controller_manager:/workspaces/ros2-coding/install/ros2controlcli:/workspaces/ros2-coding/install/ros2_controllers_test_nodes:/workspaces/ros2-coding/install/my_turtlesim:/workspaces/ros2-coding/install/issac_sim:/workspaces/ros2-coding/install/isaac_ros_navigation_goal:/workspaces/ros2-coding/install/human_controller:/opt/ros/jazzy VIRTUAL_ENV_PROMPT=(.venv) /usr/bin/cmake --build /workspaces/ros2-coding/build/human_interfaces -- -j4 -l4
