[0.033s] Invoking command in '/workspaces/ros2-coding/build/isaac_ros2_messages': CMAKE_PREFIX_PATH=${CMAKE_PREFIX_PATH}:/workspaces/ros2-coding/install/my_turtlesim:/workspaces/ros2-coding/install/issac_sim:/workspaces/ros2-coding/install/isaac_ros_navigation_goal:/workspaces/ros2-coding/install/human_controller:/opt/ros/jazzy /usr/bin/cmake --build /workspaces/ros2-coding/build/isaac_ros2_messages -- -j4 -l4
[0.347s] [  1%] Built target isaac_ros2_messages__rosidl_generator_type_description
[0.536s] [  1%] Built target ament_cmake_python_symlink_isaac_ros2_messages
[0.687s] [ 24%] Built target isaac_ros2_messages__rosidl_generator_c
[1.497s] running egg_info
[1.566s] writing isaac_ros2_messages.egg-info/PKG-INFO
[1.567s] writing dependency_links to isaac_ros2_messages.egg-info/dependency_links.txt
[1.567s] writing top-level names to isaac_ros2_messages.egg-info/top_level.txt
[1.808s] reading manifest file 'isaac_ros2_messages.egg-info/SOURCES.txt'
[1.813s] writing manifest file 'isaac_ros2_messages.egg-info/SOURCES.txt'
[1.943s] [ 24%] Built target ament_cmake_python_build_isaac_ros2_messages_egg
[2.068s] [ 33%] Built target isaac_ros2_messages__rosidl_typesupport_introspection_c
[2.166s] [ 43%] Built target isaac_ros2_messages__rosidl_typesupport_c
[2.279s] [ 52%] Built target isaac_ros2_messages__rosidl_typesupport_fastrtps_c
[2.335s] [ 54%] Built target isaac_ros2_messages__cpp
[2.445s] [ 63%] Built target isaac_ros2_messages__rosidl_typesupport_cpp
[2.600s] [ 72%] Built target isaac_ros2_messages__rosidl_typesupport_introspection_cpp
[2.782s] [ 82%] Built target isaac_ros2_messages__rosidl_typesupport_fastrtps_cpp
[2.959s] [ 82%] Built target isaac_ros2_messages
[3.083s] [ 83%] Built target isaac_ros2_messages__py
[3.247s] [ 91%] Built target isaac_ros2_messages__rosidl_generator_py
[3.309s] [ 94%] Built target isaac_ros2_messages_s__rosidl_typesupport_fastrtps_c
[3.419s] [ 97%] Built target isaac_ros2_messages_s__rosidl_typesupport_c
[3.529s] [100%] Built target isaac_ros2_messages_s__rosidl_typesupport_introspection_c
[3.744s] Invoked command in '/workspaces/ros2-coding/build/isaac_ros2_messages' returned '0': CMAKE_PREFIX_PATH=${CMAKE_PREFIX_PATH}:/workspaces/ros2-coding/install/my_turtlesim:/workspaces/ros2-coding/install/issac_sim:/workspaces/ros2-coding/install/isaac_ros_navigation_goal:/workspaces/ros2-coding/install/human_controller:/opt/ros/jazzy /usr/bin/cmake --build /workspaces/ros2-coding/build/isaac_ros2_messages -- -j4 -l4
[3.745s] Invoking command in '/workspaces/ros2-coding/build/isaac_ros2_messages': CMAKE_PREFIX_PATH=${CMAKE_PREFIX_PATH}:/workspaces/ros2-coding/install/my_turtlesim:/workspaces/ros2-coding/install/issac_sim:/workspaces/ros2-coding/install/isaac_ros_navigation_goal:/workspaces/ros2-coding/install/human_controller:/opt/ros/jazzy /usr/bin/cmake --install /workspaces/ros2-coding/build/isaac_ros2_messages
[3.810s] -- Install configuration: ""
[3.815s] -- Execute custom install script
[3.815s] -- Up-to-date symlink: /workspaces/ros2-coding/install/isaac_ros2_messages/share/ament_index/resource_index/rosidl_interfaces/isaac_ros2_messages
[3.817s] -- Up-to-date symlink: /workspaces/ros2-coding/install/isaac_ros2_messages/share/isaac_ros2_messages/srv/IsaacPose.json
[3.817s] -- Up-to-date symlink: /workspaces/ros2-coding/install/isaac_ros2_messages/share/isaac_ros2_messages/srv/GetPrims.json
[3.818s] -- Up-to-date symlink: /workspaces/ros2-coding/install/isaac_ros2_messages/share/isaac_ros2_messages/srv/GetPrimAttributes.json
[3.821s] -- Up-to-date symlink: /workspaces/ros2-coding/install/isaac_ros2_messages/share/isaac_ros2_messages/srv/GetPrimAttribute.json
[3.827s] -- Up-to-date symlink: /workspaces/ros2-coding/install/isaac_ros2_messages/share/isaac_ros2_messages/srv/SetPrimAttribute.json
[3.828s] -- Up-to-date symlink: /workspaces/ros2-coding/install/isaac_ros2_messages/include/isaac_ros2_messages/isaac_ros2_messages/msg/rosidl_generator_c__visibility_control.h
[3.829s] -- Up-to-date symlink: /workspaces/ros2-coding/install/isaac_ros2_messages/include/isaac_ros2_messages/isaac_ros2_messages/srv/detail/get_prim_attribute__functions.h
[3.841s] -- Up-to-date symlink: /workspaces/ros2-coding/install/isaac_ros2_messages/include/isaac_ros2_messages/isaac_ros2_messages/srv/detail/get_prim_attribute__struct.h
[3.846s] -- Up-to-date symlink: /workspaces/ros2-coding/install/isaac_ros2_messages/include/isaac_ros2_messages/isaac_ros2_messages/srv/detail/get_prim_attribute__type_support.h
[3.848s] -- Up-to-date symlink: /workspaces/ros2-coding/install/isaac_ros2_messages/include/isaac_ros2_messages/isaac_ros2_messages/srv/detail/get_prim_attributes__functions.h
[3.848s] -- Up-to-date symlink: /workspaces/ros2-coding/install/isaac_ros2_messages/include/isaac_ros2_messages/isaac_ros2_messages/srv/detail/get_prim_attributes__struct.h
[3.848s] -- Up-to-date symlink: /workspaces/ros2-coding/install/isaac_ros2_messages/include/isaac_ros2_messages/isaac_ros2_messages/srv/detail/get_prim_attributes__type_support.h
[3.849s] -- Up-to-date symlink: /workspaces/ros2-coding/install/isaac_ros2_messages/include/isaac_ros2_messages/isaac_ros2_messages/srv/detail/get_prims__functions.h
[3.853s] -- Up-to-date symlink: /workspaces/ros2-coding/install/isaac_ros2_messages/include/isaac_ros2_messages/isaac_ros2_messages/srv/detail/get_prims__struct.h
[3.854s] -- Up-to-date symlink: /workspaces/ros2-coding/install/isaac_ros2_messages/include/isaac_ros2_messages/isaac_ros2_messages/srv/detail/get_prims__type_support.h
[3.855s] -- Up-to-date symlink: /workspaces/ros2-coding/install/isaac_ros2_messages/include/isaac_ros2_messages/isaac_ros2_messages/srv/detail/isaac_pose__functions.h
[3.855s] -- Up-to-date symlink: /workspaces/ros2-coding/install/isaac_ros2_messages/include/isaac_ros2_messages/isaac_ros2_messages/srv/detail/isaac_pose__struct.h
[3.855s] -- Up-to-date symlink: /workspaces/ros2-coding/install/isaac_ros2_messages/include/isaac_ros2_messages/isaac_ros2_messages/srv/detail/isaac_pose__type_support.h
[3.855s] -- Up-to-date symlink: /workspaces/ros2-coding/install/isaac_ros2_messages/include/isaac_ros2_messages/isaac_ros2_messages/srv/detail/set_prim_attribute__functions.h
[3.855s] -- Up-to-date symlink: /workspaces/ros2-coding/install/isaac_ros2_messages/include/isaac_ros2_messages/isaac_ros2_messages/srv/detail/set_prim_attribute__struct.h
[3.856s] -- Up-to-date symlink: /workspaces/ros2-coding/install/isaac_ros2_messages/include/isaac_ros2_messages/isaac_ros2_messages/srv/detail/set_prim_attribute__type_support.h
[3.856s] -- Up-to-date symlink: /workspaces/ros2-coding/install/isaac_ros2_messages/include/isaac_ros2_messages/isaac_ros2_messages/srv/get_prim_attribute.h
[3.856s] -- Up-to-date symlink: /workspaces/ros2-coding/install/isaac_ros2_messages/include/isaac_ros2_messages/isaac_ros2_messages/srv/get_prim_attributes.h
[3.860s] -- Up-to-date symlink: /workspaces/ros2-coding/install/isaac_ros2_messages/include/isaac_ros2_messages/isaac_ros2_messages/srv/get_prims.h
[3.860s] -- Up-to-date symlink: /workspaces/ros2-coding/install/isaac_ros2_messages/include/isaac_ros2_messages/isaac_ros2_messages/srv/isaac_pose.h
[3.862s] -- Up-to-date symlink: /workspaces/ros2-coding/install/isaac_ros2_messages/include/isaac_ros2_messages/isaac_ros2_messages/srv/set_prim_attribute.h
[3.863s] -- Up-to-date symlink: /workspaces/ros2-coding/install/isaac_ros2_messages/share/isaac_ros2_messages/environment/library_path.sh
[3.863s] -- Up-to-date symlink: /workspaces/ros2-coding/install/isaac_ros2_messages/share/isaac_ros2_messages/environment/library_path.dsv
[3.865s] -- Up-to-date symlink: /workspaces/ros2-coding/install/isaac_ros2_messages/include/isaac_ros2_messages/isaac_ros2_messages/msg/rosidl_typesupport_fastrtps_c__visibility_control.h
[3.865s] -- Up-to-date symlink: /workspaces/ros2-coding/install/isaac_ros2_messages/include/isaac_ros2_messages/isaac_ros2_messages/srv/detail/get_prim_attribute__rosidl_typesupport_fastrtps_c.h
[3.865s] -- Up-to-date symlink: /workspaces/ros2-coding/install/isaac_ros2_messages/include/isaac_ros2_messages/isaac_ros2_messages/srv/detail/get_prim_attributes__rosidl_typesupport_fastrtps_c.h
[3.866s] -- Up-to-date symlink: /workspaces/ros2-coding/install/isaac_ros2_messages/include/isaac_ros2_messages/isaac_ros2_messages/srv/detail/get_prims__rosidl_typesupport_fastrtps_c.h
[3.866s] -- Up-to-date symlink: /workspaces/ros2-coding/install/isaac_ros2_messages/include/isaac_ros2_messages/isaac_ros2_messages/srv/detail/isaac_pose__rosidl_typesupport_fastrtps_c.h
[3.867s] -- Up-to-date symlink: /workspaces/ros2-coding/install/isaac_ros2_messages/include/isaac_ros2_messages/isaac_ros2_messages/srv/detail/set_prim_attribute__rosidl_typesupport_fastrtps_c.h
[3.867s] -- Up-to-date symlink: /workspaces/ros2-coding/install/isaac_ros2_messages/include/isaac_ros2_messages/isaac_ros2_messages/msg/rosidl_generator_cpp__visibility_control.hpp
[3.868s] -- Up-to-date symlink: /workspaces/ros2-coding/install/isaac_ros2_messages/include/isaac_ros2_messages/isaac_ros2_messages/srv/detail/get_prim_attribute__builder.hpp
[3.869s] -- Up-to-date symlink: /workspaces/ros2-coding/install/isaac_ros2_messages/include/isaac_ros2_messages/isaac_ros2_messages/srv/detail/get_prim_attribute__struct.hpp
[3.869s] -- Up-to-date symlink: /workspaces/ros2-coding/install/isaac_ros2_messages/include/isaac_ros2_messages/isaac_ros2_messages/srv/detail/get_prim_attribute__traits.hpp
[3.872s] -- Up-to-date symlink: /workspaces/ros2-coding/install/isaac_ros2_messages/include/isaac_ros2_messages/isaac_ros2_messages/srv/detail/get_prim_attribute__type_support.hpp
[3.873s] -- Up-to-date symlink: /workspaces/ros2-coding/install/isaac_ros2_messages/include/isaac_ros2_messages/isaac_ros2_messages/srv/detail/get_prim_attributes__builder.hpp
[3.874s] -- Up-to-date symlink: /workspaces/ros2-coding/install/isaac_ros2_messages/include/isaac_ros2_messages/isaac_ros2_messages/srv/detail/get_prim_attributes__struct.hpp
[3.875s] -- Up-to-date symlink: /workspaces/ros2-coding/install/isaac_ros2_messages/include/isaac_ros2_messages/isaac_ros2_messages/srv/detail/get_prim_attributes__traits.hpp
[3.876s] -- Up-to-date symlink: /workspaces/ros2-coding/install/isaac_ros2_messages/include/isaac_ros2_messages/isaac_ros2_messages/srv/detail/get_prim_attributes__type_support.hpp
[3.876s] -- Up-to-date symlink: /workspaces/ros2-coding/install/isaac_ros2_messages/include/isaac_ros2_messages/isaac_ros2_messages/srv/detail/get_prims__builder.hpp
[3.876s] -- Up-to-date symlink: /workspaces/ros2-coding/install/isaac_ros2_messages/include/isaac_ros2_messages/isaac_ros2_messages/srv/detail/get_prims__struct.hpp
[3.877s] -- Up-to-date symlink: /workspaces/ros2-coding/install/isaac_ros2_messages/include/isaac_ros2_messages/isaac_ros2_messages/srv/detail/get_prims__traits.hpp
[3.878s] -- Up-to-date symlink: /workspaces/ros2-coding/install/isaac_ros2_messages/include/isaac_ros2_messages/isaac_ros2_messages/srv/detail/get_prims__type_support.hpp
[3.878s] -- Up-to-date symlink: /workspaces/ros2-coding/install/isaac_ros2_messages/include/isaac_ros2_messages/isaac_ros2_messages/srv/detail/isaac_pose__builder.hpp
[3.879s] -- Up-to-date symlink: /workspaces/ros2-coding/install/isaac_ros2_messages/include/isaac_ros2_messages/isaac_ros2_messages/srv/detail/isaac_pose__struct.hpp
[3.879s] -- Up-to-date symlink: /workspaces/ros2-coding/install/isaac_ros2_messages/include/isaac_ros2_messages/isaac_ros2_messages/srv/detail/isaac_pose__traits.hpp
[3.881s] -- Up-to-date symlink: /workspaces/ros2-coding/install/isaac_ros2_messages/include/isaac_ros2_messages/isaac_ros2_messages/srv/detail/isaac_pose__type_support.hpp
[3.883s] -- Up-to-date symlink: /workspaces/ros2-coding/install/isaac_ros2_messages/include/isaac_ros2_messages/isaac_ros2_messages/srv/detail/set_prim_attribute__builder.hpp
[3.884s] -- Up-to-date symlink: /workspaces/ros2-coding/install/isaac_ros2_messages/include/isaac_ros2_messages/isaac_ros2_messages/srv/detail/set_prim_attribute__struct.hpp
[3.886s] -- Up-to-date symlink: /workspaces/ros2-coding/install/isaac_ros2_messages/include/isaac_ros2_messages/isaac_ros2_messages/srv/detail/set_prim_attribute__traits.hpp
[3.887s] -- Up-to-date symlink: /workspaces/ros2-coding/install/isaac_ros2_messages/include/isaac_ros2_messages/isaac_ros2_messages/srv/detail/set_prim_attribute__type_support.hpp
[3.887s] -- Up-to-date symlink: /workspaces/ros2-coding/install/isaac_ros2_messages/include/isaac_ros2_messages/isaac_ros2_messages/srv/get_prim_attribute.hpp
[3.888s] -- Up-to-date symlink: /workspaces/ros2-coding/install/isaac_ros2_messages/include/isaac_ros2_messages/isaac_ros2_messages/srv/get_prim_attributes.hpp
[3.888s] -- Up-to-date symlink: /workspaces/ros2-coding/install/isaac_ros2_messages/include/isaac_ros2_messages/isaac_ros2_messages/srv/get_prims.hpp
[3.889s] -- Up-to-date symlink: /workspaces/ros2-coding/install/isaac_ros2_messages/include/isaac_ros2_messages/isaac_ros2_messages/srv/isaac_pose.hpp
[3.889s] -- Up-to-date symlink: /workspaces/ros2-coding/install/isaac_ros2_messages/include/isaac_ros2_messages/isaac_ros2_messages/srv/set_prim_attribute.hpp
[3.889s] -- Up-to-date symlink: /workspaces/ros2-coding/install/isaac_ros2_messages/include/isaac_ros2_messages/isaac_ros2_messages/msg/rosidl_typesupport_fastrtps_cpp__visibility_control.h
[3.890s] -- Up-to-date symlink: /workspaces/ros2-coding/install/isaac_ros2_messages/include/isaac_ros2_messages/isaac_ros2_messages/srv/detail/get_prim_attribute__rosidl_typesupport_fastrtps_cpp.hpp
[3.890s] -- Up-to-date symlink: /workspaces/ros2-coding/install/isaac_ros2_messages/include/isaac_ros2_messages/isaac_ros2_messages/srv/detail/get_prim_attributes__rosidl_typesupport_fastrtps_cpp.hpp
[3.895s] -- Up-to-date symlink: /workspaces/ros2-coding/install/isaac_ros2_messages/include/isaac_ros2_messages/isaac_ros2_messages/srv/detail/get_prims__rosidl_typesupport_fastrtps_cpp.hpp
[3.896s] -- Up-to-date symlink: /workspaces/ros2-coding/install/isaac_ros2_messages/include/isaac_ros2_messages/isaac_ros2_messages/srv/detail/isaac_pose__rosidl_typesupport_fastrtps_cpp.hpp
[3.901s] -- Up-to-date symlink: /workspaces/ros2-coding/install/isaac_ros2_messages/include/isaac_ros2_messages/isaac_ros2_messages/srv/detail/set_prim_attribute__rosidl_typesupport_fastrtps_cpp.hpp
[3.912s] -- Up-to-date symlink: /workspaces/ros2-coding/install/isaac_ros2_messages/include/isaac_ros2_messages/isaac_ros2_messages/msg/rosidl_typesupport_introspection_c__visibility_control.h
[3.912s] -- Up-to-date symlink: /workspaces/ros2-coding/install/isaac_ros2_messages/include/isaac_ros2_messages/isaac_ros2_messages/srv/detail/get_prim_attribute__rosidl_typesupport_introspection_c.h
[3.913s] -- Up-to-date symlink: /workspaces/ros2-coding/install/isaac_ros2_messages/include/isaac_ros2_messages/isaac_ros2_messages/srv/detail/get_prim_attributes__rosidl_typesupport_introspection_c.h
[3.913s] -- Up-to-date symlink: /workspaces/ros2-coding/install/isaac_ros2_messages/include/isaac_ros2_messages/isaac_ros2_messages/srv/detail/get_prims__rosidl_typesupport_introspection_c.h
[3.913s] -- Up-to-date symlink: /workspaces/ros2-coding/install/isaac_ros2_messages/include/isaac_ros2_messages/isaac_ros2_messages/srv/detail/isaac_pose__rosidl_typesupport_introspection_c.h
[3.914s] -- Up-to-date symlink: /workspaces/ros2-coding/install/isaac_ros2_messages/include/isaac_ros2_messages/isaac_ros2_messages/srv/detail/set_prim_attribute__rosidl_typesupport_introspection_c.h
[3.915s] -- Up-to-date symlink: /workspaces/ros2-coding/install/isaac_ros2_messages/include/isaac_ros2_messages/isaac_ros2_messages/srv/detail/get_prim_attribute__rosidl_typesupport_introspection_cpp.hpp
[3.915s] -- Up-to-date symlink: /workspaces/ros2-coding/install/isaac_ros2_messages/include/isaac_ros2_messages/isaac_ros2_messages/srv/detail/get_prim_attributes__rosidl_typesupport_introspection_cpp.hpp
[3.915s] -- Up-to-date symlink: /workspaces/ros2-coding/install/isaac_ros2_messages/include/isaac_ros2_messages/isaac_ros2_messages/srv/detail/get_prims__rosidl_typesupport_introspection_cpp.hpp
[3.916s] -- Up-to-date symlink: /workspaces/ros2-coding/install/isaac_ros2_messages/include/isaac_ros2_messages/isaac_ros2_messages/srv/detail/isaac_pose__rosidl_typesupport_introspection_cpp.hpp
[3.924s] -- Up-to-date symlink: /workspaces/ros2-coding/install/isaac_ros2_messages/include/isaac_ros2_messages/isaac_ros2_messages/srv/detail/set_prim_attribute__rosidl_typesupport_introspection_cpp.hpp
[3.925s] -- Up-to-date symlink: /workspaces/ros2-coding/install/isaac_ros2_messages/share/isaac_ros2_messages/environment/pythonpath.sh
[3.925s] -- Up-to-date symlink: /workspaces/ros2-coding/install/isaac_ros2_messages/share/isaac_ros2_messages/environment/pythonpath.dsv
[3.926s] -- Up-to-date symlink: /workspaces/ros2-coding/install/isaac_ros2_messages/lib/python3.12/site-packages/isaac_ros2_messages-0.2.0-py3.12.egg-info/PKG-INFO
[3.926s] -- Up-to-date symlink: /workspaces/ros2-coding/install/isaac_ros2_messages/lib/python3.12/site-packages/isaac_ros2_messages-0.2.0-py3.12.egg-info/SOURCES.txt
[3.927s] -- Up-to-date symlink: /workspaces/ros2-coding/install/isaac_ros2_messages/lib/python3.12/site-packages/isaac_ros2_messages-0.2.0-py3.12.egg-info/dependency_links.txt
[3.927s] -- Up-to-date symlink: /workspaces/ros2-coding/install/isaac_ros2_messages/lib/python3.12/site-packages/isaac_ros2_messages-0.2.0-py3.12.egg-info/top_level.txt
[3.943s] -- Up-to-date symlink: /workspaces/ros2-coding/install/isaac_ros2_messages/lib/python3.12/site-packages/isaac_ros2_messages/__init__.py
[3.945s] -- Up-to-date symlink: /workspaces/ros2-coding/install/isaac_ros2_messages/lib/python3.12/site-packages/isaac_ros2_messages/_isaac_ros2_messages_s.ep.rosidl_typesupport_c.c
[3.945s] -- Up-to-date symlink: /workspaces/ros2-coding/install/isaac_ros2_messages/lib/python3.12/site-packages/isaac_ros2_messages/_isaac_ros2_messages_s.ep.rosidl_typesupport_fastrtps_c.c
[3.948s] -- Up-to-date symlink: /workspaces/ros2-coding/install/isaac_ros2_messages/lib/python3.12/site-packages/isaac_ros2_messages/_isaac_ros2_messages_s.ep.rosidl_typesupport_introspection_c.c
[3.949s] -- Up-to-date symlink: /workspaces/ros2-coding/install/isaac_ros2_messages/lib/python3.12/site-packages/isaac_ros2_messages/isaac_ros2_messages_s__rosidl_typesupport_c.so
[3.949s] -- Up-to-date symlink: /workspaces/ros2-coding/install/isaac_ros2_messages/lib/python3.12/site-packages/isaac_ros2_messages/isaac_ros2_messages_s__rosidl_typesupport_fastrtps_c.so
[3.950s] -- Up-to-date symlink: /workspaces/ros2-coding/install/isaac_ros2_messages/lib/python3.12/site-packages/isaac_ros2_messages/isaac_ros2_messages_s__rosidl_typesupport_introspection_c.so
[3.962s] -- Up-to-date symlink: /workspaces/ros2-coding/install/isaac_ros2_messages/lib/python3.12/site-packages/isaac_ros2_messages/srv/__init__.py
[3.965s] -- Up-to-date symlink: /workspaces/ros2-coding/install/isaac_ros2_messages/lib/python3.12/site-packages/isaac_ros2_messages/srv/_get_prim_attribute.py
[3.966s] -- Up-to-date symlink: /workspaces/ros2-coding/install/isaac_ros2_messages/lib/python3.12/site-packages/isaac_ros2_messages/srv/_get_prim_attribute_s.c
[3.968s] -- Up-to-date symlink: /workspaces/ros2-coding/install/isaac_ros2_messages/lib/python3.12/site-packages/isaac_ros2_messages/srv/_get_prim_attributes.py
[3.969s] -- Up-to-date symlink: /workspaces/ros2-coding/install/isaac_ros2_messages/lib/python3.12/site-packages/isaac_ros2_messages/srv/_get_prim_attributes_s.c
[3.970s] -- Up-to-date symlink: /workspaces/ros2-coding/install/isaac_ros2_messages/lib/python3.12/site-packages/isaac_ros2_messages/srv/_get_prims.py
[3.970s] -- Up-to-date symlink: /workspaces/ros2-coding/install/isaac_ros2_messages/lib/python3.12/site-packages/isaac_ros2_messages/srv/_get_prims_s.c
[3.973s] -- Up-to-date symlink: /workspaces/ros2-coding/install/isaac_ros2_messages/lib/python3.12/site-packages/isaac_ros2_messages/srv/_isaac_pose.py
[3.974s] -- Up-to-date symlink: /workspaces/ros2-coding/install/isaac_ros2_messages/lib/python3.12/site-packages/isaac_ros2_messages/srv/_isaac_pose_s.c
[3.974s] -- Up-to-date symlink: /workspaces/ros2-coding/install/isaac_ros2_messages/lib/python3.12/site-packages/isaac_ros2_messages/srv/_set_prim_attribute.py
[3.976s] -- Up-to-date symlink: /workspaces/ros2-coding/install/isaac_ros2_messages/lib/python3.12/site-packages/isaac_ros2_messages/srv/_set_prim_attribute_s.c
[3.977s] -- Up-to-date symlink: /workspaces/ros2-coding/install/isaac_ros2_messages/lib/python3.12/site-packages/isaac_ros2_messages/isaac_ros2_messages_s__rosidl_typesupport_fastrtps_c.so
[3.977s] -- Up-to-date symlink: /workspaces/ros2-coding/install/isaac_ros2_messages/lib/python3.12/site-packages/isaac_ros2_messages/isaac_ros2_messages_s__rosidl_typesupport_introspection_c.so
[3.977s] -- Up-to-date symlink: /workspaces/ros2-coding/install/isaac_ros2_messages/lib/python3.12/site-packages/isaac_ros2_messages/isaac_ros2_messages_s__rosidl_typesupport_c.so
[3.977s] -- Up-to-date symlink: /workspaces/ros2-coding/install/isaac_ros2_messages/share/isaac_ros2_messages/srv/IsaacPose.idl
[3.977s] -- Up-to-date symlink: /workspaces/ros2-coding/install/isaac_ros2_messages/share/isaac_ros2_messages/srv/GetPrims.idl
[3.981s] -- Up-to-date symlink: /workspaces/ros2-coding/install/isaac_ros2_messages/share/isaac_ros2_messages/srv/GetPrimAttributes.idl
[3.981s] -- Up-to-date symlink: /workspaces/ros2-coding/install/isaac_ros2_messages/share/isaac_ros2_messages/srv/GetPrimAttribute.idl
[3.981s] -- Up-to-date symlink: /workspaces/ros2-coding/install/isaac_ros2_messages/share/isaac_ros2_messages/srv/SetPrimAttribute.idl
[3.981s] -- Up-to-date symlink: /workspaces/ros2-coding/install/isaac_ros2_messages/share/isaac_ros2_messages/srv/IsaacPose.srv
[3.981s] -- Up-to-date symlink: /workspaces/ros2-coding/install/isaac_ros2_messages/share/isaac_ros2_messages/srv/GetPrims.srv
[3.982s] -- Up-to-date symlink: /workspaces/ros2-coding/install/isaac_ros2_messages/share/isaac_ros2_messages/srv/GetPrimAttributes.srv
[3.982s] -- Up-to-date symlink: /workspaces/ros2-coding/install/isaac_ros2_messages/share/isaac_ros2_messages/srv/GetPrimAttribute.srv
[3.982s] -- Up-to-date symlink: /workspaces/ros2-coding/install/isaac_ros2_messages/share/isaac_ros2_messages/srv/SetPrimAttribute.srv
[3.983s] -- Up-to-date symlink: /workspaces/ros2-coding/install/isaac_ros2_messages/share/ament_index/resource_index/package_run_dependencies/isaac_ros2_messages
[3.984s] -- Up-to-date symlink: /workspaces/ros2-coding/install/isaac_ros2_messages/share/ament_index/resource_index/parent_prefix_path/isaac_ros2_messages
[3.988s] -- Up-to-date symlink: /workspaces/ros2-coding/install/isaac_ros2_messages/share/isaac_ros2_messages/environment/ament_prefix_path.sh
[3.989s] -- Up-to-date symlink: /workspaces/ros2-coding/install/isaac_ros2_messages/share/isaac_ros2_messages/environment/ament_prefix_path.dsv
[3.989s] -- Up-to-date symlink: /workspaces/ros2-coding/install/isaac_ros2_messages/share/isaac_ros2_messages/environment/path.sh
[3.989s] -- Up-to-date symlink: /workspaces/ros2-coding/install/isaac_ros2_messages/share/isaac_ros2_messages/environment/path.dsv
[3.989s] -- Up-to-date symlink: /workspaces/ros2-coding/install/isaac_ros2_messages/share/isaac_ros2_messages/local_setup.bash
[3.989s] -- Up-to-date symlink: /workspaces/ros2-coding/install/isaac_ros2_messages/share/isaac_ros2_messages/local_setup.sh
[3.990s] -- Up-to-date symlink: /workspaces/ros2-coding/install/isaac_ros2_messages/share/isaac_ros2_messages/local_setup.zsh
[3.990s] -- Up-to-date symlink: /workspaces/ros2-coding/install/isaac_ros2_messages/share/isaac_ros2_messages/local_setup.dsv
[3.990s] -- Symlinking: /workspaces/ros2-coding/install/isaac_ros2_messages/share/isaac_ros2_messages/package.dsv
[4.062s] -- Up-to-date symlink: /workspaces/ros2-coding/install/isaac_ros2_messages/share/ament_index/resource_index/packages/isaac_ros2_messages
[4.063s] -- Up-to-date symlink: /workspaces/ros2-coding/install/isaac_ros2_messages/share/isaac_ros2_messages/cmake/rosidl_cmake-extras.cmake
[4.063s] -- Up-to-date symlink: /workspaces/ros2-coding/install/isaac_ros2_messages/share/isaac_ros2_messages/cmake/ament_cmake_export_dependencies-extras.cmake
[4.064s] -- Up-to-date symlink: /workspaces/ros2-coding/install/isaac_ros2_messages/share/isaac_ros2_messages/cmake/ament_cmake_export_include_directories-extras.cmake
[4.064s] -- Up-to-date symlink: /workspaces/ros2-coding/install/isaac_ros2_messages/share/isaac_ros2_messages/cmake/ament_cmake_export_libraries-extras.cmake
[4.064s] -- Up-to-date symlink: /workspaces/ros2-coding/install/isaac_ros2_messages/share/isaac_ros2_messages/cmake/ament_cmake_export_targets-extras.cmake
[4.064s] -- Up-to-date symlink: /workspaces/ros2-coding/install/isaac_ros2_messages/share/isaac_ros2_messages/cmake/rosidl_cmake_export_typesupport_targets-extras.cmake
[4.064s] -- Up-to-date symlink: /workspaces/ros2-coding/install/isaac_ros2_messages/share/isaac_ros2_messages/cmake/rosidl_cmake_export_typesupport_libraries-extras.cmake
[4.064s] -- Up-to-date symlink: /workspaces/ros2-coding/install/isaac_ros2_messages/share/isaac_ros2_messages/cmake/isaac_ros2_messagesConfig.cmake
[4.065s] -- Up-to-date symlink: /workspaces/ros2-coding/install/isaac_ros2_messages/share/isaac_ros2_messages/cmake/isaac_ros2_messagesConfig-version.cmake
[4.065s] -- Up-to-date symlink: /workspaces/ros2-coding/install/isaac_ros2_messages/share/isaac_ros2_messages/package.xml
[4.065s] -- Up-to-date: /workspaces/ros2-coding/install/isaac_ros2_messages/lib/libisaac_ros2_messages__rosidl_generator_c.so
[4.065s] -- Up-to-date: /workspaces/ros2-coding/install/isaac_ros2_messages/lib/libisaac_ros2_messages__rosidl_typesupport_fastrtps_c.so
[4.065s] -- Up-to-date: /workspaces/ros2-coding/install/isaac_ros2_messages/lib/libisaac_ros2_messages__rosidl_typesupport_fastrtps_cpp.so
[4.075s] -- Up-to-date: /workspaces/ros2-coding/install/isaac_ros2_messages/lib/libisaac_ros2_messages__rosidl_typesupport_introspection_c.so
[4.076s] -- Up-to-date: /workspaces/ros2-coding/install/isaac_ros2_messages/lib/libisaac_ros2_messages__rosidl_typesupport_c.so
[4.076s] -- Up-to-date: /workspaces/ros2-coding/install/isaac_ros2_messages/lib/libisaac_ros2_messages__rosidl_typesupport_introspection_cpp.so
[4.076s] -- Up-to-date: /workspaces/ros2-coding/install/isaac_ros2_messages/lib/libisaac_ros2_messages__rosidl_typesupport_cpp.so
[4.405s] Listing '/workspaces/ros2-coding/install/isaac_ros2_messages/lib/python3.12/site-packages/isaac_ros2_messages'...
[4.406s] Listing '/workspaces/ros2-coding/install/isaac_ros2_messages/lib/python3.12/site-packages/isaac_ros2_messages/srv'...
[4.440s] -- Up-to-date: /workspaces/ros2-coding/install/isaac_ros2_messages/lib/libisaac_ros2_messages__rosidl_generator_py.so
[4.440s] -- Up-to-date: /workspaces/ros2-coding/install/isaac_ros2_messages/share/isaac_ros2_messages/cmake/export_isaac_ros2_messages__rosidl_generator_cExport.cmake
[4.442s] -- Up-to-date: /workspaces/ros2-coding/install/isaac_ros2_messages/share/isaac_ros2_messages/cmake/export_isaac_ros2_messages__rosidl_generator_cExport-noconfig.cmake
[4.444s] -- Up-to-date: /workspaces/ros2-coding/install/isaac_ros2_messages/share/isaac_ros2_messages/cmake/export_isaac_ros2_messages__rosidl_typesupport_fastrtps_cExport.cmake
[4.444s] -- Up-to-date: /workspaces/ros2-coding/install/isaac_ros2_messages/share/isaac_ros2_messages/cmake/export_isaac_ros2_messages__rosidl_typesupport_fastrtps_cExport-noconfig.cmake
[4.445s] -- Up-to-date: /workspaces/ros2-coding/install/isaac_ros2_messages/share/isaac_ros2_messages/cmake/export_isaac_ros2_messages__rosidl_generator_cppExport.cmake
[4.445s] -- Up-to-date: /workspaces/ros2-coding/install/isaac_ros2_messages/share/isaac_ros2_messages/cmake/export_isaac_ros2_messages__rosidl_typesupport_fastrtps_cppExport.cmake
[4.451s] -- Up-to-date: /workspaces/ros2-coding/install/isaac_ros2_messages/share/isaac_ros2_messages/cmake/export_isaac_ros2_messages__rosidl_typesupport_fastrtps_cppExport-noconfig.cmake
[4.451s] -- Up-to-date: /workspaces/ros2-coding/install/isaac_ros2_messages/share/isaac_ros2_messages/cmake/isaac_ros2_messages__rosidl_typesupport_introspection_cExport.cmake
[4.452s] -- Up-to-date: /workspaces/ros2-coding/install/isaac_ros2_messages/share/isaac_ros2_messages/cmake/isaac_ros2_messages__rosidl_typesupport_introspection_cExport-noconfig.cmake
[4.453s] -- Up-to-date: /workspaces/ros2-coding/install/isaac_ros2_messages/share/isaac_ros2_messages/cmake/isaac_ros2_messages__rosidl_typesupport_cExport.cmake
[4.455s] -- Up-to-date: /workspaces/ros2-coding/install/isaac_ros2_messages/share/isaac_ros2_messages/cmake/isaac_ros2_messages__rosidl_typesupport_cExport-noconfig.cmake
[4.455s] -- Up-to-date: /workspaces/ros2-coding/install/isaac_ros2_messages/share/isaac_ros2_messages/cmake/isaac_ros2_messages__rosidl_typesupport_introspection_cppExport.cmake
[4.458s] -- Up-to-date: /workspaces/ros2-coding/install/isaac_ros2_messages/share/isaac_ros2_messages/cmake/isaac_ros2_messages__rosidl_typesupport_introspection_cppExport-noconfig.cmake
[4.459s] -- Up-to-date: /workspaces/ros2-coding/install/isaac_ros2_messages/share/isaac_ros2_messages/cmake/isaac_ros2_messages__rosidl_typesupport_cppExport.cmake
[4.459s] -- Up-to-date: /workspaces/ros2-coding/install/isaac_ros2_messages/share/isaac_ros2_messages/cmake/isaac_ros2_messages__rosidl_typesupport_cppExport-noconfig.cmake
[4.459s] -- Up-to-date: /workspaces/ros2-coding/install/isaac_ros2_messages/share/isaac_ros2_messages/cmake/export_isaac_ros2_messages__rosidl_generator_pyExport.cmake
[4.460s] -- Up-to-date: /workspaces/ros2-coding/install/isaac_ros2_messages/share/isaac_ros2_messages/cmake/export_isaac_ros2_messages__rosidl_generator_pyExport-noconfig.cmake
[4.475s] Invoked command in '/workspaces/ros2-coding/build/isaac_ros2_messages' returned '0': CMAKE_PREFIX_PATH=${CMAKE_PREFIX_PATH}:/workspaces/ros2-coding/install/my_turtlesim:/workspaces/ros2-coding/install/issac_sim:/workspaces/ros2-coding/install/isaac_ros_navigation_goal:/workspaces/ros2-coding/install/human_controller:/opt/ros/jazzy /usr/bin/cmake --install /workspaces/ros2-coding/build/isaac_ros2_messages
