[0.119s] Invoking command in '/workspaces/ros2-coding/build/moveit_nao_config': CMAKE_PREFIX_PATH=${CMAKE_PREFIX_PATH}:/workspaces/ros2-coding/install/my_turtlesim:/workspaces/ros2-coding/install/issac_sim:/workspaces/ros2-coding/install/isaac_ros_navigation_goal:/workspaces/ros2-coding/install/human_controller:/opt/ros/jazzy /usr/bin/cmake --build /workspaces/ros2-coding/build/moveit_nao_config -- -j4 -l4
[0.669s] Invoked command in '/workspaces/ros2-coding/build/moveit_nao_config' returned '0': CMAKE_PREFIX_PATH=${CMAKE_PREFIX_PATH}:/workspaces/ros2-coding/install/my_turtlesim:/workspaces/ros2-coding/install/issac_sim:/workspaces/ros2-coding/install/isaac_ros_navigation_goal:/workspaces/ros2-coding/install/human_controller:/opt/ros/jazzy /usr/bin/cmake --build /workspaces/ros2-coding/build/moveit_nao_config -- -j4 -l4
[0.670s] Invoking command in '/workspaces/ros2-coding/build/moveit_nao_config': CMAKE_PREFIX_PATH=${CMAKE_PREFIX_PATH}:/workspaces/ros2-coding/install/my_turtlesim:/workspaces/ros2-coding/install/issac_sim:/workspaces/ros2-coding/install/isaac_ros_navigation_goal:/workspaces/ros2-coding/install/human_controller:/opt/ros/jazzy /usr/bin/cmake --install /workspaces/ros2-coding/build/moveit_nao_config
[0.696s] -- Install configuration: ""
[0.697s] -- Execute custom install script
[0.698s] -- Up-to-date symlink: /workspaces/ros2-coding/install/moveit_nao_config/share/moveit_nao_config/config/kinematics.yaml
[0.699s] -- Up-to-date symlink: /workspaces/ros2-coding/install/moveit_nao_config/share/moveit_nao_config/launch/move_group.launch.py
[0.701s] -- Up-to-date symlink: /workspaces/ros2-coding/install/moveit_nao_config/share/moveit_nao_config/srdf/nao.srdf
[0.701s] -- Up-to-date symlink: /workspaces/ros2-coding/install/moveit_nao_config/share/ament_index/resource_index/package_run_dependencies/moveit_nao_config
[0.701s] -- Up-to-date symlink: /workspaces/ros2-coding/install/moveit_nao_config/share/ament_index/resource_index/parent_prefix_path/moveit_nao_config
[0.701s] -- Up-to-date symlink: /workspaces/ros2-coding/install/moveit_nao_config/share/moveit_nao_config/environment/ament_prefix_path.sh
[0.702s] -- Up-to-date symlink: /workspaces/ros2-coding/install/moveit_nao_config/share/moveit_nao_config/environment/ament_prefix_path.dsv
[0.703s] -- Up-to-date symlink: /workspaces/ros2-coding/install/moveit_nao_config/share/moveit_nao_config/environment/path.sh
[0.703s] -- Up-to-date symlink: /workspaces/ros2-coding/install/moveit_nao_config/share/moveit_nao_config/environment/path.dsv
[0.704s] -- Up-to-date symlink: /workspaces/ros2-coding/install/moveit_nao_config/share/moveit_nao_config/local_setup.bash
[0.704s] -- Up-to-date symlink: /workspaces/ros2-coding/install/moveit_nao_config/share/moveit_nao_config/local_setup.sh
[0.705s] -- Up-to-date symlink: /workspaces/ros2-coding/install/moveit_nao_config/share/moveit_nao_config/local_setup.zsh
[0.706s] -- Up-to-date symlink: /workspaces/ros2-coding/install/moveit_nao_config/share/moveit_nao_config/local_setup.dsv
[0.706s] -- Symlinking: /workspaces/ros2-coding/install/moveit_nao_config/share/moveit_nao_config/package.dsv
[0.732s] -- Up-to-date symlink: /workspaces/ros2-coding/install/moveit_nao_config/share/ament_index/resource_index/packages/moveit_nao_config
[0.732s] -- Up-to-date symlink: /workspaces/ros2-coding/install/moveit_nao_config/share/moveit_nao_config/cmake/moveit_nao_configConfig.cmake
[0.732s] -- Up-to-date symlink: /workspaces/ros2-coding/install/moveit_nao_config/share/moveit_nao_config/cmake/moveit_nao_configConfig-version.cmake
[0.732s] -- Up-to-date symlink: /workspaces/ros2-coding/install/moveit_nao_config/share/moveit_nao_config/package.xml
[0.735s] Invoked command in '/workspaces/ros2-coding/build/moveit_nao_config' returned '0': CMAKE_PREFIX_PATH=${CMAKE_PREFIX_PATH}:/workspaces/ros2-coding/install/my_turtlesim:/workspaces/ros2-coding/install/issac_sim:/workspaces/ros2-coding/install/isaac_ros_navigation_goal:/workspaces/ros2-coding/install/human_controller:/opt/ros/jazzy /usr/bin/cmake --install /workspaces/ros2-coding/build/moveit_nao_config
